[    0.000000] Linux version 6.13.0-rc5+ (root@ubuntu-22-04-server) (gcc (Ubuntu 11.4.0-1ubuntu1~22.04) 11.4.0, GNU ld (GNU Binutils for Ubuntu) 2.38) #2 SMP PREEMPT_DYNAMIC Fri Jan  3 15:43:06 CST 2025
[    0.000000] Command line: intremap=off console=ttyS0,115200 nokaslr root=/dev/vda1 crashkernel=1G-:2G
[    0.000000] KERNEL supported cpus:
[    0.000000]   Intel GenuineIntel
[    0.000000]   AMD AuthenticAMD
[    0.000000]   Hygon HygonGenuine
[    0.000000]   Centaur CentaurHauls
[    0.000000]   zhaoxin   Shanghai  
[    0.000000] BIOS-provided physical RAM map:
[    0.000000] BIOS-e820: [mem 0x0000000000000000-0x000000000009fbff] usable
[    0.000000] BIOS-e820: [mem 0x000000000009fc00-0x000000000009ffff] reserved
[    0.000000] BIOS-e820: [mem 0x00000000000f0000-0x00000000000fffff] reserved
[    0.000000] BIOS-e820: [mem 0x0000000000100000-0x000000007ffd9fff] usable
[    0.000000] BIOS-e820: [mem 0x000000007ffda000-0x000000007fffffff] reserved
[    0.000000] BIOS-e820: [mem 0x00000000b0000000-0x00000000bfffffff] reserved
[    0.000000] BIOS-e820: [mem 0x00000000fed1c000-0x00000000fed1ffff] reserved
[    0.000000] BIOS-e820: [mem 0x00000000feffc000-0x00000000feffffff] reserved
[    0.000000] BIOS-e820: [mem 0x00000000fffc0000-0x00000000ffffffff] reserved
[    0.000000] BIOS-e820: [mem 0x0000000100000000-0x000000037fffffff] usable
[    0.000000] NX (Execute Disable) protection: active
[    0.000000] APIC: Static calls initialized
[    0.000000] SMBIOS 2.8 present.
[    0.000000] DMI: QEMU Standard PC (Q35 + ICH9, 2009), BIOS rel-1.16.3-0-ga6ed6b701f0a-prebuilt.qemu.org 04/01/2014
[    0.000000] DMI: Memory slots populated: 1/1
[    0.000000] Hypervisor detected: KVM
[    0.000000] kvm-clock: Using msrs 4b564d01 and 4b564d00
[    0.000008] kvm-clock: using sched offset of 3426804856 cycles
[    0.000024] clocksource: kvm-clock: mask: 0xffffffffffffffff max_cycles: 0x1cd42e4dffb, max_idle_ns: 881590591483 ns
[    0.000068] tsc: Detected 2933.436 MHz processor
[    0.002435] e820: update [mem 0x00000000-0x00000fff] usable ==> reserved
[    0.002444] e820: remove [mem 0x000a0000-0x000fffff] usable
[    0.002458] last_pfn = 0x380000 max_arch_pfn = 0x400000000
[    0.003108] MTRR map: 4 entries (3 fixed + 1 variable; max 19), built from 8 variable MTRRs
[    0.003143] x86/PAT: Configuration [0-7]: WB  WC  UC- UC  WB  WP  UC- WT  
[    0.003885] last_pfn = 0x7ffda max_arch_pfn = 0x400000000
[    0.015475] found SMP MP-table at [mem 0x000f5450-0x000f545f]
[    0.015597] Using GB pages for direct mapping
[    0.017356] RAMDISK: [mem 0x79e18000-0x7ffcffff]
[    0.017434] ACPI: Early table checksum verification disabled
[    0.017543] ACPI: RSDP 0x00000000000F5220 000014 (v00 BOCHS )
[    0.017602] ACPI: RSDT 0x000000007FFE3D96 000040 (v01 BOCHS  BXPC     00000001 BXPC 00000001)
[    0.017649] ACPI: FACP 0x000000007FFE25E7 0000F4 (v03 BOCHS  BXPC     00000001 BXPC 00000001)
[    0.017677] ACPI: DSDT 0x000000007FFDF040 0035A7 (v01 BOCHS  BXPC     00000001 BXPC 00000001)
[    0.017695] ACPI: FACS 0x000000007FFDF000 000040
[    0.017704] ACPI: APIC 0x000000007FFE26DB 000170 (v03 BOCHS  BXPC     00000001 BXPC 00000001)
[    0.017715] ACPI: HPET 0x000000007FFE284B 000038 (v01 BOCHS  BXPC     00000001 BXPC 00000001)
[    0.017725] ACPI: SRAT 0x000000007FFE2883 0002D0 (v01 BOCHS  BXPC     00000001 BXPC 00000001)
[    0.017735] ACPI: MCFG 0x000000007FFE2B53 00003C (v01 BOCHS  BXPC     00000001 BXPC 00000001)
[    0.017745] ACPI: SSDT 0x000000007FFE2B8F 0011DF (v01 BOCHS  NVDIMM   00000001 BXPC 00000001)
[    0.017755] ACPI: WAET 0x000000007FFE3D6E 000028 (v01 BOCHS  BXPC     00000001 BXPC 00000001)
[    0.017763] ACPI: Reserving FACP table memory at [mem 0x7ffe25e7-0x7ffe26da]
[    0.017766] ACPI: Reserving DSDT table memory at [mem 0x7ffdf040-0x7ffe25e6]
[    0.017769] ACPI: Reserving FACS table memory at [mem 0x7ffdf000-0x7ffdf03f]
[    0.017771] ACPI: Reserving APIC table memory at [mem 0x7ffe26db-0x7ffe284a]
[    0.017774] ACPI: Reserving HPET table memory at [mem 0x7ffe284b-0x7ffe2882]
[    0.017776] ACPI: Reserving SRAT table memory at [mem 0x7ffe2883-0x7ffe2b52]
[    0.017779] ACPI: Reserving MCFG table memory at [mem 0x7ffe2b53-0x7ffe2b8e]
[    0.017781] ACPI: Reserving SSDT table memory at [mem 0x7ffe2b8f-0x7ffe3d6d]
[    0.017783] ACPI: Reserving WAET table memory at [mem 0x7ffe3d6e-0x7ffe3d95]
[    0.018246] ACPI: SRAT: Node 0 PXM 0 [mem 0x00000000-0x0009ffff]
[    0.018253] ACPI: SRAT: Node 0 PXM 0 [mem 0x00100000-0x7fffffff]
[    0.018257] ACPI: SRAT: Node 0 PXM 0 [mem 0x100000000-0x37fffffff]
[    0.018260] ACPI: SRAT: Node 0 PXM 0 [mem 0x380000000-0x1bffffffff] hotplug
[    0.018276] NUMA: Node 0 [mem 0x00001000-0x0009ffff] + [mem 0x00100000-0x7fffffff] -> [mem 0x00001000-0x7fffffff]
[    0.018281] NUMA: Node 0 [mem 0x00001000-0x7fffffff] + [mem 0x100000000-0x37fffffff] -> [mem 0x00001000-0x37fffffff]
[    0.018312] NODE_DATA(0) allocated [mem 0x37ffd3700-0x37fffdfff]
[    0.018745] crashkernel low memory reserved: 0x69000000 - 0x79000000 (256 MB)
[    0.018751] crashkernel reserved: 0x00000002ff000000 - 0x000000037f000000 (2048 MB)
[    0.018927] Zone ranges:
[    0.018930]   DMA      [mem 0x0000000000001000-0x0000000000ffffff]
[    0.018934]   DMA32    [mem 0x0000000001000000-0x00000000ffffffff]
[    0.018938]   Normal   [mem 0x0000000100000000-0x000000037fffffff]
[    0.018941]   Device   empty
[    0.018943] Movable zone start for each node
[    0.018947] Early memory node ranges
[    0.018948]   node   0: [mem 0x0000000000001000-0x000000000009efff]
[    0.018956]   node   0: [mem 0x0000000000100000-0x000000007ffd9fff]
[    0.018959]   node   0: [mem 0x0000000100000000-0x000000037fffffff]
[    0.018964] Initmem setup node 0 [mem 0x0000000000001000-0x000000037fffffff]
[    0.019552] On node 0, zone DMA: 1 pages in unavailable ranges
[    0.019876] On node 0, zone DMA: 97 pages in unavailable ranges
[    0.284407] On node 0, zone Normal: 38 pages in unavailable ranges
[    1.653197] kasan: KernelAddressSanitizer initialized
[    1.660795] ACPI: PM-Timer IO Port: 0x608
[    1.660931] ACPI: LAPIC_NMI (acpi_id[0xff] dfl dfl lint[0x1])
[    1.661380] IOAPIC[0]: apic_id 0, version 17, address 0xfec00000, GSI 0-23
[    1.661399] ACPI: INT_SRC_OVR (bus 0 bus_irq 0 global_irq 2 dfl dfl)
[    1.661405] ACPI: INT_SRC_OVR (bus 0 bus_irq 5 global_irq 5 high level)
[    1.661408] ACPI: INT_SRC_OVR (bus 0 bus_irq 9 global_irq 9 high level)
[    1.661420] ACPI: INT_SRC_OVR (bus 0 bus_irq 10 global_irq 10 high level)
[    1.661423] ACPI: INT_SRC_OVR (bus 0 bus_irq 11 global_irq 11 high level)
[    1.661439] ACPI: Using ACPI (MADT) for SMP configuration information
[    1.661443] ACPI: HPET id: 0x8086a201 base: 0xfed00000
[    1.661463] TSC deadline timer available
[    1.661476] CPU topo: Max. logical packages:   2
[    1.661479] CPU topo: Max. logical dies:       2
[    1.661480] CPU topo: Max. dies per package:   1
[    1.661487] CPU topo: Max. threads per core:   2
[    1.661490] CPU topo: Num. cores per package:     8
[    1.661492] CPU topo: Num. threads per package:  16
[    1.661493] CPU topo: Allowing 32 present CPUs plus 0 hotplug CPUs
[    1.661641] kvm-guest: APIC: eoi() replaced with kvm_guest_apic_eoi_write()
[    1.661768] kvm-guest: KVM setup pv remote TLB flush
[    1.661826] kvm-guest: setup PV sched yield
[    1.661996] PM: hibernation: Registered nosave memory: [mem 0x00000000-0x00000fff]
[    1.662004] PM: hibernation: Registered nosave memory: [mem 0x0009f000-0x0009ffff]
[    1.662006] PM: hibernation: Registered nosave memory: [mem 0x000a0000-0x000effff]
[    1.662008] PM: hibernation: Registered nosave memory: [mem 0x000f0000-0x000fffff]
[    1.662013] PM: hibernation: Registered nosave memory: [mem 0x7ffda000-0x7fffffff]
[    1.662016] PM: hibernation: Registered nosave memory: [mem 0x80000000-0xafffffff]
[    1.662018] PM: hibernation: Registered nosave memory: [mem 0xb0000000-0xbfffffff]
[    1.662020] PM: hibernation: Registered nosave memory: [mem 0xc0000000-0xfed1bfff]
[    1.662022] PM: hibernation: Registered nosave memory: [mem 0xfed1c000-0xfed1ffff]
[    1.662024] PM: hibernation: Registered nosave memory: [mem 0xfed20000-0xfeffbfff]
[    1.662026] PM: hibernation: Registered nosave memory: [mem 0xfeffc000-0xfeffffff]
[    1.662028] PM: hibernation: Registered nosave memory: [mem 0xff000000-0xfffbffff]
[    1.662030] PM: hibernation: Registered nosave memory: [mem 0xfffc0000-0xffffffff]
[    1.662044] [mem 0xc0000000-0xfed1bfff] available for PCI devices
[    1.662052] Booting paravirtualized kernel on KVM
[    1.662062] clocksource: refined-jiffies: mask: 0xffffffff max_cycles: 0xffffffff, max_idle_ns: 7645519600211568 ns
[    1.662146] setup_percpu: NR_CPUS:8192 nr_cpumask_bits:32 nr_cpu_ids:32 nr_node_ids:1
[    1.794249] percpu: Embedded 532 pages/cpu s2142208 r8192 d28672 u4194304
[    1.794315] pcpu-alloc: s2142208 r8192 d28672 u4194304 alloc=2*2097152
[    1.794324] pcpu-alloc: [0] 00 [0] 01 [0] 02 [0] 03 [0] 04 [0] 05 [0] 06 [0] 07 
[    1.794344] pcpu-alloc: [0] 08 [0] 09 [0] 10 [0] 11 [0] 12 [0] 13 [0] 14 [0] 15 
[    1.794362] pcpu-alloc: [0] 16 [0] 17 [0] 18 [0] 19 [0] 20 [0] 21 [0] 22 [0] 23 
[    1.794381] pcpu-alloc: [0] 24 [0] 25 [0] 26 [0] 27 [0] 28 [0] 29 [0] 30 [0] 31 
[    1.794747] kvm-guest: PV spinlocks enabled
[    1.794769] PV qspinlock hash table entries: 256 (order: 0, 4096 bytes, linear)
[    1.794786] Kernel command line: intremap=off console=ttyS0,115200 nokaslr root=/dev/vda1 crashkernel=1G-:2G
[    1.795161] Unknown kernel command line parameters "nokaslr", will be passed to user space.
[    1.795197] printk: log buffer data + meta data: 262144 + 917504 = 1179648 bytes
[    1.809905] Dentry cache hash table entries: 2097152 (order: 12, 16777216 bytes, linear)
[    1.817572] Inode-cache hash table entries: 1048576 (order: 11, 8388608 bytes, linear)
[    1.822279] Fallback order for Node 0: 0 
[    1.822312] Built 1 zonelists, mobility grouping on.  Total pages: 3145592
[    1.822316] Policy zone: Normal
[    1.822384] mem auto-init: stack:off, heap alloc:on, heap free:off
[    1.822395] stackdepot: allocating hash table via alloc_large_system_hash
[    1.822407] stackdepot hash table entries: 1048576 (order: 12, 16777216 bytes, linear)
[    1.835844] software IO TLB: area num 32.
[    2.656075] SLUB: HWalign=64, Order=0-3, MinObjects=0, CPUs=32, Nodes=1
[    2.657491] Kernel/User page tables isolation: enabled
[    2.658390] ftrace: allocating 52416 entries in 205 pages
[    2.978335] ftrace: allocated 205 pages with 5 groups
[    2.985601] Dynamic Preempt: voluntary
[    2.992612] Running RCU self tests
[    2.992616] Running RCU synchronous self tests
[    2.992678] rcu: Preemptible hierarchical RCU implementation.
[    2.992680] rcu: 	RCU lockdep checking is enabled.
[    2.992682] rcu: 	RCU restricting CPUs from NR_CPUS=8192 to nr_cpu_ids=32.
[    2.992687] 	Trampoline variant of Tasks RCU enabled.
[    2.992689] 	Rude variant of Tasks RCU enabled.
[    2.992690] 	Tracing variant of Tasks RCU enabled.
[    2.992692] rcu: RCU calculated value of scheduler-enlistment delay is 25 jiffies.
[    2.992694] rcu: Adjusting geometry for rcu_fanout_leaf=16, nr_cpu_ids=32
[    2.993286] Running RCU synchronous self tests
[    2.993319] RCU Tasks: Setting shift to 5 and lim to 1 rcu_task_cb_adjust=1 rcu_task_cpu_ids=32.
[    2.993346] RCU Tasks Rude: Setting shift to 5 and lim to 1 rcu_task_cb_adjust=1 rcu_task_cpu_ids=32.
[    2.993372] RCU Tasks Trace: Setting shift to 5 and lim to 1 rcu_task_cb_adjust=1 rcu_task_cpu_ids=32.
[    3.045287] NR_IRQS: 524544, nr_irqs: 680, preallocated irqs: 16
[    3.047347] rcu: srcu_init: Setting srcu_struct sizes based on contention.
[    3.153751] Console: colour VGA+ 80x25
[    3.154208] printk: legacy console [ttyS0] enabled
[    4.806307] Lock dependency validator: Copyright (c) 2006 Red Hat, Inc., Ingo Molnar
[    4.817706] ... MAX_LOCKDEP_SUBCLASSES:  8
[    4.823992] ... MAX_LOCK_DEPTH:          48
[    4.830184] ... MAX_LOCKDEP_KEYS:        8192
[    4.836769] ... CLASSHASH_SIZE:          4096
[    4.843389] ... MAX_LOCKDEP_ENTRIES:     32768
[    4.849927] ... MAX_LOCKDEP_CHAINS:      65536
[    4.856647] ... CHAINHASH_SIZE:          32768
[    4.863374]  memory used by lock dependency info: 6941 kB
[    4.871435]  memory used for stack traces: 4224 kB
[    4.878608]  per task-struct memory footprint: 2688 bytes
[    4.887599] ACPI: Core revision 20240827
[    4.896773] clocksource: hpet: mask: 0xffffffff max_cycles: 0xffffffff, max_idle_ns: 19112604467 ns
[    4.911427] APIC: Switch to symmetric I/O mode setup
[    4.922715] x2apic enabled
[    4.930925] APIC: Switched APIC routing to: physical x2apic
[    4.939273] kvm-guest: APIC: send_IPI_mask() replaced with kvm_send_ipi_mask()
[    4.949932] kvm-guest: APIC: send_IPI_mask_allbutself() replaced with kvm_send_ipi_mask_allbutself()
[    4.963323] kvm-guest: setup PV IPIs
[    4.985321] ..TIMER: vector=0x30 apic1=0 pin1=2 apic2=-1 pin2=-1
[    4.995581] clocksource: tsc-early: mask: 0xffffffffffffffff max_cycles: 0x2a48a50322c, max_idle_ns: 440795287943 ns
[    5.012341] Calibrating delay loop (skipped) preset value.. 5866.87 BogoMIPS (lpj=11733744)
[    5.021175] x86/cpu: User Mode Instruction Prevention (UMIP) activated
[    5.029381] Last level iTLB entries: 4KB 0, 2MB 0, 4MB 0
[    5.032332] Last level dTLB entries: 4KB 0, 2MB 0, 4MB 0, 1GB 0
[    5.036435] Spectre V1 : Mitigation: usercopy/swapgs barriers and __user pointer sanitization
[    5.040335] Spectre V2 : Mitigation: Retpolines
[    5.044332] Spectre V2 : Spectre v2 / SpectreRSB mitigation: Filling RSB on context switch
[    5.048333] Spectre V2 : Spectre v2 / SpectreRSB : Filling RSB on VMEXIT
[    5.052333] Spectre V2 : Enabling Restricted Speculation for firmware calls
[    5.056342] Spectre V2 : mitigation: Enabling conditional Indirect Branch Prediction Barrier
[    5.060332] Spectre V2 : User space: Mitigation: STIBP via prctl
[    5.064334] Speculative Store Bypass: Mitigation: Speculative Store Bypass disabled via prctl
[    5.068334] MDS: Vulnerable: Clear CPU buffers attempted, no microcode
[    5.072332] MMIO Stale Data: Unknown: No mitigations
[    5.076361] x86/fpu: x87 FPU will use FXSAVE
[    5.136042] Freeing SMP alternatives memory: 40K
[    5.136339] pid_max: default: 32768 minimum: 301
[    5.146770] LSM: initializing lsm=lockdown,capability,landlock,yama,apparmor,ima,evm
[    5.152454] landlock: Up and running.
[    5.156334] Yama: becoming mindful.
[    5.165688] AppArmor: AppArmor initialized
[    5.170986] Mount-cache hash table entries: 32768 (order: 6, 262144 bytes, linear)
[    5.172626] Mountpoint-cache hash table entries: 32768 (order: 6, 262144 bytes, linear)
[    5.185683] Running RCU synchronous self tests
[    5.188342] Running RCU synchronous self tests
[    5.199132] smpboot: CPU0: Intel Westmere E56xx/L56xx/X56xx (IBRS update) (family: 0x6, model: 0x2c, stepping: 0x1)
[    5.210669] Running RCU Tasks wait API self tests
[    5.316572] Running RCU Tasks Rude wait API self tests
[    5.320360] Running RCU Tasks Trace wait API self tests
[    5.324573] Performance Events: unsupported p6 CPU model 44 no PMU driver, software events only.
[    5.328884] signal: max sigframe size: 1440
[    5.332449] Callback from call_rcu_tasks_trace() invoked.
[    5.337199] rcu: Hierarchical SRCU implementation.
[    5.340365] rcu: 	Max phase no-delay instances is 1000.
[    5.345724] Timer migration: 2 hierarchy levels; 8 children per group; 2 crossnode level
[    5.360537] NMI watchdog: Perf NMI watchdog permanently disabled
[    5.376435] smp: Bringing up secondary CPUs ...
[    5.393185] smpboot: x86: Booting SMP configuration:
[    5.396388] .... node  #0, CPUs:        #2  #4  #6  #8 #10 #12 #14 #16 #18 #20 #22 #24 #26
[    5.524615] Callback from call_rcu_tasks() invoked.
[    5.537940]  #28 #30  #1  #3  #5  #7  #9 #11 #13 #15 #17 #19 #21 #23 #25 #27 #29 #31
[    5.781418] MDS CPU bug present and SMT on, data leak possible. See https://www.kernel.org/doc/html/latest/admin-guide/hw-vuln/mds.html for more details.
[    5.872405] smp: Brought up 1 node, 32 CPUs
[    5.876381] smpboot: Total of 32 processors activated (187739.90 BogoMIPS)
[    5.910835] Memory: 7997952K/12582368K available (53248K kernel code, 16294K rwdata, 13000K rodata, 9908K init, 22736K bss, 4537656K reserved, 0K cma-reserved)
[    5.918065] devtmpfs: initialized
[    5.921616] x86/mm: Memory block size: 128MB
[    6.013351] Running RCU synchronous self tests
[    6.016434] Running RCU synchronous self tests
[    6.020731] clocksource: jiffies: mask: 0xffffffff max_cycles: 0xffffffff, max_idle_ns: 7645041785100000 ns
[    6.026051] futex hash table entries: 8192 (order: 8, 1048576 bytes, linear)
[    6.032156] pinctrl core: initialized pinctrl subsystem
[    6.035994] PM: RTC time: 13:28:06, date: 2025-01-11
[    6.046062] NET: Registered PF_NETLINK/PF_ROUTE protocol family
[    6.053755] DMA: preallocated 1024 KiB GFP_KERNEL pool for atomic allocations
[    6.056707] DMA: preallocated 1024 KiB GFP_KERNEL|GFP_DMA pool for atomic allocations
[    6.060696] DMA: preallocated 1024 KiB GFP_KERNEL|GFP_DMA32 pool for atomic allocations
[    6.065079] audit: initializing netlink subsys (disabled)
[    6.069261] audit: type=2000 audit(1736602084.983:1): state=initialized audit_enabled=0 res=1
[    6.074439] thermal_sys: Registered thermal governor 'fair_share'
[    6.076462] thermal_sys: Registered thermal governor 'bang_bang'
[    6.080396] thermal_sys: Registered thermal governor 'step_wise'
[    6.084379] thermal_sys: Registered thermal governor 'user_space'
[    6.088371] thermal_sys: Registered thermal governor 'power_allocator'
[    6.092743] EISA bus registered
[    6.100681] cpuidle: using governor ladder
[    6.104673] cpuidle: using governor menu
[    6.110620] acpiphp: ACPI Hot Plug PCI Controller Driver version: 0.5
[    6.115885] PCI: ECAM [mem 0xb0000000-0xbfffffff] (base 0xb0000000) for domain 0000 [bus 00-ff]
[    6.116369] PCI: ECAM [mem 0xb0000000-0xbfffffff] reserved as E820 entry
[    6.203652] PCI: Using configuration type 1 for base access
[    6.207036] kprobes: kprobe jump-optimization is enabled. All kprobes are optimized if possible.
[    6.218268] HugeTLB: registered 1.00 GiB page size, pre-allocated 0 pages
[    6.220378] HugeTLB: 16380 KiB vmemmap can be freed for a 1.00 GiB page
[    6.224362] HugeTLB: registered 2.00 MiB page size, pre-allocated 0 pages
[    6.228368] HugeTLB: 28 KiB vmemmap can be freed for a 2.00 MiB page
[    6.315569] ACPI: Added _OSI(Module Device)
[    6.320382] ACPI: Added _OSI(Processor Device)
[    6.328364] ACPI: Added _OSI(3.0 _SCP Extensions)
[    6.336368] ACPI: Added _OSI(Processor Aggregator Device)
[    6.583355] ACPI: 2 ACPI AML tables successfully acquired and loaded
[    6.647078] ACPI: Interpreter enabled
[    6.649692] ACPI: PM: (supports S0 S3 S4 S5)
[    6.652379] ACPI: Using IOAPIC for interrupt routing
[    6.658153] PCI: Using host bridge windows from ACPI; if necessary, use "pci=nocrs" and report a bug
[    6.660360] PCI: Using E820 reservations for host bridge windows
[    6.673087] ACPI: Enabled 4 GPEs in block 00 to 3F
[    7.160729] ACPI: PCI Root Bridge [PCI0] (domain 0000 [bus 00-ff])
[    7.168581] acpi PNP0A08:00: _OSC: OS supports [ExtendedConfig ASPM ClockPM Segments MSI EDR HPX-Type3]
[    7.193943] acpi PNP0A08:00: _OSC: platform does not support [PCIeHotplug LTR DPC]
[    7.213169] acpi PNP0A08:00: _OSC: OS now controls [SHPCHotplug PME AER PCIeCapability]
[    7.236366] PCI host bridge to bus 0000:00
[    7.241715] pci_bus 0000:00: root bus resource [io  0x0000-0x0cf7 window]
[    7.252871] pci_bus 0000:00: root bus resource [io  0x0d00-0xffff window]
[    7.264440] pci_bus 0000:00: root bus resource [mem 0x000a0000-0x000bffff window]
[    7.276379] pci_bus 0000:00: root bus resource [mem 0x80000000-0xafffffff window]
[    7.288403] pci_bus 0000:00: root bus resource [mem 0xc0000000-0xfebfffff window]
[    7.300463] pci_bus 0000:00: root bus resource [mem 0x1c00000000-0x23ffffffff window]
[    7.312389] pci_bus 0000:00: root bus resource [bus 00-ff]
[    7.325077] pci 0000:00:00.0: [8086:29c0] type 00 class 0x060000 conventional PCI endpoint
[    7.345582] pci 0000:00:01.0: [1234:1111] type 00 class 0x030000 conventional PCI endpoint
[    7.369948] pci 0000:00:01.0: BAR 0 [mem 0xfd000000-0xfdffffff pref]
[    7.403338] pci 0000:00:01.0: BAR 2 [mem 0xfea50000-0xfea50fff]
[    7.440710] pci 0000:00:01.0: ROM [mem 0xfea40000-0xfea4ffff pref]
[    7.458146] pci 0000:00:01.0: Video device with shadowed ROM at [mem 0x000c0000-0x000dffff]
[    7.472374] pci 0000:00:01.0: pci_fixup_video+0x0/0x2d0 took 11718 usecs
[    7.499324] pci 0000:00:02.0: [1af4:1000] type 00 class 0x020000 conventional PCI endpoint
[    7.516145] pci 0000:00:02.0: BAR 0 [io  0xc040-0xc05f]
[    7.527564] pci 0000:00:02.0: BAR 1 [mem 0xfea51000-0xfea51fff]
[    7.548286] pci 0000:00:02.0: BAR 4 [mem 0xfe200000-0xfe203fff 64bit pref]
[    7.562255] pci 0000:00:02.0: ROM [mem 0xfea00000-0xfea3ffff pref]
[    7.583353] pci 0000:00:03.0: [1b36:000c] type 01 class 0x060400 PCIe Root Port
[    7.600381] pci 0000:00:03.0: BAR 0 [mem 0xfea52000-0xfea52fff]
[    7.627779] pci 0000:00:03.0: PCI bridge to [bus 01]
[    7.632941] pci 0000:00:03.0:   bridge window [mem 0xfe800000-0xfe9fffff]
[    7.652718] pci 0000:00:03.0:   bridge window [mem 0xfe000000-0xfe1fffff 64bit pref]
[    7.680321] pci 0000:00:04.0: [1af4:105b] type 00 class 0x00ff00 conventional PCI endpoint
[    7.699276] pci 0000:00:04.0: BAR 4 [mem 0xfe204000-0xfe207fff 64bit pref]
[    7.861041] pci 0000:00:1f.0: [8086:2918] type 00 class 0x060100 conventional PCI endpoint
[    7.878259] pci 0000:00:1f.0: quirk: [io  0x0600-0x067f] claimed by ICH6 ACPI/GPIO/TCO
[    7.892877] pci 0000:00:1f.0: quirk_ich7_lpc+0x0/0x1d0 took 11718 usecs
[    7.909847] pci 0000:00:1f.2: [8086:2922] type 00 class 0x010601 conventional PCI endpoint
[    7.932363] pci 0000:00:1f.2: BAR 4 [io  0xc060-0xc07f]
[    7.942339] pci 0000:00:1f.2: BAR 5 [mem 0xfea53000-0xfea53fff]
[    7.961258] pci 0000:00:1f.3: [8086:2930] type 00 class 0x0c0500 conventional PCI endpoint
[    7.983577] pci 0000:00:1f.3: BAR 4 [io  0x0700-0x073f]
[    8.006509] acpiphp: Slot [0] registered
[    8.014687] pci 0000:01:00.0: [1af4:1042] type 00 class 0x010000 PCIe Endpoint
[    8.039932] pci 0000:01:00.0: BAR 1 [mem 0xfe800000-0xfe800fff]
[    8.064362] pci 0000:01:00.0: BAR 4 [mem 0xfe000000-0xfe003fff 64bit pref]
[    8.167372] pci 0000:00:03.0: PCI bridge to [bus 01]
[    8.200581] ACPI: PCI: Interrupt link LNKA configured for IRQ 10
[    8.217260] ACPI: PCI: Interrupt link LNKB configured for IRQ 10
[    8.229331] ACPI: PCI: Interrupt link LNKC configured for IRQ 11
[    8.245282] ACPI: PCI: Interrupt link LNKD configured for IRQ 11
[    8.262904] ACPI: PCI: Interrupt link LNKE configured for IRQ 10
[    8.277223] ACPI: PCI: Interrupt link LNKF configured for IRQ 10
[    8.297419] ACPI: PCI: Interrupt link LNKG configured for IRQ 11
[    8.313505] ACPI: PCI: Interrupt link LNKH configured for IRQ 11
[    8.330750] ACPI: PCI: Interrupt link GSIA configured for IRQ 16
[    8.345639] ACPI: PCI: Interrupt link GSIB configured for IRQ 17
[    8.361176] ACPI: PCI: Interrupt link GSIC configured for IRQ 18
[    8.373048] ACPI: PCI: Interrupt link GSID configured for IRQ 19
[    8.389094] ACPI: PCI: Interrupt link GSIE configured for IRQ 20
[    8.401085] ACPI: PCI: Interrupt link GSIF configured for IRQ 21
[    8.416965] ACPI: PCI: Interrupt link GSIG configured for IRQ 22
[    8.433137] ACPI: PCI: Interrupt link GSIH configured for IRQ 23
[    8.580578] iommu: Default domain type: Translated
[    8.588365] iommu: DMA domain TLB invalidation policy: lazy mode
[    8.611874] SCSI subsystem initialized
[    8.621853] libata version 3.00 loaded.
[    8.624510] ACPI: bus type USB registered
[    8.629734] usbcore: registered new interface driver usbfs
[    8.640834] usbcore: registered new interface driver hub
[    8.648956] usbcore: registered new device driver usb
[    8.661839] pps_core: LinuxPPS API ver. 1 registered
[    8.668361] pps_core: Software ver. 5.3.6 - Copyright 2005-2007 Rodolfo Giometti <giometti@linux.it>
[    8.684510] PTP clock support registered
[    8.696824] EDAC MC: Ver: 3.0.0
[    8.721795] NetLabel: Initializing
[    8.728361] NetLabel:  domain hash size = 128
[    8.736362] NetLabel:  protocols = UNLABELED CIPSOv4 CALIPSO
[    8.745310] NetLabel:  unlabeled traffic allowed by default
[    8.761564] PCI: Using ACPI for IRQ routing
[   10.814510] PCI: pci_cache_line_size set to 64 bytes
[   10.816425] e820: reserve RAM buffer [mem 0x0009fc00-0x0009ffff]
[   10.816644] e820: reserve RAM buffer [mem 0x7ffda000-0x7fffffff]
[   10.820770] pci 0000:00:01.0: vgaarb: setting as boot VGA device
[   10.824321] pci 0000:00:01.0: vgaarb: bridge control possible
[   10.824321] pci 0000:00:01.0: vgaarb: VGA device added: decodes=io+mem,owns=io+mem,locks=none
[   10.860400] vgaarb: loaded
[   10.869712] hpet0: at MMIO 0xfed00000, IRQs 2, 8, 0
[   10.880365] hpet0: 3 comparators, 64-bit 100.000000 MHz counter
[   10.917069] clocksource: Switched to clocksource kvm-clock
[   10.968646] VFS: Disk quotas dquot_6.6.0
[   10.975960] VFS: Dquot-cache hash table entries: 512 (order 0, 4096 bytes)
[   10.996896] AppArmor: AppArmor Filesystem Enabled
[   11.006085] pnp: PnP ACPI init
[   11.019809] system 00:05: [mem 0xb0000000-0xbfffffff window] has been reserved
[   11.063236] pnp: PnP ACPI: found 6 devices
[   11.159603] clocksource: acpi_pm: mask: 0xffffff max_cycles: 0xffffff, max_idle_ns: 2085701024 ns
[   11.178169] NET: Registered PF_INET protocol family
[   11.190245] IP idents hash table entries: 262144 (order: 9, 2097152 bytes, linear)
[   11.214655] tcp_listen_portaddr_hash hash table entries: 8192 (order: 7, 655360 bytes, linear)
[   11.230517] Table-perturb hash table entries: 65536 (order: 6, 262144 bytes, linear)
[   11.244290] TCP established hash table entries: 131072 (order: 8, 1048576 bytes, linear)
[   11.271841] TCP bind hash table entries: 65536 (order: 11, 10485760 bytes, vmalloc hugepage)
[   11.292407] TCP: Hash tables configured (established 131072 bind 65536)
[   11.310788] MPTCP token hash table entries: 16384 (order: 8, 1572864 bytes, linear)
[   11.328929] UDP hash table entries: 8192 (order: 9, 2490368 bytes, linear)
[   11.346923] UDP-Lite hash table entries: 8192 (order: 9, 2490368 bytes, linear)
[   11.363355] NET: Registered PF_UNIX/PF_LOCAL protocol family
[   11.373885] NET: Registered PF_XDP protocol family
[   11.382720] pci 0000:00:03.0: bridge window [io  0x1000-0x0fff] to [bus 01] add_size 1000
[   11.397332] pci 0000:00:03.0: bridge window [io  0x1000-0x1fff]: assigned
[   11.409362] pci 0000:00:03.0: PCI bridge to [bus 01]
[   11.418333] pci 0000:00:03.0:   bridge window [io  0x1000-0x1fff]
[   11.431154] pci 0000:00:03.0:   bridge window [mem 0xfe800000-0xfe9fffff]
[   11.444594] pci 0000:00:03.0:   bridge window [mem 0xfe000000-0xfe1fffff 64bit pref]
[   11.460855] pci_bus 0000:00: resource 4 [io  0x0000-0x0cf7 window]
[   11.471629] pci_bus 0000:00: resource 5 [io  0x0d00-0xffff window]
[   11.482317] pci_bus 0000:00: resource 6 [mem 0x000a0000-0x000bffff window]
[   11.494850] pci_bus 0000:00: resource 7 [mem 0x80000000-0xafffffff window]
[   11.506976] pci_bus 0000:00: resource 8 [mem 0xc0000000-0xfebfffff window]
[   11.519812] pci_bus 0000:00: resource 9 [mem 0x1c00000000-0x23ffffffff window]
[   11.532208] pci_bus 0000:01: resource 0 [io  0x1000-0x1fff]
[   11.542061] pci_bus 0000:01: resource 1 [mem 0xfe800000-0xfe9fffff]
[   11.552926] pci_bus 0000:01: resource 2 [mem 0xfe000000-0xfe1fffff 64bit pref]
[   11.567116] PCI: CLS 0 bytes, default 64
[   11.575413] PCI-DMA: Using software bounce buffering for IO (SWIOTLB)
[   11.579875] Trying to unpack rootfs image as initramfs...
[   11.586793] software IO TLB: mapped [mem 0x0000000065000000-0x0000000069000000] (64MB)
[   11.614089] clocksource: tsc: mask: 0xffffffffffffffff max_cycles: 0x2a48a50322c, max_idle_ns: 440795287943 ns
[   11.657066] Initialise system trusted keyrings
[   11.666064] Key type blacklist registered
[   11.675958] workingset: timestamp_bits=36 max_order=21 bucket_order=0
[   11.687202] zbud: loaded
[   11.705674] squashfs: version 4.0 (2009/01/31) Phillip Lougher
[   11.725236] fuse: init (API version 7.41)
[   11.741640] integrity: Platform Keyring initialized
[   11.784007] Key type asymmetric registered
[   11.791558] Asymmetric key parser 'x509' registered
[   11.801354] Block layer SCSI generic (bsg) driver version 0.4 loaded (major 243)
[   11.817369] io scheduler mq-deadline registered
[   11.860158] ledtrig-cpu: registered to indicate activity on CPUs
[   11.904123] ACPI: \_SB_.GSIH: Enabled at IRQ 23
[   11.924642] pcieport 0000:00:03.0: PME: Signaling with IRQ 24
[   11.941738] pcieport 0000:00:03.0: AER: enabled with IRQ 24
[   11.959155] shpchp: Standard Hot Plug PCI Controller Driver version: 0.4
[   11.978426] input: Power Button as /devices/LNXSYSTM:00/LNXPWRBN:00/input/input0
[   11.995110] ACPI: button: Power Button [PWRF]
[   12.106097] ACPI: \_SB_.GSIG: Enabled at IRQ 22
[   12.156388] ACPI: \_SB_.GSIE: Enabled at IRQ 20
[   12.220000] Serial: 8250/16550 driver, 32 ports, IRQ sharing enabled
[   12.283901] 00:03: ttyS0 at I/O 0x3f8 (irq = 4, base_baud = 115200) is a 16550A
[   12.429467] Linux agpgart interface v0.103
[   12.636823] loop: module loaded
[   12.653397] tun: Universal TUN/TAP device driver, 1.6
[   12.663135] PPP generic driver version 2.4.2
[   12.675231] VFIO - User Level meta-driver version: 0.3
[   12.689129] i8042: PNP: PS/2 Controller [PNP0303:KBD,PNP0f13:MOU] at 0x60,0x64 irq 1,12
[   12.711068] serio: i8042 KBD port at 0x60,0x64 irq 1
[   12.719358] serio: i8042 AUX port at 0x60,0x64 irq 12
[   12.731884] mousedev: PS/2 mouse device common for all mice
[   12.743522] rtc_cmos 00:04: RTC can wake from S4
[   12.755628] input: AT Translated Set 2 keyboard as /devices/platform/i8042/serio0/input/input1
[   12.763034] rtc_cmos 00:04: registered as rtc0
[   12.778042] rtc_cmos 00:04: setting system clock to 2025-01-11T13:28:14 UTC (1736602094)
[   12.793234] rtc_cmos 00:04: alarms up to one day, y3k, 242 bytes nvram, hpet irqs
[   12.805793] i2c_dev: i2c /dev entries driver
[   12.813836] device-mapper: core: CONFIG_IMA_DISABLE_HTABLE is disabled. Duplicate IMA measurements will not be recorded in the IMA log.
[   12.842118] device-mapper: uevent: version 1.0.3
[   12.855943] device-mapper: ioctl: 4.48.0-ioctl (2023-03-01) initialised: dm-devel@lists.linux.dev
[   12.870802] platform eisa.0: Probing EISA bus 0
[   12.878198] platform eisa.0: EISA: Cannot allocate resource for mainboard
[   12.889196] platform eisa.0: Cannot allocate resource for EISA slot 1
[   12.899483] platform eisa.0: Cannot allocate resource for EISA slot 2
[   12.910010] platform eisa.0: Cannot allocate resource for EISA slot 3
[   12.920253] platform eisa.0: Cannot allocate resource for EISA slot 4
[   12.930615] platform eisa.0: Cannot allocate resource for EISA slot 5
[   12.941139] platform eisa.0: Cannot allocate resource for EISA slot 6
[   12.951620] platform eisa.0: Cannot allocate resource for EISA slot 7
[   12.962799] platform eisa.0: Cannot allocate resource for EISA slot 8
[   12.973653] platform eisa.0: EISA: Detected 0 cards
[   12.981960] intel_pstate: CPU model not supported
[   12.992582] drop_monitor: Initializing network drop monitor service
[   13.004858] NET: Registered PF_INET6 protocol family
[   15.607244] Freeing initrd memory: 100064K
[   15.726028] Segment Routing with IPv6
[   15.732492] In-situ OAM (IOAM) with IPv6
[   15.739202] NET: Registered PF_PACKET protocol family
[   15.750031] Key type dns_resolver registered
[   15.811771] IPI shorthand broadcast: enabled
[   15.911072] registered taskstats version 1
[   15.946609] Loading compiled-in X.509 certificates
[   16.111526] Demotion targets for Node 0: null
[   16.121922] kmemleak: Kernel memory leak detector initialized (mem pool available: 14031)
[   16.122123] kmemleak: Automatic memory scanning thread started
[   16.143976] Key type .fscrypt registered
[   16.157637] Key type fscrypt-provisioning registered
[   16.242092] cryptd: module verification failed: signature and/or required key missing - tainting kernel
[   16.272568] cryptd: max_cpu_qlen set to 1000
[   16.478504] Key type encrypted registered
[   16.485176] AppArmor: AppArmor sha256 policy hashing enabled
[   16.494494] ima: No TPM chip found, activating TPM-bypass!
[   16.503471] Loading compiled-in module X.509 certificates
[   16.512522] ima: Allocated hash algorithm: sha1
[   16.521138] ima: No architecture policies found
[   16.529518] evm: Initialising EVM extended attributes:
[   16.537774] evm: security.selinux
[   16.543300] evm: security.SMACK64
[   16.549041] evm: security.SMACK64EXEC
[   16.555102] evm: security.SMACK64TRANSMUTE
[   16.562019] evm: security.SMACK64MMAP
[   16.568315] evm: security.apparmor
[   16.573790] evm: security.ima
[   16.578731] evm: security.capability
[   16.584740] evm: HMAC attrs: 0x1
[   16.603254] PM:   Magic number: 9:100:483
[   16.614808] RAS: Correctable Errors collector initialized.
[   16.626438] Unstable clock detected, switching default tracing clock to "global"
               If you want to keep using the local clock, then add:
                 "trace_clock=local"
               on the kernel command line
[   16.667040] clk: Disabling unused clocks
[   16.743323] Freeing unused decrypted memory: 2036K
[   16.775003] Freeing unused kernel image (initmem) memory: 9908K
[   16.783957] Write protecting the kernel read-only data: 67584k
[   16.798310] Freeing unused kernel image (rodata/data gap) memory: 1336K
[   16.873914] x86/mm: Checked W+X mappings: passed, no W+X pages found.
[   16.882293] x86/mm: Checking user space page tables
[   16.950438] x86/mm: Checked W+X mappings: passed, no W+X pages found.
[   16.958746] Run /init as init process
[   16.963618]   with arguments:
[   16.963636]     /init
[   16.963643]     nokaslr
[   16.963649]   with environment:
[   16.963655]     HOME=/
[   16.963661]     TERM=linux
[   19.825384] virtio_blk virtio2: 32/0/0 default/read/poll queues
[   19.853549] lpc_ich 0000:00:1f.0: I/O space for GPIO uninitialized
[   19.928553] ahci 0000:00:1f.2: version 3.0
[   19.950905] input: VirtualPS/2 VMware VMMouse as /devices/platform/i8042/serio1/input/input4
[   20.044924] ACPI: \_SB_.GSIA: Enabled at IRQ 16
[   20.063494] i801_smbus 0000:00:1f.3: SMBus using PCI interrupt
[   20.069725] input: VirtualPS/2 VMware VMMouse as /devices/platform/i8042/serio1/input/input3
[   20.085361] ahci 0000:00:1f.2: AHCI vers 0001.0000, 32 command slots, 1.5 Gbps, SATA mode
[   20.098146] ahci 0000:00:1f.2: 6/6 ports implemented (port mask 0x3f)
[   20.106894] ahci 0000:00:1f.2: flags: 64bit ncq only 
[   20.136727] i2c i2c-0: Memory type 0x07 not supported yet, not instantiating SPD
[   20.263197] scsi host0: ahci
[   20.280567] scsi host1: ahci
[   20.290072] virtio_blk virtio2: [vda] 209715200 512-byte logical blocks (107 GB/100 GiB)
[   20.302808] scsi host2: ahci
[   20.338268] scsi host3: ahci
[   20.375402] scsi host4: ahci
[   20.401688] scsi host5: ahci
[   20.429303] ata1: SATA max UDMA/133 abar m4096@0xfea53000 port 0xfea53100 irq 49 lpm-pol 0
[   20.442876] ata2: SATA max UDMA/133 abar m4096@0xfea53000 port 0xfea53180 irq 49 lpm-pol 0
[   20.455623] virtio_net virtio0 enp0s2: renamed from eth0
[   20.456013] ata3: SATA max UDMA/133 abar m4096@0xfea53000 port 0xfea53200 irq 49 lpm-pol 0
[   20.479635] ata4: SATA max UDMA/133 abar m4096@0xfea53000 port 0xfea53280 irq 49 lpm-pol 0
[   20.479910]  vda: vda1 vda14 vda15
[   20.492535] ata5: SATA max UDMA/133 abar m4096@0xfea53000 port 0xfea53300 irq 49 lpm-pol 0
[   20.508754] ata6: SATA max UDMA/133 abar m4096@0xfea53000 port 0xfea53380 irq 49 lpm-pol 0
[   20.595143] nd_pmem namespace0.0: unable to guarantee persistence of writes
[   20.833556] ata1: SATA link up 1.5 Gbps (SStatus 113 SControl 300)
[   20.843089] ata2: SATA link up 1.5 Gbps (SStatus 113 SControl 300)
[   20.855358] ata4: SATA link up 1.5 Gbps (SStatus 113 SControl 300)
[   20.866777] ata4.00: ATA-7: QEMU HARDDISK, 2.5+, max UDMA/100
[   20.875664] ata4.00: 20971520 sectors, multi 16: LBA48 NCQ (depth 32)
[   20.886303] ata4.00: applying bridge limits
[   20.894995] ata6: SATA link down (SStatus 0 SControl 300)
[   20.908179] ata5: SATA link down (SStatus 0 SControl 300)
[   20.916665] ata3: SATA link up 1.5 Gbps (SStatus 113 SControl 300)
[   20.926264] ata1.00: ATA-7: QEMU HARDDISK, 2.5+, max UDMA/100
[   20.933368] ata1.00: 20971520 sectors, multi 16: LBA48 NCQ (depth 32)
[   20.941185] ata1.00: applying bridge limits
[   20.946556] ata3.00: ATA-7: QEMU HARDDISK, 2.5+, max UDMA/100
[   20.954897] ata3.00: 20971520 sectors, multi 16: LBA48 NCQ (depth 32)
[   20.964239] ata3.00: applying bridge limits
[   20.970302] ata2.00: ATA-7: QEMU HARDDISK, 2.5+, max UDMA/100
[   20.979139] ata2.00: 20971520 sectors, multi 16: LBA48 NCQ (depth 32)
[   20.988591] ata2.00: applying bridge limits
[   20.994881] ata1.00: configured for UDMA/100
[   21.000276] ata4.00: configured for UDMA/100
[   21.005893] ata3.00: configured for UDMA/100
[   21.006143] scsi 0:0:0:0: Direct-Access     ATA      QEMU HARDDISK    2.5+ PQ: 0 ANSI: 5
[   21.011307] ata2.00: configured for UDMA/100
[   21.042219] sd 0:0:0:0: [sda] 20971520 512-byte logical blocks: (10.7 GB/10.0 GiB)
[   21.042574] sd 0:0:0:0: Attached scsi generic sg0 type 0
[   21.052521] sd 0:0:0:0: [sda] Write Protect is off
[   21.065229] scsi 1:0:0:0: Direct-Access     ATA      QEMU HARDDISK    2.5+ PQ: 0 ANSI: 5
[   21.069338] sd 0:0:0:0: [sda] Mode Sense: 00 3a 00 00
[   21.078740] sd 0:0:0:0: [sda] Write cache: enabled, read cache: enabled, doesn't support DPO or FUA
[   21.087737] sd 1:0:0:0: Attached scsi generic sg1 type 0
[   21.088454] sd 1:0:0:0: [sdb] 20971520 512-byte logical blocks: (10.7 GB/10.0 GiB)
[   21.088613] sd 1:0:0:0: [sdb] Write Protect is off
[   21.088641] sd 1:0:0:0: [sdb] Mode Sense: 00 3a 00 00
[   21.088871] sd 1:0:0:0: [sdb] Write cache: enabled, read cache: enabled, doesn't support DPO or FUA
[   21.089697] sd 1:0:0:0: [sdb] Preferred minimum I/O size 512 bytes
[   21.094904] sd 0:0:0:0: [sda] Preferred minimum I/O size 512 bytes
[   21.105512] scsi 2:0:0:0: Direct-Access     ATA      QEMU HARDDISK    2.5+ PQ: 0 ANSI: 5
[   21.165695] sd 2:0:0:0: Attached scsi generic sg2 type 0
[   21.166059] sd 2:0:0:0: [sdc] 20971520 512-byte logical blocks: (10.7 GB/10.0 GiB)
[   21.175382] scsi 3:0:0:0: Direct-Access     ATA      QEMU HARDDISK    2.5+ PQ: 0 ANSI: 5
[   21.181587] sd 2:0:0:0: [sdc] Write Protect is off
[   21.197419] sd 2:0:0:0: [sdc] Mode Sense: 00 3a 00 00
[   21.197736] sd 2:0:0:0: [sdc] Write cache: enabled, read cache: enabled, doesn't support DPO or FUA
[   21.198490] sd 3:0:0:0: Attached scsi generic sg3 type 0
[   21.198974] sd 3:0:0:0: [sdd] 20971520 512-byte logical blocks: (10.7 GB/10.0 GiB)
[   21.199083] sd 3:0:0:0: [sdd] Write Protect is off
[   21.199109] sd 3:0:0:0: [sdd] Mode Sense: 00 3a 00 00
[   21.199303] sd 3:0:0:0: [sdd] Write cache: enabled, read cache: enabled, doesn't support DPO or FUA
[   21.199617] sd 3:0:0:0: [sdd] Preferred minimum I/O size 512 bytes
[   21.210654] sd 2:0:0:0: [sdc] Preferred minimum I/O size 512 bytes
[   21.210944] sd 0:0:0:0: [sda] Attached SCSI disk
[   21.211159] sd 1:0:0:0: [sdb] Attached SCSI disk
[   21.297235] sd 3:0:0:0: [sdd] Attached SCSI disk
[   21.313916] sd 2:0:0:0: [sdc] Attached SCSI disk
[   24.465091] raid6: sse2x4   gen()  9238 MB/s
[   24.537052] raid6: sse2x2   gen() 10075 MB/s
[   24.609127] raid6: sse2x1   gen()  7938 MB/s
[   24.615282] raid6: using algorithm sse2x2 gen() 10075 MB/s
[   24.689132] raid6: .... xor() 6261 MB/s, rmw enabled
[   24.696440] raid6: using ssse3x2 recovery algorithm
[   24.720898] xor: measuring software checksum speed
[   24.729012]    prefetch64-sse  : 15998 MB/sec
[   24.736425]    generic_sse     : 13778 MB/sec
[   24.743473] xor: using function: prefetch64-sse (15998 MB/sec)
[   24.760297] async_tx: api initialized (async)
[   26.110761] Btrfs loaded, zoned=yes, fsverity=yes
[   27.016376] EXT4-fs (vda1): mounted filesystem 26c50908-598b-4e8e-871e-35718a3a1426 ro with ordered data mode. Quota mode: none.
[   28.261436] systemd[1]: Inserted module 'autofs4'
[   28.455911] systemd[1]: systemd 249.11-0ubuntu3.10 running in system mode (+PAM +AUDIT +SELINUX +APPARMOR +IMA +SMACK +SECCOMP +GCRYPT +GNUTLS +OPENSSL +ACL +BLKID +CURL +ELFUTILS +FIDO2 +IDN2 -IDN +IPTC +KMOD +LIBCRYPTSETUP +LIBFDISK +PCRE2 -PWQUALITY -P11KIT -QRENCODE +BZIP2 +LZ4 +XZ +ZLIB +ZSTD -XKBCOMMON +UTMP +SYSVINIT default-hierarchy=unified)
[   28.493250] systemd[1]: Detected virtualization kvm.
[   28.500099] systemd[1]: Detected architecture x86-64.
[   28.521504] systemd[1]: Hostname set to <qemu-2>.
[   29.119205] block vda: the capability attribute has been deprecated.
[   29.317847] random: crng init done
[   30.386248] systemd[1]: Queued start job for default target Graphical Interface.
[   30.485102] systemd[1]: Created slice Slice /system/modprobe.
[   30.517371] systemd[1]: Created slice Slice /system/serial-getty.
[   30.547589] systemd[1]: Created slice Slice /system/systemd-fsck.
[   30.578456] systemd[1]: Created slice User and Session Slice.
[   30.597089] systemd[1]: Started Forward Password Requests to Wall Directory Watch.
[   30.623234] systemd[1]: Set up automount Arbitrary Executable File Formats File System Automount Point.
[   30.647482] systemd[1]: Reached target Slice Units.
[   30.662526] systemd[1]: Reached target Mounting snaps.
[   30.678340] systemd[1]: Reached target Swaps.
[   30.691904] systemd[1]: Reached target Local Verity Protected Volumes.
[   30.712465] systemd[1]: Listening on Device-mapper event daemon FIFOs.
[   30.734817] systemd[1]: Listening on LVM2 poll daemon socket.
[   30.754037] systemd[1]: Listening on multipathd control socket.
[   30.923714] systemd[1]: Listening on RPCbind Server Activation Socket.
[   30.946394] systemd[1]: Listening on Syslog Socket.
[   30.964659] systemd[1]: Listening on fsck to fsckd communication Socket.
[   30.987307] systemd[1]: Listening on initctl Compatibility Named Pipe.
[   31.009428] systemd[1]: Listening on Journal Audit Socket.
[   31.027406] systemd[1]: Listening on Journal Socket (/dev/log).
[   31.047178] systemd[1]: Listening on Journal Socket.
[   31.063101] systemd[1]: Listening on Network Service Netlink Socket.
[   31.083757] systemd[1]: Listening on udev Control Socket.
[   31.102375] systemd[1]: Listening on udev Kernel Socket.
[   31.166173] systemd[1]: Mounting Huge Pages File System...
[   31.210503] systemd[1]: Mounting POSIX Message Queue File System...
[   31.259703] systemd[1]: Mounting Kernel Debug File System...
[   31.354573] systemd[1]: Mounting Kernel Trace File System...
[   31.415347] systemd[1]: Starting Journal Service...
[   31.428827] systemd[1]: Condition check resulted in Kernel Module supporting RPCSEC_GSS being skipped.
[   31.522699] systemd[1]: Starting Set the console keyboard layout...
[   31.573602] systemd[1]: Starting Create List of Static Device Nodes...
[   31.625906] systemd[1]: Starting Monitoring of LVM2 mirrors, snapshots etc. using dmeventd or progress polling...
[   31.650633] systemd[1]: Condition check resulted in LXD - agent being skipped.
[   31.685262] systemd[1]: Starting Load Kernel Module configfs...
[   31.736638] systemd[1]: Starting Load Kernel Module drm...
[   31.780243] systemd[1]: Starting Load Kernel Module efi_pstore...
[   31.828779] systemd[1]: Starting Load Kernel Module fuse...
[   31.857334] systemd[1]: Condition check resulted in OpenVSwitch configuration for cleanup being skipped.
[   31.877160] systemd[1]: Condition check resulted in File System Check on Root Device being skipped.
[   32.027186] systemd[1]: Starting Load Kernel Modules...
[   32.071382] ACPI: bus type drm_connector registered
[   32.088853] systemd[1]: Starting Remount Root and Kernel File Systems...
[   32.198777] systemd[1]: Starting Coldplug All udev Devices...
[   32.254508] systemd[1]: Started Journal Service.
[   32.272568] EXT4-fs (vda1): re-mounted 26c50908-598b-4e8e-871e-35718a3a1426 r/w. Quota mode: none.
[   32.861768] alua: device handler registered
[   32.883023] emc: device handler registered
[   32.886470] systemd-journald[594]: Received client request to flush runtime journal.
[   32.912216] rdac: device handler registered
[   32.921933] systemd-journald[594]: File /var/log/journal/02c9a06a7911097a3b638c9756cf2e6e/system.journal corrupted or uncleanly shut down, renaming and replacing.
[   33.857372] loop0: detected capacity change from 0 to 130888
[   33.903118] loop1: detected capacity change from 0 to 130448
[   33.930640] loop2: detected capacity change from 0 to 229272
[   33.995552] loop3: detected capacity change from 0 to 178256
[   34.081474] loop4: detected capacity change from 0 to 82800
[   34.147811] loop5: detected capacity change from 0 to 79520
[   36.165275] parport_pc 00:02: reported by Plug and Play ACPI
[   36.205345] parport0: PC-style at 0x378, irq 7 [PCSPP,TRISTATE]
[   40.361370] ppdev: user-space parallel port driver
[   40.594864] kvm_intel: VM_EXIT_LOAD_IA32_PERF_GLOBAL_CTRL does not work properly. Using workaround
[   41.312709] audit: type=1400 audit(1736602123.028:2): apparmor="STATUS" operation="profile_load" profile="unconfined" name="lsb_release" pid=1274 comm="apparmor_parser"
[   41.318623] audit: type=1400 audit(1736602123.036:3): apparmor="STATUS" operation="profile_load" profile="unconfined" name="nvidia_modprobe" pid=1275 comm="apparmor_parser"
[   41.318732] audit: type=1400 audit(1736602123.036:4): apparmor="STATUS" operation="profile_load" profile="unconfined" name="nvidia_modprobe//kmod" pid=1275 comm="apparmor_parser"
[   41.321588] audit: type=1400 audit(1736602123.040:5): apparmor="STATUS" operation="profile_load" profile="unconfined" name="swtpm" pid=1280 comm="apparmor_parser"
[   41.324910] audit: type=1400 audit(1736602123.040:6): apparmor="STATUS" operation="profile_load" profile="unconfined" name="/usr/bin/man" pid=1277 comm="apparmor_parser"
[   41.325389] audit: type=1400 audit(1736602123.040:7): apparmor="STATUS" operation="profile_load" profile="unconfined" name="man_filter" pid=1277 comm="apparmor_parser"
[   41.325506] audit: type=1400 audit(1736602123.040:8): apparmor="STATUS" operation="profile_load" profile="unconfined" name="man_groff" pid=1277 comm="apparmor_parser"
[   41.327058] audit: type=1400 audit(1736602123.044:9): apparmor="STATUS" operation="profile_load" profile="unconfined" name="virt-aa-helper" pid=1282 comm="apparmor_parser"
[   41.331852] audit: type=1400 audit(1736602123.048:10): apparmor="STATUS" operation="profile_load" profile="unconfined" name="tcpdump" pid=1281 comm="apparmor_parser"
[   41.347471] audit: type=1400 audit(1736602123.064:11): apparmor="STATUS" operation="profile_load" profile="unconfined" name="/usr/lib/snapd/snap-confine" pid=1283 comm="apparmor_parser"
[   42.847566] RPC: Registered named UNIX socket transport module.
[   42.847595] RPC: Registered udp transport module.
[   42.847602] RPC: Registered tcp transport module.
[   42.847610] RPC: Registered tcp-with-tls transport module.
[   42.847669] RPC: Registered tcp NFSv4.1 backchannel transport module.
[   47.366650] loop6: detected capacity change from 0 to 8
[   56.211553] netfs: FS-Cache loaded
[   57.614285] NFS: Registering the id_resolver key type
[   57.614677] Key type id_resolver registered
[   57.614690] Key type id_legacy registered
[   77.337519] cbd: loading out-of-tree module taints kernel.
[   83.834447] cbd: backend_validate:554 cbd_transport0: duplicated backend path: /dev/sda with backend_id: 0
[   85.498425] cbd: backend_validate:544 cbd_transport0: found backend_id: 0 for host_id: 1, path: /dev/sda
[   85.504054] cbd: cbd_backend_init:394 cbd_transport0: attach backend to backend_id: 0
[  122.395656] cbd: cache_validate:304 cbd_transport0: n_paral 1 requires cache size (167772160), more than current (16777216).
[  128.575421] cbd: backend_open_bdev:284 cbd_transport0: backend0: failed to open bdev: -2
[  131.391009] cbd: cache_validate:311 cbd_transport0: too large cache_segs: 32768, segment_num: 1405
[  140.965878] ==== end /root/avocado/job-results/job-2025-01-09T22.24-1680aba/test-results/248-._cbdctrl.py_CbdctrlTest.test_run-cache_data_crc-enable-cache_for_xfstests-no_cache-channel_crc-disable-channel_data_crc-host_mode-multi_host-multihost-test_script-backend-9352 ==== 
[  158.826196] tid: 0, is not registered
[  165.732365] ==== start /root/avocado/job-results/job-2025-01-09T22.24-1680aba/test-results/249-._cbdctrl.py_CbdctrlTest.test_run-cache_data_crc-enable-cache_for_xfstests-no_cache-channel_crc-disable-channel_data_crc-host_mode-multi_host-multihost-test_script-dev-cce7 ==== 
[  376.419194] ==== end /root/avocado/job-results/job-2025-01-09T22.24-1680aba/test-results/249-._cbdctrl.py_CbdctrlTest.test_run-cache_data_crc-enable-cache_for_xfstests-no_cache-channel_crc-disable-channel_data_crc-host_mode-multi_host-multihost-test_script-dev-cce7 ==== 
