MemTotal:       67749304 kB
MemFree:        44794076 kB
MemAvailable:   44580024 kB
Buffers:           18808 kB
Cached:           270312 kB
SwapCached:            0 kB
Active:           128088 kB
Inactive:         310296 kB
Active(anon):        152 kB
Inactive(anon):   159640 kB
Active(file):     127936 kB
Inactive(file):   150656 kB
Unevictable:       28052 kB
Mlocked:           28052 kB
SwapTotal:             0 kB
SwapFree:              0 kB
Zswap:                 0 kB
Zswapped:              0 kB
Dirty:              2616 kB
Writeback:             0 kB
AnonPages:        177540 kB
Mapped:            75804 kB
Shmem:              1312 kB
KReclaimable:     232320 kB
Slab:             465048 kB
SReclaimable:     232320 kB
SUnreclaim:       232728 kB
KernelStack:       12064 kB
PageTables:         3040 kB
SecPageTables:         0 kB
NFS_Unstable:          0 kB
Bounce:                0 kB
WritebackTmp:          0 kB
CommitLimit:    33874652 kB
Committed_AS:     551728 kB
VmallocTotal:   34359738367 kB
VmallocUsed:      355536 kB
VmallocChunk:          0 kB
Percpu:           206336 kB
HardwareCorrupted:     0 kB
AnonHugePages:         0 kB
ShmemHugePages:        0 kB
ShmemPmdMapped:        0 kB
FileHugePages:         0 kB
FilePmdMapped:         0 kB
Unaccepted:            0 kB
HugePages_Total:       0
HugePages_Free:        0
HugePages_Rsvd:        0
HugePages_Surp:        0
Hugepagesize:       2048 kB
Hugetlb:               0 kB
DirectMap4k:     1695612 kB
DirectMap2M:    49684480 kB
DirectMap1G:    51380224 kB
