[    0.000000] Linux version 6.13.0-rc5+ (root@ubuntu-22-04-server) (gcc (Ubuntu 11.4.0-1ubuntu1~22.04) 11.4.0, GNU ld (GNU Binutils for Ubuntu) 2.38) #2 SMP PREEMPT_DYNAMIC Fri Jan  3 15:43:06 CST 2025
[    0.000000] Command line: intremap=off console=ttyS0,115200 nokaslr root=/dev/vda1 crashkernel=1G-:2G
[    0.000000] KERNEL supported cpus:
[    0.000000]   Intel GenuineIntel
[    0.000000]   AMD AuthenticAMD
[    0.000000]   Hygon HygonGenuine
[    0.000000]   Centaur CentaurHauls
[    0.000000]   zhaoxin   Shanghai  
[    0.000000] BIOS-provided physical RAM map:
[    0.000000] BIOS-e820: [mem 0x0000000000000000-0x000000000009fbff] usable
[    0.000000] BIOS-e820: [mem 0x000000000009fc00-0x000000000009ffff] reserved
[    0.000000] BIOS-e820: [mem 0x00000000000f0000-0x00000000000fffff] reserved
[    0.000000] BIOS-e820: [mem 0x0000000000100000-0x000000007ffd9fff] usable
[    0.000000] BIOS-e820: [mem 0x000000007ffda000-0x000000007fffffff] reserved
[    0.000000] BIOS-e820: [mem 0x00000000b0000000-0x00000000bfffffff] reserved
[    0.000000] BIOS-e820: [mem 0x00000000fed1c000-0x00000000fed1ffff] reserved
[    0.000000] BIOS-e820: [mem 0x00000000feffc000-0x00000000feffffff] reserved
[    0.000000] BIOS-e820: [mem 0x00000000fffc0000-0x00000000ffffffff] reserved
[    0.000000] BIOS-e820: [mem 0x0000000100000000-0x000000037fffffff] usable
[    0.000000] NX (Execute Disable) protection: active
[    0.000000] APIC: Static calls initialized
[    0.000000] SMBIOS 2.8 present.
[    0.000000] DMI: QEMU Standard PC (Q35 + ICH9, 2009), BIOS rel-1.16.3-0-ga6ed6b701f0a-prebuilt.qemu.org 04/01/2014
[    0.000000] DMI: Memory slots populated: 1/1
[    0.000000] Hypervisor detected: KVM
[    0.000000] kvm-clock: Using msrs 4b564d01 and 4b564d00
[    0.000007] kvm-clock: using sched offset of 3434255219 cycles
[    0.000022] clocksource: kvm-clock: mask: 0xffffffffffffffff max_cycles: 0x1cd42e4dffb, max_idle_ns: 881590591483 ns
[    0.000066] tsc: Detected 2933.436 MHz processor
[    0.002493] e820: update [mem 0x00000000-0x00000fff] usable ==> reserved
[    0.002502] e820: remove [mem 0x000a0000-0x000fffff] usable
[    0.002516] last_pfn = 0x380000 max_arch_pfn = 0x400000000
[    0.003118] MTRR map: 4 entries (3 fixed + 1 variable; max 19), built from 8 variable MTRRs
[    0.003152] x86/PAT: Configuration [0-7]: WB  WC  UC- UC  WB  WP  UC- WT  
[    0.003896] last_pfn = 0x7ffda max_arch_pfn = 0x400000000
[    0.013539] found SMP MP-table at [mem 0x000f5450-0x000f545f]
[    0.013652] Using GB pages for direct mapping
[    0.016372] RAMDISK: [mem 0x79e18000-0x7ffcffff]
[    0.016454] ACPI: Early table checksum verification disabled
[    0.016564] ACPI: RSDP 0x00000000000F5220 000014 (v00 BOCHS )
[    0.016617] ACPI: RSDT 0x000000007FFE3D96 000040 (v01 BOCHS  BXPC     00000001 BXPC 00000001)
[    0.016664] ACPI: FACP 0x000000007FFE25E7 0000F4 (v03 BOCHS  BXPC     00000001 BXPC 00000001)
[    0.016693] ACPI: DSDT 0x000000007FFDF040 0035A7 (v01 BOCHS  BXPC     00000001 BXPC 00000001)
[    0.016710] ACPI: FACS 0x000000007FFDF000 000040
[    0.016720] ACPI: APIC 0x000000007FFE26DB 000170 (v03 BOCHS  BXPC     00000001 BXPC 00000001)
[    0.016733] ACPI: HPET 0x000000007FFE284B 000038 (v01 BOCHS  BXPC     00000001 BXPC 00000001)
[    0.016743] ACPI: SRAT 0x000000007FFE2883 0002D0 (v01 BOCHS  BXPC     00000001 BXPC 00000001)
[    0.016752] ACPI: MCFG 0x000000007FFE2B53 00003C (v01 BOCHS  BXPC     00000001 BXPC 00000001)
[    0.016762] ACPI: SSDT 0x000000007FFE2B8F 0011DF (v01 BOCHS  NVDIMM   00000001 BXPC 00000001)
[    0.016772] ACPI: WAET 0x000000007FFE3D6E 000028 (v01 BOCHS  BXPC     00000001 BXPC 00000001)
[    0.016780] ACPI: Reserving FACP table memory at [mem 0x7ffe25e7-0x7ffe26da]
[    0.016783] ACPI: Reserving DSDT table memory at [mem 0x7ffdf040-0x7ffe25e6]
[    0.016786] ACPI: Reserving FACS table memory at [mem 0x7ffdf000-0x7ffdf03f]
[    0.016788] ACPI: Reserving APIC table memory at [mem 0x7ffe26db-0x7ffe284a]
[    0.016791] ACPI: Reserving HPET table memory at [mem 0x7ffe284b-0x7ffe2882]
[    0.016793] ACPI: Reserving SRAT table memory at [mem 0x7ffe2883-0x7ffe2b52]
[    0.016796] ACPI: Reserving MCFG table memory at [mem 0x7ffe2b53-0x7ffe2b8e]
[    0.016798] ACPI: Reserving SSDT table memory at [mem 0x7ffe2b8f-0x7ffe3d6d]
[    0.016801] ACPI: Reserving WAET table memory at [mem 0x7ffe3d6e-0x7ffe3d95]
[    0.017246] ACPI: SRAT: Node 0 PXM 0 [mem 0x00000000-0x0009ffff]
[    0.017253] ACPI: SRAT: Node 0 PXM 0 [mem 0x00100000-0x7fffffff]
[    0.017257] ACPI: SRAT: Node 0 PXM 0 [mem 0x100000000-0x37fffffff]
[    0.017260] ACPI: SRAT: Node 0 PXM 0 [mem 0x380000000-0x1bffffffff] hotplug
[    0.017274] NUMA: Node 0 [mem 0x00001000-0x0009ffff] + [mem 0x00100000-0x7fffffff] -> [mem 0x00001000-0x7fffffff]
[    0.017279] NUMA: Node 0 [mem 0x00001000-0x7fffffff] + [mem 0x100000000-0x37fffffff] -> [mem 0x00001000-0x37fffffff]
[    0.017309] NODE_DATA(0) allocated [mem 0x37ffd3700-0x37fffdfff]
[    0.017736] crashkernel low memory reserved: 0x69000000 - 0x79000000 (256 MB)
[    0.017742] crashkernel reserved: 0x00000002ff000000 - 0x000000037f000000 (2048 MB)
[    0.017972] Zone ranges:
[    0.017975]   DMA      [mem 0x0000000000001000-0x0000000000ffffff]
[    0.017980]   DMA32    [mem 0x0000000001000000-0x00000000ffffffff]
[    0.017983]   Normal   [mem 0x0000000100000000-0x000000037fffffff]
[    0.017986]   Device   empty
[    0.017989] Movable zone start for each node
[    0.017992] Early memory node ranges
[    0.017994]   node   0: [mem 0x0000000000001000-0x000000000009efff]
[    0.018002]   node   0: [mem 0x0000000000100000-0x000000007ffd9fff]
[    0.018005]   node   0: [mem 0x0000000100000000-0x000000037fffffff]
[    0.018010] Initmem setup node 0 [mem 0x0000000000001000-0x000000037fffffff]
[    0.018600] On node 0, zone DMA: 1 pages in unavailable ranges
[    0.018927] On node 0, zone DMA: 97 pages in unavailable ranges
[    0.449967] On node 0, zone Normal: 38 pages in unavailable ranges
[    2.745998] kasan: KernelAddressSanitizer initialized
[    2.753645] ACPI: PM-Timer IO Port: 0x608
[    2.753805] ACPI: LAPIC_NMI (acpi_id[0xff] dfl dfl lint[0x1])
[    2.754247] IOAPIC[0]: apic_id 0, version 17, address 0xfec00000, GSI 0-23
[    2.754266] ACPI: INT_SRC_OVR (bus 0 bus_irq 0 global_irq 2 dfl dfl)
[    2.754271] ACPI: INT_SRC_OVR (bus 0 bus_irq 5 global_irq 5 high level)
[    2.754275] ACPI: INT_SRC_OVR (bus 0 bus_irq 9 global_irq 9 high level)
[    2.754286] ACPI: INT_SRC_OVR (bus 0 bus_irq 10 global_irq 10 high level)
[    2.754289] ACPI: INT_SRC_OVR (bus 0 bus_irq 11 global_irq 11 high level)
[    2.754304] ACPI: Using ACPI (MADT) for SMP configuration information
[    2.754308] ACPI: HPET id: 0x8086a201 base: 0xfed00000
[    2.754328] TSC deadline timer available
[    2.754342] CPU topo: Max. logical packages:   2
[    2.754344] CPU topo: Max. logical dies:       2
[    2.754346] CPU topo: Max. dies per package:   1
[    2.754354] CPU topo: Max. threads per core:   2
[    2.754356] CPU topo: Num. cores per package:     8
[    2.754358] CPU topo: Num. threads per package:  16
[    2.754359] CPU topo: Allowing 32 present CPUs plus 0 hotplug CPUs
[    2.754505] kvm-guest: APIC: eoi() replaced with kvm_guest_apic_eoi_write()
[    2.754631] kvm-guest: KVM setup pv remote TLB flush
[    2.754690] kvm-guest: setup PV sched yield
[    2.754862] PM: hibernation: Registered nosave memory: [mem 0x00000000-0x00000fff]
[    2.754870] PM: hibernation: Registered nosave memory: [mem 0x0009f000-0x0009ffff]
[    2.754872] PM: hibernation: Registered nosave memory: [mem 0x000a0000-0x000effff]
[    2.754875] PM: hibernation: Registered nosave memory: [mem 0x000f0000-0x000fffff]
[    2.754879] PM: hibernation: Registered nosave memory: [mem 0x7ffda000-0x7fffffff]
[    2.754882] PM: hibernation: Registered nosave memory: [mem 0x80000000-0xafffffff]
[    2.754884] PM: hibernation: Registered nosave memory: [mem 0xb0000000-0xbfffffff]
[    2.754887] PM: hibernation: Registered nosave memory: [mem 0xc0000000-0xfed1bfff]
[    2.754889] PM: hibernation: Registered nosave memory: [mem 0xfed1c000-0xfed1ffff]
[    2.754891] PM: hibernation: Registered nosave memory: [mem 0xfed20000-0xfeffbfff]
[    2.754893] PM: hibernation: Registered nosave memory: [mem 0xfeffc000-0xfeffffff]
[    2.754895] PM: hibernation: Registered nosave memory: [mem 0xff000000-0xfffbffff]
[    2.754897] PM: hibernation: Registered nosave memory: [mem 0xfffc0000-0xffffffff]
[    2.754909] [mem 0xc0000000-0xfed1bfff] available for PCI devices
[    2.754917] Booting paravirtualized kernel on KVM
[    2.754926] clocksource: refined-jiffies: mask: 0xffffffff max_cycles: 0xffffffff, max_idle_ns: 7645519600211568 ns
[    2.755004] setup_percpu: NR_CPUS:8192 nr_cpumask_bits:32 nr_cpu_ids:32 nr_node_ids:1
[    2.930440] percpu: Embedded 532 pages/cpu s2142208 r8192 d28672 u4194304
[    2.930505] pcpu-alloc: s2142208 r8192 d28672 u4194304 alloc=2*2097152
[    2.930513] pcpu-alloc: [0] 00 [0] 01 [0] 02 [0] 03 [0] 04 [0] 05 [0] 06 [0] 07 
[    2.930533] pcpu-alloc: [0] 08 [0] 09 [0] 10 [0] 11 [0] 12 [0] 13 [0] 14 [0] 15 
[    2.930551] pcpu-alloc: [0] 16 [0] 17 [0] 18 [0] 19 [0] 20 [0] 21 [0] 22 [0] 23 
[    2.930570] pcpu-alloc: [0] 24 [0] 25 [0] 26 [0] 27 [0] 28 [0] 29 [0] 30 [0] 31 
[    2.931054] kvm-guest: PV spinlocks enabled
[    2.931078] PV qspinlock hash table entries: 256 (order: 0, 4096 bytes, linear)
[    2.931096] Kernel command line: intremap=off console=ttyS0,115200 nokaslr root=/dev/vda1 crashkernel=1G-:2G
[    2.931379] Unknown kernel command line parameters "nokaslr", will be passed to user space.
[    2.931412] printk: log buffer data + meta data: 262144 + 917504 = 1179648 bytes
[    2.955760] Dentry cache hash table entries: 2097152 (order: 12, 16777216 bytes, linear)
[    2.970176] Inode-cache hash table entries: 1048576 (order: 11, 8388608 bytes, linear)
[    2.974765] Fallback order for Node 0: 0 
[    2.974797] Built 1 zonelists, mobility grouping on.  Total pages: 3145592
[    2.974801] Policy zone: Normal
[    2.974868] mem auto-init: stack:off, heap alloc:on, heap free:off
[    2.974878] stackdepot: allocating hash table via alloc_large_system_hash
[    2.974889] stackdepot hash table entries: 1048576 (order: 12, 16777216 bytes, linear)
[    2.995339] software IO TLB: area num 32.
[    3.780455] SLUB: HWalign=64, Order=0-3, MinObjects=0, CPUs=32, Nodes=1
[    3.781646] Kernel/User page tables isolation: enabled
[    3.782338] ftrace: allocating 52416 entries in 205 pages
[    4.064386] ftrace: allocated 205 pages with 5 groups
[    4.072833] Dynamic Preempt: voluntary
[    4.081868] Running RCU self tests
[    4.081872] Running RCU synchronous self tests
[    4.081934] rcu: Preemptible hierarchical RCU implementation.
[    4.081937] rcu: 	RCU lockdep checking is enabled.
[    4.081938] rcu: 	RCU restricting CPUs from NR_CPUS=8192 to nr_cpu_ids=32.
[    4.081943] 	Trampoline variant of Tasks RCU enabled.
[    4.081944] 	Rude variant of Tasks RCU enabled.
[    4.081946] 	Tracing variant of Tasks RCU enabled.
[    4.081948] rcu: RCU calculated value of scheduler-enlistment delay is 25 jiffies.
[    4.081950] rcu: Adjusting geometry for rcu_fanout_leaf=16, nr_cpu_ids=32
[    4.082613] Running RCU synchronous self tests
[    4.082646] RCU Tasks: Setting shift to 5 and lim to 1 rcu_task_cb_adjust=1 rcu_task_cpu_ids=32.
[    4.082672] RCU Tasks Rude: Setting shift to 5 and lim to 1 rcu_task_cb_adjust=1 rcu_task_cpu_ids=32.
[    4.082697] RCU Tasks Trace: Setting shift to 5 and lim to 1 rcu_task_cb_adjust=1 rcu_task_cpu_ids=32.
[    4.138386] NR_IRQS: 524544, nr_irqs: 680, preallocated irqs: 16
[    4.140331] rcu: srcu_init: Setting srcu_struct sizes based on contention.
[    4.255035] Console: colour VGA+ 80x25
[    4.255499] printk: legacy console [ttyS0] enabled
[    5.707357] Lock dependency validator: Copyright (c) 2006 Red Hat, Inc., Ingo Molnar
[    5.718736] ... MAX_LOCKDEP_SUBCLASSES:  8
[    5.724809] ... MAX_LOCK_DEPTH:          48
[    5.730918] ... MAX_LOCKDEP_KEYS:        8192
[    5.737286] ... CLASSHASH_SIZE:          4096
[    5.743504] ... MAX_LOCKDEP_ENTRIES:     32768
[    5.749877] ... MAX_LOCKDEP_CHAINS:      65536
[    5.756207] ... CHAINHASH_SIZE:          32768
[    5.762628]  memory used by lock dependency info: 6941 kB
[    5.770522]  memory used for stack traces: 4224 kB
[    5.777602]  per task-struct memory footprint: 2688 bytes
[    5.786354] ACPI: Core revision 20240827
[    5.795447] clocksource: hpet: mask: 0xffffffff max_cycles: 0xffffffff, max_idle_ns: 19112604467 ns
[    5.809787] APIC: Switch to symmetric I/O mode setup
[    5.821034] x2apic enabled
[    5.829083] APIC: Switched APIC routing to: physical x2apic
[    5.837234] kvm-guest: APIC: send_IPI_mask() replaced with kvm_send_ipi_mask()
[    5.847690] kvm-guest: APIC: send_IPI_mask_allbutself() replaced with kvm_send_ipi_mask_allbutself()
[    5.860304] kvm-guest: setup PV IPIs
[    5.881956] ..TIMER: vector=0x30 apic1=0 pin1=2 apic2=-1 pin2=-1
[    5.891901] clocksource: tsc-early: mask: 0xffffffffffffffff max_cycles: 0x2a48a50322c, max_idle_ns: 440795287943 ns
[    5.908919] Calibrating delay loop (skipped) preset value.. 5866.87 BogoMIPS (lpj=11733744)
[    5.914614] x86/cpu: User Mode Instruction Prevention (UMIP) activated
[    5.922086] Last level iTLB entries: 4KB 0, 2MB 0, 4MB 0
[    5.924906] Last level dTLB entries: 4KB 0, 2MB 0, 4MB 0, 1GB 0
[    5.929008] Spectre V1 : Mitigation: usercopy/swapgs barriers and __user pointer sanitization
[    5.932909] Spectre V2 : Mitigation: Retpolines
[    5.936906] Spectre V2 : Spectre v2 / SpectreRSB mitigation: Filling RSB on context switch
[    5.940913] Spectre V2 : Spectre v2 / SpectreRSB : Filling RSB on VMEXIT
[    5.944906] Spectre V2 : Enabling Restricted Speculation for firmware calls
[    5.948916] Spectre V2 : mitigation: Enabling conditional Indirect Branch Prediction Barrier
[    5.952906] Spectre V2 : User space: Mitigation: STIBP via prctl
[    5.956907] Speculative Store Bypass: Mitigation: Speculative Store Bypass disabled via prctl
[    5.960909] MDS: Vulnerable: Clear CPU buffers attempted, no microcode
[    5.964906] MMIO Stale Data: Unknown: No mitigations
[    5.968951] x86/fpu: x87 FPU will use FXSAVE
[    6.030617] Freeing SMP alternatives memory: 40K
[    6.032914] pid_max: default: 32768 minimum: 301
[    6.039612] LSM: initializing lsm=lockdown,capability,landlock,yama,apparmor,ima,evm
[    6.045775] landlock: Up and running.
[    6.048919] Yama: becoming mindful.
[    6.054213] AppArmor: AppArmor initialized
[    6.061447] Mount-cache hash table entries: 32768 (order: 6, 262144 bytes, linear)
[    6.065143] Mountpoint-cache hash table entries: 32768 (order: 6, 262144 bytes, linear)
[    6.079647] Running RCU synchronous self tests
[    6.080915] Running RCU synchronous self tests
[    6.089602] smpboot: CPU0: Intel Westmere E56xx/L56xx/X56xx (IBRS update) (family: 0x6, model: 0x2c, stepping: 0x1)
[    6.102961] Running RCU Tasks wait API self tests
[    6.209085] Running RCU Tasks Rude wait API self tests
[    6.212934] Running RCU Tasks Trace wait API self tests
[    6.217125] Performance Events: unsupported p6 CPU model 44 no PMU driver, software events only.
[    6.221462] signal: max sigframe size: 1440
[    6.225018] Callback from call_rcu_tasks_trace() invoked.
[    6.229648] rcu: Hierarchical SRCU implementation.
[    6.232937] rcu: 	Max phase no-delay instances is 1000.
[    6.238422] Timer migration: 2 hierarchy levels; 8 children per group; 2 crossnode level
[    6.257133] NMI watchdog: Perf NMI watchdog permanently disabled
[    6.273021] smp: Bringing up secondary CPUs ...
[    6.289734] smpboot: x86: Booting SMP configuration:
[    6.292961] .... node  #0, CPUs:        #2  #4  #6  #8 #10 #12 #14 #16 #18 #20 #22
[    6.417297] Callback from call_rcu_tasks() invoked.
[    6.426374]  #24 #26 #28 #30  #1  #3  #5  #7  #9 #11 #13 #15 #17 #19 #21 #23 #25 #27 #29 #31
[    6.690545] MDS CPU bug present and SMT on, data leak possible. See https://www.kernel.org/doc/html/latest/admin-guide/hw-vuln/mds.html for more details.
[    6.782397] smp: Brought up 1 node, 32 CPUs
[    6.784951] smpboot: Total of 32 processors activated (187739.90 BogoMIPS)
[    6.819496] Memory: 7997952K/12582368K available (53248K kernel code, 16294K rwdata, 13000K rodata, 9908K init, 22736K bss, 4537656K reserved, 0K cma-reserved)
[    6.826513] devtmpfs: initialized
[    6.830110] x86/mm: Memory block size: 128MB
[    6.922963] Running RCU synchronous self tests
[    6.925016] Running RCU synchronous self tests
[    6.929304] clocksource: jiffies: mask: 0xffffffff max_cycles: 0xffffffff, max_idle_ns: 7645041785100000 ns
[    6.934411] futex hash table entries: 8192 (order: 8, 1048576 bytes, linear)
[    6.940819] pinctrl core: initialized pinctrl subsystem
[    6.944336] PM: RTC time: 00:34:18, date: 2025-01-11
[    6.954764] NET: Registered PF_NETLINK/PF_ROUTE protocol family
[    6.962307] DMA: preallocated 1024 KiB GFP_KERNEL pool for atomic allocations
[    6.965312] DMA: preallocated 1024 KiB GFP_KERNEL|GFP_DMA pool for atomic allocations
[    6.969260] DMA: preallocated 1024 KiB GFP_KERNEL|GFP_DMA32 pool for atomic allocations
[    6.973659] audit: initializing netlink subsys (disabled)
[    6.978069] audit: type=2000 audit(1736555656.758:1): state=initialized audit_enabled=0 res=1
[    6.983882] thermal_sys: Registered thermal governor 'fair_share'
[    6.984959] thermal_sys: Registered thermal governor 'bang_bang'
[    6.988938] thermal_sys: Registered thermal governor 'step_wise'
[    6.992938] thermal_sys: Registered thermal governor 'user_space'
[    6.996937] thermal_sys: Registered thermal governor 'power_allocator'
[    7.001330] EISA bus registered
[    7.009259] cpuidle: using governor ladder
[    7.013230] cpuidle: using governor menu
[    7.019101] acpiphp: ACPI Hot Plug PCI Controller Driver version: 0.5
[    7.024641] PCI: ECAM [mem 0xb0000000-0xbfffffff] (base 0xb0000000) for domain 0000 [bus 00-ff]
[    7.024943] PCI: ECAM [mem 0xb0000000-0xbfffffff] reserved as E820 entry
[    7.118798] PCI: Using configuration type 1 for base access
[    7.123326] kprobes: kprobe jump-optimization is enabled. All kprobes are optimized if possible.
[    7.141402] HugeTLB: registered 1.00 GiB page size, pre-allocated 0 pages
[    7.144945] HugeTLB: 16380 KiB vmemmap can be freed for a 1.00 GiB page
[    7.148937] HugeTLB: registered 2.00 MiB page size, pre-allocated 0 pages
[    7.152948] HugeTLB: 28 KiB vmemmap can be freed for a 2.00 MiB page
[    7.248896] ACPI: Added _OSI(Module Device)
[    7.256956] ACPI: Added _OSI(Processor Device)
[    7.264937] ACPI: Added _OSI(3.0 _SCP Extensions)
[    7.272937] ACPI: Added _OSI(Processor Aggregator Device)
[    7.527655] ACPI: 2 ACPI AML tables successfully acquired and loaded
[    7.595288] ACPI: Interpreter enabled
[    7.601437] ACPI: PM: (supports S0 S3 S4 S5)
[    7.604962] ACPI: Using IOAPIC for interrupt routing
[    7.617744] PCI: Using host bridge windows from ACPI; if necessary, use "pci=nocrs" and report a bug
[    7.628939] PCI: Using E820 reservations for host bridge windows
[    7.650388] ACPI: Enabled 4 GPEs in block 00 to 3F
[    8.174880] ACPI: PCI Root Bridge [PCI0] (domain 0000 [bus 00-ff])
[    8.177027] acpi PNP0A08:00: _OSC: OS supports [ExtendedConfig ASPM ClockPM Segments MSI EDR HPX-Type3]
[    8.185799] acpi PNP0A08:00: _OSC: platform does not support [PCIeHotplug LTR DPC]
[    8.197694] acpi PNP0A08:00: _OSC: OS now controls [SHPCHotplug PME AER PCIeCapability]
[    8.209313] PCI host bridge to bus 0000:00
[    8.213468] pci_bus 0000:00: root bus resource [io  0x0000-0x0cf7 window]
[    8.216956] pci_bus 0000:00: root bus resource [io  0x0d00-0xffff window]
[    8.220971] pci_bus 0000:00: root bus resource [mem 0x000a0000-0x000bffff window]
[    8.224951] pci_bus 0000:00: root bus resource [mem 0x80000000-0xafffffff window]
[    8.228951] pci_bus 0000:00: root bus resource [mem 0xc0000000-0xfebfffff window]
[    8.232951] pci_bus 0000:00: root bus resource [mem 0x1c00000000-0x23ffffffff window]
[    8.236964] pci_bus 0000:00: root bus resource [bus 00-ff]
[    8.241776] pci 0000:00:00.0: [8086:29c0] type 00 class 0x060000 conventional PCI endpoint
[    8.255187] pci 0000:00:01.0: [1234:1111] type 00 class 0x030000 conventional PCI endpoint
[    8.269945] pci 0000:00:01.0: BAR 0 [mem 0xfd000000-0xfdffffff pref]
[    8.292896] pci 0000:00:01.0: BAR 2 [mem 0xfea50000-0xfea50fff]
[    8.325657] pci 0000:00:01.0: ROM [mem 0xfea40000-0xfea4ffff pref]
[    8.331866] pci 0000:00:01.0: Video device with shadowed ROM at [mem 0x000c0000-0x000dffff]
[    8.349444] pci 0000:00:01.0: pci_fixup_video+0x0/0x2d0 took 15625 usecs
[    8.377410] pci 0000:00:02.0: [1af4:1000] type 00 class 0x020000 conventional PCI endpoint
[    8.392981] pci 0000:00:02.0: BAR 0 [io  0xc040-0xc05f]
[    8.408935] pci 0000:00:02.0: BAR 1 [mem 0xfea51000-0xfea51fff]
[    8.424935] pci 0000:00:02.0: BAR 4 [mem 0xfe200000-0xfe203fff 64bit pref]
[    8.438814] pci 0000:00:02.0: ROM [mem 0xfea00000-0xfea3ffff pref]
[    8.460093] pci 0000:00:03.0: [1b36:000c] type 01 class 0x060400 PCIe Root Port
[    8.479579] pci 0000:00:03.0: BAR 0 [mem 0xfea52000-0xfea52fff]
[    8.505346] pci 0000:00:03.0: PCI bridge to [bus 01]
[    8.513422] pci 0000:00:03.0:   bridge window [mem 0xfe800000-0xfe9fffff]
[    8.529418] pci 0000:00:03.0:   bridge window [mem 0xfe000000-0xfe1fffff 64bit pref]
[    8.560632] pci 0000:00:04.0: [1af4:105b] type 00 class 0x00ff00 conventional PCI endpoint
[    8.579614] pci 0000:00:04.0: BAR 4 [mem 0xfe204000-0xfe207fff 64bit pref]
[    8.745627] pci 0000:00:1f.0: [8086:2918] type 00 class 0x060100 conventional PCI endpoint
[    8.766800] pci 0000:00:1f.0: quirk: [io  0x0600-0x067f] claimed by ICH6 ACPI/GPIO/TCO
[    8.777510] pci 0000:00:1f.0: quirk_ich7_lpc+0x0/0x1d0 took 15625 usecs
[    8.794692] pci 0000:00:1f.2: [8086:2922] type 00 class 0x010601 conventional PCI endpoint
[    8.824953] pci 0000:00:1f.2: BAR 4 [io  0xc060-0xc07f]
[    8.834678] pci 0000:00:1f.2: BAR 5 [mem 0xfea53000-0xfea53fff]
[    8.854616] pci 0000:00:1f.3: [8086:2930] type 00 class 0x0c0500 conventional PCI endpoint
[    8.876057] pci 0000:00:1f.3: BAR 4 [io  0x0700-0x073f]
[    8.899721] acpiphp: Slot [0] registered
[    8.907518] pci 0000:01:00.0: [1af4:1042] type 00 class 0x010000 PCIe Endpoint
[    8.932940] pci 0000:01:00.0: BAR 1 [mem 0xfe800000-0xfe800fff]
[    8.972933] pci 0000:01:00.0: BAR 4 [mem 0xfe000000-0xfe003fff 64bit pref]
[    9.081804] pci 0000:00:03.0: PCI bridge to [bus 01]
[    9.105567] ACPI: PCI: Interrupt link LNKA configured for IRQ 10
[    9.122103] ACPI: PCI: Interrupt link LNKB configured for IRQ 10
[    9.133630] ACPI: PCI: Interrupt link LNKC configured for IRQ 11
[    9.150035] ACPI: PCI: Interrupt link LNKD configured for IRQ 11
[    9.165899] ACPI: PCI: Interrupt link LNKE configured for IRQ 10
[    9.177900] ACPI: PCI: Interrupt link LNKF configured for IRQ 10
[    9.194677] ACPI: PCI: Interrupt link LNKG configured for IRQ 11
[    9.210716] ACPI: PCI: Interrupt link LNKH configured for IRQ 11
[    9.222081] ACPI: PCI: Interrupt link GSIA configured for IRQ 16
[    9.233467] ACPI: PCI: Interrupt link GSIB configured for IRQ 17
[    9.241555] ACPI: PCI: Interrupt link GSIC configured for IRQ 18
[    9.253474] ACPI: PCI: Interrupt link GSID configured for IRQ 19
[    9.265484] ACPI: PCI: Interrupt link GSIE configured for IRQ 20
[    9.277492] ACPI: PCI: Interrupt link GSIF configured for IRQ 21
[    9.285597] ACPI: PCI: Interrupt link GSIG configured for IRQ 22
[    9.297620] ACPI: PCI: Interrupt link GSIH configured for IRQ 23
[    9.445472] iommu: Default domain type: Translated
[    9.453254] iommu: DMA domain TLB invalidation policy: lazy mode
[    9.483809] SCSI subsystem initialized
[    9.494541] libata version 3.00 loaded.
[    9.497689] ACPI: bus type USB registered
[    9.506101] usbcore: registered new interface driver usbfs
[    9.517364] usbcore: registered new interface driver hub
[    9.525629] usbcore: registered new device driver usb
[    9.538340] pps_core: LinuxPPS API ver. 1 registered
[    9.544935] pps_core: Software ver. 5.3.6 - Copyright 2005-2007 Rodolfo Giometti <giometti@linux.it>
[    9.561143] PTP clock support registered
[    9.573316] EDAC MC: Ver: 3.0.0
[    9.599123] NetLabel: Initializing
[    9.604948] NetLabel:  domain hash size = 128
[    9.612935] NetLabel:  protocols = UNLABELED CIPSOv4 CALIPSO
[    9.625860] NetLabel:  unlabeled traffic allowed by default
[    9.641488] PCI: Using ACPI for IRQ routing
[   11.635849] PCI: pci_cache_line_size set to 64 bytes
[   11.637868] e820: reserve RAM buffer [mem 0x0009fc00-0x0009ffff]
[   11.637980] e820: reserve RAM buffer [mem 0x7ffda000-0x7fffffff]
[   11.639406] pci 0000:00:01.0: vgaarb: setting as boot VGA device
[   11.640896] pci 0000:00:01.0: vgaarb: bridge control possible
[   11.640896] pci 0000:00:01.0: vgaarb: VGA device added: decodes=io+mem,owns=io+mem,locks=none
[   11.672990] vgaarb: loaded
[   11.678711] hpet0: at MMIO 0xfed00000, IRQs 2, 8, 0
[   11.684945] hpet0: 3 comparators, 64-bit 100.000000 MHz counter
[   11.739854] clocksource: Switched to clocksource kvm-clock
[   11.761578] VFS: Disk quotas dquot_6.6.0
[   11.768678] VFS: Dquot-cache hash table entries: 512 (order 0, 4096 bytes)
[   11.789586] AppArmor: AppArmor Filesystem Enabled
[   11.798623] pnp: PnP ACPI init
[   11.812910] system 00:05: [mem 0xb0000000-0xbfffffff window] has been reserved
[   11.857434] pnp: PnP ACPI: found 6 devices
[   11.947480] clocksource: acpi_pm: mask: 0xffffff max_cycles: 0xffffff, max_idle_ns: 2085701024 ns
[   11.966974] NET: Registered PF_INET protocol family
[   11.981145] IP idents hash table entries: 262144 (order: 9, 2097152 bytes, linear)
[   12.008250] tcp_listen_portaddr_hash hash table entries: 8192 (order: 7, 655360 bytes, linear)
[   12.025406] Table-perturb hash table entries: 65536 (order: 6, 262144 bytes, linear)
[   12.046126] TCP established hash table entries: 131072 (order: 8, 1048576 bytes, linear)
[   12.085223] TCP bind hash table entries: 65536 (order: 11, 10485760 bytes, vmalloc hugepage)
[   12.105779] TCP: Hash tables configured (established 131072 bind 65536)
[   12.125067] MPTCP token hash table entries: 16384 (order: 8, 1572864 bytes, linear)
[   12.143226] UDP hash table entries: 8192 (order: 9, 2490368 bytes, linear)
[   12.165657] UDP-Lite hash table entries: 8192 (order: 9, 2490368 bytes, linear)
[   12.184245] NET: Registered PF_UNIX/PF_LOCAL protocol family
[   12.194926] NET: Registered PF_XDP protocol family
[   12.203859] pci 0000:00:03.0: bridge window [io  0x1000-0x0fff] to [bus 01] add_size 1000
[   12.219000] pci 0000:00:03.0: bridge window [io  0x1000-0x1fff]: assigned
[   12.231454] pci 0000:00:03.0: PCI bridge to [bus 01]
[   12.240736] pci 0000:00:03.0:   bridge window [io  0x1000-0x1fff]
[   12.252854] pci 0000:00:03.0:   bridge window [mem 0xfe800000-0xfe9fffff]
[   12.266614] pci 0000:00:03.0:   bridge window [mem 0xfe000000-0xfe1fffff 64bit pref]
[   12.283471] pci_bus 0000:00: resource 4 [io  0x0000-0x0cf7 window]
[   12.294011] pci_bus 0000:00: resource 5 [io  0x0d00-0xffff window]
[   12.304924] pci_bus 0000:00: resource 6 [mem 0x000a0000-0x000bffff window]
[   12.316902] pci_bus 0000:00: resource 7 [mem 0x80000000-0xafffffff window]
[   12.329048] pci_bus 0000:00: resource 8 [mem 0xc0000000-0xfebfffff window]
[   12.341226] pci_bus 0000:00: resource 9 [mem 0x1c00000000-0x23ffffffff window]
[   12.354522] pci_bus 0000:01: resource 0 [io  0x1000-0x1fff]
[   12.364383] pci_bus 0000:01: resource 1 [mem 0xfe800000-0xfe9fffff]
[   12.375496] pci_bus 0000:01: resource 2 [mem 0xfe000000-0xfe1fffff 64bit pref]
[   12.389700] PCI: CLS 0 bytes, default 64
[   12.397979] PCI-DMA: Using software bounce buffering for IO (SWIOTLB)
[   12.401150] Trying to unpack rootfs image as initramfs...
[   12.410035] software IO TLB: mapped [mem 0x0000000065000000-0x0000000069000000] (64MB)
[   12.433972] clocksource: tsc: mask: 0xffffffffffffffff max_cycles: 0x2a48a50322c, max_idle_ns: 440795287943 ns
[   12.479740] Initialise system trusted keyrings
[   12.489005] Key type blacklist registered
[   12.498224] workingset: timestamp_bits=36 max_order=21 bucket_order=0
[   12.511117] zbud: loaded
[   12.535044] squashfs: version 4.0 (2009/01/31) Phillip Lougher
[   12.550735] fuse: init (API version 7.41)
[   12.560687] integrity: Platform Keyring initialized
[   12.592991] Key type asymmetric registered
[   12.601443] Asymmetric key parser 'x509' registered
[   12.612012] Block layer SCSI generic (bsg) driver version 0.4 loaded (major 243)
[   12.630654] io scheduler mq-deadline registered
[   12.666471] ledtrig-cpu: registered to indicate activity on CPUs
[   12.713738] ACPI: \_SB_.GSIH: Enabled at IRQ 23
[   12.733893] pcieport 0000:00:03.0: PME: Signaling with IRQ 24
[   12.754395] pcieport 0000:00:03.0: AER: enabled with IRQ 24
[   12.773566] shpchp: Standard Hot Plug PCI Controller Driver version: 0.4
[   12.797360] input: Power Button as /devices/LNXSYSTM:00/LNXPWRBN:00/input/input0
[   12.815213] ACPI: button: Power Button [PWRF]
[   12.934574] ACPI: \_SB_.GSIG: Enabled at IRQ 22
[   12.985096] ACPI: \_SB_.GSIE: Enabled at IRQ 20
[   13.055010] Serial: 8250/16550 driver, 32 ports, IRQ sharing enabled
[   13.127792] 00:03: ttyS0 at I/O 0x3f8 (irq = 4, base_baud = 115200) is a 16550A
[   13.270608] Linux agpgart interface v0.103
[   13.489591] loop: module loaded
[   13.509766] tun: Universal TUN/TAP device driver, 1.6
[   13.519423] PPP generic driver version 2.4.2
[   13.532147] VFIO - User Level meta-driver version: 0.3
[   13.545273] i8042: PNP: PS/2 Controller [PNP0303:KBD,PNP0f13:MOU] at 0x60,0x64 irq 1,12
[   13.567227] serio: i8042 KBD port at 0x60,0x64 irq 1
[   13.575866] serio: i8042 AUX port at 0x60,0x64 irq 12
[   13.587956] mousedev: PS/2 mouse device common for all mice
[   13.605548] rtc_cmos 00:04: RTC can wake from S4
[   13.606795] input: AT Translated Set 2 keyboard as /devices/platform/i8042/serio0/input/input1
[   13.625164] rtc_cmos 00:04: registered as rtc0
[   13.635904] rtc_cmos 00:04: setting system clock to 2025-01-11T00:34:26 UTC (1736555666)
[   13.651247] rtc_cmos 00:04: alarms up to one day, y3k, 242 bytes nvram, hpet irqs
[   13.664030] i2c_dev: i2c /dev entries driver
[   13.672918] device-mapper: core: CONFIG_IMA_DISABLE_HTABLE is disabled. Duplicate IMA measurements will not be recorded in the IMA log.
[   13.693306] device-mapper: uevent: version 1.0.3
[   13.703689] device-mapper: ioctl: 4.48.0-ioctl (2023-03-01) initialised: dm-devel@lists.linux.dev
[   13.719260] platform eisa.0: Probing EISA bus 0
[   13.728479] platform eisa.0: EISA: Cannot allocate resource for mainboard
[   13.740489] platform eisa.0: Cannot allocate resource for EISA slot 1
[   13.751503] platform eisa.0: Cannot allocate resource for EISA slot 2
[   13.762469] platform eisa.0: Cannot allocate resource for EISA slot 3
[   13.776844] platform eisa.0: Cannot allocate resource for EISA slot 4
[   13.791833] platform eisa.0: Cannot allocate resource for EISA slot 5
[   13.806666] platform eisa.0: Cannot allocate resource for EISA slot 6
[   13.821701] platform eisa.0: Cannot allocate resource for EISA slot 7
[   13.832721] platform eisa.0: Cannot allocate resource for EISA slot 8
[   13.843269] platform eisa.0: EISA: Detected 0 cards
[   13.851358] intel_pstate: CPU model not supported
[   13.862332] drop_monitor: Initializing network drop monitor service
[   13.878149] NET: Registered PF_INET6 protocol family
[   16.509906] Freeing initrd memory: 100064K
[   16.631278] Segment Routing with IPv6
[   16.637603] In-situ OAM (IOAM) with IPv6
[   16.644679] NET: Registered PF_PACKET protocol family
[   16.654612] Key type dns_resolver registered
[   16.718097] IPI shorthand broadcast: enabled
[   16.837555] registered taskstats version 1
[   16.868517] Loading compiled-in X.509 certificates
[   17.036411] Demotion targets for Node 0: null
[   17.045817] kmemleak: Kernel memory leak detector initialized (mem pool available: 14031)
[   17.046113] kmemleak: Automatic memory scanning thread started
[   17.065035] Key type .fscrypt registered
[   17.076626] Key type fscrypt-provisioning registered
[   17.190565] cryptd: module verification failed: signature and/or required key missing - tainting kernel
[   17.223666] cryptd: max_cpu_qlen set to 1000
[   17.496414] Key type encrypted registered
[   17.504737] AppArmor: AppArmor sha256 policy hashing enabled
[   17.517705] ima: No TPM chip found, activating TPM-bypass!
[   17.530213] Loading compiled-in module X.509 certificates
[   17.542371] ima: Allocated hash algorithm: sha1
[   17.553352] ima: No architecture policies found
[   17.565779] evm: Initialising EVM extended attributes:
[   17.578141] evm: security.selinux
[   17.586058] evm: security.SMACK64
[   17.593852] evm: security.SMACK64EXEC
[   17.602032] evm: security.SMACK64TRANSMUTE
[   17.611025] evm: security.SMACK64MMAP
[   17.619079] evm: security.apparmor
[   17.626626] evm: security.ima
[   17.633261] evm: security.capability
[   17.641202] evm: HMAC attrs: 0x1
[   17.660501] PM:   Magic number: 9:819:556
[   17.669304] clockevents clockevent7: hash matches
[   17.679788] acpi PNP0C0F:07: hash matches
[   17.693607] RAS: Correctable Errors collector initialized.
[   17.707089] Unstable clock detected, switching default tracing clock to "global"
               If you want to keep using the local clock, then add:
                 "trace_clock=local"
               on the kernel command line
[   17.747695] clk: Disabling unused clocks
[   17.823568] Freeing unused decrypted memory: 2036K
[   17.848747] Freeing unused kernel image (initmem) memory: 9908K
[   17.857842] Write protecting the kernel read-only data: 67584k
[   17.871224] Freeing unused kernel image (rodata/data gap) memory: 1336K
[   17.946905] x86/mm: Checked W+X mappings: passed, no W+X pages found.
[   17.955914] x86/mm: Checking user space page tables
[   18.022958] x86/mm: Checked W+X mappings: passed, no W+X pages found.
[   18.031787] Run /init as init process
[   18.037163]   with arguments:
[   18.037181]     /init
[   18.037188]     nokaslr
[   18.037194]   with environment:
[   18.037200]     HOME=/
[   18.037205]     TERM=linux
[   20.971135] lpc_ich 0000:00:1f.0: I/O space for GPIO uninitialized
[   21.138175] virtio_blk virtio2: 32/0/0 default/read/poll queues
[   21.139350] ahci 0000:00:1f.2: version 3.0
[   21.163700] input: VirtualPS/2 VMware VMMouse as /devices/platform/i8042/serio1/input/input4
[   21.235368] ACPI: \_SB_.GSIA: Enabled at IRQ 16
[   21.255322] input: VirtualPS/2 VMware VMMouse as /devices/platform/i8042/serio1/input/input3
[   21.260865] i801_smbus 0000:00:1f.3: SMBus using PCI interrupt
[   21.291095] ahci 0000:00:1f.2: AHCI vers 0001.0000, 32 command slots, 1.5 Gbps, SATA mode
[   21.302895] ahci 0000:00:1f.2: 6/6 ports implemented (port mask 0x3f)
[   21.311300] ahci 0000:00:1f.2: flags: 64bit ncq only 
[   21.336368] i2c i2c-0: Memory type 0x07 not supported yet, not instantiating SPD
[   21.411986] scsi host0: ahci
[   21.427776] scsi host1: ahci
[   21.444369] virtio_blk virtio2: [vda] 209715200 512-byte logical blocks (107 GB/100 GiB)
[   21.448118] scsi host2: ahci
[   21.513261] scsi host3: ahci
[   21.538376] scsi host4: ahci
[   21.557816] scsi host5: ahci
[   21.568958] ata1: SATA max UDMA/133 abar m4096@0xfea53000 port 0xfea53100 irq 44 lpm-pol 0
[   21.584729] ata2: SATA max UDMA/133 abar m4096@0xfea53000 port 0xfea53180 irq 44 lpm-pol 0
[   21.604238] ata3: SATA max UDMA/133 abar m4096@0xfea53000 port 0xfea53200 irq 44 lpm-pol 0
[   21.616494] ata4: SATA max UDMA/133 abar m4096@0xfea53000 port 0xfea53280 irq 44 lpm-pol 0
[   21.630754] ata5: SATA max UDMA/133 abar m4096@0xfea53000 port 0xfea53300 irq 44 lpm-pol 0
[   21.635945]  vda: vda1 vda14 vda15
[   21.643685] ata6: SATA max UDMA/133 abar m4096@0xfea53000 port 0xfea53380 irq 44 lpm-pol 0
[   21.747534] virtio_net virtio0 enp0s2: renamed from eth0
[   21.970253] ata1: SATA link up 1.5 Gbps (SStatus 113 SControl 300)
[   21.980135] ata5: SATA link down (SStatus 0 SControl 300)
[   21.989807] ata2: SATA link up 1.5 Gbps (SStatus 113 SControl 300)
[   21.998759] ata6: SATA link down (SStatus 0 SControl 300)
[   22.004640] ata2.00: ATA-7: QEMU HARDDISK, 2.5+, max UDMA/100
[   22.011509] ata2.00: 20971520 sectors, multi 16: LBA48 NCQ (depth 32)
[   22.019001] ata2.00: applying bridge limits
[   22.025621] ata4: SATA link up 1.5 Gbps (SStatus 113 SControl 300)
[   22.036721] ata1.00: ATA-7: QEMU HARDDISK, 2.5+, max UDMA/100
[   22.046452] ata1.00: 20971520 sectors, multi 16: LBA48 NCQ (depth 32)
[   22.057155] ata1.00: applying bridge limits
[   22.064467] ata2.00: configured for UDMA/100
[   22.070930] ata3: SATA link up 1.5 Gbps (SStatus 113 SControl 300)
[   22.084738] ata4.00: ATA-7: QEMU HARDDISK, 2.5+, max UDMA/100
[   22.093462] ata4.00: 20971520 sectors, multi 16: LBA48 NCQ (depth 32)
[   22.103108] ata4.00: applying bridge limits
[   22.109642] ata3.00: ATA-7: QEMU HARDDISK, 2.5+, max UDMA/100
[   22.119346] ata3.00: 20971520 sectors, multi 16: LBA48 NCQ (depth 32)
[   22.136477] ata3.00: applying bridge limits
[   22.143278] ata1.00: configured for UDMA/100
[   22.149546] ata3.00: configured for UDMA/100
[   22.156024] scsi 0:0:0:0: Direct-Access     ATA      QEMU HARDDISK    2.5+ PQ: 0 ANSI: 5
[   22.156699] ata4.00: configured for UDMA/100
[   22.184015] sd 0:0:0:0: Attached scsi generic sg0 type 0
[   22.184338] sd 0:0:0:0: [sda] 20971520 512-byte logical blocks: (10.7 GB/10.0 GiB)
[   22.194275] scsi 1:0:0:0: Direct-Access     ATA      QEMU HARDDISK    2.5+ PQ: 0 ANSI: 5
[   22.198606] sd 0:0:0:0: [sda] Write Protect is off
[   22.213876] sd 0:0:0:0: [sda] Mode Sense: 00 3a 00 00
[   22.214097] sd 0:0:0:0: [sda] Write cache: enabled, read cache: enabled, doesn't support DPO or FUA
[   22.215926] sd 1:0:0:0: Attached scsi generic sg1 type 0
[   22.216064] sd 1:0:0:0: [sdb] 20971520 512-byte logical blocks: (10.7 GB/10.0 GiB)
[   22.216190] sd 1:0:0:0: [sdb] Write Protect is off
[   22.216217] sd 1:0:0:0: [sdb] Mode Sense: 00 3a 00 00
[   22.216646] sd 1:0:0:0: [sdb] Write cache: enabled, read cache: enabled, doesn't support DPO or FUA
[   22.217230] sd 1:0:0:0: [sdb] Preferred minimum I/O size 512 bytes
[   22.226106] sd 0:0:0:0: [sda] Preferred minimum I/O size 512 bytes
[   22.234357] scsi 2:0:0:0: Direct-Access     ATA      QEMU HARDDISK    2.5+ PQ: 0 ANSI: 5
[   22.294803] sd 2:0:0:0: Attached scsi generic sg2 type 0
[   22.294931] sd 2:0:0:0: [sdc] 20971520 512-byte logical blocks: (10.7 GB/10.0 GiB)
[   22.304726] scsi 3:0:0:0: Direct-Access     ATA      QEMU HARDDISK    2.5+ PQ: 0 ANSI: 5
[   22.312502] sd 2:0:0:0: [sdc] Write Protect is off
[   22.322698] sd 1:0:0:0: [sdb] Attached SCSI disk
[   22.322808] sd 0:0:0:0: [sda] Attached SCSI disk
[   22.332515] sd 3:0:0:0: [sdd] 20971520 512-byte logical blocks: (10.7 GB/10.0 GiB)
[   22.333950] sd 3:0:0:0: Attached scsi generic sg3 type 0
[   22.337151] sd 2:0:0:0: [sdc] Mode Sense: 00 3a 00 00
[   22.342806] sd 3:0:0:0: [sdd] Write Protect is off
[   22.353491] sd 2:0:0:0: [sdc] Write cache: enabled, read cache: enabled, doesn't support DPO or FUA
[   22.359618] sd 3:0:0:0: [sdd] Mode Sense: 00 3a 00 00
[   22.366970] sd 2:0:0:0: [sdc] Preferred minimum I/O size 512 bytes
[   22.377461] sd 3:0:0:0: [sdd] Write cache: enabled, read cache: enabled, doesn't support DPO or FUA
[   22.397165] sd 3:0:0:0: [sdd] Preferred minimum I/O size 512 bytes
[   22.453176] sd 2:0:0:0: [sdc] Attached SCSI disk
[   22.472813] sd 3:0:0:0: [sdd] Attached SCSI disk
[   22.534436] nd_pmem namespace0.0: unable to guarantee persistence of writes
[   26.336821] raid6: sse2x4   gen()  8456 MB/s
[   26.408646] raid6: sse2x2   gen()  8429 MB/s
[   26.480641] raid6: sse2x1   gen()  7650 MB/s
[   26.486852] raid6: using algorithm sse2x4 gen() 8456 MB/s
[   26.560642] raid6: .... xor() 4324 MB/s, rmw enabled
[   26.567791] raid6: using ssse3x2 recovery algorithm
[   26.586120] xor: measuring software checksum speed
[   26.593069]    prefetch64-sse  : 15966 MB/sec
[   26.599222]    generic_sse     : 13791 MB/sec
[   26.605223] xor: using function: prefetch64-sse (15966 MB/sec)
[   26.621235] async_tx: api initialized (async)
[   28.037051] Btrfs loaded, zoned=yes, fsverity=yes
[   28.970757] EXT4-fs (vda1): mounted filesystem 26c50908-598b-4e8e-871e-35718a3a1426 ro with ordered data mode. Quota mode: none.
[   30.224105] systemd[1]: Inserted module 'autofs4'
[   30.422434] systemd[1]: systemd 249.11-0ubuntu3.10 running in system mode (+PAM +AUDIT +SELINUX +APPARMOR +IMA +SMACK +SECCOMP +GCRYPT +GNUTLS +OPENSSL +ACL +BLKID +CURL +ELFUTILS +FIDO2 +IDN2 -IDN +IPTC +KMOD +LIBCRYPTSETUP +LIBFDISK +PCRE2 -PWQUALITY -P11KIT -QRENCODE +BZIP2 +LZ4 +XZ +ZLIB +ZSTD -XKBCOMMON +UTMP +SYSVINIT default-hierarchy=unified)
[   30.459530] systemd[1]: Detected virtualization kvm.
[   30.465598] systemd[1]: Detected architecture x86-64.
[   30.489081] systemd[1]: Hostname set to <qemu-2>.
[   31.201221] block vda: the capability attribute has been deprecated.
[   31.337156] random: crng init done
[   32.556671] systemd[1]: Queued start job for default target Graphical Interface.
[   32.651312] systemd[1]: Created slice Slice /system/modprobe.
[   32.686365] systemd[1]: Created slice Slice /system/serial-getty.
[   32.717496] systemd[1]: Created slice Slice /system/systemd-fsck.
[   32.748458] systemd[1]: Created slice User and Session Slice.
[   32.767375] systemd[1]: Started Forward Password Requests to Wall Directory Watch.
[   32.794308] systemd[1]: Set up automount Arbitrary Executable File Formats File System Automount Point.
[   32.817807] systemd[1]: Reached target Slice Units.
[   32.833013] systemd[1]: Reached target Mounting snaps.
[   32.848907] systemd[1]: Reached target Swaps.
[   32.862529] systemd[1]: Reached target Local Verity Protected Volumes.
[   32.882911] systemd[1]: Listening on Device-mapper event daemon FIFOs.
[   32.904997] systemd[1]: Listening on LVM2 poll daemon socket.
[   32.928189] systemd[1]: Listening on multipathd control socket.
[   33.134315] systemd[1]: Listening on RPCbind Server Activation Socket.
[   33.156365] systemd[1]: Listening on Syslog Socket.
[   33.173522] systemd[1]: Listening on fsck to fsckd communication Socket.
[   33.194196] systemd[1]: Listening on initctl Compatibility Named Pipe.
[   33.217047] systemd[1]: Listening on Journal Audit Socket.
[   33.236184] systemd[1]: Listening on Journal Socket (/dev/log).
[   33.256029] systemd[1]: Listening on Journal Socket.
[   33.273708] systemd[1]: Listening on Network Service Netlink Socket.
[   33.296044] systemd[1]: Listening on udev Control Socket.
[   33.314750] systemd[1]: Listening on udev Kernel Socket.
[   33.413598] systemd[1]: Mounting Huge Pages File System...
[   33.466566] systemd[1]: Mounting POSIX Message Queue File System...
[   33.516769] systemd[1]: Mounting Kernel Debug File System...
[   33.566837] systemd[1]: Mounting Kernel Trace File System...
[   33.686674] systemd[1]: Starting Journal Service...
[   33.701470] systemd[1]: Condition check resulted in Kernel Module supporting RPCSEC_GSS being skipped.
[   33.740181] systemd[1]: Starting Set the console keyboard layout...
[   33.850541] systemd[1]: Starting Create List of Static Device Nodes...
[   33.903379] systemd[1]: Starting Monitoring of LVM2 mirrors, snapshots etc. using dmeventd or progress polling...
[   33.931269] systemd[1]: Condition check resulted in LXD - agent being skipped.
[   33.969992] systemd[1]: Starting Load Kernel Module configfs...
[   34.018551] systemd[1]: Starting Load Kernel Module drm...
[   34.072045] systemd[1]: Starting Load Kernel Module efi_pstore...
[   34.174750] systemd[1]: Starting Load Kernel Module fuse...
[   34.195860] systemd[1]: Condition check resulted in OpenVSwitch configuration for cleanup being skipped.
[   34.209974] systemd[1]: Condition check resulted in File System Check on Root Device being skipped.
[   34.343040] ACPI: bus type drm_connector registered
[   34.367024] systemd[1]: Starting Load Kernel Modules...
[   34.415737] systemd[1]: Starting Remount Root and Kernel File Systems...
[   34.479080] systemd[1]: Starting Coldplug All udev Devices...
[   34.537204] systemd[1]: Mounted Huge Pages File System.
[   34.558921] systemd[1]: Mounted POSIX Message Queue File System.
[   34.584225] systemd[1]: Mounted Kernel Debug File System.
[   34.602813] systemd[1]: Started Journal Service.
[   34.607202] EXT4-fs (vda1): re-mounted 26c50908-598b-4e8e-871e-35718a3a1426 r/w. Quota mode: none.
[   35.155364] alua: device handler registered
[   35.177365] emc: device handler registered
[   35.203269] rdac: device handler registered
[   35.247872] systemd-journald[593]: Received client request to flush runtime journal.
[   35.281538] systemd-journald[593]: File /var/log/journal/02c9a06a7911097a3b638c9756cf2e6e/system.journal corrupted or uncleanly shut down, renaming and replacing.
[   36.240960] loop0: detected capacity change from 0 to 130888
[   36.282166] loop1: detected capacity change from 0 to 130448
[   36.379858] loop2: detected capacity change from 0 to 229272
[   36.413456] loop3: detected capacity change from 0 to 178256
[   36.453505] loop4: detected capacity change from 0 to 82800
[   36.580270] loop5: detected capacity change from 0 to 79520
[   39.049242] parport_pc 00:02: reported by Plug and Play ACPI
[   39.193834] parport0: PC-style at 0x378, irq 7 [PCSPP,TRISTATE]
[   43.415543] ppdev: user-space parallel port driver
[   43.631464] kvm_intel: VM_EXIT_LOAD_IA32_PERF_GLOBAL_CTRL does not work properly. Using workaround
[   44.195250] audit: type=1400 audit(1736555697.056:2): apparmor="STATUS" operation="profile_load" profile="unconfined" name="lsb_release" pid=1282 comm="apparmor_parser"
[   44.201670] audit: type=1400 audit(1736555697.064:3): apparmor="STATUS" operation="profile_load" profile="unconfined" name="nvidia_modprobe" pid=1283 comm="apparmor_parser"
[   44.201877] audit: type=1400 audit(1736555697.064:4): apparmor="STATUS" operation="profile_load" profile="unconfined" name="nvidia_modprobe//kmod" pid=1283 comm="apparmor_parser"
[   44.204676] audit: type=1400 audit(1736555697.064:5): apparmor="STATUS" operation="profile_load" profile="unconfined" name="swtpm" pid=1287 comm="apparmor_parser"
[   44.211646] audit: type=1400 audit(1736555697.072:6): apparmor="STATUS" operation="profile_load" profile="unconfined" name="/usr/bin/man" pid=1285 comm="apparmor_parser"
[   44.212087] audit: type=1400 audit(1736555697.072:7): apparmor="STATUS" operation="profile_load" profile="unconfined" name="man_filter" pid=1285 comm="apparmor_parser"
[   44.212239] audit: type=1400 audit(1736555697.072:8): apparmor="STATUS" operation="profile_load" profile="unconfined" name="man_groff" pid=1285 comm="apparmor_parser"
[   44.216006] audit: type=1400 audit(1736555697.076:9): apparmor="STATUS" operation="profile_load" profile="unconfined" name="virt-aa-helper" pid=1289 comm="apparmor_parser"
[   44.219722] audit: type=1400 audit(1736555697.080:10): apparmor="STATUS" operation="profile_load" profile="unconfined" name="tcpdump" pid=1288 comm="apparmor_parser"
[   44.224394] audit: type=1400 audit(1736555697.084:11): apparmor="STATUS" operation="profile_load" profile="unconfined" name="/usr/lib/snapd/snap-confine" pid=1291 comm="apparmor_parser"
[   46.007646] RPC: Registered named UNIX socket transport module.
[   46.007683] RPC: Registered udp transport module.
[   46.007699] RPC: Registered tcp transport module.
[   46.007736] RPC: Registered tcp-with-tls transport module.
[   46.007750] RPC: Registered tcp NFSv4.1 backchannel transport module.
[   50.422597] loop6: detected capacity change from 0 to 8
[   59.480796] netfs: FS-Cache loaded
[   60.877585] NFS: Registering the id_resolver key type
[   60.877733] Key type id_resolver registered
[   60.877742] Key type id_legacy registered
[   84.175194] cbd: loading out-of-tree module taints kernel.
[   89.325123] cbd: backend_validate:544 cbd_transport0: found backend_id: 0 for host_id: 1, path: /dev/sda
[   89.331148] cbd: cbd_backend_init:394 cbd_transport0: attach backend to backend_id: 0
[   93.303561] cbd: backend_validate:544 cbd_transport0: found backend_id: 1 for host_id: 1, path: /dev/sdb
[   93.309555] cbd: cbd_backend_init:394 cbd_transport0: attach backend to backend_id: 1
[  252.969167] cbd: transport_dax_init:912 cbd_transport1: transport_dax_init: failed blkdev_get_by_path(/dev/pmem0)
[  254.580394] cbd: backend_validate:544 cbd_transport0: found backend_id: 0 for host_id: 1, path: /dev/sda
[  254.584925] cbd: cbd_backend_init:394 cbd_transport0: attach backend to backend_id: 0
[  254.584960] cbd: cbd_backend_info_load:469 cbd_transport0: backend 0 is alive
[  256.146003] cbd: backend_validate:544 cbd_transport0: found backend_id: 1 for host_id: 1, path: /dev/sdb
[  256.150597] cbd: cbd_backend_init:394 cbd_transport0: attach backend to backend_id: 1
[  256.150630] cbd: cbd_backend_info_load:469 cbd_transport0: backend 1 is alive
[  275.439275] ==== end /root/avocado/job-results/job-2025-01-09T22.24-1680aba/test-results/168-._cbdctrl.py_CbdctrlTest.test_run-cache_data_crc-enable-cache_for_xfstests-cache-channel_crc-disable-channel_data_crc-host_mode-multi_host-multihost-test_script-xfstests-fa98 ==== 
[  293.042735] tid: 0, is not registered
[  388.166099] ==== start /root/avocado/job-results/job-2025-01-09T22.24-1680aba/test-results/169-._cbdctrl.py_CbdctrlTest.test_run-cache_data_crc-enable-cache_for_xfstests-cache-channel_crc-disable-channel_data_crc-host_mode-multi_host-multihost-test_script-register-24c6 ==== 
[  426.424934] host id 0 is still alive
[  430.123287] ==== end /root/avocado/job-results/job-2025-01-09T22.24-1680aba/test-results/169-._cbdctrl.py_CbdctrlTest.test_run-cache_data_crc-enable-cache_for_xfstests-cache-channel_crc-disable-channel_data_crc-host_mode-multi_host-multihost-test_script-register-24c6 ==== 
[  447.929344] tid: 0, is not registered
[  456.451244] ==== start /root/avocado/job-results/job-2025-01-09T22.24-1680aba/test-results/170-._cbdctrl.py_CbdctrlTest.test_run-cache_data_crc-enable-cache_for_xfstests-cache-channel_crc-disable-channel_data_crc-host_mode-multi_host-multihost-test_script-backend-d831 ==== 
[  476.629030] host id 0 is still alive
[  480.315208] ==== end /root/avocado/job-results/job-2025-01-09T22.24-1680aba/test-results/170-._cbdctrl.py_CbdctrlTest.test_run-cache_data_crc-enable-cache_for_xfstests-cache-channel_crc-disable-channel_data_crc-host_mode-multi_host-multihost-test_script-backend-d831 ==== 
[  498.467808] tid: 0, is not registered
[  504.777700] ==== start /root/avocado/job-results/job-2025-01-09T22.24-1680aba/test-results/171-._cbdctrl.py_CbdctrlTest.test_run-cache_data_crc-enable-cache_for_xfstests-cache-channel_crc-disable-channel_data_crc-host_mode-multi_host-multihost-test_script-dev-7808 ==== 
[  529.034241] host id 0 is still alive
[  532.755843] ==== end /root/avocado/job-results/job-2025-01-09T22.24-1680aba/test-results/171-._cbdctrl.py_CbdctrlTest.test_run-cache_data_crc-enable-cache_for_xfstests-cache-channel_crc-disable-channel_data_crc-host_mode-multi_host-multihost-test_script-dev-7808 ==== 
