[    0.000000] Linux version 6.13.0-rc5+ (root@ubuntu-22-04-server) (gcc (Ubuntu 11.4.0-1ubuntu1~22.04) 11.4.0, GNU ld (GNU Binutils for Ubuntu) 2.38) #2 SMP PREEMPT_DYNAMIC Fri Jan  3 15:43:06 CST 2025
[    0.000000] Command line: intremap=off console=ttyS0,115200 nokaslr root=/dev/vda1 crashkernel=1G-:2G
[    0.000000] KERNEL supported cpus:
[    0.000000]   Intel GenuineIntel
[    0.000000]   AMD AuthenticAMD
[    0.000000]   Hygon HygonGenuine
[    0.000000]   Centaur CentaurHauls
[    0.000000]   zhaoxin   Shanghai  
[    0.000000] BIOS-provided physical RAM map:
[    0.000000] BIOS-e820: [mem 0x0000000000000000-0x000000000009fbff] usable
[    0.000000] BIOS-e820: [mem 0x000000000009fc00-0x000000000009ffff] reserved
[    0.000000] BIOS-e820: [mem 0x00000000000f0000-0x00000000000fffff] reserved
[    0.000000] BIOS-e820: [mem 0x0000000000100000-0x000000007ffd9fff] usable
[    0.000000] BIOS-e820: [mem 0x000000007ffda000-0x000000007fffffff] reserved
[    0.000000] BIOS-e820: [mem 0x00000000b0000000-0x00000000bfffffff] reserved
[    0.000000] BIOS-e820: [mem 0x00000000fed1c000-0x00000000fed1ffff] reserved
[    0.000000] BIOS-e820: [mem 0x00000000feffc000-0x00000000feffffff] reserved
[    0.000000] BIOS-e820: [mem 0x00000000fffc0000-0x00000000ffffffff] reserved
[    0.000000] BIOS-e820: [mem 0x0000000100000000-0x000000037fffffff] usable
[    0.000000] NX (Execute Disable) protection: active
[    0.000000] APIC: Static calls initialized
[    0.000000] SMBIOS 2.8 present.
[    0.000000] DMI: QEMU Standard PC (Q35 + ICH9, 2009), BIOS rel-1.16.3-0-ga6ed6b701f0a-prebuilt.qemu.org 04/01/2014
[    0.000000] DMI: Memory slots populated: 1/1
[    0.000000] Hypervisor detected: KVM
[    0.000000] kvm-clock: Using msrs 4b564d01 and 4b564d00
[    0.000008] kvm-clock: using sched offset of 3479076743 cycles
[    0.000024] clocksource: kvm-clock: mask: 0xffffffffffffffff max_cycles: 0x1cd42e4dffb, max_idle_ns: 881590591483 ns
[    0.000069] tsc: Detected 2933.436 MHz processor
[    0.002501] e820: update [mem 0x00000000-0x00000fff] usable ==> reserved
[    0.002511] e820: remove [mem 0x000a0000-0x000fffff] usable
[    0.002524] last_pfn = 0x380000 max_arch_pfn = 0x400000000
[    0.003133] MTRR map: 4 entries (3 fixed + 1 variable; max 19), built from 8 variable MTRRs
[    0.003169] x86/PAT: Configuration [0-7]: WB  WC  UC- UC  WB  WP  UC- WT  
[    0.003965] last_pfn = 0x7ffda max_arch_pfn = 0x400000000
[    0.015699] found SMP MP-table at [mem 0x000f5450-0x000f545f]
[    0.015842] Using GB pages for direct mapping
[    0.017669] RAMDISK: [mem 0x79e18000-0x7ffcffff]
[    0.017752] ACPI: Early table checksum verification disabled
[    0.017862] ACPI: RSDP 0x00000000000F5220 000014 (v00 BOCHS )
[    0.017922] ACPI: RSDT 0x000000007FFE3D96 000040 (v01 BOCHS  BXPC     00000001 BXPC 00000001)
[    0.017969] ACPI: FACP 0x000000007FFE25E7 0000F4 (v03 BOCHS  BXPC     00000001 BXPC 00000001)
[    0.017999] ACPI: DSDT 0x000000007FFDF040 0035A7 (v01 BOCHS  BXPC     00000001 BXPC 00000001)
[    0.018016] ACPI: FACS 0x000000007FFDF000 000040
[    0.018026] ACPI: APIC 0x000000007FFE26DB 000170 (v03 BOCHS  BXPC     00000001 BXPC 00000001)
[    0.018036] ACPI: HPET 0x000000007FFE284B 000038 (v01 BOCHS  BXPC     00000001 BXPC 00000001)
[    0.018046] ACPI: SRAT 0x000000007FFE2883 0002D0 (v01 BOCHS  BXPC     00000001 BXPC 00000001)
[    0.018056] ACPI: MCFG 0x000000007FFE2B53 00003C (v01 BOCHS  BXPC     00000001 BXPC 00000001)
[    0.018066] ACPI: SSDT 0x000000007FFE2B8F 0011DF (v01 BOCHS  NVDIMM   00000001 BXPC 00000001)
[    0.018076] ACPI: WAET 0x000000007FFE3D6E 000028 (v01 BOCHS  BXPC     00000001 BXPC 00000001)
[    0.018084] ACPI: Reserving FACP table memory at [mem 0x7ffe25e7-0x7ffe26da]
[    0.018088] ACPI: Reserving DSDT table memory at [mem 0x7ffdf040-0x7ffe25e6]
[    0.018090] ACPI: Reserving FACS table memory at [mem 0x7ffdf000-0x7ffdf03f]
[    0.018093] ACPI: Reserving APIC table memory at [mem 0x7ffe26db-0x7ffe284a]
[    0.018095] ACPI: Reserving HPET table memory at [mem 0x7ffe284b-0x7ffe2882]
[    0.018097] ACPI: Reserving SRAT table memory at [mem 0x7ffe2883-0x7ffe2b52]
[    0.018100] ACPI: Reserving MCFG table memory at [mem 0x7ffe2b53-0x7ffe2b8e]
[    0.018102] ACPI: Reserving SSDT table memory at [mem 0x7ffe2b8f-0x7ffe3d6d]
[    0.018104] ACPI: Reserving WAET table memory at [mem 0x7ffe3d6e-0x7ffe3d95]
[    0.018570] ACPI: SRAT: Node 0 PXM 0 [mem 0x00000000-0x0009ffff]
[    0.018577] ACPI: SRAT: Node 0 PXM 0 [mem 0x00100000-0x7fffffff]
[    0.018581] ACPI: SRAT: Node 0 PXM 0 [mem 0x100000000-0x37fffffff]
[    0.018584] ACPI: SRAT: Node 0 PXM 0 [mem 0x380000000-0x1bffffffff] hotplug
[    0.018599] NUMA: Node 0 [mem 0x00001000-0x0009ffff] + [mem 0x00100000-0x7fffffff] -> [mem 0x00001000-0x7fffffff]
[    0.018604] NUMA: Node 0 [mem 0x00001000-0x7fffffff] + [mem 0x100000000-0x37fffffff] -> [mem 0x00001000-0x37fffffff]
[    0.018634] NODE_DATA(0) allocated [mem 0x37ffd3700-0x37fffdfff]
[    0.019066] crashkernel low memory reserved: 0x69000000 - 0x79000000 (256 MB)
[    0.019072] crashkernel reserved: 0x00000002ff000000 - 0x000000037f000000 (2048 MB)
[    0.019249] Zone ranges:
[    0.019252]   DMA      [mem 0x0000000000001000-0x0000000000ffffff]
[    0.019257]   DMA32    [mem 0x0000000001000000-0x00000000ffffffff]
[    0.019260]   Normal   [mem 0x0000000100000000-0x000000037fffffff]
[    0.019263]   Device   empty
[    0.019265] Movable zone start for each node
[    0.019269] Early memory node ranges
[    0.019270]   node   0: [mem 0x0000000000001000-0x000000000009efff]
[    0.019278]   node   0: [mem 0x0000000000100000-0x000000007ffd9fff]
[    0.019281]   node   0: [mem 0x0000000100000000-0x000000037fffffff]
[    0.019286] Initmem setup node 0 [mem 0x0000000000001000-0x000000037fffffff]
[    0.019914] On node 0, zone DMA: 1 pages in unavailable ranges
[    0.020262] On node 0, zone DMA: 97 pages in unavailable ranges
[    0.318587] On node 0, zone Normal: 38 pages in unavailable ranges
[    1.847135] kasan: KernelAddressSanitizer initialized
[    1.854832] ACPI: PM-Timer IO Port: 0x608
[    1.854963] ACPI: LAPIC_NMI (acpi_id[0xff] dfl dfl lint[0x1])
[    1.855394] IOAPIC[0]: apic_id 0, version 17, address 0xfec00000, GSI 0-23
[    1.855422] ACPI: INT_SRC_OVR (bus 0 bus_irq 0 global_irq 2 dfl dfl)
[    1.855428] ACPI: INT_SRC_OVR (bus 0 bus_irq 5 global_irq 5 high level)
[    1.855431] ACPI: INT_SRC_OVR (bus 0 bus_irq 9 global_irq 9 high level)
[    1.855442] ACPI: INT_SRC_OVR (bus 0 bus_irq 10 global_irq 10 high level)
[    1.855445] ACPI: INT_SRC_OVR (bus 0 bus_irq 11 global_irq 11 high level)
[    1.855460] ACPI: Using ACPI (MADT) for SMP configuration information
[    1.855465] ACPI: HPET id: 0x8086a201 base: 0xfed00000
[    1.855484] TSC deadline timer available
[    1.855497] CPU topo: Max. logical packages:   2
[    1.855500] CPU topo: Max. logical dies:       2
[    1.855502] CPU topo: Max. dies per package:   1
[    1.855509] CPU topo: Max. threads per core:   2
[    1.855511] CPU topo: Num. cores per package:     8
[    1.855513] CPU topo: Num. threads per package:  16
[    1.855515] CPU topo: Allowing 32 present CPUs plus 0 hotplug CPUs
[    1.855662] kvm-guest: APIC: eoi() replaced with kvm_guest_apic_eoi_write()
[    1.855785] kvm-guest: KVM setup pv remote TLB flush
[    1.855843] kvm-guest: setup PV sched yield
[    1.856018] PM: hibernation: Registered nosave memory: [mem 0x00000000-0x00000fff]
[    1.856026] PM: hibernation: Registered nosave memory: [mem 0x0009f000-0x0009ffff]
[    1.856029] PM: hibernation: Registered nosave memory: [mem 0x000a0000-0x000effff]
[    1.856031] PM: hibernation: Registered nosave memory: [mem 0x000f0000-0x000fffff]
[    1.856036] PM: hibernation: Registered nosave memory: [mem 0x7ffda000-0x7fffffff]
[    1.856039] PM: hibernation: Registered nosave memory: [mem 0x80000000-0xafffffff]
[    1.856041] PM: hibernation: Registered nosave memory: [mem 0xb0000000-0xbfffffff]
[    1.856043] PM: hibernation: Registered nosave memory: [mem 0xc0000000-0xfed1bfff]
[    1.856045] PM: hibernation: Registered nosave memory: [mem 0xfed1c000-0xfed1ffff]
[    1.856048] PM: hibernation: Registered nosave memory: [mem 0xfed20000-0xfeffbfff]
[    1.856050] PM: hibernation: Registered nosave memory: [mem 0xfeffc000-0xfeffffff]
[    1.856052] PM: hibernation: Registered nosave memory: [mem 0xff000000-0xfffbffff]
[    1.856054] PM: hibernation: Registered nosave memory: [mem 0xfffc0000-0xffffffff]
[    1.856067] [mem 0xc0000000-0xfed1bfff] available for PCI devices
[    1.856076] Booting paravirtualized kernel on KVM
[    1.856085] clocksource: refined-jiffies: mask: 0xffffffff max_cycles: 0xffffffff, max_idle_ns: 7645519600211568 ns
[    1.856172] setup_percpu: NR_CPUS:8192 nr_cpumask_bits:32 nr_cpu_ids:32 nr_node_ids:1
[    1.991089] percpu: Embedded 532 pages/cpu s2142208 r8192 d28672 u4194304
[    1.991154] pcpu-alloc: s2142208 r8192 d28672 u4194304 alloc=2*2097152
[    1.991163] pcpu-alloc: [0] 00 [0] 01 [0] 02 [0] 03 [0] 04 [0] 05 [0] 06 [0] 07 
[    1.991182] pcpu-alloc: [0] 08 [0] 09 [0] 10 [0] 11 [0] 12 [0] 13 [0] 14 [0] 15 
[    1.991201] pcpu-alloc: [0] 16 [0] 17 [0] 18 [0] 19 [0] 20 [0] 21 [0] 22 [0] 23 
[    1.991220] pcpu-alloc: [0] 24 [0] 25 [0] 26 [0] 27 [0] 28 [0] 29 [0] 30 [0] 31 
[    1.991571] kvm-guest: PV spinlocks enabled
[    1.991595] PV qspinlock hash table entries: 256 (order: 0, 4096 bytes, linear)
[    1.991611] Kernel command line: intremap=off console=ttyS0,115200 nokaslr root=/dev/vda1 crashkernel=1G-:2G
[    1.991872] Unknown kernel command line parameters "nokaslr", will be passed to user space.
[    1.991905] printk: log buffer data + meta data: 262144 + 917504 = 1179648 bytes
[    2.005636] Dentry cache hash table entries: 2097152 (order: 12, 16777216 bytes, linear)
[    2.011943] Inode-cache hash table entries: 1048576 (order: 11, 8388608 bytes, linear)
[    2.015001] Fallback order for Node 0: 0 
[    2.015034] Built 1 zonelists, mobility grouping on.  Total pages: 3145592
[    2.015038] Policy zone: Normal
[    2.015102] mem auto-init: stack:off, heap alloc:on, heap free:off
[    2.015114] stackdepot: allocating hash table via alloc_large_system_hash
[    2.015125] stackdepot hash table entries: 1048576 (order: 12, 16777216 bytes, linear)
[    2.029732] software IO TLB: area num 32.
[    2.811495] SLUB: HWalign=64, Order=0-3, MinObjects=0, CPUs=32, Nodes=1
[    2.812887] Kernel/User page tables isolation: enabled
[    2.813826] ftrace: allocating 52416 entries in 205 pages
[    3.117448] ftrace: allocated 205 pages with 5 groups
[    3.124825] Dynamic Preempt: voluntary
[    3.132540] Running RCU self tests
[    3.132543] Running RCU synchronous self tests
[    3.132606] rcu: Preemptible hierarchical RCU implementation.
[    3.132608] rcu: 	RCU lockdep checking is enabled.
[    3.132610] rcu: 	RCU restricting CPUs from NR_CPUS=8192 to nr_cpu_ids=32.
[    3.132615] 	Trampoline variant of Tasks RCU enabled.
[    3.132616] 	Rude variant of Tasks RCU enabled.
[    3.132618] 	Tracing variant of Tasks RCU enabled.
[    3.132620] rcu: RCU calculated value of scheduler-enlistment delay is 25 jiffies.
[    3.132622] rcu: Adjusting geometry for rcu_fanout_leaf=16, nr_cpu_ids=32
[    3.133360] Running RCU synchronous self tests
[    3.133392] RCU Tasks: Setting shift to 5 and lim to 1 rcu_task_cb_adjust=1 rcu_task_cpu_ids=32.
[    3.133432] RCU Tasks Rude: Setting shift to 5 and lim to 1 rcu_task_cb_adjust=1 rcu_task_cpu_ids=32.
[    3.133458] RCU Tasks Trace: Setting shift to 5 and lim to 1 rcu_task_cb_adjust=1 rcu_task_cpu_ids=32.
[    3.188012] NR_IRQS: 524544, nr_irqs: 680, preallocated irqs: 16
[    3.190159] rcu: srcu_init: Setting srcu_struct sizes based on contention.
[    3.296407] Console: colour VGA+ 80x25
[    3.296844] printk: legacy console [ttyS0] enabled
[    4.713782] Lock dependency validator: Copyright (c) 2006 Red Hat, Inc., Ingo Molnar
[    4.724719] ... MAX_LOCKDEP_SUBCLASSES:  8
[    4.730599] ... MAX_LOCK_DEPTH:          48
[    4.736597] ... MAX_LOCKDEP_KEYS:        8192
[    4.742836] ... CLASSHASH_SIZE:          4096
[    4.749095] ... MAX_LOCKDEP_ENTRIES:     32768
[    4.755458] ... MAX_LOCKDEP_CHAINS:      65536
[    4.761857] ... CHAINHASH_SIZE:          32768
[    4.768178]  memory used by lock dependency info: 6941 kB
[    4.775864]  memory used for stack traces: 4224 kB
[    4.782742]  per task-struct memory footprint: 2688 bytes
[    4.791192] ACPI: Core revision 20240827
[    4.800007] clocksource: hpet: mask: 0xffffffff max_cycles: 0xffffffff, max_idle_ns: 19112604467 ns
[    4.814034] APIC: Switch to symmetric I/O mode setup
[    4.825956] x2apic enabled
[    4.833955] APIC: Switched APIC routing to: physical x2apic
[    4.842011] kvm-guest: APIC: send_IPI_mask() replaced with kvm_send_ipi_mask()
[    4.851850] kvm-guest: APIC: send_IPI_mask_allbutself() replaced with kvm_send_ipi_mask_allbutself()
[    4.864539] kvm-guest: setup PV IPIs
[    4.885492] ..TIMER: vector=0x30 apic1=0 pin1=2 apic2=-1 pin2=-1
[    4.895291] clocksource: tsc-early: mask: 0xffffffffffffffff max_cycles: 0x2a48a50322c, max_idle_ns: 440795287943 ns
[    4.912121] Calibrating delay loop (skipped) preset value.. 5866.87 BogoMIPS (lpj=11733744)
[    4.921519] x86/cpu: User Mode Instruction Prevention (UMIP) activated
[    4.929256] Last level iTLB entries: 4KB 0, 2MB 0, 4MB 0
[    4.932110] Last level dTLB entries: 4KB 0, 2MB 0, 4MB 0, 1GB 0
[    4.936206] Spectre V1 : Mitigation: usercopy/swapgs barriers and __user pointer sanitization
[    4.940112] Spectre V2 : Mitigation: Retpolines
[    4.944110] Spectre V2 : Spectre v2 / SpectreRSB mitigation: Filling RSB on context switch
[    4.948110] Spectre V2 : Spectre v2 / SpectreRSB : Filling RSB on VMEXIT
[    4.952110] Spectre V2 : Enabling Restricted Speculation for firmware calls
[    4.956119] Spectre V2 : mitigation: Enabling conditional Indirect Branch Prediction Barrier
[    4.960111] Spectre V2 : User space: Mitigation: STIBP via prctl
[    4.964111] Speculative Store Bypass: Mitigation: Speculative Store Bypass disabled via prctl
[    4.968112] MDS: Vulnerable: Clear CPU buffers attempted, no microcode
[    4.972110] MMIO Stale Data: Unknown: No mitigations
[    4.976135] x86/fpu: x87 FPU will use FXSAVE
[    5.036137] Freeing SMP alternatives memory: 40K
[    5.040118] pid_max: default: 32768 minimum: 301
[    5.049280] LSM: initializing lsm=lockdown,capability,landlock,yama,apparmor,ima,evm
[    5.052995] landlock: Up and running.
[    5.056113] Yama: becoming mindful.
[    5.061402] AppArmor: AppArmor initialized
[    5.068886] Mount-cache hash table entries: 32768 (order: 6, 262144 bytes, linear)
[    5.072344] Mountpoint-cache hash table entries: 32768 (order: 6, 262144 bytes, linear)
[    5.085620] Running RCU synchronous self tests
[    5.088117] Running RCU synchronous self tests
[    5.098694] smpboot: CPU0: Intel Westmere E56xx/L56xx/X56xx (IBRS update) (family: 0x6, model: 0x2c, stepping: 0x1)
[    5.109439] Running RCU Tasks wait API self tests
[    5.216285] Running RCU Tasks Rude wait API self tests
[    5.220138] Running RCU Tasks Trace wait API self tests
[    5.224319] Performance Events: unsupported p6 CPU model 44 no PMU driver, software events only.
[    5.228633] signal: max sigframe size: 1440
[    5.232221] Callback from call_rcu_tasks_trace() invoked.
[    5.236823] rcu: Hierarchical SRCU implementation.
[    5.240141] rcu: 	Max phase no-delay instances is 1000.
[    5.245513] Timer migration: 2 hierarchy levels; 8 children per group; 2 crossnode level
[    5.260309] NMI watchdog: Perf NMI watchdog permanently disabled
[    5.276210] smp: Bringing up secondary CPUs ...
[    5.292961] smpboot: x86: Booting SMP configuration:
[    5.296164] .... node  #0, CPUs:        #2  #4  #6  #8 #10 #12 #14 #16 #18 #20 #22 #24 #26 #28 #30
[    5.432197] Callback from call_rcu_tasks() invoked.
[    5.521182]   #1  #3  #5  #7  #9 #11 #13 #15 #17 #19 #21 #23 #25 #27 #29 #31
[    5.696271] MDS CPU bug present and SMT on, data leak possible. See https://www.kernel.org/doc/html/latest/admin-guide/hw-vuln/mds.html for more details.
[    5.785231] smp: Brought up 1 node, 32 CPUs
[    5.788145] smpboot: Total of 32 processors activated (187739.90 BogoMIPS)
[    5.818336] Memory: 7997952K/12582368K available (53248K kernel code, 16294K rwdata, 13000K rodata, 9908K init, 22736K bss, 4537656K reserved, 0K cma-reserved)
[    5.825711] devtmpfs: initialized
[    5.830697] x86/mm: Memory block size: 128MB
[    5.922578] Running RCU synchronous self tests
[    5.924330] Running RCU synchronous self tests
[    5.928513] clocksource: jiffies: mask: 0xffffffff max_cycles: 0xffffffff, max_idle_ns: 7645041785100000 ns
[    5.933448] futex hash table entries: 8192 (order: 8, 1048576 bytes, linear)
[    5.940077] pinctrl core: initialized pinctrl subsystem
[    5.943640] PM: RTC time: 13:48:33, date: 2025-01-11
[    5.952885] NET: Registered PF_NETLINK/PF_ROUTE protocol family
[    5.960938] DMA: preallocated 1024 KiB GFP_KERNEL pool for atomic allocations
[    5.964435] DMA: preallocated 1024 KiB GFP_KERNEL|GFP_DMA pool for atomic allocations
[    5.968428] DMA: preallocated 1024 KiB GFP_KERNEL|GFP_DMA32 pool for atomic allocations
[    5.972939] audit: initializing netlink subsys (disabled)
[    5.977313] audit: type=2000 audit(1736603311.932:1): state=initialized audit_enabled=0 res=1
[    5.983455] thermal_sys: Registered thermal governor 'fair_share'
[    5.984147] thermal_sys: Registered thermal governor 'bang_bang'
[    5.988142] thermal_sys: Registered thermal governor 'step_wise'
[    5.992142] thermal_sys: Registered thermal governor 'user_space'
[    5.996146] thermal_sys: Registered thermal governor 'power_allocator'
[    6.000526] EISA bus registered
[    6.008595] cpuidle: using governor ladder
[    6.012557] cpuidle: using governor menu
[    6.018107] acpiphp: ACPI Hot Plug PCI Controller Driver version: 0.5
[    6.023443] PCI: ECAM [mem 0xb0000000-0xbfffffff] (base 0xb0000000) for domain 0000 [bus 00-ff]
[    6.024147] PCI: ECAM [mem 0xb0000000-0xbfffffff] reserved as E820 entry
[    6.108674] PCI: Using configuration type 1 for base access
[    6.114330] kprobes: kprobe jump-optimization is enabled. All kprobes are optimized if possible.
[    6.125752] HugeTLB: registered 1.00 GiB page size, pre-allocated 0 pages
[    6.128155] HugeTLB: 16380 KiB vmemmap can be freed for a 1.00 GiB page
[    6.132159] HugeTLB: registered 2.00 MiB page size, pre-allocated 0 pages
[    6.136147] HugeTLB: 28 KiB vmemmap can be freed for a 2.00 MiB page
[    6.220890] ACPI: Added _OSI(Module Device)
[    6.228385] ACPI: Added _OSI(Processor Device)
[    6.232139] ACPI: Added _OSI(3.0 _SCP Extensions)
[    6.244146] ACPI: Added _OSI(Processor Aggregator Device)
[    6.505525] ACPI: 2 ACPI AML tables successfully acquired and loaded
[    6.573661] ACPI: Interpreter enabled
[    6.581075] ACPI: PM: (supports S0 S3 S4 S5)
[    6.588202] ACPI: Using IOAPIC for interrupt routing
[    6.596969] PCI: Using host bridge windows from ACPI; if necessary, use "pci=nocrs" and report a bug
[    6.608147] PCI: Using E820 reservations for host bridge windows
[    6.629164] ACPI: Enabled 4 GPEs in block 00 to 3F
[    7.134788] ACPI: PCI Root Bridge [PCI0] (domain 0000 [bus 00-ff])
[    7.147411] acpi PNP0A08:00: _OSC: OS supports [ExtendedConfig ASPM ClockPM Segments MSI EDR HPX-Type3]
[    7.164967] acpi PNP0A08:00: _OSC: platform does not support [PCIeHotplug LTR DPC]
[    7.184252] acpi PNP0A08:00: _OSC: OS now controls [SHPCHotplug PME AER PCIeCapability]
[    7.205181] PCI host bridge to bus 0000:00
[    7.212417] pci_bus 0000:00: root bus resource [io  0x0000-0x0cf7 window]
[    7.226065] pci_bus 0000:00: root bus resource [io  0x0d00-0xffff window]
[    7.240215] pci_bus 0000:00: root bus resource [mem 0x000a0000-0x000bffff window]
[    7.252163] pci_bus 0000:00: root bus resource [mem 0x80000000-0xafffffff window]
[    7.264158] pci_bus 0000:00: root bus resource [mem 0xc0000000-0xfebfffff window]
[    7.276170] pci_bus 0000:00: root bus resource [mem 0x1c00000000-0x23ffffffff window]
[    7.292175] pci_bus 0000:00: root bus resource [bus 00-ff]
[    7.300848] pci 0000:00:00.0: [8086:29c0] type 00 class 0x060000 conventional PCI endpoint
[    7.325198] pci 0000:00:01.0: [1234:1111] type 00 class 0x030000 conventional PCI endpoint
[    7.352100] pci 0000:00:01.0: BAR 0 [mem 0xfd000000-0xfdffffff pref]
[    7.388940] pci 0000:00:01.0: BAR 2 [mem 0xfea50000-0xfea50fff]
[    7.435680] pci 0000:00:01.0: ROM [mem 0xfea40000-0xfea4ffff pref]
[    7.450231] pci 0000:00:01.0: Video device with shadowed ROM at [mem 0x000c0000-0x000dffff]
[    7.464701] pci 0000:00:01.0: pci_fixup_video+0x0/0x2d0 took 15625 usecs
[    7.496048] pci 0000:00:02.0: [1af4:1000] type 00 class 0x020000 conventional PCI endpoint
[    7.516228] pci 0000:00:02.0: BAR 0 [io  0xc040-0xc05f]
[    7.532249] pci 0000:00:02.0: BAR 1 [mem 0xfea51000-0xfea51fff]
[    7.554331] pci 0000:00:02.0: BAR 4 [mem 0xfe200000-0xfe203fff 64bit pref]
[    7.570157] pci 0000:00:02.0: ROM [mem 0xfea00000-0xfea3ffff pref]
[    7.592856] pci 0000:00:03.0: [1b36:000c] type 01 class 0x060400 PCIe Root Port
[    7.615666] pci 0000:00:03.0: BAR 0 [mem 0xfea52000-0xfea52fff]
[    7.640240] pci 0000:00:03.0: PCI bridge to [bus 01]
[    7.652693] pci 0000:00:03.0:   bridge window [mem 0xfe800000-0xfe9fffff]
[    7.672553] pci 0000:00:03.0:   bridge window [mem 0xfe000000-0xfe1fffff 64bit pref]
[    7.703649] pci 0000:00:04.0: [1af4:105b] type 00 class 0x00ff00 conventional PCI endpoint
[    7.725539] pci 0000:00:04.0: BAR 4 [mem 0xfe204000-0xfe207fff 64bit pref]
[    7.885354] pci 0000:00:1f.0: [8086:2918] type 00 class 0x060100 conventional PCI endpoint
[    7.906840] pci 0000:00:1f.0: quirk: [io  0x0600-0x067f] claimed by ICH6 ACPI/GPIO/TCO
[    7.920765] pci 0000:00:1f.0: quirk_ich7_lpc+0x0/0x1d0 took 15625 usecs
[    7.938168] pci 0000:00:1f.2: [8086:2922] type 00 class 0x010601 conventional PCI endpoint
[    7.969033] pci 0000:00:1f.2: BAR 4 [io  0xc060-0xc07f]
[    7.977703] pci 0000:00:1f.2: BAR 5 [mem 0xfea53000-0xfea53fff]
[    7.998378] pci 0000:00:1f.3: [8086:2930] type 00 class 0x0c0500 conventional PCI endpoint
[    8.018737] pci 0000:00:1f.3: BAR 4 [io  0x0700-0x073f]
[    8.042311] acpiphp: Slot [0] registered
[    8.050460] pci 0000:01:00.0: [1af4:1042] type 00 class 0x010000 PCIe Endpoint
[    8.076398] pci 0000:01:00.0: BAR 1 [mem 0xfe800000-0xfe800fff]
[    8.104139] pci 0000:01:00.0: BAR 4 [mem 0xfe000000-0xfe003fff 64bit pref]
[    8.202953] pci 0000:00:03.0: PCI bridge to [bus 01]
[    8.231902] ACPI: PCI: Interrupt link LNKA configured for IRQ 10
[    8.249288] ACPI: PCI: Interrupt link LNKB configured for IRQ 10
[    8.264906] ACPI: PCI: Interrupt link LNKC configured for IRQ 11
[    8.284100] ACPI: PCI: Interrupt link LNKD configured for IRQ 11
[    8.296764] ACPI: PCI: Interrupt link LNKE configured for IRQ 10
[    8.313146] ACPI: PCI: Interrupt link LNKF configured for IRQ 10
[    8.329102] ACPI: PCI: Interrupt link LNKG configured for IRQ 11
[    8.345630] ACPI: PCI: Interrupt link LNKH configured for IRQ 11
[    8.357884] ACPI: PCI: Interrupt link GSIA configured for IRQ 16
[    8.368979] ACPI: PCI: Interrupt link GSIB configured for IRQ 17
[    8.376942] ACPI: PCI: Interrupt link GSIC configured for IRQ 18
[    8.389035] ACPI: PCI: Interrupt link GSID configured for IRQ 19
[    8.400697] ACPI: PCI: Interrupt link GSIE configured for IRQ 20
[    8.412719] ACPI: PCI: Interrupt link GSIF configured for IRQ 21
[    8.420801] ACPI: PCI: Interrupt link GSIG configured for IRQ 22
[    8.432813] ACPI: PCI: Interrupt link GSIH configured for IRQ 23
[    8.584976] iommu: Default domain type: Translated
[    8.592296] iommu: DMA domain TLB invalidation policy: lazy mode
[    8.623591] SCSI subsystem initialized
[    8.630906] libata version 3.00 loaded.
[    8.632405] ACPI: bus type USB registered
[    8.641170] usbcore: registered new interface driver usbfs
[    8.652148] usbcore: registered new interface driver hub
[    8.660823] usbcore: registered new device driver usb
[    8.669870] pps_core: LinuxPPS API ver. 1 registered
[    8.680258] pps_core: Software ver. 5.3.6 - Copyright 2005-2007 Rodolfo Giometti <giometti@linux.it>
[    8.696290] PTP clock support registered
[    8.706404] EDAC MC: Ver: 3.0.0
[    8.734486] NetLabel: Initializing
[    8.740232] NetLabel:  domain hash size = 128
[    8.748140] NetLabel:  protocols = UNLABELED CIPSOv4 CALIPSO
[    8.757033] NetLabel:  unlabeled traffic allowed by default
[    8.774579] PCI: Using ACPI for IRQ routing
[   10.847186] PCI: pci_cache_line_size set to 64 bytes
[   10.849276] e820: reserve RAM buffer [mem 0x0009fc00-0x0009ffff]
[   10.849462] e820: reserve RAM buffer [mem 0x7ffda000-0x7fffffff]
[   10.851189] pci 0000:00:01.0: vgaarb: setting as boot VGA device
[   10.852100] pci 0000:00:01.0: vgaarb: bridge control possible
[   10.852100] pci 0000:00:01.0: vgaarb: VGA device added: decodes=io+mem,owns=io+mem,locks=none
[   10.884172] vgaarb: loaded
[   10.889866] hpet0: at MMIO 0xfed00000, IRQs 2, 8, 0
[   10.900147] hpet0: 3 comparators, 64-bit 100.000000 MHz counter
[   10.958787] clocksource: Switched to clocksource kvm-clock
[   10.980686] VFS: Disk quotas dquot_6.6.0
[   10.989194] VFS: Dquot-cache hash table entries: 512 (order 0, 4096 bytes)
[   11.011611] AppArmor: AppArmor Filesystem Enabled
[   11.021672] pnp: PnP ACPI init
[   11.036642] system 00:05: [mem 0xb0000000-0xbfffffff window] has been reserved
[   11.082766] pnp: PnP ACPI: found 6 devices
[   11.170169] clocksource: acpi_pm: mask: 0xffffff max_cycles: 0xffffff, max_idle_ns: 2085701024 ns
[   11.188011] NET: Registered PF_INET protocol family
[   11.199324] IP idents hash table entries: 262144 (order: 9, 2097152 bytes, linear)
[   11.224529] tcp_listen_portaddr_hash hash table entries: 8192 (order: 7, 655360 bytes, linear)
[   11.239735] Table-perturb hash table entries: 65536 (order: 6, 262144 bytes, linear)
[   11.253680] TCP established hash table entries: 131072 (order: 8, 1048576 bytes, linear)
[   11.279978] TCP bind hash table entries: 65536 (order: 11, 10485760 bytes, vmalloc hugepage)
[   11.299759] TCP: Hash tables configured (established 131072 bind 65536)
[   11.318296] MPTCP token hash table entries: 16384 (order: 8, 1572864 bytes, linear)
[   11.340203] UDP hash table entries: 8192 (order: 9, 2490368 bytes, linear)
[   11.360570] UDP-Lite hash table entries: 8192 (order: 9, 2490368 bytes, linear)
[   11.379486] NET: Registered PF_UNIX/PF_LOCAL protocol family
[   11.391320] NET: Registered PF_XDP protocol family
[   11.399583] pci 0000:00:03.0: bridge window [io  0x1000-0x0fff] to [bus 01] add_size 1000
[   11.413110] pci 0000:00:03.0: bridge window [io  0x1000-0x1fff]: assigned
[   11.424303] pci 0000:00:03.0: PCI bridge to [bus 01]
[   11.432439] pci 0000:00:03.0:   bridge window [io  0x1000-0x1fff]
[   11.443966] pci 0000:00:03.0:   bridge window [mem 0xfe800000-0xfe9fffff]
[   11.456148] pci 0000:00:03.0:   bridge window [mem 0xfe000000-0xfe1fffff 64bit pref]
[   11.471081] pci_bus 0000:00: resource 4 [io  0x0000-0x0cf7 window]
[   11.481496] pci_bus 0000:00: resource 5 [io  0x0d00-0xffff window]
[   11.491526] pci_bus 0000:00: resource 6 [mem 0x000a0000-0x000bffff window]
[   11.502004] pci_bus 0000:00: resource 7 [mem 0x80000000-0xafffffff window]
[   11.512919] pci_bus 0000:00: resource 8 [mem 0xc0000000-0xfebfffff window]
[   11.523850] pci_bus 0000:00: resource 9 [mem 0x1c00000000-0x23ffffffff window]
[   11.536297] pci_bus 0000:01: resource 0 [io  0x1000-0x1fff]
[   11.545148] pci_bus 0000:01: resource 1 [mem 0xfe800000-0xfe9fffff]
[   11.555105] pci_bus 0000:01: resource 2 [mem 0xfe000000-0xfe1fffff 64bit pref]
[   11.567949] PCI: CLS 0 bytes, default 64
[   11.575389] PCI-DMA: Using software bounce buffering for IO (SWIOTLB)
[   11.578277] Trying to unpack rootfs image as initramfs...
[   11.585785] software IO TLB: mapped [mem 0x0000000065000000-0x0000000069000000] (64MB)
[   11.586597] clocksource: tsc: mask: 0xffffffffffffffff max_cycles: 0x2a48a50322c, max_idle_ns: 440795287943 ns
[   11.651642] Initialise system trusted keyrings
[   11.660158] Key type blacklist registered
[   11.668751] workingset: timestamp_bits=36 max_order=21 bucket_order=0
[   11.679131] zbud: loaded
[   11.702787] squashfs: version 4.0 (2009/01/31) Phillip Lougher
[   11.717735] fuse: init (API version 7.41)
[   11.728652] integrity: Platform Keyring initialized
[   11.759313] Key type asymmetric registered
[   11.766060] Asymmetric key parser 'x509' registered
[   11.774933] Block layer SCSI generic (bsg) driver version 0.4 loaded (major 243)
[   11.789206] io scheduler mq-deadline registered
[   11.827181] ledtrig-cpu: registered to indicate activity on CPUs
[   11.870251] ACPI: \_SB_.GSIH: Enabled at IRQ 23
[   11.888698] pcieport 0000:00:03.0: PME: Signaling with IRQ 24
[   11.903594] pcieport 0000:00:03.0: AER: enabled with IRQ 24
[   11.918707] shpchp: Standard Hot Plug PCI Controller Driver version: 0.4
[   11.935387] input: Power Button as /devices/LNXSYSTM:00/LNXPWRBN:00/input/input0
[   11.951273] ACPI: button: Power Button [PWRF]
[   12.081787] ACPI: \_SB_.GSIG: Enabled at IRQ 22
[   12.142152] ACPI: \_SB_.GSIE: Enabled at IRQ 20
[   12.204945] Serial: 8250/16550 driver, 32 ports, IRQ sharing enabled
[   12.270438] 00:03: ttyS0 at I/O 0x3f8 (irq = 4, base_baud = 115200) is a 16550A
[   12.433200] Linux agpgart interface v0.103
[   12.641804] loop: module loaded
[   12.658203] tun: Universal TUN/TAP device driver, 1.6
[   12.667922] PPP generic driver version 2.4.2
[   12.680750] VFIO - User Level meta-driver version: 0.3
[   12.693989] i8042: PNP: PS/2 Controller [PNP0303:KBD,PNP0f13:MOU] at 0x60,0x64 irq 1,12
[   12.715363] serio: i8042 KBD port at 0x60,0x64 irq 1
[   12.723882] serio: i8042 AUX port at 0x60,0x64 irq 12
[   12.737096] mousedev: PS/2 mouse device common for all mice
[   12.750130] rtc_cmos 00:04: RTC can wake from S4
[   12.762768] input: AT Translated Set 2 keyboard as /devices/platform/i8042/serio0/input/input1
[   12.770786] rtc_cmos 00:04: registered as rtc0
[   12.786612] rtc_cmos 00:04: setting system clock to 2025-01-11T13:48:41 UTC (1736603321)
[   12.801554] rtc_cmos 00:04: alarms up to one day, y3k, 242 bytes nvram, hpet irqs
[   12.813884] i2c_dev: i2c /dev entries driver
[   12.821546] device-mapper: core: CONFIG_IMA_DISABLE_HTABLE is disabled. Duplicate IMA measurements will not be recorded in the IMA log.
[   12.841379] device-mapper: uevent: version 1.0.3
[   12.851651] device-mapper: ioctl: 4.48.0-ioctl (2023-03-01) initialised: dm-devel@lists.linux.dev
[   12.867001] platform eisa.0: Probing EISA bus 0
[   12.874574] platform eisa.0: EISA: Cannot allocate resource for mainboard
[   12.885510] platform eisa.0: Cannot allocate resource for EISA slot 1
[   12.895947] platform eisa.0: Cannot allocate resource for EISA slot 2
[   12.907622] platform eisa.0: Cannot allocate resource for EISA slot 3
[   12.918228] platform eisa.0: Cannot allocate resource for EISA slot 4
[   12.928739] platform eisa.0: Cannot allocate resource for EISA slot 5
[   12.939469] platform eisa.0: Cannot allocate resource for EISA slot 6
[   12.949289] platform eisa.0: Cannot allocate resource for EISA slot 7
[   12.959731] platform eisa.0: Cannot allocate resource for EISA slot 8
[   12.970370] platform eisa.0: EISA: Detected 0 cards
[   12.977880] intel_pstate: CPU model not supported
[   12.988928] drop_monitor: Initializing network drop monitor service
[   13.001119] NET: Registered PF_INET6 protocol family
[   15.585225] Freeing initrd memory: 100064K
[   15.703153] Segment Routing with IPv6
[   15.709858] In-situ OAM (IOAM) with IPv6
[   15.716800] NET: Registered PF_PACKET protocol family
[   15.726569] Key type dns_resolver registered
[   15.790435] IPI shorthand broadcast: enabled
[   15.896297] registered taskstats version 1
[   15.935189] Loading compiled-in X.509 certificates
[   16.099680] Demotion targets for Node 0: null
[   16.108360] kmemleak: Kernel memory leak detector initialized (mem pool available: 14031)
[   16.108678] kmemleak: Automatic memory scanning thread started
[   16.127292] Key type .fscrypt registered
[   16.140346] Key type fscrypt-provisioning registered
[   16.225518] cryptd: module verification failed: signature and/or required key missing - tainting kernel
[   16.257685] cryptd: max_cpu_qlen set to 1000
[   16.467304] Key type encrypted registered
[   16.474143] AppArmor: AppArmor sha256 policy hashing enabled
[   16.484909] ima: No TPM chip found, activating TPM-bypass!
[   16.495350] Loading compiled-in module X.509 certificates
[   16.504364] ima: Allocated hash algorithm: sha1
[   16.513013] ima: No architecture policies found
[   16.521300] evm: Initialising EVM extended attributes:
[   16.530082] evm: security.selinux
[   16.535825] evm: security.SMACK64
[   16.541431] evm: security.SMACK64EXEC
[   16.547647] evm: security.SMACK64TRANSMUTE
[   16.554548] evm: security.SMACK64MMAP
[   16.560749] evm: security.apparmor
[   16.566553] evm: security.ima
[   16.571730] evm: security.capability
[   16.577770] evm: HMAC attrs: 0x1
[   16.596879] PM:   Magic number: 9:959:836
[   16.608438] RAS: Correctable Errors collector initialized.
[   16.622165] Unstable clock detected, switching default tracing clock to "global"
               If you want to keep using the local clock, then add:
                 "trace_clock=local"
               on the kernel command line
[   16.669316] clk: Disabling unused clocks
[   16.745781] Freeing unused decrypted memory: 2036K
[   16.779220] Freeing unused kernel image (initmem) memory: 9908K
[   16.789707] Write protecting the kernel read-only data: 67584k
[   16.802902] Freeing unused kernel image (rodata/data gap) memory: 1336K
[   16.878070] x86/mm: Checked W+X mappings: passed, no W+X pages found.
[   16.885756] x86/mm: Checking user space page tables
[   16.951765] x86/mm: Checked W+X mappings: passed, no W+X pages found.
[   16.959157] Run /init as init process
[   16.963665]   with arguments:
[   16.963683]     /init
[   16.963690]     nokaslr
[   16.963697]   with environment:
[   16.963703]     HOME=/
[   16.963710]     TERM=linux
[   19.811600] lpc_ich 0000:00:1f.0: I/O space for GPIO uninitialized
[   19.872498] virtio_blk virtio2: 32/0/0 default/read/poll queues
[   19.902970] ahci 0000:00:1f.2: version 3.0
[   19.904220] input: VirtualPS/2 VMware VMMouse as /devices/platform/i8042/serio1/input/input4
[   19.973147] input: VirtualPS/2 VMware VMMouse as /devices/platform/i8042/serio1/input/input3
[   20.004549] ACPI: \_SB_.GSIA: Enabled at IRQ 16
[   20.031463] i801_smbus 0000:00:1f.3: SMBus using PCI interrupt
[   20.043759] ahci 0000:00:1f.2: AHCI vers 0001.0000, 32 command slots, 1.5 Gbps, SATA mode
[   20.056327] ahci 0000:00:1f.2: 6/6 ports implemented (port mask 0x3f)
[   20.067146] ahci 0000:00:1f.2: flags: 64bit ncq only 
[   20.094890] i2c i2c-0: Memory type 0x07 not supported yet, not instantiating SPD
[   20.260716] scsi host0: ahci
[   20.278802] scsi host1: ahci
[   20.296268] virtio_blk virtio2: [vda] 209715200 512-byte logical blocks (107 GB/100 GiB)
[   20.297452] scsi host2: ahci
[   20.374869] scsi host3: ahci
[   20.420960] scsi host4: ahci
[   20.472768] scsi host5: ahci
[   20.480610] nd_pmem namespace0.0: unable to guarantee persistence of writes
[   20.505543] ata1: SATA max UDMA/133 abar m4096@0xfea53000 port 0xfea53100 irq 42 lpm-pol 0
[   20.517825] ata2: SATA max UDMA/133 abar m4096@0xfea53000 port 0xfea53180 irq 42 lpm-pol 0
[   20.518308]  vda: vda1 vda14 vda15
[   20.522915] virtio_net virtio0 enp0s2: renamed from eth0
[   20.529775] ata3: SATA max UDMA/133 abar m4096@0xfea53000 port 0xfea53200 irq 42 lpm-pol 0
[   20.550662] ata4: SATA max UDMA/133 abar m4096@0xfea53000 port 0xfea53280 irq 42 lpm-pol 0
[   20.564449] ata5: SATA max UDMA/133 abar m4096@0xfea53000 port 0xfea53300 irq 42 lpm-pol 0
[   20.576323] ata6: SATA max UDMA/133 abar m4096@0xfea53000 port 0xfea53380 irq 42 lpm-pol 0
[   20.914202] ata1: SATA link up 1.5 Gbps (SStatus 113 SControl 300)
[   20.929792] ata3: SATA link up 1.5 Gbps (SStatus 113 SControl 300)
[   20.944120] ata4: SATA link up 1.5 Gbps (SStatus 113 SControl 300)
[   20.954803] ata1.00: ATA-7: QEMU HARDDISK, 2.5+, max UDMA/100
[   20.964510] ata1.00: 20971520 sectors, multi 16: LBA48 NCQ (depth 32)
[   20.976732] ata1.00: applying bridge limits
[   20.985105] ata4.00: ATA-7: QEMU HARDDISK, 2.5+, max UDMA/100
[   20.994153] ata4.00: 20971520 sectors, multi 16: LBA48 NCQ (depth 32)
[   21.003629] ata4.00: applying bridge limits
[   21.011837] ata2: SATA link up 1.5 Gbps (SStatus 113 SControl 300)
[   21.021522] ata6: SATA link down (SStatus 0 SControl 300)
[   21.028609] ata2.00: ATA-7: QEMU HARDDISK, 2.5+, max UDMA/100
[   21.035241] ata2.00: 20971520 sectors, multi 16: LBA48 NCQ (depth 32)
[   21.042543] ata2.00: applying bridge limits
[   21.049749] ata5: SATA link down (SStatus 0 SControl 300)
[   21.060260] ata3.00: ATA-7: QEMU HARDDISK, 2.5+, max UDMA/100
[   21.067137] ata3.00: 20971520 sectors, multi 16: LBA48 NCQ (depth 32)
[   21.074505] ata3.00: applying bridge limits
[   21.080046] ata1.00: configured for UDMA/100
[   21.085848] ata3.00: configured for UDMA/100
[   21.090635] scsi 0:0:0:0: Direct-Access     ATA      QEMU HARDDISK    2.5+ PQ: 0 ANSI: 5
[   21.092266] ata4.00: configured for UDMA/100
[   21.108449] ata2.00: configured for UDMA/100
[   21.116137] sd 0:0:0:0: Attached scsi generic sg0 type 0
[   21.116492] sd 0:0:0:0: [sda] 20971520 512-byte logical blocks: (10.7 GB/10.0 GiB)
[   21.130340] scsi 1:0:0:0: Direct-Access     ATA      QEMU HARDDISK    2.5+ PQ: 0 ANSI: 5
[   21.135074] sd 0:0:0:0: [sda] Write Protect is off
[   21.150129] sd 0:0:0:0: [sda] Mode Sense: 00 3a 00 00
[   21.151178] sd 1:0:0:0: Attached scsi generic sg1 type 0
[   21.151237] sd 0:0:0:0: [sda] Write cache: enabled, read cache: enabled, doesn't support DPO or FUA
[   21.151956] sd 1:0:0:0: [sdb] 20971520 512-byte logical blocks: (10.7 GB/10.0 GiB)
[   21.152120] sd 1:0:0:0: [sdb] Write Protect is off
[   21.152156] sd 1:0:0:0: [sdb] Mode Sense: 00 3a 00 00
[   21.152514] sd 1:0:0:0: [sdb] Write cache: enabled, read cache: enabled, doesn't support DPO or FUA
[   21.153340] sd 1:0:0:0: [sdb] Preferred minimum I/O size 512 bytes
[   21.160704] scsi 2:0:0:0: Direct-Access     ATA      QEMU HARDDISK    2.5+ PQ: 0 ANSI: 5
[   21.171791] sd 0:0:0:0: [sda] Preferred minimum I/O size 512 bytes
[   21.187533] sd 2:0:0:0: Attached scsi generic sg2 type 0
[   21.187890] sd 2:0:0:0: [sdc] 20971520 512-byte logical blocks: (10.7 GB/10.0 GiB)
[   21.190663] scsi 3:0:0:0: Direct-Access     ATA      QEMU HARDDISK    2.5+ PQ: 0 ANSI: 5
[   21.197731] sd 3:0:0:0: Attached scsi generic sg3 type 0
[   21.198050] sd 3:0:0:0: [sdd] 20971520 512-byte logical blocks: (10.7 GB/10.0 GiB)
[   21.198237] sd 3:0:0:0: [sdd] Write Protect is off
[   21.198266] sd 3:0:0:0: [sdd] Mode Sense: 00 3a 00 00
[   21.198459] sd 3:0:0:0: [sdd] Write cache: enabled, read cache: enabled, doesn't support DPO or FUA
[   21.198803] sd 3:0:0:0: [sdd] Preferred minimum I/O size 512 bytes
[   21.289047] sd 2:0:0:0: [sdc] Write Protect is off
[   21.295037] sd 2:0:0:0: [sdc] Mode Sense: 00 3a 00 00
[   21.295494] sd 2:0:0:0: [sdc] Write cache: enabled, read cache: enabled, doesn't support DPO or FUA
[   21.306829] sd 2:0:0:0: [sdc] Preferred minimum I/O size 512 bytes
[   21.325847] sd 1:0:0:0: [sdb] Attached SCSI disk
[   21.326118] sd 3:0:0:0: [sdd] Attached SCSI disk
[   21.340164] sd 0:0:0:0: [sda] Attached SCSI disk
[   21.370972] sd 2:0:0:0: [sdc] Attached SCSI disk
[   24.506062] raid6: sse2x4   gen()  9155 MB/s
[   24.578130] raid6: sse2x2   gen()  8856 MB/s
[   24.650112] raid6: sse2x1   gen()  8082 MB/s
[   24.655238] raid6: using algorithm sse2x4 gen() 9155 MB/s
[   24.726113] raid6: .... xor() 4246 MB/s, rmw enabled
[   24.731998] raid6: using ssse3x2 recovery algorithm
[   24.747323] xor: measuring software checksum speed
[   24.755388]    prefetch64-sse  : 14043 MB/sec
[   24.762098]    generic_sse     :  7679 MB/sec
[   24.768569] xor: using function: prefetch64-sse (14043 MB/sec)
[   24.784073] async_tx: api initialized (async)
[   26.143176] Btrfs loaded, zoned=yes, fsverity=yes
[   27.053395] EXT4-fs (vda1): mounted filesystem 26c50908-598b-4e8e-871e-35718a3a1426 ro with ordered data mode. Quota mode: none.
[   28.305082] systemd[1]: Inserted module 'autofs4'
[   28.494706] systemd[1]: systemd 249.11-0ubuntu3.10 running in system mode (+PAM +AUDIT +SELINUX +APPARMOR +IMA +SMACK +SECCOMP +GCRYPT +GNUTLS +OPENSSL +ACL +BLKID +CURL +ELFUTILS +FIDO2 +IDN2 -IDN +IPTC +KMOD +LIBCRYPTSETUP +LIBFDISK +PCRE2 -PWQUALITY -P11KIT -QRENCODE +BZIP2 +LZ4 +XZ +ZLIB +ZSTD -XKBCOMMON +UTMP +SYSVINIT default-hierarchy=unified)
[   28.536162] systemd[1]: Detected virtualization kvm.
[   28.544221] systemd[1]: Detected architecture x86-64.
[   28.568359] systemd[1]: Hostname set to <qemu-2>.
[   29.200451] block vda: the capability attribute has been deprecated.
[   29.422727] random: crng init done
[   30.481025] systemd[1]: Queued start job for default target Graphical Interface.
[   30.583051] systemd[1]: Created slice Slice /system/modprobe.
[   30.616008] systemd[1]: Created slice Slice /system/serial-getty.
[   30.647793] systemd[1]: Created slice Slice /system/systemd-fsck.
[   30.681162] systemd[1]: Created slice User and Session Slice.
[   30.701325] systemd[1]: Started Forward Password Requests to Wall Directory Watch.
[   30.728720] systemd[1]: Set up automount Arbitrary Executable File Formats File System Automount Point.
[   30.755026] systemd[1]: Reached target Slice Units.
[   30.771453] systemd[1]: Reached target Mounting snaps.
[   30.788388] systemd[1]: Reached target Swaps.
[   30.802946] systemd[1]: Reached target Local Verity Protected Volumes.
[   30.825079] systemd[1]: Listening on Device-mapper event daemon FIFOs.
[   30.848830] systemd[1]: Listening on LVM2 poll daemon socket.
[   30.870664] systemd[1]: Listening on multipathd control socket.
[   31.034523] systemd[1]: Listening on RPCbind Server Activation Socket.
[   31.059998] systemd[1]: Listening on Syslog Socket.
[   31.078946] systemd[1]: Listening on fsck to fsckd communication Socket.
[   31.102420] systemd[1]: Listening on initctl Compatibility Named Pipe.
[   31.127153] systemd[1]: Listening on Journal Audit Socket.
[   31.149561] systemd[1]: Listening on Journal Socket (/dev/log).
[   31.173369] systemd[1]: Listening on Journal Socket.
[   31.193051] systemd[1]: Listening on Network Service Netlink Socket.
[   31.219410] systemd[1]: Listening on udev Control Socket.
[   31.241208] systemd[1]: Listening on udev Kernel Socket.
[   31.312729] systemd[1]: Mounting Huge Pages File System...
[   31.403027] systemd[1]: Mounting POSIX Message Queue File System...
[   31.452103] systemd[1]: Mounting Kernel Debug File System...
[   31.499106] systemd[1]: Mounting Kernel Trace File System...
[   31.615960] systemd[1]: Starting Journal Service...
[   31.632569] systemd[1]: Condition check resulted in Kernel Module supporting RPCSEC_GSS being skipped.
[   31.676777] systemd[1]: Starting Set the console keyboard layout...
[   31.731226] systemd[1]: Starting Create List of Static Device Nodes...
[   31.787839] systemd[1]: Starting Monitoring of LVM2 mirrors, snapshots etc. using dmeventd or progress polling...
[   31.818467] systemd[1]: Condition check resulted in LXD - agent being skipped.
[   31.891848] systemd[1]: Starting Load Kernel Module configfs...
[   31.940211] systemd[1]: Starting Load Kernel Module drm...
[   32.012517] systemd[1]: Starting Load Kernel Module efi_pstore...
[   32.130107] systemd[1]: Starting Load Kernel Module fuse...
[   32.151933] systemd[1]: Condition check resulted in OpenVSwitch configuration for cleanup being skipped.
[   32.164901] systemd[1]: Condition check resulted in File System Check on Root Device being skipped.
[   32.215776] systemd[1]: Starting Load Kernel Modules...
[   32.272297] ACPI: bus type drm_connector registered
[   32.284174] systemd[1]: Starting Remount Root and Kernel File Systems...
[   32.352604] systemd[1]: Starting Coldplug All udev Devices...
[   32.416402] systemd[1]: Started Journal Service.
[   32.478241] EXT4-fs (vda1): re-mounted 26c50908-598b-4e8e-871e-35718a3a1426 r/w. Quota mode: none.
[   33.076462] alua: device handler registered
[   33.104804] emc: device handler registered
[   33.131722] systemd-journald[590]: Received client request to flush runtime journal.
[   33.150403] rdac: device handler registered
[   33.167594] systemd-journald[590]: File /var/log/journal/02c9a06a7911097a3b638c9756cf2e6e/system.journal corrupted or uncleanly shut down, renaming and replacing.
[   34.015914] loop0: detected capacity change from 0 to 130888
[   34.083434] loop1: detected capacity change from 0 to 130448
[   34.140006] loop2: detected capacity change from 0 to 229272
[   34.193247] loop3: detected capacity change from 0 to 178256
[   34.255724] loop4: detected capacity change from 0 to 82800
[   34.340840] loop5: detected capacity change from 0 to 79520
[   36.307151] parport_pc 00:02: reported by Plug and Play ACPI
[   36.338932] parport0: PC-style at 0x378, irq 7 [PCSPP,TRISTATE]
[   40.597394] ppdev: user-space parallel port driver
[   40.828640] kvm_intel: VM_EXIT_LOAD_IA32_PERF_GLOBAL_CTRL does not work properly. Using workaround
[   41.647058] audit: type=1400 audit(1736603350.356:2): apparmor="STATUS" operation="profile_load" profile="unconfined" name="swtpm" pid=1279 comm="apparmor_parser"
[   41.650707] audit: type=1400 audit(1736603350.360:3): apparmor="STATUS" operation="profile_load" profile="unconfined" name="/usr/bin/man" pid=1278 comm="apparmor_parser"
[   41.650925] audit: type=1400 audit(1736603350.360:4): apparmor="STATUS" operation="profile_load" profile="unconfined" name="man_filter" pid=1278 comm="apparmor_parser"
[   41.651053] audit: type=1400 audit(1736603350.360:5): apparmor="STATUS" operation="profile_load" profile="unconfined" name="man_groff" pid=1278 comm="apparmor_parser"
[   41.652702] audit: type=1400 audit(1736603350.360:6): apparmor="STATUS" operation="profile_load" profile="unconfined" name="lsb_release" pid=1274 comm="apparmor_parser"
[   41.657728] audit: type=1400 audit(1736603350.364:7): apparmor="STATUS" operation="profile_load" profile="unconfined" name="virt-aa-helper" pid=1282 comm="apparmor_parser"
[   41.661479] audit: type=1400 audit(1736603350.368:8): apparmor="STATUS" operation="profile_load" profile="unconfined" name="nvidia_modprobe" pid=1275 comm="apparmor_parser"
[   41.661671] audit: type=1400 audit(1736603350.368:9): apparmor="STATUS" operation="profile_load" profile="unconfined" name="nvidia_modprobe//kmod" pid=1275 comm="apparmor_parser"
[   41.676141] audit: type=1400 audit(1736603350.384:10): apparmor="STATUS" operation="profile_load" profile="unconfined" name="tcpdump" pid=1281 comm="apparmor_parser"
[   41.683693] audit: type=1400 audit(1736603350.392:11): apparmor="STATUS" operation="profile_load" profile="unconfined" name="/usr/lib/snapd/snap-confine" pid=1283 comm="apparmor_parser"
[   43.208155] RPC: Registered named UNIX socket transport module.
[   43.208182] RPC: Registered udp transport module.
[   43.208190] RPC: Registered tcp transport module.
[   43.208197] RPC: Registered tcp-with-tls transport module.
[   43.208204] RPC: Registered tcp NFSv4.1 backchannel transport module.
[   47.468040] loop6: detected capacity change from 0 to 8
[   57.047203] netfs: FS-Cache loaded
[   58.367556] NFS: Registering the id_resolver key type
[   58.367751] Key type id_resolver registered
[   58.367763] Key type id_legacy registered
[   81.302559] cbd: loading out-of-tree module taints kernel.
[   88.616305] cbd: backend_validate:554 cbd_transport0: duplicated backend path: /dev/sda with backend_id: 0
[   90.502979] cbd: backend_validate:544 cbd_transport0: found backend_id: 0 for host_id: 1, path: /dev/sda
[   90.510986] cbd: cbd_backend_init:394 cbd_transport0: attach backend to backend_id: 0
[  130.725156] cbd: cache_validate:304 cbd_transport0: n_paral 1 requires cache size (167772160), more than current (16777216).
[  134.731606] cbd: backend_open_bdev:284 cbd_transport0: backend0: failed to open bdev: -2
[  137.513097] cbd: cache_validate:311 cbd_transport0: too large cache_segs: 32768, segment_num: 1405
[  146.394131] ==== end /root/avocado/job-results/job-2025-01-09T22.24-1680aba/test-results/256-._cbdctrl.py_CbdctrlTest.test_run-cache_data_crc-disable-cache_for_xfstests-no_cache-channel_crc-channel_data_crc-host_mode-multi_host-multihost-enable-test_script-backend-246c ==== 
