MemTotal:       90622540 kB
MemFree:        33202216 kB
MemAvailable:   33307404 kB
Buffers:          122336 kB
Cached:         20619148 kB
SwapCached:            0 kB
Active:         16743896 kB
Inactive:       38213168 kB
Active(anon):   16309588 kB
Inactive(anon): 37826884 kB
Active(file):     434308 kB
Inactive(file):   386284 kB
Unevictable:       38520 kB
Mlocked:           38520 kB
SwapTotal:             0 kB
SwapFree:              0 kB
Zswap:                 0 kB
Zswapped:              0 kB
Dirty:               768 kB
Writeback:             0 kB
AnonPages:      34253744 kB
Mapped:           491004 kB
Shmem:          19903020 kB
KReclaimable:      97760 kB
Slab:             354808 kB
SReclaimable:      97760 kB
SUnreclaim:       257048 kB
KernelStack:       12064 kB
PageTables:        92016 kB
SecPageTables:     14100 kB
NFS_Unstable:          0 kB
Bounce:                0 kB
WritebackTmp:          0 kB
CommitLimit:    45311268 kB
Committed_AS:   94739172 kB
VmallocTotal:   34359738367 kB
VmallocUsed:       52680 kB
VmallocChunk:          0 kB
Percpu:            37888 kB
HardwareCorrupted:     0 kB
AnonHugePages:  33583104 kB
ShmemHugePages:        0 kB
ShmemPmdMapped:        0 kB
FileHugePages:         0 kB
FilePmdMapped:         0 kB
Unaccepted:            0 kB
HugePages_Total:       0
HugePages_Free:        0
HugePages_Rsvd:        0
HugePages_Surp:        0
Hugepagesize:       2048 kB
Hugetlb:               0 kB
DirectMap4k:      210784 kB
DirectMap2M:     9226240 kB
DirectMap1G:    189792256 kB
