[    0.000000] Linux version 6.13.0-rc5+ (root@ubuntu-22-04-server) (gcc (Ubuntu 11.4.0-1ubuntu1~22.04) 11.4.0, GNU ld (GNU Binutils for Ubuntu) 2.38) #2 SMP PREEMPT_DYNAMIC Fri Jan  3 15:43:06 CST 2025
[    0.000000] Command line: intremap=off console=ttyS0,115200 nokaslr root=/dev/vda1 crashkernel=1G-:2G
[    0.000000] KERNEL supported cpus:
[    0.000000]   Intel GenuineIntel
[    0.000000]   AMD AuthenticAMD
[    0.000000]   Hygon HygonGenuine
[    0.000000]   Centaur CentaurHauls
[    0.000000]   zhaoxin   Shanghai  
[    0.000000] BIOS-provided physical RAM map:
[    0.000000] BIOS-e820: [mem 0x0000000000000000-0x000000000009fbff] usable
[    0.000000] BIOS-e820: [mem 0x000000000009fc00-0x000000000009ffff] reserved
[    0.000000] BIOS-e820: [mem 0x00000000000f0000-0x00000000000fffff] reserved
[    0.000000] BIOS-e820: [mem 0x0000000000100000-0x000000007ffd9fff] usable
[    0.000000] BIOS-e820: [mem 0x000000007ffda000-0x000000007fffffff] reserved
[    0.000000] BIOS-e820: [mem 0x00000000b0000000-0x00000000bfffffff] reserved
[    0.000000] BIOS-e820: [mem 0x00000000fed1c000-0x00000000fed1ffff] reserved
[    0.000000] BIOS-e820: [mem 0x00000000feffc000-0x00000000feffffff] reserved
[    0.000000] BIOS-e820: [mem 0x00000000fffc0000-0x00000000ffffffff] reserved
[    0.000000] BIOS-e820: [mem 0x0000000100000000-0x000000037fffffff] usable
[    0.000000] NX (Execute Disable) protection: active
[    0.000000] APIC: Static calls initialized
[    0.000000] SMBIOS 2.8 present.
[    0.000000] DMI: QEMU Standard PC (Q35 + ICH9, 2009), BIOS rel-1.16.3-0-ga6ed6b701f0a-prebuilt.qemu.org 04/01/2014
[    0.000000] DMI: Memory slots populated: 1/1
[    0.000000] Hypervisor detected: KVM
[    0.000000] kvm-clock: Using msrs 4b564d01 and 4b564d00
[    0.000008] kvm-clock: using sched offset of 3582969029 cycles
[    0.000022] clocksource: kvm-clock: mask: 0xffffffffffffffff max_cycles: 0x1cd42e4dffb, max_idle_ns: 881590591483 ns
[    0.000065] tsc: Detected 2933.436 MHz processor
[    0.002418] e820: update [mem 0x00000000-0x00000fff] usable ==> reserved
[    0.002427] e820: remove [mem 0x000a0000-0x000fffff] usable
[    0.002440] last_pfn = 0x380000 max_arch_pfn = 0x400000000
[    0.003067] MTRR map: 4 entries (3 fixed + 1 variable; max 19), built from 8 variable MTRRs
[    0.003111] x86/PAT: Configuration [0-7]: WB  WC  UC- UC  WB  WP  UC- WT  
[    0.003837] last_pfn = 0x7ffda max_arch_pfn = 0x400000000
[    0.015398] found SMP MP-table at [mem 0x000f5450-0x000f545f]
[    0.015516] Using GB pages for direct mapping
[    0.017282] RAMDISK: [mem 0x79e18000-0x7ffcffff]
[    0.017363] ACPI: Early table checksum verification disabled
[    0.017469] ACPI: RSDP 0x00000000000F5220 000014 (v00 BOCHS )
[    0.017528] ACPI: RSDT 0x000000007FFE3D96 000040 (v01 BOCHS  BXPC     00000001 BXPC 00000001)
[    0.017573] ACPI: FACP 0x000000007FFE25E7 0000F4 (v03 BOCHS  BXPC     00000001 BXPC 00000001)
[    0.017600] ACPI: DSDT 0x000000007FFDF040 0035A7 (v01 BOCHS  BXPC     00000001 BXPC 00000001)
[    0.017618] ACPI: FACS 0x000000007FFDF000 000040
[    0.017627] ACPI: APIC 0x000000007FFE26DB 000170 (v03 BOCHS  BXPC     00000001 BXPC 00000001)
[    0.017637] ACPI: HPET 0x000000007FFE284B 000038 (v01 BOCHS  BXPC     00000001 BXPC 00000001)
[    0.017647] ACPI: SRAT 0x000000007FFE2883 0002D0 (v01 BOCHS  BXPC     00000001 BXPC 00000001)
[    0.017657] ACPI: MCFG 0x000000007FFE2B53 00003C (v01 BOCHS  BXPC     00000001 BXPC 00000001)
[    0.017667] ACPI: SSDT 0x000000007FFE2B8F 0011DF (v01 BOCHS  NVDIMM   00000001 BXPC 00000001)
[    0.017677] ACPI: WAET 0x000000007FFE3D6E 000028 (v01 BOCHS  BXPC     00000001 BXPC 00000001)
[    0.017685] ACPI: Reserving FACP table memory at [mem 0x7ffe25e7-0x7ffe26da]
[    0.017689] ACPI: Reserving DSDT table memory at [mem 0x7ffdf040-0x7ffe25e6]
[    0.017691] ACPI: Reserving FACS table memory at [mem 0x7ffdf000-0x7ffdf03f]
[    0.017694] ACPI: Reserving APIC table memory at [mem 0x7ffe26db-0x7ffe284a]
[    0.017696] ACPI: Reserving HPET table memory at [mem 0x7ffe284b-0x7ffe2882]
[    0.017699] ACPI: Reserving SRAT table memory at [mem 0x7ffe2883-0x7ffe2b52]
[    0.017701] ACPI: Reserving MCFG table memory at [mem 0x7ffe2b53-0x7ffe2b8e]
[    0.017704] ACPI: Reserving SSDT table memory at [mem 0x7ffe2b8f-0x7ffe3d6d]
[    0.017706] ACPI: Reserving WAET table memory at [mem 0x7ffe3d6e-0x7ffe3d95]
[    0.018164] ACPI: SRAT: Node 0 PXM 0 [mem 0x00000000-0x0009ffff]
[    0.018172] ACPI: SRAT: Node 0 PXM 0 [mem 0x00100000-0x7fffffff]
[    0.018175] ACPI: SRAT: Node 0 PXM 0 [mem 0x100000000-0x37fffffff]
[    0.018178] ACPI: SRAT: Node 0 PXM 0 [mem 0x380000000-0x1bffffffff] hotplug
[    0.018192] NUMA: Node 0 [mem 0x00001000-0x0009ffff] + [mem 0x00100000-0x7fffffff] -> [mem 0x00001000-0x7fffffff]
[    0.018197] NUMA: Node 0 [mem 0x00001000-0x7fffffff] + [mem 0x100000000-0x37fffffff] -> [mem 0x00001000-0x37fffffff]
[    0.018226] NODE_DATA(0) allocated [mem 0x37ffd3700-0x37fffdfff]
[    0.018654] crashkernel low memory reserved: 0x69000000 - 0x79000000 (256 MB)
[    0.018660] crashkernel reserved: 0x00000002ff000000 - 0x000000037f000000 (2048 MB)
[    0.018881] Zone ranges:
[    0.018884]   DMA      [mem 0x0000000000001000-0x0000000000ffffff]
[    0.018889]   DMA32    [mem 0x0000000001000000-0x00000000ffffffff]
[    0.018892]   Normal   [mem 0x0000000100000000-0x000000037fffffff]
[    0.018895]   Device   empty
[    0.018897] Movable zone start for each node
[    0.018901] Early memory node ranges
[    0.018902]   node   0: [mem 0x0000000000001000-0x000000000009efff]
[    0.018909]   node   0: [mem 0x0000000000100000-0x000000007ffd9fff]
[    0.018913]   node   0: [mem 0x0000000100000000-0x000000037fffffff]
[    0.018917] Initmem setup node 0 [mem 0x0000000000001000-0x000000037fffffff]
[    0.020358] On node 0, zone DMA: 1 pages in unavailable ranges
[    0.020675] On node 0, zone DMA: 97 pages in unavailable ranges
[    0.307477] On node 0, zone Normal: 38 pages in unavailable ranges
[    1.929347] kasan: KernelAddressSanitizer initialized
[    1.937968] ACPI: PM-Timer IO Port: 0x608
[    1.938114] ACPI: LAPIC_NMI (acpi_id[0xff] dfl dfl lint[0x1])
[    1.938549] IOAPIC[0]: apic_id 0, version 17, address 0xfec00000, GSI 0-23
[    1.938568] ACPI: INT_SRC_OVR (bus 0 bus_irq 0 global_irq 2 dfl dfl)
[    1.938575] ACPI: INT_SRC_OVR (bus 0 bus_irq 5 global_irq 5 high level)
[    1.938578] ACPI: INT_SRC_OVR (bus 0 bus_irq 9 global_irq 9 high level)
[    1.938589] ACPI: INT_SRC_OVR (bus 0 bus_irq 10 global_irq 10 high level)
[    1.938593] ACPI: INT_SRC_OVR (bus 0 bus_irq 11 global_irq 11 high level)
[    1.938609] ACPI: Using ACPI (MADT) for SMP configuration information
[    1.938613] ACPI: HPET id: 0x8086a201 base: 0xfed00000
[    1.938633] TSC deadline timer available
[    1.938649] CPU topo: Max. logical packages:   2
[    1.938651] CPU topo: Max. logical dies:       2
[    1.938653] CPU topo: Max. dies per package:   1
[    1.938661] CPU topo: Max. threads per core:   2
[    1.938663] CPU topo: Num. cores per package:     8
[    1.938665] CPU topo: Num. threads per package:  16
[    1.938667] CPU topo: Allowing 32 present CPUs plus 0 hotplug CPUs
[    1.938843] kvm-guest: APIC: eoi() replaced with kvm_guest_apic_eoi_write()
[    1.938975] kvm-guest: KVM setup pv remote TLB flush
[    1.939034] kvm-guest: setup PV sched yield
[    1.939215] PM: hibernation: Registered nosave memory: [mem 0x00000000-0x00000fff]
[    1.939223] PM: hibernation: Registered nosave memory: [mem 0x0009f000-0x0009ffff]
[    1.939226] PM: hibernation: Registered nosave memory: [mem 0x000a0000-0x000effff]
[    1.939228] PM: hibernation: Registered nosave memory: [mem 0x000f0000-0x000fffff]
[    1.939233] PM: hibernation: Registered nosave memory: [mem 0x7ffda000-0x7fffffff]
[    1.939236] PM: hibernation: Registered nosave memory: [mem 0x80000000-0xafffffff]
[    1.939238] PM: hibernation: Registered nosave memory: [mem 0xb0000000-0xbfffffff]
[    1.939241] PM: hibernation: Registered nosave memory: [mem 0xc0000000-0xfed1bfff]
[    1.939243] PM: hibernation: Registered nosave memory: [mem 0xfed1c000-0xfed1ffff]
[    1.939245] PM: hibernation: Registered nosave memory: [mem 0xfed20000-0xfeffbfff]
[    1.939247] PM: hibernation: Registered nosave memory: [mem 0xfeffc000-0xfeffffff]
[    1.939249] PM: hibernation: Registered nosave memory: [mem 0xff000000-0xfffbffff]
[    1.939251] PM: hibernation: Registered nosave memory: [mem 0xfffc0000-0xffffffff]
[    1.939265] [mem 0xc0000000-0xfed1bfff] available for PCI devices
[    1.939273] Booting paravirtualized kernel on KVM
[    1.939284] clocksource: refined-jiffies: mask: 0xffffffff max_cycles: 0xffffffff, max_idle_ns: 7645519600211568 ns
[    1.939378] setup_percpu: NR_CPUS:8192 nr_cpumask_bits:32 nr_cpu_ids:32 nr_node_ids:1
[    2.094645] percpu: Embedded 532 pages/cpu s2142208 r8192 d28672 u4194304
[    2.094719] pcpu-alloc: s2142208 r8192 d28672 u4194304 alloc=2*2097152
[    2.094728] pcpu-alloc: [0] 00 [0] 01 [0] 02 [0] 03 [0] 04 [0] 05 [0] 06 [0] 07 
[    2.094748] pcpu-alloc: [0] 08 [0] 09 [0] 10 [0] 11 [0] 12 [0] 13 [0] 14 [0] 15 
[    2.094767] pcpu-alloc: [0] 16 [0] 17 [0] 18 [0] 19 [0] 20 [0] 21 [0] 22 [0] 23 
[    2.094916] pcpu-alloc: [0] 24 [0] 25 [0] 26 [0] 27 [0] 28 [0] 29 [0] 30 [0] 31 
[    2.095372] kvm-guest: PV spinlocks enabled
[    2.095395] PV qspinlock hash table entries: 256 (order: 0, 4096 bytes, linear)
[    2.095413] Kernel command line: intremap=off console=ttyS0,115200 nokaslr root=/dev/vda1 crashkernel=1G-:2G
[    2.095685] Unknown kernel command line parameters "nokaslr", will be passed to user space.
[    2.095720] printk: log buffer data + meta data: 262144 + 917504 = 1179648 bytes
[    2.107385] Dentry cache hash table entries: 2097152 (order: 12, 16777216 bytes, linear)
[    2.112527] Inode-cache hash table entries: 1048576 (order: 11, 8388608 bytes, linear)
[    2.117245] Fallback order for Node 0: 0 
[    2.117278] Built 1 zonelists, mobility grouping on.  Total pages: 3145592
[    2.117282] Policy zone: Normal
[    2.117351] mem auto-init: stack:off, heap alloc:on, heap free:off
[    2.117364] stackdepot: allocating hash table via alloc_large_system_hash
[    2.117375] stackdepot hash table entries: 1048576 (order: 12, 16777216 bytes, linear)
[    2.129608] software IO TLB: area num 32.
[    2.947953] SLUB: HWalign=64, Order=0-3, MinObjects=0, CPUs=32, Nodes=1
[    2.949384] Kernel/User page tables isolation: enabled
[    2.950291] ftrace: allocating 52416 entries in 205 pages
[    3.270925] ftrace: allocated 205 pages with 5 groups
[    3.278450] Dynamic Preempt: voluntary
[    3.287679] Running RCU self tests
[    3.287682] Running RCU synchronous self tests
[    3.287747] rcu: Preemptible hierarchical RCU implementation.
[    3.287750] rcu: 	RCU lockdep checking is enabled.
[    3.287751] rcu: 	RCU restricting CPUs from NR_CPUS=8192 to nr_cpu_ids=32.
[    3.287756] 	Trampoline variant of Tasks RCU enabled.
[    3.287758] 	Rude variant of Tasks RCU enabled.
[    3.287759] 	Tracing variant of Tasks RCU enabled.
[    3.287761] rcu: RCU calculated value of scheduler-enlistment delay is 25 jiffies.
[    3.287763] rcu: Adjusting geometry for rcu_fanout_leaf=16, nr_cpu_ids=32
[    3.288446] Running RCU synchronous self tests
[    3.288481] RCU Tasks: Setting shift to 5 and lim to 1 rcu_task_cb_adjust=1 rcu_task_cpu_ids=32.
[    3.288508] RCU Tasks Rude: Setting shift to 5 and lim to 1 rcu_task_cb_adjust=1 rcu_task_cpu_ids=32.
[    3.288535] RCU Tasks Trace: Setting shift to 5 and lim to 1 rcu_task_cb_adjust=1 rcu_task_cpu_ids=32.
[    3.344912] NR_IRQS: 524544, nr_irqs: 680, preallocated irqs: 16
[    3.346958] rcu: srcu_init: Setting srcu_struct sizes based on contention.
[    3.454220] Console: colour VGA+ 80x25
[    3.454672] printk: legacy console [ttyS0] enabled
[    4.969772] Lock dependency validator: Copyright (c) 2006 Red Hat, Inc., Ingo Molnar
[    4.982494] ... MAX_LOCKDEP_SUBCLASSES:  8
[    4.989400] ... MAX_LOCK_DEPTH:          48
[    4.996373] ... MAX_LOCKDEP_KEYS:        8192
[    5.002339] ... CLASSHASH_SIZE:          4096
[    5.009498] ... MAX_LOCKDEP_ENTRIES:     32768
[    5.016997] ... MAX_LOCKDEP_CHAINS:      65536
[    5.024333] ... CHAINHASH_SIZE:          32768
[    5.031723]  memory used by lock dependency info: 6941 kB
[    5.040422]  memory used for stack traces: 4224 kB
[    5.047106]  per task-struct memory footprint: 2688 bytes
[    5.055386] ACPI: Core revision 20240827
[    5.064072] clocksource: hpet: mask: 0xffffffff max_cycles: 0xffffffff, max_idle_ns: 19112604467 ns
[    5.077624] APIC: Switch to symmetric I/O mode setup
[    5.088242] x2apic enabled
[    5.095906] APIC: Switched APIC routing to: physical x2apic
[    5.103581] kvm-guest: APIC: send_IPI_mask() replaced with kvm_send_ipi_mask()
[    5.113467] kvm-guest: APIC: send_IPI_mask_allbutself() replaced with kvm_send_ipi_mask_allbutself()
[    5.125793] kvm-guest: setup PV IPIs
[    5.146728] ..TIMER: vector=0x30 apic1=0 pin1=2 apic2=-1 pin2=-1
[    5.157080] clocksource: tsc-early: mask: 0xffffffffffffffff max_cycles: 0x2a48a50322c, max_idle_ns: 440795287943 ns
[    5.176123] Calibrating delay loop (skipped) preset value.. 5866.87 BogoMIPS (lpj=11733744)
[    5.181742] x86/cpu: User Mode Instruction Prevention (UMIP) activated
[    5.189242] Last level iTLB entries: 4KB 0, 2MB 0, 4MB 0
[    5.192094] Last level dTLB entries: 4KB 0, 2MB 0, 4MB 0, 1GB 0
[    5.196195] Spectre V1 : Mitigation: usercopy/swapgs barriers and __user pointer sanitization
[    5.200100] Spectre V2 : Mitigation: Retpolines
[    5.204094] Spectre V2 : Spectre v2 / SpectreRSB mitigation: Filling RSB on context switch
[    5.208094] Spectre V2 : Spectre v2 / SpectreRSB : Filling RSB on VMEXIT
[    5.212094] Spectre V2 : Enabling Restricted Speculation for firmware calls
[    5.216104] Spectre V2 : mitigation: Enabling conditional Indirect Branch Prediction Barrier
[    5.220094] Spectre V2 : User space: Mitigation: STIBP via prctl
[    5.224095] Speculative Store Bypass: Mitigation: Speculative Store Bypass disabled via prctl
[    5.228096] MDS: Vulnerable: Clear CPU buffers attempted, no microcode
[    5.232094] MMIO Stale Data: Unknown: No mitigations
[    5.236120] x86/fpu: x87 FPU will use FXSAVE
[    5.298726] Freeing SMP alternatives memory: 40K
[    5.300104] pid_max: default: 32768 minimum: 301
[    5.310055] LSM: initializing lsm=lockdown,capability,landlock,yama,apparmor,ima,evm
[    5.313024] landlock: Up and running.
[    5.316097] Yama: becoming mindful.
[    5.321375] AppArmor: AppArmor initialized
[    5.330267] Mount-cache hash table entries: 32768 (order: 6, 262144 bytes, linear)
[    5.332328] Mountpoint-cache hash table entries: 32768 (order: 6, 262144 bytes, linear)
[    5.346232] Running RCU synchronous self tests
[    5.348102] Running RCU synchronous self tests
[    5.357133] smpboot: CPU0: Intel Westmere E56xx/L56xx/X56xx (IBRS update) (family: 0x6, model: 0x2c, stepping: 0x1)
[    5.370612] Running RCU Tasks wait API self tests
[    5.476350] Running RCU Tasks Rude wait API self tests
[    5.480122] Running RCU Tasks Trace wait API self tests
[    5.484310] Performance Events: unsupported p6 CPU model 44 no PMU driver, software events only.
[    5.488669] signal: max sigframe size: 1440
[    5.492217] Callback from call_rcu_tasks_trace() invoked.
[    5.496806] rcu: Hierarchical SRCU implementation.
[    5.500128] rcu: 	Max phase no-delay instances is 1000.
[    5.505259] Timer migration: 2 hierarchy levels; 8 children per group; 2 crossnode level
[    5.520267] NMI watchdog: Perf NMI watchdog permanently disabled
[    5.533125] smp: Bringing up secondary CPUs ...
[    5.548931] smpboot: x86: Booting SMP configuration:
[    5.552152] .... node  #0, CPUs:        #2  #4  #6  #8 #10 #12 #14 #16 #18 #20 #22 #24 #26 #28
[    5.684339] Callback from call_rcu_tasks() invoked.
[    5.697822]  #30  #1  #3  #5  #7  #9 #11 #13 #15 #17 #19 #21 #23 #25 #27 #29 #31
[    5.913886] MDS CPU bug present and SMT on, data leak possible. See https://www.kernel.org/doc/html/latest/admin-guide/hw-vuln/mds.html for more details.
[    6.004499] smp: Brought up 1 node, 32 CPUs
[    6.008140] smpboot: Total of 32 processors activated (187739.90 BogoMIPS)
[    6.038955] Memory: 7997952K/12582368K available (53248K kernel code, 16294K rwdata, 13000K rodata, 9908K init, 22736K bss, 4537656K reserved, 0K cma-reserved)
[    6.045710] devtmpfs: initialized
[    6.050448] x86/mm: Memory block size: 128MB
[    6.141948] Running RCU synchronous self tests
[    6.144194] Running RCU synchronous self tests
[    6.148331] clocksource: jiffies: mask: 0xffffffff max_cycles: 0xffffffff, max_idle_ns: 7645041785100000 ns
[    6.155182] futex hash table entries: 8192 (order: 8, 1048576 bytes, linear)
[    6.160083] pinctrl core: initialized pinctrl subsystem
[    6.167990] PM: RTC time: 00:46:18, date: 2025-01-11
[    6.180696] NET: Registered PF_NETLINK/PF_ROUTE protocol family
[    6.189652] DMA: preallocated 1024 KiB GFP_KERNEL pool for atomic allocations
[    6.192409] DMA: preallocated 1024 KiB GFP_KERNEL|GFP_DMA pool for atomic allocations
[    6.196477] DMA: preallocated 1024 KiB GFP_KERNEL|GFP_DMA32 pool for atomic allocations
[    6.200830] audit: initializing netlink subsys (disabled)
[    6.205168] audit: type=2000 audit(1736556376.671:1): state=initialized audit_enabled=0 res=1
[    6.210335] thermal_sys: Registered thermal governor 'fair_share'
[    6.212215] thermal_sys: Registered thermal governor 'bang_bang'
[    6.216133] thermal_sys: Registered thermal governor 'step_wise'
[    6.220127] thermal_sys: Registered thermal governor 'user_space'
[    6.224126] thermal_sys: Registered thermal governor 'power_allocator'
[    6.228549] EISA bus registered
[    6.236458] cpuidle: using governor ladder
[    6.240402] cpuidle: using governor menu
[    6.246213] acpiphp: ACPI Hot Plug PCI Controller Driver version: 0.5
[    6.251609] PCI: ECAM [mem 0xb0000000-0xbfffffff] (base 0xb0000000) for domain 0000 [bus 00-ff]
[    6.252130] PCI: ECAM [mem 0xb0000000-0xbfffffff] reserved as E820 entry
[    6.338248] PCI: Using configuration type 1 for base access
[    6.342491] kprobes: kprobe jump-optimization is enabled. All kprobes are optimized if possible.
[    6.356722] HugeTLB: registered 1.00 GiB page size, pre-allocated 0 pages
[    6.360125] HugeTLB: 16380 KiB vmemmap can be freed for a 1.00 GiB page
[    6.364130] HugeTLB: registered 2.00 MiB page size, pre-allocated 0 pages
[    6.368136] HugeTLB: 28 KiB vmemmap can be freed for a 2.00 MiB page
[    6.448651] ACPI: Added _OSI(Module Device)
[    6.456130] ACPI: Added _OSI(Processor Device)
[    6.460124] ACPI: Added _OSI(3.0 _SCP Extensions)
[    6.468125] ACPI: Added _OSI(Processor Aggregator Device)
[    6.715558] ACPI: 2 ACPI AML tables successfully acquired and loaded
[    6.769451] ACPI: Interpreter enabled
[    6.777415] ACPI: PM: (supports S0 S3 S4 S5)
[    6.785092] ACPI: Using IOAPIC for interrupt routing
[    6.793702] PCI: Using host bridge windows from ACPI; if necessary, use "pci=nocrs" and report a bug
[    6.812225] PCI: Using E820 reservations for host bridge windows
[    6.832867] ACPI: Enabled 4 GPEs in block 00 to 3F
[    7.334653] ACPI: PCI Root Bridge [PCI0] (domain 0000 [bus 00-ff])
[    7.344527] acpi PNP0A08:00: _OSC: OS supports [ExtendedConfig ASPM ClockPM Segments MSI EDR HPX-Type3]
[    7.364474] acpi PNP0A08:00: _OSC: platform does not support [PCIeHotplug LTR DPC]
[    7.384053] acpi PNP0A08:00: _OSC: OS now controls [SHPCHotplug PME AER PCIeCapability]
[    7.408828] PCI host bridge to bus 0000:00
[    7.416575] pci_bus 0000:00: root bus resource [io  0x0000-0x0cf7 window]
[    7.424149] pci_bus 0000:00: root bus resource [io  0x0d00-0xffff window]
[    7.436143] pci_bus 0000:00: root bus resource [mem 0x000a0000-0x000bffff window]
[    7.448148] pci_bus 0000:00: root bus resource [mem 0x80000000-0xafffffff window]
[    7.460139] pci_bus 0000:00: root bus resource [mem 0xc0000000-0xfebfffff window]
[    7.472140] pci_bus 0000:00: root bus resource [mem 0x1c00000000-0x23ffffffff window]
[    7.484150] pci_bus 0000:00: root bus resource [bus 00-ff]
[    7.492813] pci 0000:00:00.0: [8086:29c0] type 00 class 0x060000 conventional PCI endpoint
[    7.513570] pci 0000:00:01.0: [1234:1111] type 00 class 0x030000 conventional PCI endpoint
[    7.541564] pci 0000:00:01.0: BAR 0 [mem 0xfd000000-0xfdffffff pref]
[    7.580737] pci 0000:00:01.0: BAR 2 [mem 0xfea50000-0xfea50fff]
[    7.624198] pci 0000:00:01.0: ROM [mem 0xfea40000-0xfea4ffff pref]
[    7.640780] pci 0000:00:01.0: Video device with shadowed ROM at [mem 0x000c0000-0x000dffff]
[    7.656137] pci 0000:00:01.0: pci_fixup_video+0x0/0x2d0 took 15625 usecs
[    7.684308] pci 0000:00:02.0: [1af4:1000] type 00 class 0x020000 conventional PCI endpoint
[    7.704067] pci 0000:00:02.0: BAR 0 [io  0xc040-0xc05f]
[    7.715288] pci 0000:00:02.0: BAR 1 [mem 0xfea51000-0xfea51fff]
[    7.734866] pci 0000:00:02.0: BAR 4 [mem 0xfe200000-0xfe203fff 64bit pref]
[    7.746263] pci 0000:00:02.0: ROM [mem 0xfea00000-0xfea3ffff pref]
[    7.767705] pci 0000:00:03.0: [1b36:000c] type 01 class 0x060400 PCIe Root Port
[    7.787270] pci 0000:00:03.0: BAR 0 [mem 0xfea52000-0xfea52fff]
[    7.808499] pci 0000:00:03.0: PCI bridge to [bus 01]
[    7.816616] pci 0000:00:03.0:   bridge window [mem 0xfe800000-0xfe9fffff]
[    7.836473] pci 0000:00:03.0:   bridge window [mem 0xfe000000-0xfe1fffff 64bit pref]
[    7.863995] pci 0000:00:04.0: [1af4:105b] type 00 class 0x00ff00 conventional PCI endpoint
[    7.882851] pci 0000:00:04.0: BAR 4 [mem 0xfe204000-0xfe207fff 64bit pref]
[    8.044618] pci 0000:00:1f.0: [8086:2918] type 00 class 0x060100 conventional PCI endpoint
[    8.062265] pci 0000:00:1f.0: quirk: [io  0x0600-0x067f] claimed by ICH6 ACPI/GPIO/TCO
[    8.076821] pci 0000:00:1f.0: quirk_ich7_lpc+0x0/0x1d0 took 11718 usecs
[    8.093600] pci 0000:00:1f.2: [8086:2922] type 00 class 0x010601 conventional PCI endpoint
[    8.124228] pci 0000:00:1f.2: BAR 4 [io  0xc060-0xc07f]
[    8.133806] pci 0000:00:1f.2: BAR 5 [mem 0xfea53000-0xfea53fff]
[    8.157614] pci 0000:00:1f.3: [8086:2930] type 00 class 0x0c0500 conventional PCI endpoint
[    8.179226] pci 0000:00:1f.3: BAR 4 [io  0x0700-0x073f]
[    8.202502] acpiphp: Slot [0] registered
[    8.214720] pci 0000:01:00.0: [1af4:1042] type 00 class 0x010000 PCIe Endpoint
[    8.243526] pci 0000:01:00.0: BAR 1 [mem 0xfe800000-0xfe800fff]
[    8.276068] pci 0000:01:00.0: BAR 4 [mem 0xfe000000-0xfe003fff 64bit pref]
[    8.377458] pci 0000:00:03.0: PCI bridge to [bus 01]
[    8.407137] ACPI: PCI: Interrupt link LNKA configured for IRQ 10
[    8.425158] ACPI: PCI: Interrupt link LNKB configured for IRQ 10
[    8.444752] ACPI: PCI: Interrupt link LNKC configured for IRQ 11
[    8.461050] ACPI: PCI: Interrupt link LNKD configured for IRQ 11
[    8.480071] ACPI: PCI: Interrupt link LNKE configured for IRQ 10
[    8.497103] ACPI: PCI: Interrupt link LNKF configured for IRQ 10
[    8.509146] ACPI: PCI: Interrupt link LNKG configured for IRQ 11
[    8.524584] ACPI: PCI: Interrupt link LNKH configured for IRQ 11
[    8.537448] ACPI: PCI: Interrupt link GSIA configured for IRQ 16
[    8.544919] ACPI: PCI: Interrupt link GSIB configured for IRQ 17
[    8.556683] ACPI: PCI: Interrupt link GSIC configured for IRQ 18
[    8.564892] ACPI: PCI: Interrupt link GSID configured for IRQ 19
[    8.576696] ACPI: PCI: Interrupt link GSIE configured for IRQ 20
[    8.584662] ACPI: PCI: Interrupt link GSIF configured for IRQ 21
[    8.596852] ACPI: PCI: Interrupt link GSIG configured for IRQ 22
[    8.608655] ACPI: PCI: Interrupt link GSIH configured for IRQ 23
[    8.768389] iommu: Default domain type: Translated
[    8.772133] iommu: DMA domain TLB invalidation policy: lazy mode
[    8.792323] SCSI subsystem initialized
[    8.797429] libata version 3.00 loaded.
[    8.798623] ACPI: bus type USB registered
[    8.805134] usbcore: registered new interface driver usbfs
[    8.816646] usbcore: registered new interface driver hub
[    8.824714] usbcore: registered new device driver usb
[    8.833559] pps_core: LinuxPPS API ver. 1 registered
[    8.844124] pps_core: Software ver. 5.3.6 - Copyright 2005-2007 Rodolfo Giometti <giometti@linux.it>
[    8.856289] PTP clock support registered
[    8.870091] EDAC MC: Ver: 3.0.0
[    8.898737] NetLabel: Initializing
[    8.904155] NetLabel:  domain hash size = 128
[    8.912127] NetLabel:  protocols = UNLABELED CIPSOv4 CALIPSO
[    8.921039] NetLabel:  unlabeled traffic allowed by default
[    8.933693] PCI: Using ACPI for IRQ routing
[   10.942583] PCI: pci_cache_line_size set to 64 bytes
[   10.944439] e820: reserve RAM buffer [mem 0x0009fc00-0x0009ffff]
[   10.944733] e820: reserve RAM buffer [mem 0x7ffda000-0x7fffffff]
[   10.948465] pci 0000:00:01.0: vgaarb: setting as boot VGA device
[   10.952083] pci 0000:00:01.0: vgaarb: bridge control possible
[   10.952083] pci 0000:00:01.0: vgaarb: VGA device added: decodes=io+mem,owns=io+mem,locks=none
[   10.980154] vgaarb: loaded
[   10.989667] hpet0: at MMIO 0xfed00000, IRQs 2, 8, 0
[   10.996137] hpet0: 3 comparators, 64-bit 100.000000 MHz counter
[   11.024083] clocksource: Switched to clocksource kvm-clock
[   11.043889] VFS: Disk quotas dquot_6.6.0
[   11.050770] VFS: Dquot-cache hash table entries: 512 (order 0, 4096 bytes)
[   11.071937] AppArmor: AppArmor Filesystem Enabled
[   11.080887] pnp: PnP ACPI init
[   11.095338] system 00:05: [mem 0xb0000000-0xbfffffff window] has been reserved
[   11.139378] pnp: PnP ACPI: found 6 devices
[   11.233810] clocksource: acpi_pm: mask: 0xffffff max_cycles: 0xffffff, max_idle_ns: 2085701024 ns
[   11.251167] NET: Registered PF_INET protocol family
[   11.263723] IP idents hash table entries: 262144 (order: 9, 2097152 bytes, linear)
[   11.286982] tcp_listen_portaddr_hash hash table entries: 8192 (order: 7, 655360 bytes, linear)
[   11.301673] Table-perturb hash table entries: 65536 (order: 6, 262144 bytes, linear)
[   11.316554] TCP established hash table entries: 131072 (order: 8, 1048576 bytes, linear)
[   11.347893] TCP bind hash table entries: 65536 (order: 11, 10485760 bytes, vmalloc hugepage)
[   11.366937] TCP: Hash tables configured (established 131072 bind 65536)
[   11.388455] MPTCP token hash table entries: 16384 (order: 8, 1572864 bytes, linear)
[   11.409779] UDP hash table entries: 8192 (order: 9, 2490368 bytes, linear)
[   11.428629] UDP-Lite hash table entries: 8192 (order: 9, 2490368 bytes, linear)
[   11.445636] NET: Registered PF_UNIX/PF_LOCAL protocol family
[   11.455410] NET: Registered PF_XDP protocol family
[   11.463038] pci 0000:00:03.0: bridge window [io  0x1000-0x0fff] to [bus 01] add_size 1000
[   11.476711] pci 0000:00:03.0: bridge window [io  0x1000-0x1fff]: assigned
[   11.487848] pci 0000:00:03.0: PCI bridge to [bus 01]
[   11.496168] pci 0000:00:03.0:   bridge window [io  0x1000-0x1fff]
[   11.508275] pci 0000:00:03.0:   bridge window [mem 0xfe800000-0xfe9fffff]
[   11.520692] pci 0000:00:03.0:   bridge window [mem 0xfe000000-0xfe1fffff 64bit pref]
[   11.535834] pci_bus 0000:00: resource 4 [io  0x0000-0x0cf7 window]
[   11.545822] pci_bus 0000:00: resource 5 [io  0x0d00-0xffff window]
[   11.555272] pci_bus 0000:00: resource 6 [mem 0x000a0000-0x000bffff window]
[   11.566218] pci_bus 0000:00: resource 7 [mem 0x80000000-0xafffffff window]
[   11.576975] pci_bus 0000:00: resource 8 [mem 0xc0000000-0xfebfffff window]
[   11.587808] pci_bus 0000:00: resource 9 [mem 0x1c00000000-0x23ffffffff window]
[   11.599732] pci_bus 0000:01: resource 0 [io  0x1000-0x1fff]
[   11.608633] pci_bus 0000:01: resource 1 [mem 0xfe800000-0xfe9fffff]
[   11.618173] pci_bus 0000:01: resource 2 [mem 0xfe000000-0xfe1fffff 64bit pref]
[   11.631191] PCI: CLS 0 bytes, default 64
[   11.638736] PCI-DMA: Using software bounce buffering for IO (SWIOTLB)
[   11.641857] Trying to unpack rootfs image as initramfs...
[   11.649013] software IO TLB: mapped [mem 0x0000000065000000-0x0000000069000000] (64MB)
[   11.671190] clocksource: tsc: mask: 0xffffffffffffffff max_cycles: 0x2a48a50322c, max_idle_ns: 440795287943 ns
[   11.714295] Initialise system trusted keyrings
[   11.722530] Key type blacklist registered
[   11.731181] workingset: timestamp_bits=36 max_order=21 bucket_order=0
[   11.741882] zbud: loaded
[   11.759378] squashfs: version 4.0 (2009/01/31) Phillip Lougher
[   11.774642] fuse: init (API version 7.41)
[   11.785454] integrity: Platform Keyring initialized
[   11.816060] Key type asymmetric registered
[   11.823038] Asymmetric key parser 'x509' registered
[   11.831412] Block layer SCSI generic (bsg) driver version 0.4 loaded (major 243)
[   11.846303] io scheduler mq-deadline registered
[   11.886989] ledtrig-cpu: registered to indicate activity on CPUs
[   11.931950] ACPI: \_SB_.GSIH: Enabled at IRQ 23
[   11.950999] pcieport 0000:00:03.0: PME: Signaling with IRQ 24
[   11.966133] pcieport 0000:00:03.0: AER: enabled with IRQ 24
[   11.982661] shpchp: Standard Hot Plug PCI Controller Driver version: 0.4
[   12.000318] input: Power Button as /devices/LNXSYSTM:00/LNXPWRBN:00/input/input0
[   12.015249] ACPI: button: Power Button [PWRF]
[   12.127922] ACPI: \_SB_.GSIG: Enabled at IRQ 22
[   12.180482] ACPI: \_SB_.GSIE: Enabled at IRQ 20
[   12.246230] Serial: 8250/16550 driver, 32 ports, IRQ sharing enabled
[   12.308914] 00:03: ttyS0 at I/O 0x3f8 (irq = 4, base_baud = 115200) is a 16550A
[   12.454257] Linux agpgart interface v0.103
[   12.667932] loop: module loaded
[   12.684337] tun: Universal TUN/TAP device driver, 1.6
[   12.694271] PPP generic driver version 2.4.2
[   12.706309] VFIO - User Level meta-driver version: 0.3
[   12.721071] i8042: PNP: PS/2 Controller [PNP0303:KBD,PNP0f13:MOU] at 0x60,0x64 irq 1,12
[   12.742555] serio: i8042 KBD port at 0x60,0x64 irq 1
[   12.751033] serio: i8042 AUX port at 0x60,0x64 irq 12
[   12.764189] mousedev: PS/2 mouse device common for all mice
[   12.777065] rtc_cmos 00:04: RTC can wake from S4
[   12.791174] input: AT Translated Set 2 keyboard as /devices/platform/i8042/serio0/input/input1
[   12.796504] rtc_cmos 00:04: registered as rtc0
[   12.813832] rtc_cmos 00:04: setting system clock to 2025-01-11T00:46:25 UTC (1736556385)
[   12.829494] rtc_cmos 00:04: alarms up to one day, y3k, 242 bytes nvram, hpet irqs
[   12.842728] i2c_dev: i2c /dev entries driver
[   12.850783] device-mapper: core: CONFIG_IMA_DISABLE_HTABLE is disabled. Duplicate IMA measurements will not be recorded in the IMA log.
[   12.871509] device-mapper: uevent: version 1.0.3
[   12.882815] device-mapper: ioctl: 4.48.0-ioctl (2023-03-01) initialised: dm-devel@lists.linux.dev
[   12.898366] platform eisa.0: Probing EISA bus 0
[   12.906439] platform eisa.0: EISA: Cannot allocate resource for mainboard
[   12.918360] platform eisa.0: Cannot allocate resource for EISA slot 1
[   12.929263] platform eisa.0: Cannot allocate resource for EISA slot 2
[   12.940547] platform eisa.0: Cannot allocate resource for EISA slot 3
[   12.951744] platform eisa.0: Cannot allocate resource for EISA slot 4
[   12.962971] platform eisa.0: Cannot allocate resource for EISA slot 5
[   12.974163] platform eisa.0: Cannot allocate resource for EISA slot 6
[   12.985377] platform eisa.0: Cannot allocate resource for EISA slot 7
[   12.996645] platform eisa.0: Cannot allocate resource for EISA slot 8
[   13.007812] platform eisa.0: EISA: Detected 0 cards
[   13.016469] intel_pstate: CPU model not supported
[   13.027416] drop_monitor: Initializing network drop monitor service
[   13.041556] NET: Registered PF_INET6 protocol family
[   15.630847] Freeing initrd memory: 100064K
[   15.743409] Segment Routing with IPv6
[   15.749764] In-situ OAM (IOAM) with IPv6
[   15.756613] NET: Registered PF_PACKET protocol family
[   15.766273] Key type dns_resolver registered
[   15.827778] IPI shorthand broadcast: enabled
[   15.932431] registered taskstats version 1
[   15.968086] Loading compiled-in X.509 certificates
[   16.132453] Demotion targets for Node 0: null
[   16.140760] kmemleak: Kernel memory leak detector initialized (mem pool available: 14031)
[   16.141006] kmemleak: Automatic memory scanning thread started
[   16.163740] Key type .fscrypt registered
[   16.175372] Key type fscrypt-provisioning registered
[   16.268838] cryptd: module verification failed: signature and/or required key missing - tainting kernel
[   16.300960] cryptd: max_cpu_qlen set to 1000
[   16.505395] Key type encrypted registered
[   16.513660] AppArmor: AppArmor sha256 policy hashing enabled
[   16.528161] ima: No TPM chip found, activating TPM-bypass!
[   16.539494] Loading compiled-in module X.509 certificates
[   16.550023] ima: Allocated hash algorithm: sha1
[   16.560181] ima: No architecture policies found
[   16.570285] evm: Initialising EVM extended attributes:
[   16.580903] evm: security.selinux
[   16.587790] evm: security.SMACK64
[   16.594952] evm: security.SMACK64EXEC
[   16.602559] evm: security.SMACK64TRANSMUTE
[   16.610358] evm: security.SMACK64MMAP
[   16.616150] evm: security.apparmor
[   16.621811] evm: security.ima
[   16.626875] evm: security.capability
[   16.632803] evm: HMAC attrs: 0x1
[   16.650488] PM:   Magic number: 9:28:759
[   16.657185] acpi PNP0C80:06: hash matches
[   16.668665] RAS: Correctable Errors collector initialized.
[   16.679261] Unstable clock detected, switching default tracing clock to "global"
               If you want to keep using the local clock, then add:
                 "trace_clock=local"
               on the kernel command line
[   16.726317] clk: Disabling unused clocks
[   16.801942] Freeing unused decrypted memory: 2036K
[   16.841028] Freeing unused kernel image (initmem) memory: 9908K
[   16.849436] Write protecting the kernel read-only data: 67584k
[   16.862648] Freeing unused kernel image (rodata/data gap) memory: 1336K
[   16.936994] x86/mm: Checked W+X mappings: passed, no W+X pages found.
[   16.944365] x86/mm: Checking user space page tables
[   17.010846] x86/mm: Checked W+X mappings: passed, no W+X pages found.
[   17.018764] Run /init as init process
[   17.023293]   with arguments:
[   17.023310]     /init
[   17.023317]     nokaslr
[   17.023323]   with environment:
[   17.023329]     HOME=/
[   17.023335]     TERM=linux
[   19.924985] lpc_ich 0000:00:1f.0: I/O space for GPIO uninitialized
[   20.057570] ahci 0000:00:1f.2: version 3.0
[   20.058413] virtio_blk virtio2: 32/0/0 default/read/poll queues
[   20.106682] input: VirtualPS/2 VMware VMMouse as /devices/platform/i8042/serio1/input/input4
[   20.157435] ACPI: \_SB_.GSIA: Enabled at IRQ 16
[   20.178496] i801_smbus 0000:00:1f.3: SMBus using PCI interrupt
[   20.189424] input: VirtualPS/2 VMware VMMouse as /devices/platform/i8042/serio1/input/input3
[   20.205525] ahci 0000:00:1f.2: AHCI vers 0001.0000, 32 command slots, 1.5 Gbps, SATA mode
[   20.220735] ahci 0000:00:1f.2: 6/6 ports implemented (port mask 0x3f)
[   20.230015] ahci 0000:00:1f.2: flags: 64bit ncq only 
[   20.255415] i2c i2c-0: Memory type 0x07 not supported yet, not instantiating SPD
[   20.358392] scsi host0: ahci
[   20.379186] scsi host1: ahci
[   20.401874] scsi host2: ahci
[   20.418727] virtio_blk virtio2: [vda] 209715200 512-byte logical blocks (107 GB/100 GiB)
[   20.420982] scsi host3: ahci
[   20.483931] scsi host4: ahci
[   20.520767] scsi host5: ahci
[   20.531963] ata1: SATA max UDMA/133 abar m4096@0xfea53000 port 0xfea53100 irq 42 lpm-pol 0
[   20.543744] ata2: SATA max UDMA/133 abar m4096@0xfea53000 port 0xfea53180 irq 42 lpm-pol 0
[   20.555657] ata3: SATA max UDMA/133 abar m4096@0xfea53000 port 0xfea53200 irq 42 lpm-pol 0
[   20.567805] ata4: SATA max UDMA/133 abar m4096@0xfea53000 port 0xfea53280 irq 42 lpm-pol 0
[   20.579675] ata5: SATA max UDMA/133 abar m4096@0xfea53000 port 0xfea53300 irq 42 lpm-pol 0
[   20.592441] ata6: SATA max UDMA/133 abar m4096@0xfea53000 port 0xfea53380 irq 42 lpm-pol 0
[   20.602590] virtio_net virtio0 enp0s2: renamed from eth0
[   20.616708]  vda: vda1 vda14 vda15
[   20.930006] ata2: SATA link up 1.5 Gbps (SStatus 113 SControl 300)
[   20.939170] ata5: SATA link down (SStatus 0 SControl 300)
[   20.948476] ata1: SATA link up 1.5 Gbps (SStatus 113 SControl 300)
[   20.957521] ata4: SATA link up 1.5 Gbps (SStatus 113 SControl 300)
[   20.966670] ata3: SATA link up 1.5 Gbps (SStatus 113 SControl 300)
[   20.974717] ata6: SATA link down (SStatus 0 SControl 300)
[   20.981672] ata1.00: ATA-7: QEMU HARDDISK, 2.5+, max UDMA/100
[   20.988893] ata1.00: 20971520 sectors, multi 16: LBA48 NCQ (depth 32)
[   20.996550] ata1.00: applying bridge limits
[   21.001782] ata2.00: ATA-7: QEMU HARDDISK, 2.5+, max UDMA/100
[   21.008838] ata2.00: 20971520 sectors, multi 16: LBA48 NCQ (depth 32)
[   21.016327] ata2.00: applying bridge limits
[   21.021321] ata3.00: ATA-7: QEMU HARDDISK, 2.5+, max UDMA/100
[   21.028492] ata3.00: 20971520 sectors, multi 16: LBA48 NCQ (depth 32)
[   21.036323] ata3.00: applying bridge limits
[   21.041650] ata4.00: ATA-7: QEMU HARDDISK, 2.5+, max UDMA/100
[   21.049771] ata4.00: 20971520 sectors, multi 16: LBA48 NCQ (depth 32)
[   21.056461] ata4.00: applying bridge limits
[   21.063458] ata1.00: configured for UDMA/100
[   21.068781] ata2.00: configured for UDMA/100
[   21.076172] ata3.00: configured for UDMA/100
[   21.078881] scsi 0:0:0:0: Direct-Access     ATA      QEMU HARDDISK    2.5+ PQ: 0 ANSI: 5
[   21.081797] ata4.00: configured for UDMA/100
[   21.103003] sd 0:0:0:0: Attached scsi generic sg0 type 0
[   21.103814] sd 0:0:0:0: [sda] 20971520 512-byte logical blocks: (10.7 GB/10.0 GiB)
[   21.115003] scsi 1:0:0:0: Direct-Access     ATA      QEMU HARDDISK    2.5+ PQ: 0 ANSI: 5
[   21.121003] sd 0:0:0:0: [sda] Write Protect is off
[   21.135960] sd 0:0:0:0: [sda] Mode Sense: 00 3a 00 00
[   21.136258] sd 0:0:0:0: [sda] Write cache: enabled, read cache: enabled, doesn't support DPO or FUA
[   21.136859] sd 1:0:0:0: Attached scsi generic sg1 type 0
[   21.137868] sd 1:0:0:0: [sdb] 20971520 512-byte logical blocks: (10.7 GB/10.0 GiB)
[   21.138051] sd 1:0:0:0: [sdb] Write Protect is off
[   21.138098] sd 1:0:0:0: [sdb] Mode Sense: 00 3a 00 00
[   21.138380] sd 1:0:0:0: [sdb] Write cache: enabled, read cache: enabled, doesn't support DPO or FUA
[   21.139090] sd 1:0:0:0: [sdb] Preferred minimum I/O size 512 bytes
[   21.148128] sd 0:0:0:0: [sda] Preferred minimum I/O size 512 bytes
[   21.156624] scsi 2:0:0:0: Direct-Access     ATA      QEMU HARDDISK    2.5+ PQ: 0 ANSI: 5
[   21.220101] sd 2:0:0:0: Attached scsi generic sg2 type 0
[   21.220542] sd 2:0:0:0: [sdc] 20971520 512-byte logical blocks: (10.7 GB/10.0 GiB)
[   21.229588] scsi 3:0:0:0: Direct-Access     ATA      QEMU HARDDISK    2.5+ PQ: 0 ANSI: 5
[   21.235207] sd 2:0:0:0: [sdc] Write Protect is off
[   21.250235] sd 2:0:0:0: [sdc] Mode Sense: 00 3a 00 00
[   21.250448] sd 2:0:0:0: [sdc] Write cache: enabled, read cache: enabled, doesn't support DPO or FUA
[   21.250968] sd 3:0:0:0: Attached scsi generic sg3 type 0
[   21.252127] sd 3:0:0:0: [sdd] 20971520 512-byte logical blocks: (10.7 GB/10.0 GiB)
[   21.252285] sd 3:0:0:0: [sdd] Write Protect is off
[   21.252354] sd 3:0:0:0: [sdd] Mode Sense: 00 3a 00 00
[   21.252880] sd 3:0:0:0: [sdd] Write cache: enabled, read cache: enabled, doesn't support DPO or FUA
[   21.253797] sd 3:0:0:0: [sdd] Preferred minimum I/O size 512 bytes
[   21.261377] sd 2:0:0:0: [sdc] Preferred minimum I/O size 512 bytes
[   21.274529] sd 1:0:0:0: [sdb] Attached SCSI disk
[   21.274646] sd 0:0:0:0: [sda] Attached SCSI disk
[   21.337659] sd 3:0:0:0: [sdd] Attached SCSI disk
[   21.361658] sd 2:0:0:0: [sdc] Attached SCSI disk
[   21.406374] nd_pmem namespace0.0: unable to guarantee persistence of writes
[   25.073305] raid6: sse2x4   gen()  9447 MB/s
[   25.145327] raid6: sse2x2   gen() 10715 MB/s
[   25.217324] raid6: sse2x1   gen()  8413 MB/s
[   25.222388] raid6: using algorithm sse2x2 gen() 10715 MB/s
[   25.293323] raid6: .... xor() 6729 MB/s, rmw enabled
[   25.298846] raid6: using ssse3x2 recovery algorithm
[   25.314248] xor: measuring software checksum speed
[   25.319916]    prefetch64-sse  : 15921 MB/sec
[   25.325645]    generic_sse     : 13103 MB/sec
[   25.330570] xor: using function: prefetch64-sse (15921 MB/sec)
[   25.344500] async_tx: api initialized (async)
[   26.672035] Btrfs loaded, zoned=yes, fsverity=yes
[   27.635528] EXT4-fs (vda1): mounted filesystem 26c50908-598b-4e8e-871e-35718a3a1426 ro with ordered data mode. Quota mode: none.
[   28.878880] systemd[1]: Inserted module 'autofs4'
[   29.071385] systemd[1]: systemd 249.11-0ubuntu3.10 running in system mode (+PAM +AUDIT +SELINUX +APPARMOR +IMA +SMACK +SECCOMP +GCRYPT +GNUTLS +OPENSSL +ACL +BLKID +CURL +ELFUTILS +FIDO2 +IDN2 -IDN +IPTC +KMOD +LIBCRYPTSETUP +LIBFDISK +PCRE2 -PWQUALITY -P11KIT -QRENCODE +BZIP2 +LZ4 +XZ +ZLIB +ZSTD -XKBCOMMON +UTMP +SYSVINIT default-hierarchy=unified)
[   29.107508] systemd[1]: Detected virtualization kvm.
[   29.114091] systemd[1]: Detected architecture x86-64.
[   29.135452] systemd[1]: Hostname set to <qemu-2>.
[   29.763115] block vda: the capability attribute has been deprecated.
[   29.952209] random: crng init done
[   31.083264] systemd[1]: Queued start job for default target Graphical Interface.
[   31.192374] systemd[1]: Created slice Slice /system/modprobe.
[   31.224546] systemd[1]: Created slice Slice /system/serial-getty.
[   31.253863] systemd[1]: Created slice Slice /system/systemd-fsck.
[   31.284899] systemd[1]: Created slice User and Session Slice.
[   31.304649] systemd[1]: Started Forward Password Requests to Wall Directory Watch.
[   31.331049] systemd[1]: Set up automount Arbitrary Executable File Formats File System Automount Point.
[   31.356951] systemd[1]: Reached target Slice Units.
[   31.370393] systemd[1]: Reached target Mounting snaps.
[   31.384628] systemd[1]: Reached target Swaps.
[   31.397020] systemd[1]: Reached target Local Verity Protected Volumes.
[   31.415226] systemd[1]: Listening on Device-mapper event daemon FIFOs.
[   31.435309] systemd[1]: Listening on LVM2 poll daemon socket.
[   31.452811] systemd[1]: Listening on multipathd control socket.
[   31.611285] systemd[1]: Listening on RPCbind Server Activation Socket.
[   31.631131] systemd[1]: Listening on Syslog Socket.
[   31.647079] systemd[1]: Listening on fsck to fsckd communication Socket.
[   31.667716] systemd[1]: Listening on initctl Compatibility Named Pipe.
[   31.688987] systemd[1]: Listening on Journal Audit Socket.
[   31.707277] systemd[1]: Listening on Journal Socket (/dev/log).
[   31.726908] systemd[1]: Listening on Journal Socket.
[   31.743184] systemd[1]: Listening on Network Service Netlink Socket.
[   31.763123] systemd[1]: Listening on udev Control Socket.
[   31.780241] systemd[1]: Listening on udev Kernel Socket.
[   31.863079] systemd[1]: Mounting Huge Pages File System...
[   31.907074] systemd[1]: Mounting POSIX Message Queue File System...
[   31.953522] systemd[1]: Mounting Kernel Debug File System...
[   31.999530] systemd[1]: Mounting Kernel Trace File System...
[   32.064692] systemd[1]: Starting Journal Service...
[   32.079111] systemd[1]: Condition check resulted in Kernel Module supporting RPCSEC_GSS being skipped.
[   32.150961] systemd[1]: Starting Set the console keyboard layout...
[   32.198595] systemd[1]: Starting Create List of Static Device Nodes...
[   32.250459] systemd[1]: Starting Monitoring of LVM2 mirrors, snapshots etc. using dmeventd or progress polling...
[   32.273852] systemd[1]: Condition check resulted in LXD - agent being skipped.
[   32.309884] systemd[1]: Starting Load Kernel Module configfs...
[   32.403020] systemd[1]: Starting Load Kernel Module drm...
[   32.445630] systemd[1]: Starting Load Kernel Module efi_pstore...
[   32.491216] systemd[1]: Starting Load Kernel Module fuse...
[   32.510056] systemd[1]: Condition check resulted in OpenVSwitch configuration for cleanup being skipped.
[   32.524840] systemd[1]: Condition check resulted in File System Check on Root Device being skipped.
[   32.653337] systemd[1]: Starting Load Kernel Modules...
[   32.705463] systemd[1]: Starting Remount Root and Kernel File Systems...
[   32.777642] ACPI: bus type drm_connector registered
[   32.778814] systemd[1]: Starting Coldplug All udev Devices...
[   32.864115] systemd[1]: Started Journal Service.
[   32.940141] EXT4-fs (vda1): re-mounted 26c50908-598b-4e8e-871e-35718a3a1426 r/w. Quota mode: none.
[   33.478006] alua: device handler registered
[   33.501763] emc: device handler registered
[   33.544487] rdac: device handler registered
[   33.554950] systemd-journald[594]: Received client request to flush runtime journal.
[   33.605968] systemd-journald[594]: File /var/log/journal/02c9a06a7911097a3b638c9756cf2e6e/system.journal corrupted or uncleanly shut down, renaming and replacing.
[   34.421936] loop0: detected capacity change from 0 to 130888
[   34.451143] loop1: detected capacity change from 0 to 130448
[   34.515605] loop2: detected capacity change from 0 to 229272
[   34.557357] loop3: detected capacity change from 0 to 178256
[   34.614885] loop4: detected capacity change from 0 to 82800
[   34.662016] loop5: detected capacity change from 0 to 79520
[   36.795878] parport_pc 00:02: reported by Plug and Play ACPI
[   36.874411] parport0: PC-style at 0x378, irq 7 [PCSPP,TRISTATE]
[   40.961720] ppdev: user-space parallel port driver
[   41.198890] kvm_intel: VM_EXIT_LOAD_IA32_PERF_GLOBAL_CTRL does not work properly. Using workaround
[   41.619585] audit: type=1400 audit(1736556414.300:2): apparmor="STATUS" operation="profile_load" profile="unconfined" name="lsb_release" pid=1282 comm="apparmor_parser"
[   41.624164] audit: type=1400 audit(1736556414.304:3): apparmor="STATUS" operation="profile_load" profile="unconfined" name="nvidia_modprobe" pid=1283 comm="apparmor_parser"
[   41.624424] audit: type=1400 audit(1736556414.304:4): apparmor="STATUS" operation="profile_load" profile="unconfined" name="nvidia_modprobe//kmod" pid=1283 comm="apparmor_parser"
[   41.627050] audit: type=1400 audit(1736556414.308:5): apparmor="STATUS" operation="profile_load" profile="unconfined" name="swtpm" pid=1286 comm="apparmor_parser"
[   41.631160] audit: type=1400 audit(1736556414.312:6): apparmor="STATUS" operation="profile_load" profile="unconfined" name="virt-aa-helper" pid=1288 comm="apparmor_parser"
[   41.636686] audit: type=1400 audit(1736556414.316:7): apparmor="STATUS" operation="profile_load" profile="unconfined" name="/usr/bin/man" pid=1285 comm="apparmor_parser"
[   41.636882] audit: type=1400 audit(1736556414.316:8): apparmor="STATUS" operation="profile_load" profile="unconfined" name="man_filter" pid=1285 comm="apparmor_parser"
[   41.637031] audit: type=1400 audit(1736556414.316:9): apparmor="STATUS" operation="profile_load" profile="unconfined" name="man_groff" pid=1285 comm="apparmor_parser"
[   41.641483] audit: type=1400 audit(1736556414.320:10): apparmor="STATUS" operation="profile_load" profile="unconfined" name="libvirtd" pid=1290 comm="apparmor_parser"
[   41.641662] audit: type=1400 audit(1736556414.324:11): apparmor="STATUS" operation="profile_load" profile="unconfined" name="libvirtd//qemu_bridge_helper" pid=1290 comm="apparmor_parser"
[   43.236985] RPC: Registered named UNIX socket transport module.
[   43.237014] RPC: Registered udp transport module.
[   43.237022] RPC: Registered tcp transport module.
[   43.237028] RPC: Registered tcp-with-tls transport module.
[   43.237035] RPC: Registered tcp NFSv4.1 backchannel transport module.
[   47.875793] loop6: detected capacity change from 0 to 8
[   56.695981] netfs: FS-Cache loaded
[   58.012532] NFS: Registering the id_resolver key type
[   58.012700] Key type id_resolver registered
[   58.012711] Key type id_legacy registered
[   80.766369] cbd: loading out-of-tree module taints kernel.
[   87.944347] cbd: backend_validate:554 cbd_transport0: duplicated backend path: /dev/sda with backend_id: 0
[   89.591226] cbd: backend_validate:544 cbd_transport0: found backend_id: 0 for host_id: 1, path: /dev/sda
[   89.598469] cbd: cbd_backend_init:394 cbd_transport0: attach backend to backend_id: 0
[  125.336270] cbd: cache_validate:304 cbd_transport0: n_paral 1 requires cache size (167772160), more than current (16777216).
[  130.949201] cbd: backend_open_bdev:284 cbd_transport0: backend0: failed to open bdev: -2
[  133.753494] cbd: cache_validate:311 cbd_transport0: too large cache_segs: 32768, segment_num: 1405
[  142.322230] ==== end /root/avocado/job-results/job-2025-01-09T22.24-1680aba/test-results/174-._cbdctrl.py_CbdctrlTest.test_run-cache_data_crc-disable-cache_for_xfstests-cache-channel_crc-channel_data_crc-enable-host_mode-multi_host-multihost-test_script-backend-b526 ==== 
