[    0.000000] Linux version 6.13.0-rc5+ (root@ubuntu-22-04-server) (gcc (Ubuntu 11.4.0-1ubuntu1~22.04) 11.4.0, GNU ld (GNU Binutils for Ubuntu) 2.38) #2 SMP PREEMPT_DYNAMIC Fri Jan  3 15:43:06 CST 2025
[    0.000000] Command line: intremap=off console=ttyS0,115200 nokaslr root=/dev/vda1 crashkernel=1G-:2G
[    0.000000] KERNEL supported cpus:
[    0.000000]   Intel GenuineIntel
[    0.000000]   AMD AuthenticAMD
[    0.000000]   Hygon HygonGenuine
[    0.000000]   Centaur CentaurHauls
[    0.000000]   zhaoxin   Shanghai  
[    0.000000] BIOS-provided physical RAM map:
[    0.000000] BIOS-e820: [mem 0x0000000000000000-0x000000000009fbff] usable
[    0.000000] BIOS-e820: [mem 0x000000000009fc00-0x000000000009ffff] reserved
[    0.000000] BIOS-e820: [mem 0x00000000000f0000-0x00000000000fffff] reserved
[    0.000000] BIOS-e820: [mem 0x0000000000100000-0x000000007ffd9fff] usable
[    0.000000] BIOS-e820: [mem 0x000000007ffda000-0x000000007fffffff] reserved
[    0.000000] BIOS-e820: [mem 0x00000000b0000000-0x00000000bfffffff] reserved
[    0.000000] BIOS-e820: [mem 0x00000000fed1c000-0x00000000fed1ffff] reserved
[    0.000000] BIOS-e820: [mem 0x00000000feffc000-0x00000000feffffff] reserved
[    0.000000] BIOS-e820: [mem 0x00000000fffc0000-0x00000000ffffffff] reserved
[    0.000000] BIOS-e820: [mem 0x0000000100000000-0x000000037fffffff] usable
[    0.000000] NX (Execute Disable) protection: active
[    0.000000] APIC: Static calls initialized
[    0.000000] SMBIOS 2.8 present.
[    0.000000] DMI: QEMU Standard PC (Q35 + ICH9, 2009), BIOS rel-1.16.3-0-ga6ed6b701f0a-prebuilt.qemu.org 04/01/2014
[    0.000000] DMI: Memory slots populated: 1/1
[    0.000000] Hypervisor detected: KVM
[    0.000000] kvm-clock: Using msrs 4b564d01 and 4b564d00
[    0.000008] kvm-clock: using sched offset of 3512590093 cycles
[    0.000022] clocksource: kvm-clock: mask: 0xffffffffffffffff max_cycles: 0x1cd42e4dffb, max_idle_ns: 881590591483 ns
[    0.000073] tsc: Detected 2933.436 MHz processor
[    0.002514] e820: update [mem 0x00000000-0x00000fff] usable ==> reserved
[    0.002523] e820: remove [mem 0x000a0000-0x000fffff] usable
[    0.002537] last_pfn = 0x380000 max_arch_pfn = 0x400000000
[    0.003180] MTRR map: 4 entries (3 fixed + 1 variable; max 19), built from 8 variable MTRRs
[    0.003216] x86/PAT: Configuration [0-7]: WB  WC  UC- UC  WB  WP  UC- WT  
[    0.004036] last_pfn = 0x7ffda max_arch_pfn = 0x400000000
[    0.015899] found SMP MP-table at [mem 0x000f5450-0x000f545f]
[    0.016064] Using GB pages for direct mapping
[    0.017908] RAMDISK: [mem 0x79e18000-0x7ffcffff]
[    0.017999] ACPI: Early table checksum verification disabled
[    0.018117] ACPI: RSDP 0x00000000000F5220 000014 (v00 BOCHS )
[    0.018170] ACPI: RSDT 0x000000007FFE3D96 000040 (v01 BOCHS  BXPC     00000001 BXPC 00000001)
[    0.018223] ACPI: FACP 0x000000007FFE25E7 0000F4 (v03 BOCHS  BXPC     00000001 BXPC 00000001)
[    0.018251] ACPI: DSDT 0x000000007FFDF040 0035A7 (v01 BOCHS  BXPC     00000001 BXPC 00000001)
[    0.018268] ACPI: FACS 0x000000007FFDF000 000040
[    0.018278] ACPI: APIC 0x000000007FFE26DB 000170 (v03 BOCHS  BXPC     00000001 BXPC 00000001)
[    0.018288] ACPI: HPET 0x000000007FFE284B 000038 (v01 BOCHS  BXPC     00000001 BXPC 00000001)
[    0.018298] ACPI: SRAT 0x000000007FFE2883 0002D0 (v01 BOCHS  BXPC     00000001 BXPC 00000001)
[    0.018308] ACPI: MCFG 0x000000007FFE2B53 00003C (v01 BOCHS  BXPC     00000001 BXPC 00000001)
[    0.018318] ACPI: SSDT 0x000000007FFE2B8F 0011DF (v01 BOCHS  NVDIMM   00000001 BXPC 00000001)
[    0.018328] ACPI: WAET 0x000000007FFE3D6E 000028 (v01 BOCHS  BXPC     00000001 BXPC 00000001)
[    0.018335] ACPI: Reserving FACP table memory at [mem 0x7ffe25e7-0x7ffe26da]
[    0.018339] ACPI: Reserving DSDT table memory at [mem 0x7ffdf040-0x7ffe25e6]
[    0.018342] ACPI: Reserving FACS table memory at [mem 0x7ffdf000-0x7ffdf03f]
[    0.018344] ACPI: Reserving APIC table memory at [mem 0x7ffe26db-0x7ffe284a]
[    0.018346] ACPI: Reserving HPET table memory at [mem 0x7ffe284b-0x7ffe2882]
[    0.018349] ACPI: Reserving SRAT table memory at [mem 0x7ffe2883-0x7ffe2b52]
[    0.018351] ACPI: Reserving MCFG table memory at [mem 0x7ffe2b53-0x7ffe2b8e]
[    0.018354] ACPI: Reserving SSDT table memory at [mem 0x7ffe2b8f-0x7ffe3d6d]
[    0.018356] ACPI: Reserving WAET table memory at [mem 0x7ffe3d6e-0x7ffe3d95]
[    0.018824] ACPI: SRAT: Node 0 PXM 0 [mem 0x00000000-0x0009ffff]
[    0.018831] ACPI: SRAT: Node 0 PXM 0 [mem 0x00100000-0x7fffffff]
[    0.018839] ACPI: SRAT: Node 0 PXM 0 [mem 0x100000000-0x37fffffff]
[    0.018842] ACPI: SRAT: Node 0 PXM 0 [mem 0x380000000-0x1bffffffff] hotplug
[    0.018856] NUMA: Node 0 [mem 0x00001000-0x0009ffff] + [mem 0x00100000-0x7fffffff] -> [mem 0x00001000-0x7fffffff]
[    0.018860] NUMA: Node 0 [mem 0x00001000-0x7fffffff] + [mem 0x100000000-0x37fffffff] -> [mem 0x00001000-0x37fffffff]
[    0.018890] NODE_DATA(0) allocated [mem 0x37ffd3700-0x37fffdfff]
[    0.019317] crashkernel low memory reserved: 0x69000000 - 0x79000000 (256 MB)
[    0.019323] crashkernel reserved: 0x00000002ff000000 - 0x000000037f000000 (2048 MB)
[    0.019506] Zone ranges:
[    0.019509]   DMA      [mem 0x0000000000001000-0x0000000000ffffff]
[    0.019513]   DMA32    [mem 0x0000000001000000-0x00000000ffffffff]
[    0.019517]   Normal   [mem 0x0000000100000000-0x000000037fffffff]
[    0.019520]   Device   empty
[    0.019522] Movable zone start for each node
[    0.019525] Early memory node ranges
[    0.019527]   node   0: [mem 0x0000000000001000-0x000000000009efff]
[    0.019534]   node   0: [mem 0x0000000000100000-0x000000007ffd9fff]
[    0.019537]   node   0: [mem 0x0000000100000000-0x000000037fffffff]
[    0.019542] Initmem setup node 0 [mem 0x0000000000001000-0x000000037fffffff]
[    0.020143] On node 0, zone DMA: 1 pages in unavailable ranges
[    0.020473] On node 0, zone DMA: 97 pages in unavailable ranges
[    0.313234] On node 0, zone Normal: 38 pages in unavailable ranges
[    1.989316] kasan: KernelAddressSanitizer initialized
[    1.996974] ACPI: PM-Timer IO Port: 0x608
[    1.997112] ACPI: LAPIC_NMI (acpi_id[0xff] dfl dfl lint[0x1])
[    1.997589] IOAPIC[0]: apic_id 0, version 17, address 0xfec00000, GSI 0-23
[    1.997607] ACPI: INT_SRC_OVR (bus 0 bus_irq 0 global_irq 2 dfl dfl)
[    1.997613] ACPI: INT_SRC_OVR (bus 0 bus_irq 5 global_irq 5 high level)
[    1.997616] ACPI: INT_SRC_OVR (bus 0 bus_irq 9 global_irq 9 high level)
[    1.997628] ACPI: INT_SRC_OVR (bus 0 bus_irq 10 global_irq 10 high level)
[    1.997632] ACPI: INT_SRC_OVR (bus 0 bus_irq 11 global_irq 11 high level)
[    1.997647] ACPI: Using ACPI (MADT) for SMP configuration information
[    1.997651] ACPI: HPET id: 0x8086a201 base: 0xfed00000
[    1.997670] TSC deadline timer available
[    1.997694] CPU topo: Max. logical packages:   2
[    1.997697] CPU topo: Max. logical dies:       2
[    1.997699] CPU topo: Max. dies per package:   1
[    1.997706] CPU topo: Max. threads per core:   2
[    1.997708] CPU topo: Num. cores per package:     8
[    1.997710] CPU topo: Num. threads per package:  16
[    1.997712] CPU topo: Allowing 32 present CPUs plus 0 hotplug CPUs
[    1.997861] kvm-guest: APIC: eoi() replaced with kvm_guest_apic_eoi_write()
[    1.997985] kvm-guest: KVM setup pv remote TLB flush
[    1.998044] kvm-guest: setup PV sched yield
[    1.998217] PM: hibernation: Registered nosave memory: [mem 0x00000000-0x00000fff]
[    1.998224] PM: hibernation: Registered nosave memory: [mem 0x0009f000-0x0009ffff]
[    1.998227] PM: hibernation: Registered nosave memory: [mem 0x000a0000-0x000effff]
[    1.998229] PM: hibernation: Registered nosave memory: [mem 0x000f0000-0x000fffff]
[    1.998234] PM: hibernation: Registered nosave memory: [mem 0x7ffda000-0x7fffffff]
[    1.998236] PM: hibernation: Registered nosave memory: [mem 0x80000000-0xafffffff]
[    1.998238] PM: hibernation: Registered nosave memory: [mem 0xb0000000-0xbfffffff]
[    1.998241] PM: hibernation: Registered nosave memory: [mem 0xc0000000-0xfed1bfff]
[    1.998243] PM: hibernation: Registered nosave memory: [mem 0xfed1c000-0xfed1ffff]
[    1.998245] PM: hibernation: Registered nosave memory: [mem 0xfed20000-0xfeffbfff]
[    1.998247] PM: hibernation: Registered nosave memory: [mem 0xfeffc000-0xfeffffff]
[    1.998249] PM: hibernation: Registered nosave memory: [mem 0xff000000-0xfffbffff]
[    1.998251] PM: hibernation: Registered nosave memory: [mem 0xfffc0000-0xffffffff]
[    1.998264] [mem 0xc0000000-0xfed1bfff] available for PCI devices
[    1.998272] Booting paravirtualized kernel on KVM
[    1.998282] clocksource: refined-jiffies: mask: 0xffffffff max_cycles: 0xffffffff, max_idle_ns: 7645519600211568 ns
[    1.998364] setup_percpu: NR_CPUS:8192 nr_cpumask_bits:32 nr_cpu_ids:32 nr_node_ids:1
[    2.127932] percpu: Embedded 532 pages/cpu s2142208 r8192 d28672 u4194304
[    2.127994] pcpu-alloc: s2142208 r8192 d28672 u4194304 alloc=2*2097152
[    2.128002] pcpu-alloc: [0] 00 [0] 01 [0] 02 [0] 03 [0] 04 [0] 05 [0] 06 [0] 07 
[    2.128022] pcpu-alloc: [0] 08 [0] 09 [0] 10 [0] 11 [0] 12 [0] 13 [0] 14 [0] 15 
[    2.128042] pcpu-alloc: [0] 16 [0] 17 [0] 18 [0] 19 [0] 20 [0] 21 [0] 22 [0] 23 
[    2.128061] pcpu-alloc: [0] 24 [0] 25 [0] 26 [0] 27 [0] 28 [0] 29 [0] 30 [0] 31 
[    2.128403] kvm-guest: PV spinlocks enabled
[    2.128426] PV qspinlock hash table entries: 256 (order: 0, 4096 bytes, linear)
[    2.128443] Kernel command line: intremap=off console=ttyS0,115200 nokaslr root=/dev/vda1 crashkernel=1G-:2G
[    2.128717] Unknown kernel command line parameters "nokaslr", will be passed to user space.
[    2.128752] printk: log buffer data + meta data: 262144 + 917504 = 1179648 bytes
[    2.142368] Dentry cache hash table entries: 2097152 (order: 12, 16777216 bytes, linear)
[    2.149623] Inode-cache hash table entries: 1048576 (order: 11, 8388608 bytes, linear)
[    2.154370] Fallback order for Node 0: 0 
[    2.154402] Built 1 zonelists, mobility grouping on.  Total pages: 3145592
[    2.154406] Policy zone: Normal
[    2.154470] mem auto-init: stack:off, heap alloc:on, heap free:off
[    2.154483] stackdepot: allocating hash table via alloc_large_system_hash
[    2.154494] stackdepot hash table entries: 1048576 (order: 12, 16777216 bytes, linear)
[    2.169521] software IO TLB: area num 32.
[    2.925763] SLUB: HWalign=64, Order=0-3, MinObjects=0, CPUs=32, Nodes=1
[    2.926968] Kernel/User page tables isolation: enabled
[    2.927631] ftrace: allocating 52416 entries in 205 pages
[    3.243560] ftrace: allocated 205 pages with 5 groups
[    3.250717] Dynamic Preempt: voluntary
[    3.259629] Running RCU self tests
[    3.259632] Running RCU synchronous self tests
[    3.259699] rcu: Preemptible hierarchical RCU implementation.
[    3.259701] rcu: 	RCU lockdep checking is enabled.
[    3.259703] rcu: 	RCU restricting CPUs from NR_CPUS=8192 to nr_cpu_ids=32.
[    3.259707] 	Trampoline variant of Tasks RCU enabled.
[    3.259709] 	Rude variant of Tasks RCU enabled.
[    3.259710] 	Tracing variant of Tasks RCU enabled.
[    3.259712] rcu: RCU calculated value of scheduler-enlistment delay is 25 jiffies.
[    3.259714] rcu: Adjusting geometry for rcu_fanout_leaf=16, nr_cpu_ids=32
[    3.260370] Running RCU synchronous self tests
[    3.260401] RCU Tasks: Setting shift to 5 and lim to 1 rcu_task_cb_adjust=1 rcu_task_cpu_ids=32.
[    3.260426] RCU Tasks Rude: Setting shift to 5 and lim to 1 rcu_task_cb_adjust=1 rcu_task_cpu_ids=32.
[    3.260450] RCU Tasks Trace: Setting shift to 5 and lim to 1 rcu_task_cb_adjust=1 rcu_task_cpu_ids=32.
[    3.316137] NR_IRQS: 524544, nr_irqs: 680, preallocated irqs: 16
[    3.318198] rcu: srcu_init: Setting srcu_struct sizes based on contention.
[    3.424536] Console: colour VGA+ 80x25
[    3.424971] printk: legacy console [ttyS0] enabled
[    4.682659] Lock dependency validator: Copyright (c) 2006 Red Hat, Inc., Ingo Molnar
[    4.692287] ... MAX_LOCKDEP_SUBCLASSES:  8
[    4.697332] ... MAX_LOCK_DEPTH:          48
[    4.702614] ... MAX_LOCKDEP_KEYS:        8192
[    4.707980] ... CLASSHASH_SIZE:          4096
[    4.713753] ... MAX_LOCKDEP_ENTRIES:     32768
[    4.719402] ... MAX_LOCKDEP_CHAINS:      65536
[    4.724947] ... CHAINHASH_SIZE:          32768
[    4.730381]  memory used by lock dependency info: 6941 kB
[    4.736803]  memory used for stack traces: 4224 kB
[    4.742739]  per task-struct memory footprint: 2688 bytes
[    4.750108] ACPI: Core revision 20240827
[    4.758032] clocksource: hpet: mask: 0xffffffff max_cycles: 0xffffffff, max_idle_ns: 19112604467 ns
[    4.770230] APIC: Switch to symmetric I/O mode setup
[    4.780082] x2apic enabled
[    4.787513] APIC: Switched APIC routing to: physical x2apic
[    4.794380] kvm-guest: APIC: send_IPI_mask() replaced with kvm_send_ipi_mask()
[    4.803120] kvm-guest: APIC: send_IPI_mask_allbutself() replaced with kvm_send_ipi_mask_allbutself()
[    4.815916] kvm-guest: setup PV IPIs
[    4.837398] ..TIMER: vector=0x30 apic1=0 pin1=2 apic2=-1 pin2=-1
[    4.847574] clocksource: tsc-early: mask: 0xffffffffffffffff max_cycles: 0x2a48a50322c, max_idle_ns: 440795287943 ns
[    4.864674] Calibrating delay loop (skipped) preset value.. 5866.87 BogoMIPS (lpj=11733744)
[    4.870383] x86/cpu: User Mode Instruction Prevention (UMIP) activated
[    4.874452] Last level iTLB entries: 4KB 0, 2MB 0, 4MB 0
[    4.876663] Last level dTLB entries: 4KB 0, 2MB 0, 4MB 0, 1GB 0
[    4.880763] Spectre V1 : Mitigation: usercopy/swapgs barriers and __user pointer sanitization
[    4.884666] Spectre V2 : Mitigation: Retpolines
[    4.888663] Spectre V2 : Spectre v2 / SpectreRSB mitigation: Filling RSB on context switch
[    4.892663] Spectre V2 : Spectre v2 / SpectreRSB : Filling RSB on VMEXIT
[    4.896710] Spectre V2 : Enabling Restricted Speculation for firmware calls
[    4.900672] Spectre V2 : mitigation: Enabling conditional Indirect Branch Prediction Barrier
[    4.904663] Spectre V2 : User space: Mitigation: STIBP via prctl
[    4.908664] Speculative Store Bypass: Mitigation: Speculative Store Bypass disabled via prctl
[    4.912665] MDS: Vulnerable: Clear CPU buffers attempted, no microcode
[    4.916663] MMIO Stale Data: Unknown: No mitigations
[    4.920686] x86/fpu: x87 FPU will use FXSAVE
[    4.981120] Freeing SMP alternatives memory: 40K
[    4.984671] pid_max: default: 32768 minimum: 301
[    4.995104] LSM: initializing lsm=lockdown,capability,landlock,yama,apparmor,ima,evm
[    5.000808] landlock: Up and running.
[    5.004665] Yama: becoming mindful.
[    5.009922] AppArmor: AppArmor initialized
[    5.015354] Mount-cache hash table entries: 32768 (order: 6, 262144 bytes, linear)
[    5.016895] Mountpoint-cache hash table entries: 32768 (order: 6, 262144 bytes, linear)
[    5.029034] Running RCU synchronous self tests
[    5.032670] Running RCU synchronous self tests
[    5.042653] smpboot: CPU0: Intel Westmere E56xx/L56xx/X56xx (IBRS update) (family: 0x6, model: 0x2c, stepping: 0x1)
[    5.051870] Running RCU Tasks wait API self tests
[    5.156839] Running RCU Tasks Rude wait API self tests
[    5.160692] Running RCU Tasks Trace wait API self tests
[    5.164877] Performance Events: unsupported p6 CPU model 44 no PMU driver, software events only.
[    5.169218] signal: max sigframe size: 1440
[    5.172780] Callback from call_rcu_tasks_trace() invoked.
[    5.177386] rcu: Hierarchical SRCU implementation.
[    5.180695] rcu: 	Max phase no-delay instances is 1000.
[    5.185986] Timer migration: 2 hierarchy levels; 8 children per group; 2 crossnode level
[    5.200896] NMI watchdog: Perf NMI watchdog permanently disabled
[    5.216773] smp: Bringing up secondary CPUs ...
[    5.233493] smpboot: x86: Booting SMP configuration:
[    5.236719] .... node  #0, CPUs:        #2  #4  #6  #8 #10 #12 #14 #16 #18 #20 #22 #24 #26 #28 #30
[    5.364962] Callback from call_rcu_tasks() invoked.
[    5.445850]   #1  #3  #5  #7  #9 #11 #13 #15 #17 #19 #21 #23 #25 #27 #29 #31
[    5.604438] MDS CPU bug present and SMT on, data leak possible. See https://www.kernel.org/doc/html/latest/admin-guide/hw-vuln/mds.html for more details.
[    5.698792] smp: Brought up 1 node, 32 CPUs
[    5.700693] smpboot: Total of 32 processors activated (187739.90 BogoMIPS)
[    5.739101] Memory: 7997952K/12582368K available (53248K kernel code, 16294K rwdata, 13000K rodata, 9908K init, 22736K bss, 4537656K reserved, 0K cma-reserved)
[    5.746110] devtmpfs: initialized
[    5.749909] x86/mm: Memory block size: 128MB
[    5.837787] Running RCU synchronous self tests
[    5.840762] Running RCU synchronous self tests
[    5.844928] clocksource: jiffies: mask: 0xffffffff max_cycles: 0xffffffff, max_idle_ns: 7645041785100000 ns
[    5.849973] futex hash table entries: 8192 (order: 8, 1048576 bytes, linear)
[    5.856420] pinctrl core: initialized pinctrl subsystem
[    5.860513] PM: RTC time: 12:17:24, date: 2025-01-11
[    5.870299] NET: Registered PF_NETLINK/PF_ROUTE protocol family
[    5.877223] DMA: preallocated 1024 KiB GFP_KERNEL pool for atomic allocations
[    5.881117] DMA: preallocated 1024 KiB GFP_KERNEL|GFP_DMA pool for atomic allocations
[    5.884965] DMA: preallocated 1024 KiB GFP_KERNEL|GFP_DMA32 pool for atomic allocations
[    5.889388] audit: initializing netlink subsys (disabled)
[    5.893676] audit: type=2000 audit(1736597843.380:1): state=initialized audit_enabled=0 res=1
[    5.898390] thermal_sys: Registered thermal governor 'fair_share'
[    5.900705] thermal_sys: Registered thermal governor 'bang_bang'
[    5.904707] thermal_sys: Registered thermal governor 'step_wise'
[    5.908700] thermal_sys: Registered thermal governor 'user_space'
[    5.912696] thermal_sys: Registered thermal governor 'power_allocator'
[    5.917000] EISA bus registered
[    5.924932] cpuidle: using governor ladder
[    5.928960] cpuidle: using governor menu
[    5.934888] acpiphp: ACPI Hot Plug PCI Controller Driver version: 0.5
[    5.940348] PCI: ECAM [mem 0xb0000000-0xbfffffff] (base 0xb0000000) for domain 0000 [bus 00-ff]
[    5.940699] PCI: ECAM [mem 0xb0000000-0xbfffffff] reserved as E820 entry
[    6.021405] PCI: Using configuration type 1 for base access
[    6.026802] kprobes: kprobe jump-optimization is enabled. All kprobes are optimized if possible.
[    6.038552] HugeTLB: registered 1.00 GiB page size, pre-allocated 0 pages
[    6.040708] HugeTLB: 16380 KiB vmemmap can be freed for a 1.00 GiB page
[    6.044693] HugeTLB: registered 2.00 MiB page size, pre-allocated 0 pages
[    6.048696] HugeTLB: 28 KiB vmemmap can be freed for a 2.00 MiB page
[    6.128922] ACPI: Added _OSI(Module Device)
[    6.136695] ACPI: Added _OSI(Processor Device)
[    6.140693] ACPI: Added _OSI(3.0 _SCP Extensions)
[    6.148698] ACPI: Added _OSI(Processor Aggregator Device)
[    6.395214] ACPI: 2 ACPI AML tables successfully acquired and loaded
[    6.464918] ACPI: Interpreter enabled
[    6.473540] ACPI: PM: (supports S0 S3 S4 S5)
[    6.481790] ACPI: Using IOAPIC for interrupt routing
[    6.489635] PCI: Using host bridge windows from ACPI; if necessary, use "pci=nocrs" and report a bug
[    6.504738] PCI: Using E820 reservations for host bridge windows
[    6.525674] ACPI: Enabled 4 GPEs in block 00 to 3F
[    7.035956] ACPI: PCI Root Bridge [PCI0] (domain 0000 [bus 00-ff])
[    7.048818] acpi PNP0A08:00: _OSC: OS supports [ExtendedConfig ASPM ClockPM Segments MSI EDR HPX-Type3]
[    7.069434] acpi PNP0A08:00: _OSC: platform does not support [PCIeHotplug LTR DPC]
[    7.089670] acpi PNP0A08:00: _OSC: OS now controls [SHPCHotplug PME AER PCIeCapability]
[    7.113104] PCI host bridge to bus 0000:00
[    7.121031] pci_bus 0000:00: root bus resource [io  0x0000-0x0cf7 window]
[    7.132719] pci_bus 0000:00: root bus resource [io  0x0d00-0xffff window]
[    7.144709] pci_bus 0000:00: root bus resource [mem 0x000a0000-0x000bffff window]
[    7.156722] pci_bus 0000:00: root bus resource [mem 0x80000000-0xafffffff window]
[    7.164740] pci_bus 0000:00: root bus resource [mem 0xc0000000-0xfebfffff window]
[    7.176711] pci_bus 0000:00: root bus resource [mem 0x1c00000000-0x23ffffffff window]
[    7.188715] pci_bus 0000:00: root bus resource [bus 00-ff]
[    7.201388] pci 0000:00:00.0: [8086:29c0] type 00 class 0x060000 conventional PCI endpoint
[    7.222380] pci 0000:00:01.0: [1234:1111] type 00 class 0x030000 conventional PCI endpoint
[    7.254608] pci 0000:00:01.0: BAR 0 [mem 0xfd000000-0xfdffffff pref]
[    7.285844] pci 0000:00:01.0: BAR 2 [mem 0xfea50000-0xfea50fff]
[    7.341016] pci 0000:00:01.0: ROM [mem 0xfea40000-0xfea4ffff pref]
[    7.355273] pci 0000:00:01.0: Video device with shadowed ROM at [mem 0x000c0000-0x000dffff]
[    7.369185] pci 0000:00:01.0: pci_fixup_video+0x0/0x2d0 took 15625 usecs
[    7.398736] pci 0000:00:02.0: [1af4:1000] type 00 class 0x020000 conventional PCI endpoint
[    7.420741] pci 0000:00:02.0: BAR 0 [io  0xc040-0xc05f]
[    7.432702] pci 0000:00:02.0: BAR 1 [mem 0xfea51000-0xfea51fff]
[    7.452690] pci 0000:00:02.0: BAR 4 [mem 0xfe200000-0xfe203fff 64bit pref]
[    7.466653] pci 0000:00:02.0: ROM [mem 0xfea00000-0xfea3ffff pref]
[    7.491922] pci 0000:00:03.0: [1b36:000c] type 01 class 0x060400 PCIe Root Port
[    7.512495] pci 0000:00:03.0: BAR 0 [mem 0xfea52000-0xfea52fff]
[    7.540898] pci 0000:00:03.0: PCI bridge to [bus 01]
[    7.553172] pci 0000:00:03.0:   bridge window [mem 0xfe800000-0xfe9fffff]
[    7.572782] pci 0000:00:03.0:   bridge window [mem 0xfe000000-0xfe1fffff 64bit pref]
[    7.599738] pci 0000:00:04.0: [1af4:105b] type 00 class 0x00ff00 conventional PCI endpoint
[    7.623565] pci 0000:00:04.0: BAR 4 [mem 0xfe204000-0xfe207fff 64bit pref]
[    7.785859] pci 0000:00:1f.0: [8086:2918] type 00 class 0x060100 conventional PCI endpoint
[    7.806488] pci 0000:00:1f.0: quirk: [io  0x0600-0x067f] claimed by ICH6 ACPI/GPIO/TCO
[    7.817287] pci 0000:00:1f.0: quirk_ich7_lpc+0x0/0x1d0 took 11718 usecs
[    7.834782] pci 0000:00:1f.2: [8086:2922] type 00 class 0x010601 conventional PCI endpoint
[    7.861155] pci 0000:00:1f.2: BAR 4 [io  0xc060-0xc07f]
[    7.871241] pci 0000:00:1f.2: BAR 5 [mem 0xfea53000-0xfea53fff]
[    7.889960] pci 0000:00:1f.3: [8086:2930] type 00 class 0x0c0500 conventional PCI endpoint
[    7.911144] pci 0000:00:1f.3: BAR 4 [io  0x0700-0x073f]
[    7.934796] acpiphp: Slot [0] registered
[    7.943001] pci 0000:01:00.0: [1af4:1042] type 00 class 0x010000 PCIe Endpoint
[    7.968741] pci 0000:01:00.0: BAR 1 [mem 0xfe800000-0xfe800fff]
[    8.000330] pci 0000:01:00.0: BAR 4 [mem 0xfe000000-0xfe003fff 64bit pref]
[    8.136865] pci 0000:00:03.0: PCI bridge to [bus 01]
[    8.164930] ACPI: PCI: Interrupt link LNKA configured for IRQ 10
[    8.181535] ACPI: PCI: Interrupt link LNKB configured for IRQ 10
[    8.197249] ACPI: PCI: Interrupt link LNKC configured for IRQ 11
[    8.210140] ACPI: PCI: Interrupt link LNKD configured for IRQ 11
[    8.225667] ACPI: PCI: Interrupt link LNKE configured for IRQ 10
[    8.240652] ACPI: PCI: Interrupt link LNKF configured for IRQ 10
[    8.254021] ACPI: PCI: Interrupt link LNKG configured for IRQ 11
[    8.271111] ACPI: PCI: Interrupt link LNKH configured for IRQ 11
[    8.282336] ACPI: PCI: Interrupt link GSIA configured for IRQ 16
[    8.293231] ACPI: PCI: Interrupt link GSIB configured for IRQ 17
[    8.305283] ACPI: PCI: Interrupt link GSIC configured for IRQ 18
[    8.313229] ACPI: PCI: Interrupt link GSID configured for IRQ 19
[    8.325302] ACPI: PCI: Interrupt link GSIE configured for IRQ 20
[    8.333296] ACPI: PCI: Interrupt link GSIF configured for IRQ 21
[    8.345277] ACPI: PCI: Interrupt link GSIG configured for IRQ 22
[    8.353437] ACPI: PCI: Interrupt link GSIH configured for IRQ 23
[    8.494482] iommu: Default domain type: Translated
[    8.500793] iommu: DMA domain TLB invalidation policy: lazy mode
[    8.533020] SCSI subsystem initialized
[    8.541518] libata version 3.00 loaded.
[    8.543212] ACPI: bus type USB registered
[    8.549708] usbcore: registered new interface driver usbfs
[    8.561500] usbcore: registered new interface driver hub
[    8.574096] usbcore: registered new device driver usb
[    8.587528] pps_core: LinuxPPS API ver. 1 registered
[    8.600730] pps_core: Software ver. 5.3.6 - Copyright 2005-2007 Rodolfo Giometti <giometti@linux.it>
[    8.616855] PTP clock support registered
[    8.630789] EDAC MC: Ver: 3.0.0
[    8.657670] NetLabel: Initializing
[    8.664745] NetLabel:  domain hash size = 128
[    8.672694] NetLabel:  protocols = UNLABELED CIPSOv4 CALIPSO
[    8.685612] NetLabel:  unlabeled traffic allowed by default
[    8.702814] PCI: Using ACPI for IRQ routing
[   10.762861] PCI: pci_cache_line_size set to 64 bytes
[   10.765235] e820: reserve RAM buffer [mem 0x0009fc00-0x0009ffff]
[   10.765356] e820: reserve RAM buffer [mem 0x7ffda000-0x7fffffff]
[   10.769107] pci 0000:00:01.0: vgaarb: setting as boot VGA device
[   10.772652] pci 0000:00:01.0: vgaarb: bridge control possible
[   10.772652] pci 0000:00:01.0: vgaarb: VGA device added: decodes=io+mem,owns=io+mem,locks=none
[   10.800727] vgaarb: loaded
[   10.809268] hpet0: at MMIO 0xfed00000, IRQs 2, 8, 0
[   10.816695] hpet0: 3 comparators, 64-bit 100.000000 MHz counter
[   10.853229] clocksource: Switched to clocksource kvm-clock
[   10.873789] VFS: Disk quotas dquot_6.6.0
[   10.880826] VFS: Dquot-cache hash table entries: 512 (order 0, 4096 bytes)
[   10.901174] AppArmor: AppArmor Filesystem Enabled
[   10.909913] pnp: PnP ACPI init
[   10.923790] system 00:05: [mem 0xb0000000-0xbfffffff window] has been reserved
[   10.970039] pnp: PnP ACPI: found 6 devices
[   11.058089] clocksource: acpi_pm: mask: 0xffffff max_cycles: 0xffffff, max_idle_ns: 2085701024 ns
[   11.076725] NET: Registered PF_INET protocol family
[   11.088904] IP idents hash table entries: 262144 (order: 9, 2097152 bytes, linear)
[   11.116505] tcp_listen_portaddr_hash hash table entries: 8192 (order: 7, 655360 bytes, linear)
[   11.135198] Table-perturb hash table entries: 65536 (order: 6, 262144 bytes, linear)
[   11.152758] TCP established hash table entries: 131072 (order: 8, 1048576 bytes, linear)
[   11.177577] TCP bind hash table entries: 65536 (order: 11, 10485760 bytes, vmalloc hugepage)
[   11.196272] TCP: Hash tables configured (established 131072 bind 65536)
[   11.216198] MPTCP token hash table entries: 16384 (order: 8, 1572864 bytes, linear)
[   11.232850] UDP hash table entries: 8192 (order: 9, 2490368 bytes, linear)
[   11.251435] UDP-Lite hash table entries: 8192 (order: 9, 2490368 bytes, linear)
[   11.268110] NET: Registered PF_UNIX/PF_LOCAL protocol family
[   11.277765] NET: Registered PF_XDP protocol family
[   11.285916] pci 0000:00:03.0: bridge window [io  0x1000-0x0fff] to [bus 01] add_size 1000
[   11.299249] pci 0000:00:03.0: bridge window [io  0x1000-0x1fff]: assigned
[   11.310322] pci 0000:00:03.0: PCI bridge to [bus 01]
[   11.318694] pci 0000:00:03.0:   bridge window [io  0x1000-0x1fff]
[   11.330821] pci 0000:00:03.0:   bridge window [mem 0xfe800000-0xfe9fffff]
[   11.343220] pci 0000:00:03.0:   bridge window [mem 0xfe000000-0xfe1fffff 64bit pref]
[   11.358180] pci_bus 0000:00: resource 4 [io  0x0000-0x0cf7 window]
[   11.368467] pci_bus 0000:00: resource 5 [io  0x0d00-0xffff window]
[   11.378287] pci_bus 0000:00: resource 6 [mem 0x000a0000-0x000bffff window]
[   11.389181] pci_bus 0000:00: resource 7 [mem 0x80000000-0xafffffff window]
[   11.400360] pci_bus 0000:00: resource 8 [mem 0xc0000000-0xfebfffff window]
[   11.411669] pci_bus 0000:00: resource 9 [mem 0x1c00000000-0x23ffffffff window]
[   11.423103] pci_bus 0000:01: resource 0 [io  0x1000-0x1fff]
[   11.431961] pci_bus 0000:01: resource 1 [mem 0xfe800000-0xfe9fffff]
[   11.442033] pci_bus 0000:01: resource 2 [mem 0xfe000000-0xfe1fffff 64bit pref]
[   11.455184] PCI: CLS 0 bytes, default 64
[   11.462164] PCI-DMA: Using software bounce buffering for IO (SWIOTLB)
[   11.465181] Trying to unpack rootfs image as initramfs...
[   11.472769] software IO TLB: mapped [mem 0x0000000065000000-0x0000000069000000] (64MB)
[   11.495230] clocksource: tsc: mask: 0xffffffffffffffff max_cycles: 0x2a48a50322c, max_idle_ns: 440795287943 ns
[   11.538918] Initialise system trusted keyrings
[   11.548110] Key type blacklist registered
[   11.557468] workingset: timestamp_bits=36 max_order=21 bucket_order=0
[   11.569636] zbud: loaded
[   11.589570] squashfs: version 4.0 (2009/01/31) Phillip Lougher
[   11.607909] fuse: init (API version 7.41)
[   11.624736] integrity: Platform Keyring initialized
[   11.656387] Key type asymmetric registered
[   11.663717] Asymmetric key parser 'x509' registered
[   11.672847] Block layer SCSI generic (bsg) driver version 0.4 loaded (major 243)
[   11.687855] io scheduler mq-deadline registered
[   11.740282] ledtrig-cpu: registered to indicate activity on CPUs
[   11.805351] ACPI: \_SB_.GSIH: Enabled at IRQ 23
[   11.824648] pcieport 0000:00:03.0: PME: Signaling with IRQ 24
[   11.839744] pcieport 0000:00:03.0: AER: enabled with IRQ 24
[   11.857138] shpchp: Standard Hot Plug PCI Controller Driver version: 0.4
[   11.876619] input: Power Button as /devices/LNXSYSTM:00/LNXPWRBN:00/input/input0
[   11.894351] ACPI: button: Power Button [PWRF]
[   12.004215] ACPI: \_SB_.GSIG: Enabled at IRQ 22
[   12.055815] ACPI: \_SB_.GSIE: Enabled at IRQ 20
[   12.122071] Serial: 8250/16550 driver, 32 ports, IRQ sharing enabled
[   12.187815] 00:03: ttyS0 at I/O 0x3f8 (irq = 4, base_baud = 115200) is a 16550A
[   12.329914] Linux agpgart interface v0.103
[   12.539410] loop: module loaded
[   12.556281] tun: Universal TUN/TAP device driver, 1.6
[   12.565990] PPP generic driver version 2.4.2
[   12.578711] VFIO - User Level meta-driver version: 0.3
[   12.591614] i8042: PNP: PS/2 Controller [PNP0303:KBD,PNP0f13:MOU] at 0x60,0x64 irq 1,12
[   12.615603] serio: i8042 KBD port at 0x60,0x64 irq 1
[   12.624479] serio: i8042 AUX port at 0x60,0x64 irq 12
[   12.636060] mousedev: PS/2 mouse device common for all mice
[   12.651101] rtc_cmos 00:04: RTC can wake from S4
[   12.656363] input: AT Translated Set 2 keyboard as /devices/platform/i8042/serio0/input/input1
[   12.670938] rtc_cmos 00:04: registered as rtc0
[   12.685485] rtc_cmos 00:04: setting system clock to 2025-01-11T12:17:32 UTC (1736597852)
[   12.700157] rtc_cmos 00:04: alarms up to one day, y3k, 242 bytes nvram, hpet irqs
[   12.714357] i2c_dev: i2c /dev entries driver
[   12.721890] device-mapper: core: CONFIG_IMA_DISABLE_HTABLE is disabled. Duplicate IMA measurements will not be recorded in the IMA log.
[   12.741643] device-mapper: uevent: version 1.0.3
[   12.753425] device-mapper: ioctl: 4.48.0-ioctl (2023-03-01) initialised: dm-devel@lists.linux.dev
[   12.768595] platform eisa.0: Probing EISA bus 0
[   12.776144] platform eisa.0: EISA: Cannot allocate resource for mainboard
[   12.786753] platform eisa.0: Cannot allocate resource for EISA slot 1
[   12.797392] platform eisa.0: Cannot allocate resource for EISA slot 2
[   12.807944] platform eisa.0: Cannot allocate resource for EISA slot 3
[   12.818575] platform eisa.0: Cannot allocate resource for EISA slot 4
[   12.829202] platform eisa.0: Cannot allocate resource for EISA slot 5
[   12.839711] platform eisa.0: Cannot allocate resource for EISA slot 6
[   12.850307] platform eisa.0: Cannot allocate resource for EISA slot 7
[   12.860947] platform eisa.0: Cannot allocate resource for EISA slot 8
[   12.871530] platform eisa.0: EISA: Detected 0 cards
[   12.879867] intel_pstate: CPU model not supported
[   12.892060] drop_monitor: Initializing network drop monitor service
[   12.906242] NET: Registered PF_INET6 protocol family
[   15.571734] Freeing initrd memory: 100064K
[   15.694829] Segment Routing with IPv6
[   15.701610] In-situ OAM (IOAM) with IPv6
[   15.708835] NET: Registered PF_PACKET protocol family
[   15.718374] Key type dns_resolver registered
[   15.782369] IPI shorthand broadcast: enabled
[   15.888566] registered taskstats version 1
[   15.927330] Loading compiled-in X.509 certificates
[   16.099429] Demotion targets for Node 0: null
[   16.108225] kmemleak: Kernel memory leak detector initialized (mem pool available: 14031)
[   16.108422] kmemleak: Automatic memory scanning thread started
[   16.126663] Key type .fscrypt registered
[   16.138107] Key type fscrypt-provisioning registered
[   16.223574] cryptd: module verification failed: signature and/or required key missing - tainting kernel
[   16.248918] cryptd: max_cpu_qlen set to 1000
[   16.459147] Key type encrypted registered
[   16.465777] AppArmor: AppArmor sha256 policy hashing enabled
[   16.474937] ima: No TPM chip found, activating TPM-bypass!
[   16.483311] Loading compiled-in module X.509 certificates
[   16.492129] ima: Allocated hash algorithm: sha1
[   16.500090] ima: No architecture policies found
[   16.508297] evm: Initialising EVM extended attributes:
[   16.516662] evm: security.selinux
[   16.522117] evm: security.SMACK64
[   16.527516] evm: security.SMACK64EXEC
[   16.533573] evm: security.SMACK64TRANSMUTE
[   16.540202] evm: security.SMACK64MMAP
[   16.546263] evm: security.apparmor
[   16.551728] evm: security.ima
[   16.556664] evm: security.capability
[   16.562507] evm: HMAC attrs: 0x1
[   16.581897] PM:   Magic number: 9:785:278
[   16.588425] tty tty15: hash matches
[   16.600407] RAS: Correctable Errors collector initialized.
[   16.611049] Unstable clock detected, switching default tracing clock to "global"
               If you want to keep using the local clock, then add:
                 "trace_clock=local"
               on the kernel command line
[   16.649047] clk: Disabling unused clocks
[   16.724933] Freeing unused decrypted memory: 2036K
[   16.759839] Freeing unused kernel image (initmem) memory: 9908K
[   16.772268] Write protecting the kernel read-only data: 67584k
[   16.785671] Freeing unused kernel image (rodata/data gap) memory: 1336K
[   16.860630] x86/mm: Checked W+X mappings: passed, no W+X pages found.
[   16.868075] x86/mm: Checking user space page tables
[   16.935172] x86/mm: Checked W+X mappings: passed, no W+X pages found.
[   16.942776] Run /init as init process
[   16.947211]   with arguments:
[   16.947227]     /init
[   16.947234]     nokaslr
[   16.947239]   with environment:
[   16.947245]     HOME=/
[   16.947251]     TERM=linux
[   19.970574] lpc_ich 0000:00:1f.0: I/O space for GPIO uninitialized
[   20.015194] ahci 0000:00:1f.2: version 3.0
[   20.023347] virtio_blk virtio2: 32/0/0 default/read/poll queues
[   20.139029] ACPI: \_SB_.GSIA: Enabled at IRQ 16
[   20.144504] input: VirtualPS/2 VMware VMMouse as /devices/platform/i8042/serio1/input/input4
[   20.190198] i801_smbus 0000:00:1f.3: SMBus using PCI interrupt
[   20.206377] input: VirtualPS/2 VMware VMMouse as /devices/platform/i8042/serio1/input/input3
[   20.222040] ahci 0000:00:1f.2: AHCI vers 0001.0000, 32 command slots, 1.5 Gbps, SATA mode
[   20.235235] ahci 0000:00:1f.2: 6/6 ports implemented (port mask 0x3f)
[   20.245111] ahci 0000:00:1f.2: flags: 64bit ncq only 
[   20.266356] i2c i2c-0: Memory type 0x07 not supported yet, not instantiating SPD
[   20.481221] scsi host0: ahci
[   20.510381] scsi host1: ahci
[   20.524701] scsi host2: ahci
[   20.539536] scsi host3: ahci
[   20.562285] virtio_blk virtio2: [vda] 209715200 512-byte logical blocks (107 GB/100 GiB)
[   20.574014] scsi host4: ahci
[   20.614610] scsi host5: ahci
[   20.650711] ata1: SATA max UDMA/133 abar m4096@0xfea53000 port 0xfea53100 irq 36 lpm-pol 0
[   20.663342] ata2: SATA max UDMA/133 abar m4096@0xfea53000 port 0xfea53180 irq 36 lpm-pol 0
[   20.675357] ata3: SATA max UDMA/133 abar m4096@0xfea53000 port 0xfea53200 irq 36 lpm-pol 0
[   20.687618] ata4: SATA max UDMA/133 abar m4096@0xfea53000 port 0xfea53280 irq 36 lpm-pol 0
[   20.699613] ata5: SATA max UDMA/133 abar m4096@0xfea53000 port 0xfea53300 irq 36 lpm-pol 0
[   20.711913] ata6: SATA max UDMA/133 abar m4096@0xfea53000 port 0xfea53380 irq 36 lpm-pol 0
[   20.785602]  vda: vda1 vda14 vda15
[   20.837584] virtio_net virtio0 enp0s2: renamed from eth0
[   21.040556] ata2: SATA link up 1.5 Gbps (SStatus 113 SControl 300)
[   21.055005] ata3: SATA link up 1.5 Gbps (SStatus 113 SControl 300)
[   21.063851] ata5: SATA link down (SStatus 0 SControl 300)
[   21.071925] ata6: SATA link down (SStatus 0 SControl 300)
[   21.081453] ata1: SATA link up 1.5 Gbps (SStatus 113 SControl 300)
[   21.097760] ata4: SATA link up 1.5 Gbps (SStatus 113 SControl 300)
[   21.106301] ata2.00: ATA-7: QEMU HARDDISK, 2.5+, max UDMA/100
[   21.113283] ata2.00: 20971520 sectors, multi 16: LBA48 NCQ (depth 32)
[   21.120926] ata2.00: applying bridge limits
[   21.126707] ata3.00: ATA-7: QEMU HARDDISK, 2.5+, max UDMA/100
[   21.133363] ata3.00: 20971520 sectors, multi 16: LBA48 NCQ (depth 32)
[   21.141154] ata3.00: applying bridge limits
[   21.146922] ata1.00: ATA-7: QEMU HARDDISK, 2.5+, max UDMA/100
[   21.156818] ata1.00: 20971520 sectors, multi 16: LBA48 NCQ (depth 32)
[   21.167116] ata1.00: applying bridge limits
[   21.173813] ata2.00: configured for UDMA/100
[   21.178953] ata4.00: ATA-7: QEMU HARDDISK, 2.5+, max UDMA/100
[   21.185662] ata4.00: 20971520 sectors, multi 16: LBA48 NCQ (depth 32)
[   21.192944] ata4.00: applying bridge limits
[   21.198801] ata1.00: configured for UDMA/100
[   21.206265] ata3.00: configured for UDMA/100
[   21.211821] scsi 0:0:0:0: Direct-Access     ATA      QEMU HARDDISK    2.5+ PQ: 0 ANSI: 5
[   21.213637] ata4.00: configured for UDMA/100
[   21.233903] sd 0:0:0:0: Attached scsi generic sg0 type 0
[   21.235578] sd 0:0:0:0: [sda] 20971520 512-byte logical blocks: (10.7 GB/10.0 GiB)
[   21.245376] scsi 1:0:0:0: Direct-Access     ATA      QEMU HARDDISK    2.5+ PQ: 0 ANSI: 5
[   21.253877] sd 0:0:0:0: [sda] Write Protect is off
[   21.270262] sd 0:0:0:0: [sda] Mode Sense: 00 3a 00 00
[   21.270603] sd 0:0:0:0: [sda] Write cache: enabled, read cache: enabled, doesn't support DPO or FUA
[   21.273535] sd 1:0:0:0: [sdb] 20971520 512-byte logical blocks: (10.7 GB/10.0 GiB)
[   21.273571] sd 1:0:0:0: Attached scsi generic sg1 type 0
[   21.278744] scsi 2:0:0:0: Direct-Access     ATA      QEMU HARDDISK    2.5+ PQ: 0 ANSI: 5
[   21.281535] sd 0:0:0:0: [sda] Preferred minimum I/O size 512 bytes
[   21.289478] sd 2:0:0:0: [sdc] 20971520 512-byte logical blocks: (10.7 GB/10.0 GiB)
[   21.289642] sd 2:0:0:0: [sdc] Write Protect is off
[   21.289692] sd 2:0:0:0: [sdc] Mode Sense: 00 3a 00 00
[   21.289919] sd 2:0:0:0: Attached scsi generic sg2 type 0
[   21.290012] sd 2:0:0:0: [sdc] Write cache: enabled, read cache: enabled, doesn't support DPO or FUA
[   21.290802] sd 2:0:0:0: [sdc] Preferred minimum I/O size 512 bytes
[   21.291101] sd 1:0:0:0: [sdb] Write Protect is off
[   21.295617] scsi 3:0:0:0: Direct-Access     ATA      QEMU HARDDISK    2.5+ PQ: 0 ANSI: 5
[   21.307756] sd 3:0:0:0: Attached scsi generic sg3 type 0
[   21.308830] sd 3:0:0:0: [sdd] 20971520 512-byte logical blocks: (10.7 GB/10.0 GiB)
[   21.309067] sd 3:0:0:0: [sdd] Write Protect is off
[   21.309119] sd 3:0:0:0: [sdd] Mode Sense: 00 3a 00 00
[   21.309554] sd 3:0:0:0: [sdd] Write cache: enabled, read cache: enabled, doesn't support DPO or FUA
[   21.310270] sd 3:0:0:0: [sdd] Preferred minimum I/O size 512 bytes
[   21.314894] sd 1:0:0:0: [sdb] Mode Sense: 00 3a 00 00
[   21.414373] sd 1:0:0:0: [sdb] Write cache: enabled, read cache: enabled, doesn't support DPO or FUA
[   21.425373] sd 1:0:0:0: [sdb] Preferred minimum I/O size 512 bytes
[   21.474143] sd 0:0:0:0: [sda] Attached SCSI disk
[   21.474236] sd 2:0:0:0: [sdc] Attached SCSI disk
[   21.474925] sd 3:0:0:0: [sdd] Attached SCSI disk
[   21.502954] sd 1:0:0:0: [sdb] Attached SCSI disk
[   21.569058] nd_pmem namespace0.0: unable to guarantee persistence of writes
[   25.254529] raid6: sse2x4   gen()  8830 MB/s
[   25.326529] raid6: sse2x2   gen() 10371 MB/s
[   25.398528] raid6: sse2x1   gen()  8300 MB/s
[   25.405546] raid6: using algorithm sse2x2 gen() 10371 MB/s
[   25.482540] raid6: .... xor() 6595 MB/s, rmw enabled
[   25.490648] raid6: using ssse3x2 recovery algorithm
[   25.508727] xor: measuring software checksum speed
[   25.514564]    prefetch64-sse  : 11540 MB/sec
[   25.520081]    generic_sse     :  8722 MB/sec
[   25.525250] xor: using function: prefetch64-sse (11540 MB/sec)
[   25.540140] async_tx: api initialized (async)
[   26.991124] Btrfs loaded, zoned=yes, fsverity=yes
[   27.979681] EXT4-fs (vda1): mounted filesystem 26c50908-598b-4e8e-871e-35718a3a1426 ro with ordered data mode. Quota mode: none.
[   29.362045] systemd[1]: Inserted module 'autofs4'
[   29.620899] systemd[1]: systemd 249.11-0ubuntu3.10 running in system mode (+PAM +AUDIT +SELINUX +APPARMOR +IMA +SMACK +SECCOMP +GCRYPT +GNUTLS +OPENSSL +ACL +BLKID +CURL +ELFUTILS +FIDO2 +IDN2 -IDN +IPTC +KMOD +LIBCRYPTSETUP +LIBFDISK +PCRE2 -PWQUALITY -P11KIT -QRENCODE +BZIP2 +LZ4 +XZ +ZLIB +ZSTD -XKBCOMMON +UTMP +SYSVINIT default-hierarchy=unified)
[   29.661123] systemd[1]: Detected virtualization kvm.
[   29.668639] systemd[1]: Detected architecture x86-64.
[   29.693071] systemd[1]: Hostname set to <qemu-2>.
[   30.340802] block vda: the capability attribute has been deprecated.
[   30.479250] random: crng init done
[   31.644348] systemd[1]: Queued start job for default target Graphical Interface.
[   31.737116] systemd[1]: Created slice Slice /system/modprobe.
[   31.769888] systemd[1]: Created slice Slice /system/serial-getty.
[   31.800250] systemd[1]: Created slice Slice /system/systemd-fsck.
[   31.831871] systemd[1]: Created slice User and Session Slice.
[   31.851297] systemd[1]: Started Forward Password Requests to Wall Directory Watch.
[   31.877860] systemd[1]: Set up automount Arbitrary Executable File Formats File System Automount Point.
[   31.902930] systemd[1]: Reached target Slice Units.
[   31.918071] systemd[1]: Reached target Mounting snaps.
[   31.931550] systemd[1]: Reached target Swaps.
[   31.944934] systemd[1]: Reached target Local Verity Protected Volumes.
[   31.965358] systemd[1]: Listening on Device-mapper event daemon FIFOs.
[   31.987363] systemd[1]: Listening on LVM2 poll daemon socket.
[   32.006205] systemd[1]: Listening on multipathd control socket.
[   32.178722] systemd[1]: Listening on RPCbind Server Activation Socket.
[   32.199791] systemd[1]: Listening on Syslog Socket.
[   32.217133] systemd[1]: Listening on fsck to fsckd communication Socket.
[   32.236541] systemd[1]: Listening on initctl Compatibility Named Pipe.
[   32.259200] systemd[1]: Listening on Journal Audit Socket.
[   32.276759] systemd[1]: Listening on Journal Socket (/dev/log).
[   32.296026] systemd[1]: Listening on Journal Socket.
[   32.312374] systemd[1]: Listening on Network Service Netlink Socket.
[   32.332962] systemd[1]: Listening on udev Control Socket.
[   32.349942] systemd[1]: Listening on udev Kernel Socket.
[   32.423522] systemd[1]: Mounting Huge Pages File System...
[   32.467890] systemd[1]: Mounting POSIX Message Queue File System...
[   32.512719] systemd[1]: Mounting Kernel Debug File System...
[   32.556846] systemd[1]: Mounting Kernel Trace File System...
[   32.620593] systemd[1]: Starting Journal Service...
[   32.633070] systemd[1]: Condition check resulted in Kernel Module supporting RPCSEC_GSS being skipped.
[   32.721473] systemd[1]: Starting Set the console keyboard layout...
[   32.792906] systemd[1]: Starting Create List of Static Device Nodes...
[   32.842759] systemd[1]: Starting Monitoring of LVM2 mirrors, snapshots etc. using dmeventd or progress polling...
[   32.865873] systemd[1]: Condition check resulted in LXD - agent being skipped.
[   32.984427] systemd[1]: Starting Load Kernel Module configfs...
[   33.039140] systemd[1]: Starting Load Kernel Module drm...
[   33.109549] systemd[1]: Starting Load Kernel Module efi_pstore...
[   33.226188] systemd[1]: Starting Load Kernel Module fuse...
[   33.255678] systemd[1]: Condition check resulted in OpenVSwitch configuration for cleanup being skipped.
[   33.273319] systemd[1]: Condition check resulted in File System Check on Root Device being skipped.
[   33.327186] systemd[1]: Starting Load Kernel Modules...
[   33.397708] systemd[1]: Starting Remount Root and Kernel File Systems...
[   33.399169] ACPI: bus type drm_connector registered
[   33.548315] systemd[1]: Starting Coldplug All udev Devices...
[   33.604885] systemd[1]: Started Journal Service.
[   33.608826] EXT4-fs (vda1): re-mounted 26c50908-598b-4e8e-871e-35718a3a1426 r/w. Quota mode: none.
[   34.252439] alua: device handler registered
[   34.270088] emc: device handler registered
[   34.299817] rdac: device handler registered
[   34.300624] systemd-journald[597]: Received client request to flush runtime journal.
[   34.340480] systemd-journald[597]: File /var/log/journal/02c9a06a7911097a3b638c9756cf2e6e/system.journal corrupted or uncleanly shut down, renaming and replacing.
[   35.256011] loop0: detected capacity change from 0 to 130888
[   35.296634] loop1: detected capacity change from 0 to 130448
[   35.362957] loop2: detected capacity change from 0 to 229272
[   35.421628] loop3: detected capacity change from 0 to 178256
[   35.500329] loop4: detected capacity change from 0 to 82800
[   35.587400] loop5: detected capacity change from 0 to 79520
[   37.702891] parport_pc 00:02: reported by Plug and Play ACPI
[   37.766167] parport0: PC-style at 0x378, irq 7 [PCSPP,TRISTATE]
[   42.438601] ppdev: user-space parallel port driver
[   42.700455] kvm_intel: VM_EXIT_LOAD_IA32_PERF_GLOBAL_CTRL does not work properly. Using workaround
[   42.989806] audit: type=1400 audit(1736597882.800:2): apparmor="STATUS" operation="profile_load" profile="unconfined" name="nvidia_modprobe" pid=1281 comm="apparmor_parser"
[   42.990131] audit: type=1400 audit(1736597882.800:3): apparmor="STATUS" operation="profile_load" profile="unconfined" name="nvidia_modprobe//kmod" pid=1281 comm="apparmor_parser"
[   42.992864] audit: type=1400 audit(1736597882.804:4): apparmor="STATUS" operation="profile_load" profile="unconfined" name="lsb_release" pid=1279 comm="apparmor_parser"
[   42.994841] audit: type=1400 audit(1736597882.804:5): apparmor="STATUS" operation="profile_load" profile="unconfined" name="swtpm" pid=1284 comm="apparmor_parser"
[   43.014878] audit: type=1400 audit(1736597882.824:6): apparmor="STATUS" operation="profile_load" profile="unconfined" name="/usr/bin/man" pid=1283 comm="apparmor_parser"
[   43.015058] audit: type=1400 audit(1736597882.828:7): apparmor="STATUS" operation="profile_load" profile="unconfined" name="man_filter" pid=1283 comm="apparmor_parser"
[   43.015216] audit: type=1400 audit(1736597882.828:8): apparmor="STATUS" operation="profile_load" profile="unconfined" name="man_groff" pid=1283 comm="apparmor_parser"
[   43.021060] audit: type=1400 audit(1736597882.832:9): apparmor="STATUS" operation="profile_load" profile="unconfined" name="virt-aa-helper" pid=1286 comm="apparmor_parser"
[   43.024345] audit: type=1400 audit(1736597882.836:10): apparmor="STATUS" operation="profile_load" profile="unconfined" name="tcpdump" pid=1285 comm="apparmor_parser"
[   43.035584] audit: type=1400 audit(1736597882.848:11): apparmor="STATUS" operation="profile_load" profile="unconfined" name="/usr/lib/snapd/snap-confine" pid=1288 comm="apparmor_parser"
[   44.903458] RPC: Registered named UNIX socket transport module.
[   44.903485] RPC: Registered udp transport module.
[   44.903493] RPC: Registered tcp transport module.
[   44.903500] RPC: Registered tcp-with-tls transport module.
[   44.903508] RPC: Registered tcp NFSv4.1 backchannel transport module.
[   49.185916] loop6: detected capacity change from 0 to 8
[   58.440823] netfs: FS-Cache loaded
[   59.867114] NFS: Registering the id_resolver key type
[   59.867259] Key type id_resolver registered
[   59.867268] Key type id_legacy registered
[   80.537152] cbd: loading out-of-tree module taints kernel.
[   86.397243] cbd: backend_validate:544 cbd_transport0: found backend_id: 0 for host_id: 1, path: /dev/sda
[   86.404527] cbd: cbd_backend_init:394 cbd_transport0: attach backend to backend_id: 0
[   89.855627] cbd: backend_validate:544 cbd_transport0: found backend_id: 1 for host_id: 1, path: /dev/sdb
[   89.863263] cbd: cbd_backend_init:394 cbd_transport0: attach backend to backend_id: 1
[  260.849146] cbd: transport_dax_init:912 cbd_transport1: transport_dax_init: failed blkdev_get_by_path(/dev/pmem0)
[  262.568403] cbd: backend_validate:544 cbd_transport0: found backend_id: 0 for host_id: 1, path: /dev/sda
[  262.574986] cbd: cbd_backend_init:394 cbd_transport0: attach backend to backend_id: 0
[  262.575038] cbd: cbd_backend_info_load:469 cbd_transport0: backend 0 is alive
[  264.328340] cbd: backend_validate:544 cbd_transport0: found backend_id: 1 for host_id: 1, path: /dev/sdb
[  264.332097] cbd: cbd_backend_init:394 cbd_transport0: attach backend to backend_id: 1
[  264.332131] cbd: cbd_backend_info_load:469 cbd_transport0: backend 1 is alive
[  281.888553] ==== end /root/avocado/job-results/job-2025-01-09T22.24-1680aba/test-results/218-._cbdctrl.py_CbdctrlTest.test_run-cache_data_crc-enable-cache_for_xfstests-no_cache-channel_crc-channel_data_crc-disable-host_mode-multi_host-multihost-test_script-xfstests-4143 ==== 
[  299.654386] tid: 0, is not registered
[  306.194664] ==== start /root/avocado/job-results/job-2025-01-09T22.24-1680aba/test-results/219-._cbdctrl.py_CbdctrlTest.test_run-cache_data_crc-enable-cache_for_xfstests-no_cache-channel_crc-channel_data_crc-disable-host_mode-multi_host-multihost-test_script-register-a3d4 ==== 
[  344.924901] host id 0 is still alive
[  348.594341] ==== end /root/avocado/job-results/job-2025-01-09T22.24-1680aba/test-results/219-._cbdctrl.py_CbdctrlTest.test_run-cache_data_crc-enable-cache_for_xfstests-no_cache-channel_crc-channel_data_crc-disable-host_mode-multi_host-multihost-test_script-register-a3d4 ==== 
[  368.360946] tid: 0, is not registered
[  374.611236] ==== start /root/avocado/job-results/job-2025-01-09T22.24-1680aba/test-results/220-._cbdctrl.py_CbdctrlTest.test_run-cache_data_crc-enable-cache_for_xfstests-no_cache-channel_crc-channel_data_crc-disable-host_mode-multi_host-multihost-test_script-backend-0ea5 ==== 
[  396.876357] host id 0 is still alive
[  400.575284] ==== end /root/avocado/job-results/job-2025-01-09T22.24-1680aba/test-results/220-._cbdctrl.py_CbdctrlTest.test_run-cache_data_crc-enable-cache_for_xfstests-no_cache-channel_crc-channel_data_crc-disable-host_mode-multi_host-multihost-test_script-backend-0ea5 ==== 
[  418.499443] tid: 0, is not registered
[  423.427863] ==== start /root/avocado/job-results/job-2025-01-09T22.24-1680aba/test-results/221-._cbdctrl.py_CbdctrlTest.test_run-cache_data_crc-enable-cache_for_xfstests-no_cache-channel_crc-channel_data_crc-disable-host_mode-multi_host-multihost-test_script-dev-b255 ==== 
[  443.726348] host id 0 is still alive
[  447.461955] ==== end /root/avocado/job-results/job-2025-01-09T22.24-1680aba/test-results/221-._cbdctrl.py_CbdctrlTest.test_run-cache_data_crc-enable-cache_for_xfstests-no_cache-channel_crc-channel_data_crc-disable-host_mode-multi_host-multihost-test_script-dev-b255 ==== 
