[    0.000000] Linux version 6.13.0-rc5+ (root@ubuntu-22-04-server) (gcc (Ubuntu 11.4.0-1ubuntu1~22.04) 11.4.0, GNU ld (GNU Binutils for Ubuntu) 2.38) #2 SMP PREEMPT_DYNAMIC Fri Jan  3 15:43:06 CST 2025
[    0.000000] Command line: intremap=off console=ttyS0,115200 nokaslr root=/dev/vda1 crashkernel=1G-:2G
[    0.000000] KERNEL supported cpus:
[    0.000000]   Intel GenuineIntel
[    0.000000]   AMD AuthenticAMD
[    0.000000]   Hygon HygonGenuine
[    0.000000]   Centaur CentaurHauls
[    0.000000]   zhaoxin   Shanghai  
[    0.000000] BIOS-provided physical RAM map:
[    0.000000] BIOS-e820: [mem 0x0000000000000000-0x000000000009fbff] usable
[    0.000000] BIOS-e820: [mem 0x000000000009fc00-0x000000000009ffff] reserved
[    0.000000] BIOS-e820: [mem 0x00000000000f0000-0x00000000000fffff] reserved
[    0.000000] BIOS-e820: [mem 0x0000000000100000-0x000000007ffdafff] usable
[    0.000000] BIOS-e820: [mem 0x000000007ffdb000-0x000000007fffffff] reserved
[    0.000000] BIOS-e820: [mem 0x00000000b0000000-0x00000000bfffffff] reserved
[    0.000000] BIOS-e820: [mem 0x00000000fed1c000-0x00000000fed1ffff] reserved
[    0.000000] BIOS-e820: [mem 0x00000000feffc000-0x00000000feffffff] reserved
[    0.000000] BIOS-e820: [mem 0x00000000fffc0000-0x00000000ffffffff] reserved
[    0.000000] BIOS-e820: [mem 0x0000000100000000-0x0000000dffffffff] usable
[    0.000000] NX (Execute Disable) protection: active
[    0.000000] APIC: Static calls initialized
[    0.000000] SMBIOS 2.8 present.
[    0.000000] DMI: QEMU Standard PC (Q35 + ICH9, 2009), BIOS rel-1.16.3-0-ga6ed6b701f0a-prebuilt.qemu.org 04/01/2014
[    0.000000] DMI: Memory slots populated: 1/1
[    0.000000] Hypervisor detected: KVM
[    0.000000] kvm-clock: Using msrs 4b564d01 and 4b564d00
[    0.000008] kvm-clock: using sched offset of 3493346387 cycles
[    0.000022] clocksource: kvm-clock: mask: 0xffffffffffffffff max_cycles: 0x1cd42e4dffb, max_idle_ns: 881590591483 ns
[    0.000073] tsc: Detected 2933.436 MHz processor
[    0.002547] e820: update [mem 0x00000000-0x00000fff] usable ==> reserved
[    0.002557] e820: remove [mem 0x000a0000-0x000fffff] usable
[    0.002571] last_pfn = 0xe00000 max_arch_pfn = 0x400000000
[    0.003183] MTRR map: 4 entries (3 fixed + 1 variable; max 19), built from 8 variable MTRRs
[    0.003218] x86/PAT: Configuration [0-7]: WB  WC  UC- UC  WB  WP  UC- WT  
[    0.003952] last_pfn = 0x7ffdb max_arch_pfn = 0x400000000
[    0.015628] found SMP MP-table at [mem 0x000f5450-0x000f545f]
[    0.015760] Using GB pages for direct mapping
[    0.017603] RAMDISK: [mem 0x79df5000-0x7ffcffff]
[    0.017680] ACPI: Early table checksum verification disabled
[    0.017806] ACPI: RSDP 0x00000000000F5220 000014 (v00 BOCHS )
[    0.017864] ACPI: RSDT 0x000000007FFE3D96 000040 (v01 BOCHS  BXPC     00000001 BXPC 00000001)
[    0.017909] ACPI: FACP 0x000000007FFE25E7 0000F4 (v03 BOCHS  BXPC     00000001 BXPC 00000001)
[    0.017936] ACPI: DSDT 0x000000007FFDF040 0035A7 (v01 BOCHS  BXPC     00000001 BXPC 00000001)
[    0.017954] ACPI: FACS 0x000000007FFDF000 000040
[    0.017963] ACPI: APIC 0x000000007FFE26DB 000170 (v03 BOCHS  BXPC     00000001 BXPC 00000001)
[    0.017973] ACPI: HPET 0x000000007FFE284B 000038 (v01 BOCHS  BXPC     00000001 BXPC 00000001)
[    0.017983] ACPI: SRAT 0x000000007FFE2883 0002D0 (v01 BOCHS  BXPC     00000001 BXPC 00000001)
[    0.017993] ACPI: MCFG 0x000000007FFE2B53 00003C (v01 BOCHS  BXPC     00000001 BXPC 00000001)
[    0.018003] ACPI: SSDT 0x000000007FFE2B8F 0011DF (v01 BOCHS  NVDIMM   00000001 BXPC 00000001)
[    0.018013] ACPI: WAET 0x000000007FFE3D6E 000028 (v01 BOCHS  BXPC     00000001 BXPC 00000001)
[    0.018021] ACPI: Reserving FACP table memory at [mem 0x7ffe25e7-0x7ffe26da]
[    0.018025] ACPI: Reserving DSDT table memory at [mem 0x7ffdf040-0x7ffe25e6]
[    0.018027] ACPI: Reserving FACS table memory at [mem 0x7ffdf000-0x7ffdf03f]
[    0.018030] ACPI: Reserving APIC table memory at [mem 0x7ffe26db-0x7ffe284a]
[    0.018032] ACPI: Reserving HPET table memory at [mem 0x7ffe284b-0x7ffe2882]
[    0.018034] ACPI: Reserving SRAT table memory at [mem 0x7ffe2883-0x7ffe2b52]
[    0.018037] ACPI: Reserving MCFG table memory at [mem 0x7ffe2b53-0x7ffe2b8e]
[    0.018039] ACPI: Reserving SSDT table memory at [mem 0x7ffe2b8f-0x7ffe3d6d]
[    0.018042] ACPI: Reserving WAET table memory at [mem 0x7ffe3d6e-0x7ffe3d95]
[    0.018490] ACPI: SRAT: Node 0 PXM 0 [mem 0x00000000-0x0009ffff]
[    0.018498] ACPI: SRAT: Node 0 PXM 0 [mem 0x00100000-0x7fffffff]
[    0.018501] ACPI: SRAT: Node 0 PXM 0 [mem 0x100000000-0xdffffffff]
[    0.018504] ACPI: SRAT: Node 0 PXM 0 [mem 0xe00000000-0x1bffffffff] hotplug
[    0.018518] NUMA: Node 0 [mem 0x00001000-0x0009ffff] + [mem 0x00100000-0x7fffffff] -> [mem 0x00001000-0x7fffffff]
[    0.018523] NUMA: Node 0 [mem 0x00001000-0x7fffffff] + [mem 0x100000000-0xdffffffff] -> [mem 0x00001000-0xdffffffff]
[    0.018553] NODE_DATA(0) allocated [mem 0xdfffd3700-0xdffffdfff]
[    0.018989] crashkernel low memory reserved: 0x69000000 - 0x79000000 (256 MB)
[    0.018995] crashkernel reserved: 0x0000000d7f000000 - 0x0000000dff000000 (2048 MB)
[    0.019430] Zone ranges:
[    0.019433]   DMA      [mem 0x0000000000001000-0x0000000000ffffff]
[    0.019438]   DMA32    [mem 0x0000000001000000-0x00000000ffffffff]
[    0.019441]   Normal   [mem 0x0000000100000000-0x0000000dffffffff]
[    0.019444]   Device   empty
[    0.019446] Movable zone start for each node
[    0.019450] Early memory node ranges
[    0.019451]   node   0: [mem 0x0000000000001000-0x000000000009efff]
[    0.019459]   node   0: [mem 0x0000000000100000-0x000000007ffdafff]
[    0.019462]   node   0: [mem 0x0000000100000000-0x0000000dffffffff]
[    0.019472] Initmem setup node 0 [mem 0x0000000000001000-0x0000000dffffffff]
[    0.020015] On node 0, zone DMA: 1 pages in unavailable ranges
[    0.020189] On node 0, zone DMA: 97 pages in unavailable ranges
[    0.966956] On node 0, zone Normal: 37 pages in unavailable ranges
[    8.061298] kasan: KernelAddressSanitizer initialized
[    8.069916] ACPI: PM-Timer IO Port: 0x608
[    8.070037] ACPI: LAPIC_NMI (acpi_id[0xff] dfl dfl lint[0x1])
[    8.070461] IOAPIC[0]: apic_id 0, version 17, address 0xfec00000, GSI 0-23
[    8.070480] ACPI: INT_SRC_OVR (bus 0 bus_irq 0 global_irq 2 dfl dfl)
[    8.070486] ACPI: INT_SRC_OVR (bus 0 bus_irq 5 global_irq 5 high level)
[    8.070490] ACPI: INT_SRC_OVR (bus 0 bus_irq 9 global_irq 9 high level)
[    8.070500] ACPI: INT_SRC_OVR (bus 0 bus_irq 10 global_irq 10 high level)
[    8.070504] ACPI: INT_SRC_OVR (bus 0 bus_irq 11 global_irq 11 high level)
[    8.070520] ACPI: Using ACPI (MADT) for SMP configuration information
[    8.070524] ACPI: HPET id: 0x8086a201 base: 0xfed00000
[    8.070543] TSC deadline timer available
[    8.070556] CPU topo: Max. logical packages:   2
[    8.070559] CPU topo: Max. logical dies:       2
[    8.070560] CPU topo: Max. dies per package:   1
[    8.070567] CPU topo: Max. threads per core:   2
[    8.070570] CPU topo: Num. cores per package:     8
[    8.070572] CPU topo: Num. threads per package:  16
[    8.070573] CPU topo: Allowing 32 present CPUs plus 0 hotplug CPUs
[    8.070729] kvm-guest: APIC: eoi() replaced with kvm_guest_apic_eoi_write()
[    8.070853] kvm-guest: KVM setup pv remote TLB flush
[    8.070912] kvm-guest: setup PV sched yield
[    8.071140] PM: hibernation: Registered nosave memory: [mem 0x00000000-0x00000fff]
[    8.071148] PM: hibernation: Registered nosave memory: [mem 0x0009f000-0x0009ffff]
[    8.071151] PM: hibernation: Registered nosave memory: [mem 0x000a0000-0x000effff]
[    8.071153] PM: hibernation: Registered nosave memory: [mem 0x000f0000-0x000fffff]
[    8.071158] PM: hibernation: Registered nosave memory: [mem 0x7ffdb000-0x7fffffff]
[    8.071160] PM: hibernation: Registered nosave memory: [mem 0x80000000-0xafffffff]
[    8.071162] PM: hibernation: Registered nosave memory: [mem 0xb0000000-0xbfffffff]
[    8.071164] PM: hibernation: Registered nosave memory: [mem 0xc0000000-0xfed1bfff]
[    8.071166] PM: hibernation: Registered nosave memory: [mem 0xfed1c000-0xfed1ffff]
[    8.071168] PM: hibernation: Registered nosave memory: [mem 0xfed20000-0xfeffbfff]
[    8.071170] PM: hibernation: Registered nosave memory: [mem 0xfeffc000-0xfeffffff]
[    8.071172] PM: hibernation: Registered nosave memory: [mem 0xff000000-0xfffbffff]
[    8.071174] PM: hibernation: Registered nosave memory: [mem 0xfffc0000-0xffffffff]
[    8.071187] [mem 0xc0000000-0xfed1bfff] available for PCI devices
[    8.071196] Booting paravirtualized kernel on KVM
[    8.071206] clocksource: refined-jiffies: mask: 0xffffffff max_cycles: 0xffffffff, max_idle_ns: 7645519600211568 ns
[    8.071296] setup_percpu: NR_CPUS:8192 nr_cpumask_bits:32 nr_cpu_ids:32 nr_node_ids:1
[    8.197825] percpu: Embedded 532 pages/cpu s2142208 r8192 d28672 u4194304
[    8.197881] pcpu-alloc: s2142208 r8192 d28672 u4194304 alloc=2*2097152
[    8.197888] pcpu-alloc: [0] 00 [0] 01 [0] 02 [0] 03 [0] 04 [0] 05 [0] 06 [0] 07 
[    8.197908] pcpu-alloc: [0] 08 [0] 09 [0] 10 [0] 11 [0] 12 [0] 13 [0] 14 [0] 15 
[    8.197926] pcpu-alloc: [0] 16 [0] 17 [0] 18 [0] 19 [0] 20 [0] 21 [0] 22 [0] 23 
[    8.197945] pcpu-alloc: [0] 24 [0] 25 [0] 26 [0] 27 [0] 28 [0] 29 [0] 30 [0] 31 
[    8.198265] kvm-guest: PV spinlocks enabled
[    8.198287] PV qspinlock hash table entries: 256 (order: 0, 4096 bytes, linear)
[    8.198304] Kernel command line: intremap=off console=ttyS0,115200 nokaslr root=/dev/vda1 crashkernel=1G-:2G
[    8.198552] Unknown kernel command line parameters "nokaslr", will be passed to user space.
[    8.198585] printk: log buffer data + meta data: 262144 + 917504 = 1179648 bytes
[    8.260793] Dentry cache hash table entries: 8388608 (order: 14, 67108864 bytes, linear)
[    8.295211] Inode-cache hash table entries: 4194304 (order: 13, 33554432 bytes, linear)
[    8.299898] Fallback order for Node 0: 0 
[    8.299931] Built 1 zonelists, mobility grouping on.  Total pages: 14155641
[    8.299935] Policy zone: Normal
[    8.299998] mem auto-init: stack:off, heap alloc:on, heap free:off
[    8.300009] stackdepot: allocating hash table via alloc_large_system_hash
[    8.300020] stackdepot hash table entries: 1048576 (order: 12, 16777216 bytes, linear)
[    8.314582] software IO TLB: area num 32.
[   10.975326] SLUB: HWalign=64, Order=0-3, MinObjects=0, CPUs=32, Nodes=1
[   10.976730] Kernel/User page tables isolation: enabled
[   10.977689] ftrace: allocating 52416 entries in 205 pages
[   11.302830] ftrace: allocated 205 pages with 5 groups
[   11.311389] Dynamic Preempt: voluntary
[   11.319211] Running RCU self tests
[   11.319215] Running RCU synchronous self tests
[   11.319274] rcu: Preemptible hierarchical RCU implementation.
[   11.319276] rcu: 	RCU lockdep checking is enabled.
[   11.319278] rcu: 	RCU restricting CPUs from NR_CPUS=8192 to nr_cpu_ids=32.
[   11.319282] 	Trampoline variant of Tasks RCU enabled.
[   11.319284] 	Rude variant of Tasks RCU enabled.
[   11.319285] 	Tracing variant of Tasks RCU enabled.
[   11.319287] rcu: RCU calculated value of scheduler-enlistment delay is 25 jiffies.
[   11.319289] rcu: Adjusting geometry for rcu_fanout_leaf=16, nr_cpu_ids=32
[   11.319968] Running RCU synchronous self tests
[   11.320001] RCU Tasks: Setting shift to 5 and lim to 1 rcu_task_cb_adjust=1 rcu_task_cpu_ids=32.
[   11.320028] RCU Tasks Rude: Setting shift to 5 and lim to 1 rcu_task_cb_adjust=1 rcu_task_cpu_ids=32.
[   11.320054] RCU Tasks Trace: Setting shift to 5 and lim to 1 rcu_task_cb_adjust=1 rcu_task_cpu_ids=32.
[   11.376040] NR_IRQS: 524544, nr_irqs: 680, preallocated irqs: 16
[   11.378126] rcu: srcu_init: Setting srcu_struct sizes based on contention.
[   11.485149] Console: colour VGA+ 80x25
[   11.485609] printk: legacy console [ttyS0] enabled
[   13.053712] Lock dependency validator: Copyright (c) 2006 Red Hat, Inc., Ingo Molnar
[   13.064444] ... MAX_LOCKDEP_SUBCLASSES:  8
[   13.070203] ... MAX_LOCK_DEPTH:          48
[   13.076189] ... MAX_LOCKDEP_KEYS:        8192
[   13.082328] ... CLASSHASH_SIZE:          4096
[   13.088442] ... MAX_LOCKDEP_ENTRIES:     32768
[   13.094717] ... MAX_LOCKDEP_CHAINS:      65536
[   13.100941] ... CHAINHASH_SIZE:          32768
[   13.107187]  memory used by lock dependency info: 6941 kB
[   13.114761]  memory used for stack traces: 4224 kB
[   13.121485]  per task-struct memory footprint: 2688 bytes
[   13.129847] ACPI: Core revision 20240827
[   13.138551] clocksource: hpet: mask: 0xffffffff max_cycles: 0xffffffff, max_idle_ns: 19112604467 ns
[   13.152221] APIC: Switch to symmetric I/O mode setup
[   13.162963] x2apic enabled
[   13.170860] APIC: Switched APIC routing to: physical x2apic
[   13.178665] kvm-guest: APIC: send_IPI_mask() replaced with kvm_send_ipi_mask()
[   13.188577] kvm-guest: APIC: send_IPI_mask_allbutself() replaced with kvm_send_ipi_mask_allbutself()
[   13.201129] kvm-guest: setup PV IPIs
[   13.222298] ..TIMER: vector=0x30 apic1=0 pin1=2 apic2=-1 pin2=-1
[   13.231856] clocksource: tsc-early: mask: 0xffffffffffffffff max_cycles: 0x2a48a50322c, max_idle_ns: 440795287943 ns
[   13.248129] Calibrating delay loop (skipped) preset value.. 5866.87 BogoMIPS (lpj=11733744)
[   13.253858] x86/cpu: User Mode Instruction Prevention (UMIP) activated
[   13.257895] Last level iTLB entries: 4KB 0, 2MB 0, 4MB 0
[   13.260118] Last level dTLB entries: 4KB 0, 2MB 0, 4MB 0, 1GB 0
[   13.264217] Spectre V1 : Mitigation: usercopy/swapgs barriers and __user pointer sanitization
[   13.268120] Spectre V2 : Mitigation: Retpolines
[   13.272117] Spectre V2 : Spectre v2 / SpectreRSB mitigation: Filling RSB on context switch
[   13.276117] Spectre V2 : Spectre v2 / SpectreRSB : Filling RSB on VMEXIT
[   13.280117] Spectre V2 : Enabling Restricted Speculation for firmware calls
[   13.284126] Spectre V2 : mitigation: Enabling conditional Indirect Branch Prediction Barrier
[   13.288117] Spectre V2 : User space: Mitigation: STIBP via prctl
[   13.292119] Speculative Store Bypass: Mitigation: Speculative Store Bypass disabled via prctl
[   13.296120] MDS: Vulnerable: Clear CPU buffers attempted, no microcode
[   13.300118] MMIO Stale Data: Unknown: No mitigations
[   13.304143] x86/fpu: x87 FPU will use FXSAVE
[   13.366701] Freeing SMP alternatives memory: 40K
[   13.368127] pid_max: default: 32768 minimum: 301
[   13.376555] LSM: initializing lsm=lockdown,capability,landlock,yama,apparmor,ima,evm
[   13.381102] landlock: Up and running.
[   13.384120] Yama: becoming mindful.
[   13.389396] AppArmor: AppArmor initialized
[   13.397060] Mount-cache hash table entries: 131072 (order: 8, 1048576 bytes, linear)
[   13.401366] Mountpoint-cache hash table entries: 131072 (order: 8, 1048576 bytes, linear)
[   13.415776] Running RCU synchronous self tests
[   13.416126] Running RCU synchronous self tests
[   13.425358] smpboot: CPU0: Intel Westmere E56xx/L56xx/X56xx (IBRS update) (family: 0x6, model: 0x2c, stepping: 0x1)
[   13.441481] Running RCU Tasks wait API self tests
[   13.548309] Running RCU Tasks Rude wait API self tests
[   13.552153] Running RCU Tasks Trace wait API self tests
[   13.556332] Performance Events: unsupported p6 CPU model 44 no PMU driver, software events only.
[   13.560687] signal: max sigframe size: 1440
[   13.564233] Callback from call_rcu_tasks_trace() invoked.
[   13.568915] rcu: Hierarchical SRCU implementation.
[   13.572156] rcu: 	Max phase no-delay instances is 1000.
[   13.577493] Timer migration: 2 hierarchy levels; 8 children per group; 2 crossnode level
[   13.592335] NMI watchdog: Perf NMI watchdog permanently disabled
[   13.609050] smp: Bringing up secondary CPUs ...
[   13.624991] smpboot: x86: Booting SMP configuration:
[   13.628173] .... node  #0, CPUs:        #2  #4  #6  #8 #10 #12 #14 #16 #18 #20 #22 #24 #26 #28
[   13.756300] Callback from call_rcu_tasks() invoked.
[   13.764898]  #30  #1  #3  #5  #7  #9 #11 #13 #15 #17 #19 #21 #23 #25 #27 #29 #31
[   14.030586] MDS CPU bug present and SMT on, data leak possible. See https://www.kernel.org/doc/html/latest/admin-guide/hw-vuln/mds.html for more details.
[   14.129232] smp: Brought up 1 node, 32 CPUs
[   14.132149] smpboot: Total of 32 processors activated (187739.90 BogoMIPS)
[   14.167275] Memory: 45769576K/56622564K available (53248K kernel code, 16294K rwdata, 13000K rodata, 9908K init, 22736K bss, 10804692K reserved, 0K cma-reserved)
[   14.209602] devtmpfs: initialized
[   14.213380] x86/mm: Memory block size: 128MB
[   14.490917] Running RCU synchronous self tests
[   14.492736] Running RCU synchronous self tests
[   14.496476] clocksource: jiffies: mask: 0xffffffff max_cycles: 0xffffffff, max_idle_ns: 7645041785100000 ns
[   14.501341] futex hash table entries: 8192 (order: 8, 1048576 bytes, linear)
[   14.511621] pinctrl core: initialized pinctrl subsystem
[   14.515767] PM: RTC time: 13:32:03, date: 2025-01-11
[   14.527420] NET: Registered PF_NETLINK/PF_ROUTE protocol family
[   14.535486] DMA: preallocated 4096 KiB GFP_KERNEL pool for atomic allocations
[   14.537125] DMA: preallocated 4096 KiB GFP_KERNEL|GFP_DMA pool for atomic allocations
[   14.541103] DMA: preallocated 4096 KiB GFP_KERNEL|GFP_DMA32 pool for atomic allocations
[   14.544900] audit: initializing netlink subsys (disabled)
[   14.549093] audit: type=2000 audit(1736602321.324:1): state=initialized audit_enabled=0 res=1
[   14.555692] thermal_sys: Registered thermal governor 'fair_share'
[   14.556188] thermal_sys: Registered thermal governor 'bang_bang'
[   14.560151] thermal_sys: Registered thermal governor 'step_wise'
[   14.564165] thermal_sys: Registered thermal governor 'user_space'
[   14.568165] thermal_sys: Registered thermal governor 'power_allocator'
[   14.572646] EISA bus registered
[   14.580365] cpuidle: using governor ladder
[   14.584416] cpuidle: using governor menu
[   14.590555] acpiphp: ACPI Hot Plug PCI Controller Driver version: 0.5
[   14.596037] PCI: ECAM [mem 0xb0000000-0xbfffffff] (base 0xb0000000) for domain 0000 [bus 00-ff]
[   14.596154] PCI: ECAM [mem 0xb0000000-0xbfffffff] reserved as E820 entry
[   14.680855] PCI: Using configuration type 1 for base access
[   14.686493] kprobes: kprobe jump-optimization is enabled. All kprobes are optimized if possible.
[   14.702164] HugeTLB: registered 1.00 GiB page size, pre-allocated 0 pages
[   14.704181] HugeTLB: 16380 KiB vmemmap can be freed for a 1.00 GiB page
[   14.708148] HugeTLB: registered 2.00 MiB page size, pre-allocated 0 pages
[   14.712146] HugeTLB: 28 KiB vmemmap can be freed for a 2.00 MiB page
[   14.815817] ACPI: Added _OSI(Module Device)
[   14.824178] ACPI: Added _OSI(Processor Device)
[   14.836171] ACPI: Added _OSI(3.0 _SCP Extensions)
[   14.848167] ACPI: Added _OSI(Processor Aggregator Device)
[   15.113591] ACPI: 2 ACPI AML tables successfully acquired and loaded
[   15.181845] ACPI: Interpreter enabled
[   15.189595] ACPI: PM: (supports S0 S3 S4 S5)
[   15.197037] ACPI: Using IOAPIC for interrupt routing
[   15.205327] PCI: Using host bridge windows from ACPI; if necessary, use "pci=nocrs" and report a bug
[   15.220148] PCI: Using E820 reservations for host bridge windows
[   15.237800] ACPI: Enabled 4 GPEs in block 00 to 3F
[   15.749528] ACPI: PCI Root Bridge [PCI0] (domain 0000 [bus 00-ff])
[   15.753023] acpi PNP0A08:00: _OSC: OS supports [ExtendedConfig ASPM ClockPM Segments MSI EDR HPX-Type3]
[   15.760553] acpi PNP0A08:00: _OSC: platform does not support [PCIeHotplug LTR DPC]
[   15.772538] acpi PNP0A08:00: _OSC: OS now controls [SHPCHotplug PME AER PCIeCapability]
[   15.784592] PCI host bridge to bus 0000:00
[   15.788459] pci_bus 0000:00: root bus resource [io  0x0000-0x0cf7 window]
[   15.792163] pci_bus 0000:00: root bus resource [io  0x0d00-0xffff window]
[   15.796764] pci_bus 0000:00: root bus resource [mem 0x000a0000-0x000bffff window]
[   15.800163] pci_bus 0000:00: root bus resource [mem 0x80000000-0xafffffff window]
[   15.804164] pci_bus 0000:00: root bus resource [mem 0xc0000000-0xfebfffff window]
[   15.808165] pci_bus 0000:00: root bus resource [mem 0x1c00000000-0x23ffffffff window]
[   15.813308] pci_bus 0000:00: root bus resource [bus 00-ff]
[   15.816820] pci 0000:00:00.0: [8086:29c0] type 00 class 0x060000 conventional PCI endpoint
[   15.829957] pci 0000:00:01.0: [1234:1111] type 00 class 0x030000 conventional PCI endpoint
[   15.841646] pci 0000:00:01.0: BAR 0 [mem 0xfd000000-0xfdffffff pref]
[   15.863388] pci 0000:00:01.0: BAR 2 [mem 0xfea50000-0xfea50fff]
[   15.899097] pci 0000:00:01.0: ROM [mem 0xfea40000-0xfea4ffff pref]
[   15.905505] pci 0000:00:01.0: Video device with shadowed ROM at [mem 0x000c0000-0x000dffff]
[   15.922111] pci 0000:00:02.0: [1af4:1000] type 00 class 0x020000 conventional PCI endpoint
[   15.928143] pci 0000:00:02.0: BAR 0 [io  0xc040-0xc05f]
[   15.935289] pci 0000:00:02.0: BAR 1 [mem 0xfea51000-0xfea51fff]
[   15.945125] pci 0000:00:02.0: BAR 4 [mem 0xfe200000-0xfe203fff 64bit pref]
[   15.950247] pci 0000:00:02.0: ROM [mem 0xfea00000-0xfea3ffff pref]
[   15.962605] pci 0000:00:03.0: [1b36:000c] type 01 class 0x060400 PCIe Root Port
[   15.972142] pci 0000:00:03.0: BAR 0 [mem 0xfea52000-0xfea52fff]
[   15.988241] pci 0000:00:03.0: PCI bridge to [bus 01]
[   15.992614] pci 0000:00:03.0:   bridge window [mem 0xfe800000-0xfe9fffff]
[   16.000823] pci 0000:00:03.0:   bridge window [mem 0xfe000000-0xfe1fffff 64bit pref]
[   16.018240] pci 0000:00:04.0: [1af4:105b] type 00 class 0x00ff00 conventional PCI endpoint
[   16.026712] pci 0000:00:04.0: BAR 4 [mem 0xfe204000-0xfe207fff 64bit pref]
[   16.176034] pci 0000:00:1f.0: [8086:2918] type 00 class 0x060100 conventional PCI endpoint
[   16.181709] pci 0000:00:1f.0: quirk: [io  0x0600-0x067f] claimed by ICH6 ACPI/GPIO/TCO
[   16.189889] pci 0000:00:1f.2: [8086:2922] type 00 class 0x010601 conventional PCI endpoint
[   16.202731] pci 0000:00:1f.2: BAR 4 [io  0xc060-0xc07f]
[   16.205665] pci 0000:00:1f.2: BAR 5 [mem 0xfea53000-0xfea53fff]
[   16.216617] pci 0000:00:1f.3: [8086:2930] type 00 class 0x0c0500 conventional PCI endpoint
[   16.226730] pci 0000:00:1f.3: BAR 4 [io  0x0700-0x073f]
[   16.242139] acpiphp: Slot [0] registered
[   16.246308] pci 0000:01:00.0: [1af4:1042] type 00 class 0x010000 PCIe Endpoint
[   16.259663] pci 0000:01:00.0: BAR 1 [mem 0xfe800000-0xfe800fff]
[   16.275399] pci 0000:01:00.0: BAR 4 [mem 0xfe000000-0xfe003fff 64bit pref]
[   16.365699] pci 0000:00:03.0: PCI bridge to [bus 01]
[   16.387958] ACPI: PCI: Interrupt link LNKA configured for IRQ 10
[   16.393048] ACPI: PCI: Interrupt link LNKB configured for IRQ 10
[   16.400868] ACPI: PCI: Interrupt link LNKC configured for IRQ 11
[   16.409090] ACPI: PCI: Interrupt link LNKD configured for IRQ 11
[   16.418545] ACPI: PCI: Interrupt link LNKE configured for IRQ 10
[   16.424677] ACPI: PCI: Interrupt link LNKF configured for IRQ 10
[   16.433088] ACPI: PCI: Interrupt link LNKG configured for IRQ 11
[   16.440107] ACPI: PCI: Interrupt link LNKH configured for IRQ 11
[   16.457819] ACPI: PCI: Interrupt link GSIA configured for IRQ 16
[   16.473007] ACPI: PCI: Interrupt link GSIB configured for IRQ 17
[   16.489164] ACPI: PCI: Interrupt link GSIC configured for IRQ 18
[   16.504835] ACPI: PCI: Interrupt link GSID configured for IRQ 19
[   16.517133] ACPI: PCI: Interrupt link GSIE configured for IRQ 20
[   16.532835] ACPI: PCI: Interrupt link GSIF configured for IRQ 21
[   16.549105] ACPI: PCI: Interrupt link GSIG configured for IRQ 22
[   16.564873] ACPI: PCI: Interrupt link GSIH configured for IRQ 23
[   16.731240] iommu: Default domain type: Translated
[   16.740478] iommu: DMA domain TLB invalidation policy: lazy mode
[   16.775791] SCSI subsystem initialized
[   16.777731] libata version 3.00 loaded.
[   16.780634] ACPI: bus type USB registered
[   16.785401] usbcore: registered new interface driver usbfs
[   16.788534] usbcore: registered new interface driver hub
[   16.792773] usbcore: registered new device driver usb
[   16.797969] pps_core: LinuxPPS API ver. 1 registered
[   16.800145] pps_core: Software ver. 5.3.6 - Copyright 2005-2007 Rodolfo Giometti <giometti@linux.it>
[   16.804300] PTP clock support registered
[   16.812495] EDAC MC: Ver: 3.0.0
[   16.839058] NetLabel: Initializing
[   16.840145] NetLabel:  domain hash size = 128
[   16.844146] NetLabel:  protocols = UNLABELED CIPSOv4 CALIPSO
[   16.849045] NetLabel:  unlabeled traffic allowed by default
[   16.856748] PCI: Using ACPI for IRQ routing
[   19.026331] PCI: pci_cache_line_size set to 64 bytes
[   19.028390] e820: reserve RAM buffer [mem 0x0009fc00-0x0009ffff]
[   19.028758] e820: reserve RAM buffer [mem 0x7ffdb000-0x7fffffff]
[   19.032664] pci 0000:00:01.0: vgaarb: setting as boot VGA device
[   19.044169] pci 0000:00:01.0: vgaarb: bridge control possible
[   19.056247] pci 0000:00:01.0: vgaarb: VGA device added: decodes=io+mem,owns=io+mem,locks=none
[   19.072246] vgaarb: loaded
[   19.085742] hpet0: at MMIO 0xfed00000, IRQs 2, 8, 0
[   19.092150] hpet0: 3 comparators, 64-bit 100.000000 MHz counter
[   19.124704] clocksource: Switched to clocksource kvm-clock
[   19.149423] VFS: Disk quotas dquot_6.6.0
[   19.157366] VFS: Dquot-cache hash table entries: 512 (order 0, 4096 bytes)
[   19.180871] AppArmor: AppArmor Filesystem Enabled
[   19.190858] pnp: PnP ACPI init
[   19.206528] system 00:05: [mem 0xb0000000-0xbfffffff window] has been reserved
[   19.257252] pnp: PnP ACPI: found 6 devices
[   19.360816] clocksource: acpi_pm: mask: 0xffffff max_cycles: 0xffffff, max_idle_ns: 2085701024 ns
[   19.380295] NET: Registered PF_INET protocol family
[   19.393643] IP idents hash table entries: 262144 (order: 9, 2097152 bytes, linear)
[   19.425591] tcp_listen_portaddr_hash hash table entries: 32768 (order: 9, 2621440 bytes, linear)
[   19.447396] Table-perturb hash table entries: 65536 (order: 6, 262144 bytes, linear)
[   19.470792] TCP established hash table entries: 524288 (order: 10, 4194304 bytes, linear)
[   19.505082] TCP bind hash table entries: 65536 (order: 11, 10485760 bytes, vmalloc hugepage)
[   19.530756] TCP: Hash tables configured (established 524288 bind 65536)
[   19.558876] MPTCP token hash table entries: 65536 (order: 10, 6291456 bytes, vmalloc hugepage)
[   19.595666] UDP hash table entries: 32768 (order: 11, 9961472 bytes, vmalloc hugepage)
[   19.630959] UDP-Lite hash table entries: 32768 (order: 11, 9961472 bytes, vmalloc hugepage)
[   19.656405] NET: Registered PF_UNIX/PF_LOCAL protocol family
[   19.668701] NET: Registered PF_XDP protocol family
[   19.678311] pci 0000:00:03.0: bridge window [io  0x1000-0x0fff] to [bus 01] add_size 1000
[   19.696741] pci 0000:00:03.0: bridge window [io  0x1000-0x1fff]: assigned
[   19.712887] pci 0000:00:03.0: PCI bridge to [bus 01]
[   19.724669] pci 0000:00:03.0:   bridge window [io  0x1000-0x1fff]
[   19.741270] pci 0000:00:03.0:   bridge window [mem 0xfe800000-0xfe9fffff]
[   19.758392] pci 0000:00:03.0:   bridge window [mem 0xfe000000-0xfe1fffff 64bit pref]
[   19.777061] pci_bus 0000:00: resource 4 [io  0x0000-0x0cf7 window]
[   19.791342] pci_bus 0000:00: resource 5 [io  0x0d00-0xffff window]
[   19.805315] pci_bus 0000:00: resource 6 [mem 0x000a0000-0x000bffff window]
[   19.821276] pci_bus 0000:00: resource 7 [mem 0x80000000-0xafffffff window]
[   19.837073] pci_bus 0000:00: resource 8 [mem 0xc0000000-0xfebfffff window]
[   19.852886] pci_bus 0000:00: resource 9 [mem 0x1c00000000-0x23ffffffff window]
[   19.869226] pci_bus 0000:01: resource 0 [io  0x1000-0x1fff]
[   19.882200] pci_bus 0000:01: resource 1 [mem 0xfe800000-0xfe9fffff]
[   19.896590] pci_bus 0000:01: resource 2 [mem 0xfe000000-0xfe1fffff 64bit pref]
[   19.914762] PCI: CLS 0 bytes, default 64
[   19.925136] PCI-DMA: Using software bounce buffering for IO (SWIOTLB)
[   19.929608] Trying to unpack rootfs image as initramfs...
[   19.940650] software IO TLB: mapped [mem 0x0000000065000000-0x0000000069000000] (64MB)
[   19.972385] clocksource: tsc: mask: 0xffffffffffffffff max_cycles: 0x2a48a50322c, max_idle_ns: 440795287943 ns
[   20.032203] Initialise system trusted keyrings
[   20.042851] Key type blacklist registered
[   20.053336] workingset: timestamp_bits=36 max_order=24 bucket_order=0
[   20.067212] zbud: loaded
[   20.087138] squashfs: version 4.0 (2009/01/31) Phillip Lougher
[   20.106559] fuse: init (API version 7.41)
[   20.118256] integrity: Platform Keyring initialized
[   20.150802] Key type asymmetric registered
[   20.158372] Asymmetric key parser 'x509' registered
[   20.168500] Block layer SCSI generic (bsg) driver version 0.4 loaded (major 243)
[   20.184649] io scheduler mq-deadline registered
[   20.228932] ledtrig-cpu: registered to indicate activity on CPUs
[   20.273019] ACPI: \_SB_.GSIH: Enabled at IRQ 23
[   20.295499] pcieport 0000:00:03.0: PME: Signaling with IRQ 24
[   20.311764] pcieport 0000:00:03.0: AER: enabled with IRQ 24
[   20.328122] shpchp: Standard Hot Plug PCI Controller Driver version: 0.4
[   20.347732] input: Power Button as /devices/LNXSYSTM:00/LNXPWRBN:00/input/input0
[   20.364375] ACPI: button: Power Button [PWRF]
[   20.496364] ACPI: \_SB_.GSIG: Enabled at IRQ 22
[   20.545941] ACPI: \_SB_.GSIE: Enabled at IRQ 20
[   20.610645] Serial: 8250/16550 driver, 32 ports, IRQ sharing enabled
[   20.681296] 00:03: ttyS0 at I/O 0x3f8 (irq = 4, base_baud = 115200) is a 16550A
[   20.830670] Linux agpgart interface v0.103
[   21.059194] loop: module loaded
[   21.076078] tun: Universal TUN/TAP device driver, 1.6
[   21.085674] PPP generic driver version 2.4.2
[   21.097800] VFIO - User Level meta-driver version: 0.3
[   21.117822] i8042: PNP: PS/2 Controller [PNP0303:KBD,PNP0f13:MOU] at 0x60,0x64 irq 1,12
[   21.149641] serio: i8042 KBD port at 0x60,0x64 irq 1
[   21.161283] serio: i8042 AUX port at 0x60,0x64 irq 12
[   21.174265] mousedev: PS/2 mouse device common for all mice
[   21.187913] rtc_cmos 00:04: RTC can wake from S4
[   21.192213] input: AT Translated Set 2 keyboard as /devices/platform/i8042/serio0/input/input1
[   21.212601] rtc_cmos 00:04: registered as rtc0
[   21.222404] rtc_cmos 00:04: setting system clock to 2025-01-11T13:32:11 UTC (1736602331)
[   21.238629] rtc_cmos 00:04: alarms up to one day, y3k, 242 bytes nvram, hpet irqs
[   21.251113] i2c_dev: i2c /dev entries driver
[   21.260377] device-mapper: core: CONFIG_IMA_DISABLE_HTABLE is disabled. Duplicate IMA measurements will not be recorded in the IMA log.
[   21.284745] device-mapper: uevent: version 1.0.3
[   21.296540] device-mapper: ioctl: 4.48.0-ioctl (2023-03-01) initialised: dm-devel@lists.linux.dev
[   21.315090] platform eisa.0: Probing EISA bus 0
[   21.324569] platform eisa.0: EISA: Cannot allocate resource for mainboard
[   21.337804] platform eisa.0: Cannot allocate resource for EISA slot 1
[   21.350841] platform eisa.0: Cannot allocate resource for EISA slot 2
[   21.364249] platform eisa.0: Cannot allocate resource for EISA slot 3
[   21.374680] platform eisa.0: Cannot allocate resource for EISA slot 4
[   21.385190] platform eisa.0: Cannot allocate resource for EISA slot 5
[   21.395666] platform eisa.0: Cannot allocate resource for EISA slot 6
[   21.406132] platform eisa.0: Cannot allocate resource for EISA slot 7
[   21.416628] platform eisa.0: Cannot allocate resource for EISA slot 8
[   21.427165] platform eisa.0: EISA: Detected 0 cards
[   21.435359] intel_pstate: CPU model not supported
[   21.446168] drop_monitor: Initializing network drop monitor service
[   21.459032] NET: Registered PF_INET6 protocol family
[   24.022978] Freeing initrd memory: 100204K
[   24.201091] Segment Routing with IPv6
[   24.207440] In-situ OAM (IOAM) with IPv6
[   24.214602] NET: Registered PF_PACKET protocol family
[   24.224251] Key type dns_resolver registered
[   24.289151] IPI shorthand broadcast: enabled
[   24.411833] registered taskstats version 1
[   24.447781] Loading compiled-in X.509 certificates
[   24.615572] Demotion targets for Node 0: null
[   24.626148] kmemleak: Kernel memory leak detector initialized (mem pool available: 14409)
[   24.626212] kmemleak: Automatic memory scanning thread started
[   24.644994] Key type .fscrypt registered
[   24.657849] Key type fscrypt-provisioning registered
[   24.762600] cryptd: module verification failed: signature and/or required key missing - tainting kernel
[   24.803858] cryptd: max_cpu_qlen set to 1000
[   25.054635] Key type encrypted registered
[   25.062398] AppArmor: AppArmor sha256 policy hashing enabled
[   25.073011] ima: No TPM chip found, activating TPM-bypass!
[   25.083373] Loading compiled-in module X.509 certificates
[   25.093155] ima: Allocated hash algorithm: sha1
[   25.102325] ima: No architecture policies found
[   25.111781] evm: Initialising EVM extended attributes:
[   25.121251] evm: security.selinux
[   25.127591] evm: security.SMACK64
[   25.134172] evm: security.SMACK64EXEC
[   25.141474] evm: security.SMACK64TRANSMUTE
[   25.149065] evm: security.SMACK64MMAP
[   25.155841] evm: security.apparmor
[   25.162279] evm: security.ima
[   25.168003] evm: security.capability
[   25.174602] evm: HMAC attrs: 0x1
[   25.193482] PM:   Magic number: 9:650:533
[   25.201023] tty ttyS13: hash matches
[   25.207724] port serial8250:0.12: hash matches
[   25.221519] RAS: Correctable Errors collector initialized.
[   25.233335] Unstable clock detected, switching default tracing clock to "global"
               If you want to keep using the local clock, then add:
                 "trace_clock=local"
               on the kernel command line
[   25.276098] clk: Disabling unused clocks
[   25.356926] Freeing unused decrypted memory: 2036K
[   25.389896] Freeing unused kernel image (initmem) memory: 9908K
[   25.400872] Write protecting the kernel read-only data: 67584k
[   25.422205] Freeing unused kernel image (rodata/data gap) memory: 1336K
[   25.501274] x86/mm: Checked W+X mappings: passed, no W+X pages found.
[   25.510960] x86/mm: Checking user space page tables
[   25.580793] x86/mm: Checked W+X mappings: passed, no W+X pages found.
[   25.588357] Run /init as init process
[   25.592790]   with arguments:
[   25.592807]     /init
[   25.592814]     nokaslr
[   25.592820]   with environment:
[   25.592826]     HOME=/
[   25.592833]     TERM=linux
[   29.777361] lpc_ich 0000:00:1f.0: I/O space for GPIO uninitialized
[   29.831805] input: VirtualPS/2 VMware VMMouse as /devices/platform/i8042/serio1/input/input4
[   29.835649] virtio_blk virtio2: 32/0/0 default/read/poll queues
[   29.903184] ahci 0000:00:1f.2: version 3.0
[   29.912102] input: VirtualPS/2 VMware VMMouse as /devices/platform/i8042/serio1/input/input3
[   29.984038] ACPI: \_SB_.GSIA: Enabled at IRQ 16
[   30.019698] i801_smbus 0000:00:1f.3: SMBus using PCI interrupt
[   30.041666] ahci 0000:00:1f.2: AHCI vers 0001.0000, 32 command slots, 1.5 Gbps, SATA mode
[   30.061885] ahci 0000:00:1f.2: 6/6 ports implemented (port mask 0x3f)
[   30.078252] ahci 0000:00:1f.2: flags: 64bit ncq only 
[   30.119199] i2c i2c-0: Memory type 0x07 not supported yet, not instantiating SPD
[   30.244879] scsi host0: ahci
[   30.277167] scsi host1: ahci
[   30.292219] scsi host2: ahci
[   30.302832] virtio_blk virtio2: [vda] 209715200 512-byte logical blocks (107 GB/100 GiB)
[   30.314749] scsi host3: ahci
[   30.377192] scsi host4: ahci
[   30.396725] scsi host5: ahci
[   30.431635] ata1: SATA max UDMA/133 abar m4096@0xfea53000 port 0xfea53100 irq 34 lpm-pol 0
[   30.446072] ata2: SATA max UDMA/133 abar m4096@0xfea53000 port 0xfea53180 irq 34 lpm-pol 0
[   30.460517] ata3: SATA max UDMA/133 abar m4096@0xfea53000 port 0xfea53200 irq 34 lpm-pol 0
[   30.474526] ata4: SATA max UDMA/133 abar m4096@0xfea53000 port 0xfea53280 irq 34 lpm-pol 0
[   30.488887] ata5: SATA max UDMA/133 abar m4096@0xfea53000 port 0xfea53300 irq 34 lpm-pol 0
[   30.503073] ata6: SATA max UDMA/133 abar m4096@0xfea53000 port 0xfea53380 irq 34 lpm-pol 0
[   30.525730]  vda: vda1 vda14 vda15
[   30.668315] virtio_net virtio0 enp0s2: renamed from eth0
[   30.847002] ata2: SATA link up 1.5 Gbps (SStatus 113 SControl 300)
[   30.859268] ata1: SATA link up 1.5 Gbps (SStatus 113 SControl 300)
[   30.868502] ata4: SATA link down (SStatus 0 SControl 300)
[   30.878819] ata6: SATA link down (SStatus 0 SControl 300)
[   30.891212] ata3: SATA link up 1.5 Gbps (SStatus 113 SControl 300)
[   30.899339] ata2.00: ATA-7: QEMU HARDDISK, 2.5+, max UDMA/100
[   30.908428] ata2.00: 20971520 sectors, multi 16: LBA48 NCQ (depth 32)
[   30.918852] ata2.00: applying bridge limits
[   30.927899] ata5: SATA link down (SStatus 0 SControl 300)
[   30.943596] ata1.00: ATA-7: QEMU HARDDISK, 2.5+, max UDMA/100
[   30.950113] ata1.00: 20971520 sectors, multi 16: LBA48 NCQ (depth 32)
[   30.957383] ata1.00: applying bridge limits
[   30.962542] ata3.00: ATAPI: QEMU DVD-ROM, 2.5+, max UDMA/100
[   30.969640] ata3.00: applying bridge limits
[   30.976843] ata1.00: configured for UDMA/100
[   30.982169] ata2.00: configured for UDMA/100
[   30.988821] ata3.00: configured for UDMA/100
[   30.994521] scsi 0:0:0:0: Direct-Access     ATA      QEMU HARDDISK    2.5+ PQ: 0 ANSI: 5
[   31.049088] sd 0:0:0:0: [sda] 20971520 512-byte logical blocks: (10.7 GB/10.0 GiB)
[   31.059165] sd 0:0:0:0: Attached scsi generic sg0 type 0
[   31.070743] sd 0:0:0:0: [sda] Write Protect is off
[   31.070808] sd 0:0:0:0: [sda] Mode Sense: 00 3a 00 00
[   31.071092] sd 0:0:0:0: [sda] Write cache: enabled, read cache: enabled, doesn't support DPO or FUA
[   31.072273] sd 0:0:0:0: [sda] Preferred minimum I/O size 512 bytes
[   31.124553] scsi 1:0:0:0: Direct-Access     ATA      QEMU HARDDISK    2.5+ PQ: 0 ANSI: 5
[   31.214741] sd 0:0:0:0: [sda] Attached SCSI disk
[   31.216719] sd 1:0:0:0: Attached scsi generic sg1 type 0
[   31.217213] sd 1:0:0:0: [sdb] 20971520 512-byte logical blocks: (10.7 GB/10.0 GiB)
[   31.217718] sd 1:0:0:0: [sdb] Write Protect is off
[   31.217871] sd 1:0:0:0: [sdb] Mode Sense: 00 3a 00 00
[   31.218544] sd 1:0:0:0: [sdb] Write cache: enabled, read cache: enabled, doesn't support DPO or FUA
[   31.219722] sd 1:0:0:0: [sdb] Preferred minimum I/O size 512 bytes
[   31.290947] scsi 2:0:0:0: CD-ROM            QEMU     QEMU DVD-ROM     2.5+ PQ: 0 ANSI: 5
[   31.344293] sd 1:0:0:0: [sdb] Attached SCSI disk
[   31.500725] sr 2:0:0:0: [sr0] scsi3-mmc drive: 4x/4x cd/rw xa/form2 tray
[   31.512645] cdrom: Uniform CD-ROM driver Revision: 3.20
[   31.619576] sr 2:0:0:0: Attached scsi CD-ROM sr0
[   31.623114] sr 2:0:0:0: Attached scsi generic sg2 type 5
[   31.699591] nd_pmem namespace0.0: unable to guarantee persistence of writes
[   35.622173] raid6: sse2x4   gen()  8811 MB/s
[   35.694063] raid6: sse2x2   gen() 10058 MB/s
[   35.766061] raid6: sse2x1   gen()  8134 MB/s
[   35.771206] raid6: using algorithm sse2x2 gen() 10058 MB/s
[   35.842060] raid6: .... xor() 6447 MB/s, rmw enabled
[   35.848045] raid6: using ssse3x2 recovery algorithm
[   35.864702] xor: measuring software checksum speed
[   35.871265]    prefetch64-sse  : 13575 MB/sec
[   35.877639]    generic_sse     : 11058 MB/sec
[   35.883805] xor: using function: prefetch64-sse (13575 MB/sec)
[   35.902535] async_tx: api initialized (async)
[   37.421660] Btrfs loaded, zoned=yes, fsverity=yes
[   38.696151] EXT4-fs (vda1): mounted filesystem 26c50908-598b-4e8e-871e-35718a3a1426 ro with ordered data mode. Quota mode: none.
[   40.046598] systemd[1]: Inserted module 'autofs4'
[   40.284511] systemd[1]: systemd 249.11-0ubuntu3.12 running in system mode (+PAM +AUDIT +SELINUX +APPARMOR +IMA +SMACK +SECCOMP +GCRYPT +GNUTLS +OPENSSL +ACL +BLKID +CURL +ELFUTILS +FIDO2 +IDN2 -IDN +IPTC +KMOD +LIBCRYPTSETUP +LIBFDISK +PCRE2 -PWQUALITY -P11KIT -QRENCODE +BZIP2 +LZ4 +XZ +ZLIB +ZSTD -XKBCOMMON +UTMP +SYSVINIT default-hierarchy=unified)
[   40.322273] systemd[1]: Detected virtualization kvm.
[   40.328047] systemd[1]: Detected architecture x86-64.
[   40.350613] systemd[1]: Hostname set to <qemu-1>.
[   41.048936] block vda: the capability attribute has been deprecated.
[   41.482402] random: crng init done
[   42.363472] systemd[1]: Queued start job for default target Graphical Interface.
[   42.546694] systemd[1]: Created slice Slice /system/modprobe.
[   42.579961] systemd[1]: Created slice Slice /system/serial-getty.
[   42.609938] systemd[1]: Created slice Slice /system/systemd-fsck.
[   42.642942] systemd[1]: Created slice User and Session Slice.
[   42.661828] systemd[1]: Started Forward Password Requests to Wall Directory Watch.
[   42.686414] systemd[1]: Set up automount Arbitrary Executable File Formats File System Automount Point.
[   42.713464] systemd[1]: Reached target Slice Units.
[   42.728859] systemd[1]: Reached target Mounting snaps.
[   42.746353] systemd[1]: Reached target Swaps.
[   42.761663] systemd[1]: Reached target Local Verity Protected Volumes.
[   42.784077] systemd[1]: Listening on Device-mapper event daemon FIFOs.
[   42.807826] systemd[1]: Listening on LVM2 poll daemon socket.
[   42.829812] systemd[1]: Listening on multipathd control socket.
[   43.026288] systemd[1]: Listening on RPCbind Server Activation Socket.
[   43.051379] systemd[1]: Listening on Syslog Socket.
[   43.070425] systemd[1]: Listening on fsck to fsckd communication Socket.
[   43.093891] systemd[1]: Listening on initctl Compatibility Named Pipe.
[   43.119308] systemd[1]: Listening on Journal Audit Socket.
[   43.141372] systemd[1]: Listening on Journal Socket (/dev/log).
[   43.165298] systemd[1]: Listening on Journal Socket.
[   43.185445] systemd[1]: Listening on Network Service Netlink Socket.
[   43.211137] systemd[1]: Listening on udev Control Socket.
[   43.232548] systemd[1]: Listening on udev Kernel Socket.
[   43.322996] systemd[1]: Mounting Huge Pages File System...
[   43.371285] systemd[1]: Mounting POSIX Message Queue File System...
[   43.420729] systemd[1]: Mounting Kernel Debug File System...
[   43.468580] systemd[1]: Mounting Kernel Trace File System...
[   43.560442] systemd[1]: Starting Journal Service...
[   43.575851] systemd[1]: Condition check resulted in Kernel Module supporting RPCSEC_GSS being skipped.
[   43.619034] systemd[1]: Starting Set the console keyboard layout...
[   43.670727] systemd[1]: Starting Create List of Static Device Nodes...
[   43.775749] systemd[1]: Starting Monitoring of LVM2 mirrors, snapshots etc. using dmeventd or progress polling...
[   43.800046] systemd[1]: Condition check resulted in LXD - agent being skipped.
[   43.840224] systemd[1]: Starting Load Kernel Module configfs...
[   43.973350] systemd[1]: Starting Load Kernel Module drm...
[   44.048699] systemd[1]: Starting Load Kernel Module efi_pstore...
[   44.106162] systemd[1]: Starting Load Kernel Module fuse...
[   44.126499] systemd[1]: Condition check resulted in OpenVSwitch configuration for cleanup being skipped.
[   44.142892] systemd[1]: Condition check resulted in File System Check on Root Device being skipped.
[   44.262948] ACPI: bus type drm_connector registered
[   44.303932] systemd[1]: Starting Load Kernel Modules...
[   44.415958] systemd[1]: Starting Remount Root and Kernel File Systems...
[   44.464552] systemd[1]: Starting Coldplug All udev Devices...
[   44.521554] systemd[1]: Started Journal Service.
[   44.588885] EXT4-fs (vda1): re-mounted 26c50908-598b-4e8e-871e-35718a3a1426 r/w. Quota mode: none.
[   45.127780] alua: device handler registered
[   45.154362] emc: device handler registered
[   45.178682] rdac: device handler registered
[   45.202469] systemd-journald[601]: Received client request to flush runtime journal.
[   45.241164] systemd-journald[601]: File /var/log/journal/02c9a06a7911097a3b638c9756cf2e6e/system.journal corrupted or uncleanly shut down, renaming and replacing.
[   46.184767] loop0: detected capacity change from 0 to 131016
[   46.236347] loop1: detected capacity change from 0 to 130448
[   46.277428] loop2: detected capacity change from 0 to 229272
[   46.383829] loop3: detected capacity change from 0 to 178256
[   46.395041] loop4: detected capacity change from 0 to 82800
[   46.535150] loop5: detected capacity change from 0 to 79520
[   49.817910] parport_pc 00:02: reported by Plug and Play ACPI
[   49.825375] parport0: PC-style at 0x378, irq 7 [PCSPP,TRISTATE]
[   52.787951] ppdev: user-space parallel port driver
[   55.482069] kvm_intel: VM_EXIT_LOAD_IA32_PERF_GLOBAL_CTRL does not work properly. Using workaround
[   56.462359] audit: type=1400 audit(1736602366.732:2): apparmor="STATUS" operation="profile_load" profile="unconfined" name="lsb_release" pid=1258 comm="apparmor_parser"
[   56.465869] audit: type=1400 audit(1736602366.736:3): apparmor="STATUS" operation="profile_load" profile="unconfined" name="swtpm" pid=1262 comm="apparmor_parser"
[   56.469079] audit: type=1400 audit(1736602366.740:4): apparmor="STATUS" operation="profile_load" profile="unconfined" name="nvidia_modprobe" pid=1259 comm="apparmor_parser"
[   56.469229] audit: type=1400 audit(1736602366.740:5): apparmor="STATUS" operation="profile_load" profile="unconfined" name="nvidia_modprobe//kmod" pid=1259 comm="apparmor_parser"
[   56.480021] audit: type=1400 audit(1736602366.752:6): apparmor="STATUS" operation="profile_load" profile="unconfined" name="virt-aa-helper" pid=1265 comm="apparmor_parser"
[   56.488271] audit: type=1400 audit(1736602366.760:7): apparmor="STATUS" operation="profile_load" profile="unconfined" name="/usr/bin/man" pid=1261 comm="apparmor_parser"
[   56.488427] audit: type=1400 audit(1736602366.760:8): apparmor="STATUS" operation="profile_load" profile="unconfined" name="man_filter" pid=1261 comm="apparmor_parser"
[   56.488584] audit: type=1400 audit(1736602366.760:9): apparmor="STATUS" operation="profile_load" profile="unconfined" name="man_groff" pid=1261 comm="apparmor_parser"
[   56.491292] audit: type=1400 audit(1736602366.764:10): apparmor="STATUS" operation="profile_load" profile="unconfined" name="/usr/lib/snapd/snap-confine" pid=1267 comm="apparmor_parser"
[   56.491536] audit: type=1400 audit(1736602366.764:11): apparmor="STATUS" operation="profile_load" profile="unconfined" name="/usr/lib/snapd/snap-confine//mount-namespace-capture-helper" pid=1267 comm="apparmor_parser"
[   58.295904] RPC: Registered named UNIX socket transport module.
[   58.295950] RPC: Registered udp transport module.
[   58.295959] RPC: Registered tcp transport module.
[   58.295967] RPC: Registered tcp-with-tls transport module.
[   58.295975] RPC: Registered tcp NFSv4.1 backchannel transport module.
[   65.635671] loop6: detected capacity change from 0 to 8
[   71.674279] netfs: FS-Cache loaded
[   73.206437] NFS: Registering the id_resolver key type
[   73.206588] Key type id_resolver registered
[   73.206600] Key type id_legacy registered
[   95.463074] cbd: loading out-of-tree module taints kernel.
[  118.269559] SGI XFS with ACLs, security attributes, realtime, quota, no debug enabled
[  118.392854] XFS (cbd0): Mounting V5 Filesystem 5cd050a9-0a9d-4b3b-8248-9951e9703623
[  118.495694] XFS (cbd0): Starting recovery (logdev: internal)
[  118.628366] XFS (cbd0): Ending recovery (logdev: internal)
[  118.697025] xfs filesystem being mounted at /media supports timestamps until 2038-01-19 (0x7fffffff)
[  125.574629] XFS (cbd0): Unmounting Filesystem 5cd050a9-0a9d-4b3b-8248-9951e9703623
[  145.488974] ==== end /root/avocado/job-results/job-2025-01-09T22.24-1680aba/test-results/249-._cbdctrl.py_CbdctrlTest.test_run-cache_data_crc-enable-cache_for_xfstests-no_cache-channel_crc-disable-channel_data_crc-host_mode-multi_host-multihost-test_script-dev-cce7 ==== 
[  167.003672] tid: 0, is not registered
[  168.831401] ==== start /root/avocado/job-results/job-2025-01-09T22.24-1680aba/test-results/250-._cbdctrl.py_CbdctrlTest.test_run-cache_data_crc-enable-cache_for_xfstests-no_cache-channel_crc-disable-channel_data_crc-host_mode-multi_host-multihost-test_script-xfstests-f7df ==== 
[  306.903858] XFS (cbd0): Mounting V5 Filesystem ef38ac48-0ae7-4e6b-84b6-867c94206237
[  307.040011] XFS (cbd0): Ending clean mount
[  307.117391] xfs filesystem being mounted at /mnt/test supports timestamps until 2038-01-19 (0x7fffffff)
[  307.797492] kmemleak: Automatic memory scanning thread ended
[  372.966929] XFS (cbd1): Mounting V5 Filesystem 1774be31-d488-4d9f-be9d-2cc14b4e7065
[  373.116373] XFS (cbd1): Ending clean mount
[  373.188901] xfs filesystem being mounted at /mnt/scratch supports timestamps until 2038-01-19 (0x7fffffff)
[  373.263763] XFS (cbd1): Unmounting Filesystem 1774be31-d488-4d9f-be9d-2cc14b4e7065
[  373.803868] XFS (cbd0): Unmounting Filesystem ef38ac48-0ae7-4e6b-84b6-867c94206237
[  375.151623] XFS (cbd0): Mounting V5 Filesystem ef38ac48-0ae7-4e6b-84b6-867c94206237
[  375.277826] XFS (cbd0): Ending clean mount
[  375.351587] xfs filesystem being mounted at /mnt/test supports timestamps until 2038-01-19 (0x7fffffff)
[  375.636884] run fstests generic/031 at 2025-01-11 13:38:05
[  382.118746] XFS (cbd1): Mounting V5 Filesystem 22d7b7a8-d155-4602-a9e1-e433997cdf00
[  382.259874] XFS (cbd1): Ending clean mount
[  382.328444] xfs filesystem being mounted at /mnt/scratch supports timestamps until 2038-01-19 (0x7fffffff)
[  382.629171] XFS (cbd1): Unmounting Filesystem 22d7b7a8-d155-4602-a9e1-e433997cdf00
[  382.752867] XFS (cbd1): Mounting V5 Filesystem 22d7b7a8-d155-4602-a9e1-e433997cdf00
[  382.880996] XFS (cbd1): Ending clean mount
[  382.958207] xfs filesystem being mounted at /mnt/scratch supports timestamps until 2038-01-19 (0x7fffffff)
[  383.134895] XFS (cbd0): Unmounting Filesystem ef38ac48-0ae7-4e6b-84b6-867c94206237
[  383.621818] XFS (cbd1): Unmounting Filesystem 22d7b7a8-d155-4602-a9e1-e433997cdf00
[  384.980078] XFS (cbd1): Mounting V5 Filesystem 22d7b7a8-d155-4602-a9e1-e433997cdf00
[  385.103633] XFS (cbd1): Ending clean mount
[  385.168322] xfs filesystem being mounted at /mnt/scratch supports timestamps until 2038-01-19 (0x7fffffff)
[  385.306516] XFS (cbd1): Unmounting Filesystem 22d7b7a8-d155-4602-a9e1-e433997cdf00
[  526.805160] ==== end /root/avocado/job-results/job-2025-01-09T22.24-1680aba/test-results/250-._cbdctrl.py_CbdctrlTest.test_run-cache_data_crc-enable-cache_for_xfstests-no_cache-channel_crc-disable-channel_data_crc-host_mode-multi_host-multihost-test_script-xfstests-f7df ==== 
[  552.088634] tid: 0, is not registered
[  665.750821] ==== start /root/avocado/job-results/job-2025-01-09T22.24-1680aba/test-results/251-._cbdctrl.py_CbdctrlTest.test_run-cache_data_crc-enable-cache_for_xfstests-no_cache-channel_crc-disable-channel_data_crc-host_mode-multi_host-multihost-test_script-register-72c4 ==== 
[  685.563696] cbd: module verification failed: signature and/or required key missing - tainting kernel
[  689.950973] cbd: transport_info_validate:855 cbd_transport0: transport expects CBD_MULTIHOST enabled.
[  709.235816] ==== end /root/avocado/job-results/job-2025-01-09T22.24-1680aba/test-results/251-._cbdctrl.py_CbdctrlTest.test_run-cache_data_crc-enable-cache_for_xfstests-no_cache-channel_crc-disable-channel_data_crc-host_mode-multi_host-multihost-test_script-register-72c4 ==== 
[  737.254561] ==== start /root/avocado/job-results/job-2025-01-09T22.24-1680aba/test-results/252-._cbdctrl.py_CbdctrlTest.test_run-cache_data_crc-enable-cache_for_xfstests-no_cache-channel_crc-disable-channel_data_crc-host_mode-multi_host-multihost-test_script-backend-0d87 ==== 
[  761.588119] ==== end /root/avocado/job-results/job-2025-01-09T22.24-1680aba/test-results/252-._cbdctrl.py_CbdctrlTest.test_run-cache_data_crc-enable-cache_for_xfstests-no_cache-channel_crc-disable-channel_data_crc-host_mode-multi_host-multihost-test_script-backend-0d87 ==== 
[  785.656094] ==== start /root/avocado/job-results/job-2025-01-09T22.24-1680aba/test-results/253-._cbdctrl.py_CbdctrlTest.test_run-cache_data_crc-enable-cache_for_xfstests-no_cache-channel_crc-disable-channel_data_crc-host_mode-multi_host-multihost-test_script-dev-1abc ==== 
[  812.136415] ==== end /root/avocado/job-results/job-2025-01-09T22.24-1680aba/test-results/253-._cbdctrl.py_CbdctrlTest.test_run-cache_data_crc-enable-cache_for_xfstests-no_cache-channel_crc-disable-channel_data_crc-host_mode-multi_host-multihost-test_script-dev-1abc ==== 
