[    0.000000] Linux version 6.13.0-rc5+ (root@ubuntu-22-04-server) (gcc (Ubuntu 11.4.0-1ubuntu1~22.04) 11.4.0, GNU ld (GNU Binutils for Ubuntu) 2.38) #2 SMP PREEMPT_DYNAMIC Fri Jan  3 15:43:06 CST 2025
[    0.000000] Command line: intremap=off console=ttyS0,115200 nokaslr root=/dev/vda1 crashkernel=1G-:2G
[    0.000000] KERNEL supported cpus:
[    0.000000]   Intel GenuineIntel
[    0.000000]   AMD AuthenticAMD
[    0.000000]   Hygon HygonGenuine
[    0.000000]   Centaur CentaurHauls
[    0.000000]   zhaoxin   Shanghai  
[    0.000000] BIOS-provided physical RAM map:
[    0.000000] BIOS-e820: [mem 0x0000000000000000-0x000000000009fbff] usable
[    0.000000] BIOS-e820: [mem 0x000000000009fc00-0x000000000009ffff] reserved
[    0.000000] BIOS-e820: [mem 0x00000000000f0000-0x00000000000fffff] reserved
[    0.000000] BIOS-e820: [mem 0x0000000000100000-0x000000007ffd9fff] usable
[    0.000000] BIOS-e820: [mem 0x000000007ffda000-0x000000007fffffff] reserved
[    0.000000] BIOS-e820: [mem 0x00000000b0000000-0x00000000bfffffff] reserved
[    0.000000] BIOS-e820: [mem 0x00000000fed1c000-0x00000000fed1ffff] reserved
[    0.000000] BIOS-e820: [mem 0x00000000feffc000-0x00000000feffffff] reserved
[    0.000000] BIOS-e820: [mem 0x00000000fffc0000-0x00000000ffffffff] reserved
[    0.000000] BIOS-e820: [mem 0x0000000100000000-0x000000037fffffff] usable
[    0.000000] NX (Execute Disable) protection: active
[    0.000000] APIC: Static calls initialized
[    0.000000] SMBIOS 2.8 present.
[    0.000000] DMI: QEMU Standard PC (Q35 + ICH9, 2009), BIOS rel-1.16.3-0-ga6ed6b701f0a-prebuilt.qemu.org 04/01/2014
[    0.000000] DMI: Memory slots populated: 1/1
[    0.000000] Hypervisor detected: KVM
[    0.000000] kvm-clock: Using msrs 4b564d01 and 4b564d00
[    0.000008] kvm-clock: using sched offset of 3507450126 cycles
[    0.000023] clocksource: kvm-clock: mask: 0xffffffffffffffff max_cycles: 0x1cd42e4dffb, max_idle_ns: 881590591483 ns
[    0.000069] tsc: Detected 2933.436 MHz processor
[    0.002461] e820: update [mem 0x00000000-0x00000fff] usable ==> reserved
[    0.002471] e820: remove [mem 0x000a0000-0x000fffff] usable
[    0.002485] last_pfn = 0x380000 max_arch_pfn = 0x400000000
[    0.003117] MTRR map: 4 entries (3 fixed + 1 variable; max 19), built from 8 variable MTRRs
[    0.003152] x86/PAT: Configuration [0-7]: WB  WC  UC- UC  WB  WP  UC- WT  
[    0.003928] last_pfn = 0x7ffda max_arch_pfn = 0x400000000
[    0.015554] found SMP MP-table at [mem 0x000f5450-0x000f545f]
[    0.015676] Using GB pages for direct mapping
[    0.017505] RAMDISK: [mem 0x79e18000-0x7ffcffff]
[    0.017593] ACPI: Early table checksum verification disabled
[    0.017712] ACPI: RSDP 0x00000000000F5220 000014 (v00 BOCHS )
[    0.017766] ACPI: RSDT 0x000000007FFE3D96 000040 (v01 BOCHS  BXPC     00000001 BXPC 00000001)
[    0.017816] ACPI: FACP 0x000000007FFE25E7 0000F4 (v03 BOCHS  BXPC     00000001 BXPC 00000001)
[    0.017846] ACPI: DSDT 0x000000007FFDF040 0035A7 (v01 BOCHS  BXPC     00000001 BXPC 00000001)
[    0.017863] ACPI: FACS 0x000000007FFDF000 000040
[    0.017873] ACPI: APIC 0x000000007FFE26DB 000170 (v03 BOCHS  BXPC     00000001 BXPC 00000001)
[    0.017883] ACPI: HPET 0x000000007FFE284B 000038 (v01 BOCHS  BXPC     00000001 BXPC 00000001)
[    0.017894] ACPI: SRAT 0x000000007FFE2883 0002D0 (v01 BOCHS  BXPC     00000001 BXPC 00000001)
[    0.017904] ACPI: MCFG 0x000000007FFE2B53 00003C (v01 BOCHS  BXPC     00000001 BXPC 00000001)
[    0.017914] ACPI: SSDT 0x000000007FFE2B8F 0011DF (v01 BOCHS  NVDIMM   00000001 BXPC 00000001)
[    0.017924] ACPI: WAET 0x000000007FFE3D6E 000028 (v01 BOCHS  BXPC     00000001 BXPC 00000001)
[    0.017932] ACPI: Reserving FACP table memory at [mem 0x7ffe25e7-0x7ffe26da]
[    0.017936] ACPI: Reserving DSDT table memory at [mem 0x7ffdf040-0x7ffe25e6]
[    0.017938] ACPI: Reserving FACS table memory at [mem 0x7ffdf000-0x7ffdf03f]
[    0.017941] ACPI: Reserving APIC table memory at [mem 0x7ffe26db-0x7ffe284a]
[    0.017944] ACPI: Reserving HPET table memory at [mem 0x7ffe284b-0x7ffe2882]
[    0.017946] ACPI: Reserving SRAT table memory at [mem 0x7ffe2883-0x7ffe2b52]
[    0.017949] ACPI: Reserving MCFG table memory at [mem 0x7ffe2b53-0x7ffe2b8e]
[    0.017951] ACPI: Reserving SSDT table memory at [mem 0x7ffe2b8f-0x7ffe3d6d]
[    0.017954] ACPI: Reserving WAET table memory at [mem 0x7ffe3d6e-0x7ffe3d95]
[    0.018424] ACPI: SRAT: Node 0 PXM 0 [mem 0x00000000-0x0009ffff]
[    0.018431] ACPI: SRAT: Node 0 PXM 0 [mem 0x00100000-0x7fffffff]
[    0.018434] ACPI: SRAT: Node 0 PXM 0 [mem 0x100000000-0x37fffffff]
[    0.018438] ACPI: SRAT: Node 0 PXM 0 [mem 0x380000000-0x1bffffffff] hotplug
[    0.018452] NUMA: Node 0 [mem 0x00001000-0x0009ffff] + [mem 0x00100000-0x7fffffff] -> [mem 0x00001000-0x7fffffff]
[    0.018457] NUMA: Node 0 [mem 0x00001000-0x7fffffff] + [mem 0x100000000-0x37fffffff] -> [mem 0x00001000-0x37fffffff]
[    0.018487] NODE_DATA(0) allocated [mem 0x37ffd3700-0x37fffdfff]
[    0.018925] crashkernel low memory reserved: 0x69000000 - 0x79000000 (256 MB)
[    0.018932] crashkernel reserved: 0x00000002ff000000 - 0x000000037f000000 (2048 MB)
[    0.019122] Zone ranges:
[    0.019126]   DMA      [mem 0x0000000000001000-0x0000000000ffffff]
[    0.019130]   DMA32    [mem 0x0000000001000000-0x00000000ffffffff]
[    0.019134]   Normal   [mem 0x0000000100000000-0x000000037fffffff]
[    0.019137]   Device   empty
[    0.019139] Movable zone start for each node
[    0.019143] Early memory node ranges
[    0.019144]   node   0: [mem 0x0000000000001000-0x000000000009efff]
[    0.019152]   node   0: [mem 0x0000000000100000-0x000000007ffd9fff]
[    0.019155]   node   0: [mem 0x0000000100000000-0x000000037fffffff]
[    0.019160] Initmem setup node 0 [mem 0x0000000000001000-0x000000037fffffff]
[    0.020261] On node 0, zone DMA: 1 pages in unavailable ranges
[    0.020585] On node 0, zone DMA: 97 pages in unavailable ranges
[    0.349029] On node 0, zone Normal: 38 pages in unavailable ranges
[    1.835638] kasan: KernelAddressSanitizer initialized
[    1.843405] ACPI: PM-Timer IO Port: 0x608
[    1.843540] ACPI: LAPIC_NMI (acpi_id[0xff] dfl dfl lint[0x1])
[    1.843992] IOAPIC[0]: apic_id 0, version 17, address 0xfec00000, GSI 0-23
[    1.844010] ACPI: INT_SRC_OVR (bus 0 bus_irq 0 global_irq 2 dfl dfl)
[    1.844016] ACPI: INT_SRC_OVR (bus 0 bus_irq 5 global_irq 5 high level)
[    1.844019] ACPI: INT_SRC_OVR (bus 0 bus_irq 9 global_irq 9 high level)
[    1.844031] ACPI: INT_SRC_OVR (bus 0 bus_irq 10 global_irq 10 high level)
[    1.844035] ACPI: INT_SRC_OVR (bus 0 bus_irq 11 global_irq 11 high level)
[    1.844049] ACPI: Using ACPI (MADT) for SMP configuration information
[    1.844053] ACPI: HPET id: 0x8086a201 base: 0xfed00000
[    1.844071] TSC deadline timer available
[    1.844084] CPU topo: Max. logical packages:   2
[    1.844087] CPU topo: Max. logical dies:       2
[    1.844089] CPU topo: Max. dies per package:   1
[    1.844095] CPU topo: Max. threads per core:   2
[    1.844097] CPU topo: Num. cores per package:     8
[    1.844099] CPU topo: Num. threads per package:  16
[    1.844101] CPU topo: Allowing 32 present CPUs plus 0 hotplug CPUs
[    1.844252] kvm-guest: APIC: eoi() replaced with kvm_guest_apic_eoi_write()
[    1.844375] kvm-guest: KVM setup pv remote TLB flush
[    1.844433] kvm-guest: setup PV sched yield
[    1.844622] PM: hibernation: Registered nosave memory: [mem 0x00000000-0x00000fff]
[    1.844630] PM: hibernation: Registered nosave memory: [mem 0x0009f000-0x0009ffff]
[    1.844632] PM: hibernation: Registered nosave memory: [mem 0x000a0000-0x000effff]
[    1.844634] PM: hibernation: Registered nosave memory: [mem 0x000f0000-0x000fffff]
[    1.844639] PM: hibernation: Registered nosave memory: [mem 0x7ffda000-0x7fffffff]
[    1.844642] PM: hibernation: Registered nosave memory: [mem 0x80000000-0xafffffff]
[    1.844644] PM: hibernation: Registered nosave memory: [mem 0xb0000000-0xbfffffff]
[    1.844646] PM: hibernation: Registered nosave memory: [mem 0xc0000000-0xfed1bfff]
[    1.844648] PM: hibernation: Registered nosave memory: [mem 0xfed1c000-0xfed1ffff]
[    1.844650] PM: hibernation: Registered nosave memory: [mem 0xfed20000-0xfeffbfff]
[    1.844652] PM: hibernation: Registered nosave memory: [mem 0xfeffc000-0xfeffffff]
[    1.844654] PM: hibernation: Registered nosave memory: [mem 0xff000000-0xfffbffff]
[    1.844656] PM: hibernation: Registered nosave memory: [mem 0xfffc0000-0xffffffff]
[    1.844669] [mem 0xc0000000-0xfed1bfff] available for PCI devices
[    1.844677] Booting paravirtualized kernel on KVM
[    1.844687] clocksource: refined-jiffies: mask: 0xffffffff max_cycles: 0xffffffff, max_idle_ns: 7645519600211568 ns
[    1.844774] setup_percpu: NR_CPUS:8192 nr_cpumask_bits:32 nr_cpu_ids:32 nr_node_ids:1
[    1.971378] percpu: Embedded 532 pages/cpu s2142208 r8192 d28672 u4194304
[    1.971433] pcpu-alloc: s2142208 r8192 d28672 u4194304 alloc=2*2097152
[    1.971440] pcpu-alloc: [0] 00 [0] 01 [0] 02 [0] 03 [0] 04 [0] 05 [0] 06 [0] 07 
[    1.971460] pcpu-alloc: [0] 08 [0] 09 [0] 10 [0] 11 [0] 12 [0] 13 [0] 14 [0] 15 
[    1.971478] pcpu-alloc: [0] 16 [0] 17 [0] 18 [0] 19 [0] 20 [0] 21 [0] 22 [0] 23 
[    1.971497] pcpu-alloc: [0] 24 [0] 25 [0] 26 [0] 27 [0] 28 [0] 29 [0] 30 [0] 31 
[    1.971878] kvm-guest: PV spinlocks enabled
[    1.971900] PV qspinlock hash table entries: 256 (order: 0, 4096 bytes, linear)
[    1.971917] Kernel command line: intremap=off console=ttyS0,115200 nokaslr root=/dev/vda1 crashkernel=1G-:2G
[    1.972188] Unknown kernel command line parameters "nokaslr", will be passed to user space.
[    1.972221] printk: log buffer data + meta data: 262144 + 917504 = 1179648 bytes
[    1.991005] Dentry cache hash table entries: 2097152 (order: 12, 16777216 bytes, linear)
[    2.001418] Inode-cache hash table entries: 1048576 (order: 11, 8388608 bytes, linear)
[    2.005928] Fallback order for Node 0: 0 
[    2.005960] Built 1 zonelists, mobility grouping on.  Total pages: 3145592
[    2.005964] Policy zone: Normal
[    2.006027] mem auto-init: stack:off, heap alloc:on, heap free:off
[    2.006039] stackdepot: allocating hash table via alloc_large_system_hash
[    2.006050] stackdepot hash table entries: 1048576 (order: 12, 16777216 bytes, linear)
[    2.025057] software IO TLB: area num 32.
[    2.800178] SLUB: HWalign=64, Order=0-3, MinObjects=0, CPUs=32, Nodes=1
[    2.801556] Kernel/User page tables isolation: enabled
[    2.802414] ftrace: allocating 52416 entries in 205 pages
[    3.094139] ftrace: allocated 205 pages with 5 groups
[    3.101419] Dynamic Preempt: voluntary
[    3.109491] Running RCU self tests
[    3.109495] Running RCU synchronous self tests
[    3.109555] rcu: Preemptible hierarchical RCU implementation.
[    3.109557] rcu: 	RCU lockdep checking is enabled.
[    3.109558] rcu: 	RCU restricting CPUs from NR_CPUS=8192 to nr_cpu_ids=32.
[    3.109563] 	Trampoline variant of Tasks RCU enabled.
[    3.109564] 	Rude variant of Tasks RCU enabled.
[    3.109565] 	Tracing variant of Tasks RCU enabled.
[    3.109567] rcu: RCU calculated value of scheduler-enlistment delay is 25 jiffies.
[    3.109569] rcu: Adjusting geometry for rcu_fanout_leaf=16, nr_cpu_ids=32
[    3.110229] Running RCU synchronous self tests
[    3.110261] RCU Tasks: Setting shift to 5 and lim to 1 rcu_task_cb_adjust=1 rcu_task_cpu_ids=32.
[    3.110287] RCU Tasks Rude: Setting shift to 5 and lim to 1 rcu_task_cb_adjust=1 rcu_task_cpu_ids=32.
[    3.110312] RCU Tasks Trace: Setting shift to 5 and lim to 1 rcu_task_cb_adjust=1 rcu_task_cpu_ids=32.
[    3.163339] NR_IRQS: 524544, nr_irqs: 680, preallocated irqs: 16
[    3.165356] rcu: srcu_init: Setting srcu_struct sizes based on contention.
[    3.280969] Console: colour VGA+ 80x25
[    3.281451] printk: legacy console [ttyS0] enabled
[    4.830708] Lock dependency validator: Copyright (c) 2006 Red Hat, Inc., Ingo Molnar
[    4.843166] ... MAX_LOCKDEP_SUBCLASSES:  8
[    4.849830] ... MAX_LOCK_DEPTH:          48
[    4.856841] ... MAX_LOCKDEP_KEYS:        8192
[    4.863931] ... CLASSHASH_SIZE:          4096
[    4.870981] ... MAX_LOCKDEP_ENTRIES:     32768
[    4.878222] ... MAX_LOCKDEP_CHAINS:      65536
[    4.885441] ... CHAINHASH_SIZE:          32768
[    4.892669]  memory used by lock dependency info: 6941 kB
[    4.901438]  memory used for stack traces: 4224 kB
[    4.909199]  per task-struct memory footprint: 2688 bytes
[    4.918716] ACPI: Core revision 20240827
[    4.928353] clocksource: hpet: mask: 0xffffffff max_cycles: 0xffffffff, max_idle_ns: 19112604467 ns
[    4.944054] APIC: Switch to symmetric I/O mode setup
[    4.955654] x2apic enabled
[    4.964287] APIC: Switched APIC routing to: physical x2apic
[    4.973282] kvm-guest: APIC: send_IPI_mask() replaced with kvm_send_ipi_mask()
[    4.984793] kvm-guest: APIC: send_IPI_mask_allbutself() replaced with kvm_send_ipi_mask_allbutself()
[    4.999202] kvm-guest: setup PV IPIs
[    5.020821] ..TIMER: vector=0x30 apic1=0 pin1=2 apic2=-1 pin2=-1
[    5.031876] clocksource: tsc-early: mask: 0xffffffffffffffff max_cycles: 0x2a48a50322c, max_idle_ns: 440795287943 ns
[    5.050383] Calibrating delay loop (skipped) preset value.. 5866.87 BogoMIPS (lpj=11733744)
[    5.056094] x86/cpu: User Mode Instruction Prevention (UMIP) activated
[    5.063341] Last level iTLB entries: 4KB 0, 2MB 0, 4MB 0
[    5.066373] Last level dTLB entries: 4KB 0, 2MB 0, 4MB 0, 1GB 0
[    5.070473] Spectre V1 : Mitigation: usercopy/swapgs barriers and __user pointer sanitization
[    5.074376] Spectre V2 : Mitigation: Retpolines
[    5.078373] Spectre V2 : Spectre v2 / SpectreRSB mitigation: Filling RSB on context switch
[    5.082373] Spectre V2 : Spectre v2 / SpectreRSB : Filling RSB on VMEXIT
[    5.086374] Spectre V2 : Enabling Restricted Speculation for firmware calls
[    5.090382] Spectre V2 : mitigation: Enabling conditional Indirect Branch Prediction Barrier
[    5.094373] Spectre V2 : User space: Mitigation: STIBP via prctl
[    5.098375] Speculative Store Bypass: Mitigation: Speculative Store Bypass disabled via prctl
[    5.102375] MDS: Vulnerable: Clear CPU buffers attempted, no microcode
[    5.106373] MMIO Stale Data: Unknown: No mitigations
[    5.110397] x86/fpu: x87 FPU will use FXSAVE
[    5.167940] Freeing SMP alternatives memory: 40K
[    5.170381] pid_max: default: 32768 minimum: 301
[    5.179262] LSM: initializing lsm=lockdown,capability,landlock,yama,apparmor,ima,evm
[    5.183237] landlock: Up and running.
[    5.186376] Yama: becoming mindful.
[    5.191554] AppArmor: AppArmor initialized
[    5.196935] Mount-cache hash table entries: 32768 (order: 6, 262144 bytes, linear)
[    5.198610] Mountpoint-cache hash table entries: 32768 (order: 6, 262144 bytes, linear)
[    5.213797] Running RCU synchronous self tests
[    5.214380] Running RCU synchronous self tests
[    5.224752] smpboot: CPU0: Intel Westmere E56xx/L56xx/X56xx (IBRS update) (family: 0x6, model: 0x2c, stepping: 0x1)
[    5.239648] Running RCU Tasks wait API self tests
[    5.346543] Running RCU Tasks Rude wait API self tests
[    5.350402] Running RCU Tasks Trace wait API self tests
[    5.354584] Performance Events: unsupported p6 CPU model 44 no PMU driver, software events only.
[    5.358929] signal: max sigframe size: 1440
[    5.362489] Callback from call_rcu_tasks_trace() invoked.
[    5.367105] rcu: Hierarchical SRCU implementation.
[    5.370404] rcu: 	Max phase no-delay instances is 1000.
[    5.375697] Timer migration: 2 hierarchy levels; 8 children per group; 2 crossnode level
[    5.390571] NMI watchdog: Perf NMI watchdog permanently disabled
[    5.406474] smp: Bringing up secondary CPUs ...
[    5.423214] smpboot: x86: Booting SMP configuration:
[    5.426430] .... node  #0, CPUs:        #2  #4  #6  #8 #10 #12 #14 #16 #18 #20 #22 #24 #26 #28
[    5.554631] Callback from call_rcu_tasks() invoked.
[    5.567613]  #30  #1  #3  #5  #7  #9 #11 #13 #15 #17 #19 #21 #23 #25 #27 #29 #31
[    5.843839] MDS CPU bug present and SMT on, data leak possible. See https://www.kernel.org/doc/html/latest/admin-guide/hw-vuln/mds.html for more details.
[    5.935565] smp: Brought up 1 node, 32 CPUs
[    5.938427] smpboot: Total of 32 processors activated (187739.90 BogoMIPS)
[    5.973210] Memory: 7997952K/12582368K available (53248K kernel code, 16294K rwdata, 13000K rodata, 9908K init, 22736K bss, 4537656K reserved, 0K cma-reserved)
[    5.980053] devtmpfs: initialized
[    5.984964] x86/mm: Memory block size: 128MB
[    6.076176] Running RCU synchronous self tests
[    6.078470] Running RCU synchronous self tests
[    6.082811] clocksource: jiffies: mask: 0xffffffff max_cycles: 0xffffffff, max_idle_ns: 7645041785100000 ns
[    6.087793] futex hash table entries: 8192 (order: 8, 1048576 bytes, linear)
[    6.094426] pinctrl core: initialized pinctrl subsystem
[    6.101791] PM: RTC time: 23:15:37, date: 2025-01-10
[    6.112305] NET: Registered PF_NETLINK/PF_ROUTE protocol family
[    6.119233] DMA: preallocated 1024 KiB GFP_KERNEL pool for atomic allocations
[    6.122698] DMA: preallocated 1024 KiB GFP_KERNEL|GFP_DMA pool for atomic allocations
[    6.126703] DMA: preallocated 1024 KiB GFP_KERNEL|GFP_DMA32 pool for atomic allocations
[    6.131130] audit: initializing netlink subsys (disabled)
[    6.135601] audit: type=2000 audit(1736550935.817:1): state=initialized audit_enabled=0 res=1
[    6.141423] thermal_sys: Registered thermal governor 'fair_share'
[    6.142418] thermal_sys: Registered thermal governor 'bang_bang'
[    6.146405] thermal_sys: Registered thermal governor 'step_wise'
[    6.150405] thermal_sys: Registered thermal governor 'user_space'
[    6.154405] thermal_sys: Registered thermal governor 'power_allocator'
[    6.158773] EISA bus registered
[    6.166697] cpuidle: using governor ladder
[    6.170662] cpuidle: using governor menu
[    6.176585] acpiphp: ACPI Hot Plug PCI Controller Driver version: 0.5
[    6.181740] PCI: ECAM [mem 0xb0000000-0xbfffffff] (base 0xb0000000) for domain 0000 [bus 00-ff]
[    6.182409] PCI: ECAM [mem 0xb0000000-0xbfffffff] reserved as E820 entry
[    6.263931] PCI: Using configuration type 1 for base access
[    6.268683] kprobes: kprobe jump-optimization is enabled. All kprobes are optimized if possible.
[    6.280472] HugeTLB: registered 1.00 GiB page size, pre-allocated 0 pages
[    6.282416] HugeTLB: 16380 KiB vmemmap can be freed for a 1.00 GiB page
[    6.286404] HugeTLB: registered 2.00 MiB page size, pre-allocated 0 pages
[    6.290417] HugeTLB: 28 KiB vmemmap can be freed for a 2.00 MiB page
[    6.388524] ACPI: Added _OSI(Module Device)
[    6.390404] ACPI: Added _OSI(Processor Device)
[    6.394408] ACPI: Added _OSI(3.0 _SCP Extensions)
[    6.398413] ACPI: Added _OSI(Processor Aggregator Device)
[    6.660882] ACPI: 2 ACPI AML tables successfully acquired and loaded
[    6.735731] ACPI: Interpreter enabled
[    6.742875] ACPI: PM: (supports S0 S3 S4 S5)
[    6.750419] ACPI: Using IOAPIC for interrupt routing
[    6.759404] PCI: Using host bridge windows from ACPI; if necessary, use "pci=nocrs" and report a bug
[    6.774415] PCI: Using E820 reservations for host bridge windows
[    6.794363] ACPI: Enabled 4 GPEs in block 00 to 3F
[    7.306777] ACPI: PCI Root Bridge [PCI0] (domain 0000 [bus 00-ff])
[    7.318868] acpi PNP0A08:00: _OSC: OS supports [ExtendedConfig ASPM ClockPM Segments MSI EDR HPX-Type3]
[    7.339575] acpi PNP0A08:00: _OSC: platform does not support [PCIeHotplug LTR DPC]
[    7.350039] acpi PNP0A08:00: _OSC: OS now controls [SHPCHotplug PME AER PCIeCapability]
[    7.358073] PCI host bridge to bus 0000:00
[    7.358682] pci_bus 0000:00: root bus resource [io  0x0000-0x0cf7 window]
[    7.362427] pci_bus 0000:00: root bus resource [io  0x0d00-0xffff window]
[    7.366982] pci_bus 0000:00: root bus resource [mem 0x000a0000-0x000bffff window]
[    7.370964] pci_bus 0000:00: root bus resource [mem 0x80000000-0xafffffff window]
[    7.375136] pci_bus 0000:00: root bus resource [mem 0xc0000000-0xfebfffff window]
[    7.378419] pci_bus 0000:00: root bus resource [mem 0x1c00000000-0x23ffffffff window]
[    7.382831] pci_bus 0000:00: root bus resource [bus 00-ff]
[    7.387075] pci 0000:00:00.0: [8086:29c0] type 00 class 0x060000 conventional PCI endpoint
[    7.399680] pci 0000:00:01.0: [1234:1111] type 00 class 0x030000 conventional PCI endpoint
[    7.410313] pci 0000:00:01.0: BAR 0 [mem 0xfd000000-0xfdffffff pref]
[    7.426363] pci 0000:00:01.0: BAR 2 [mem 0xfea50000-0xfea50fff]
[    7.463017] pci 0000:00:01.0: ROM [mem 0xfea40000-0xfea4ffff pref]
[    7.471561] pci 0000:00:01.0: Video device with shadowed ROM at [mem 0x000c0000-0x000dffff]
[    7.489431] pci 0000:00:02.0: [1af4:1000] type 00 class 0x020000 conventional PCI endpoint
[    7.493091] pci 0000:00:02.0: BAR 0 [io  0xc040-0xc05f]
[    7.496963] pci 0000:00:02.0: BAR 1 [mem 0xfea51000-0xfea51fff]
[    7.504632] pci 0000:00:02.0: BAR 4 [mem 0xfe200000-0xfe203fff 64bit pref]
[    7.508220] pci 0000:00:02.0: ROM [mem 0xfea00000-0xfea3ffff pref]
[    7.520634] pci 0000:00:03.0: [1b36:000c] type 01 class 0x060400 PCIe Root Port
[    7.529513] pci 0000:00:03.0: BAR 0 [mem 0xfea52000-0xfea52fff]
[    7.538761] pci 0000:00:03.0: PCI bridge to [bus 01]
[    7.542923] pci 0000:00:03.0:   bridge window [mem 0xfe800000-0xfe9fffff]
[    7.550763] pci 0000:00:03.0:   bridge window [mem 0xfe000000-0xfe1fffff 64bit pref]
[    7.570255] pci 0000:00:04.0: [1af4:105b] type 00 class 0x00ff00 conventional PCI endpoint
[    7.576959] pci 0000:00:04.0: BAR 4 [mem 0xfe204000-0xfe207fff 64bit pref]
[    7.728400] pci 0000:00:1f.0: [8086:2918] type 00 class 0x060100 conventional PCI endpoint
[    7.736068] pci 0000:00:1f.0: quirk: [io  0x0600-0x067f] claimed by ICH6 ACPI/GPIO/TCO
[    7.743921] pci 0000:00:1f.2: [8086:2922] type 00 class 0x010601 conventional PCI endpoint
[    7.758335] pci 0000:00:1f.2: BAR 4 [io  0xc060-0xc07f]
[    7.759906] pci 0000:00:1f.2: BAR 5 [mem 0xfea53000-0xfea53fff]
[    7.770632] pci 0000:00:1f.3: [8086:2930] type 00 class 0x0c0500 conventional PCI endpoint
[    7.780743] pci 0000:00:1f.3: BAR 4 [io  0x0700-0x073f]
[    7.796623] acpiphp: Slot [0] registered
[    7.800517] pci 0000:01:00.0: [1af4:1042] type 00 class 0x010000 PCIe Endpoint
[    7.813873] pci 0000:01:00.0: BAR 1 [mem 0xfe800000-0xfe800fff]
[    7.829776] pci 0000:01:00.0: BAR 4 [mem 0xfe000000-0xfe003fff 64bit pref]
[    7.924771] pci 0000:00:03.0: PCI bridge to [bus 01]
[    7.946974] ACPI: PCI: Interrupt link LNKA configured for IRQ 10
[    7.959287] ACPI: PCI: Interrupt link LNKB configured for IRQ 10
[    7.975148] ACPI: PCI: Interrupt link LNKC configured for IRQ 11
[    7.992041] ACPI: PCI: Interrupt link LNKD configured for IRQ 11
[    8.007476] ACPI: PCI: Interrupt link LNKE configured for IRQ 10
[    8.019216] ACPI: PCI: Interrupt link LNKF configured for IRQ 10
[    8.035126] ACPI: PCI: Interrupt link LNKG configured for IRQ 11
[    8.051866] ACPI: PCI: Interrupt link LNKH configured for IRQ 11
[    8.063729] ACPI: PCI: Interrupt link GSIA configured for IRQ 16
[    8.074972] ACPI: PCI: Interrupt link GSIB configured for IRQ 17
[    8.082939] ACPI: PCI: Interrupt link GSIC configured for IRQ 18
[    8.094998] ACPI: PCI: Interrupt link GSID configured for IRQ 19
[    8.106994] ACPI: PCI: Interrupt link GSIE configured for IRQ 20
[    8.119041] ACPI: PCI: Interrupt link GSIF configured for IRQ 21
[    8.134940] ACPI: PCI: Interrupt link GSIG configured for IRQ 22
[    8.146989] ACPI: PCI: Interrupt link GSIH configured for IRQ 23
[    8.297027] iommu: Default domain type: Translated
[    8.302412] iommu: DMA domain TLB invalidation policy: lazy mode
[    8.330885] SCSI subsystem initialized
[    8.339907] libata version 3.00 loaded.
[    8.340845] ACPI: bus type USB registered
[    8.347532] usbcore: registered new interface driver usbfs
[    8.358848] usbcore: registered new interface driver hub
[    8.367044] usbcore: registered new device driver usb
[    8.379784] pps_core: LinuxPPS API ver. 1 registered
[    8.386402] pps_core: Software ver. 5.3.6 - Copyright 2005-2007 Rodolfo Giometti <giometti@linux.it>
[    8.402553] PTP clock support registered
[    8.414761] EDAC MC: Ver: 3.0.0
[    8.441996] NetLabel: Initializing
[    8.450482] NetLabel:  domain hash size = 128
[    8.458407] NetLabel:  protocols = UNLABELED CIPSOv4 CALIPSO
[    8.471331] NetLabel:  unlabeled traffic allowed by default
[    8.482922] PCI: Using ACPI for IRQ routing
[   10.616975] PCI: pci_cache_line_size set to 64 bytes
[   10.618816] e820: reserve RAM buffer [mem 0x0009fc00-0x0009ffff]
[   10.618958] e820: reserve RAM buffer [mem 0x7ffda000-0x7fffffff]
[   10.620678] pci 0000:00:01.0: vgaarb: setting as boot VGA device
[   10.622363] pci 0000:00:01.0: vgaarb: bridge control possible
[   10.622363] pci 0000:00:01.0: vgaarb: VGA device added: decodes=io+mem,owns=io+mem,locks=none
[   10.622422] vgaarb: loaded
[   10.628382] hpet0: at MMIO 0xfed00000, IRQs 2, 8, 0
[   10.642492] hpet0: 3 comparators, 64-bit 100.000000 MHz counter
[   10.682876] clocksource: Switched to clocksource kvm-clock
[   10.704257] VFS: Disk quotas dquot_6.6.0
[   10.711457] VFS: Dquot-cache hash table entries: 512 (order 0, 4096 bytes)
[   10.732485] AppArmor: AppArmor Filesystem Enabled
[   10.741281] pnp: PnP ACPI init
[   10.755574] system 00:05: [mem 0xb0000000-0xbfffffff window] has been reserved
[   10.802267] pnp: PnP ACPI: found 6 devices
[   10.891153] clocksource: acpi_pm: mask: 0xffffff max_cycles: 0xffffff, max_idle_ns: 2085701024 ns
[   10.908688] NET: Registered PF_INET protocol family
[   10.919138] IP idents hash table entries: 262144 (order: 9, 2097152 bytes, linear)
[   10.944785] tcp_listen_portaddr_hash hash table entries: 8192 (order: 7, 655360 bytes, linear)
[   10.959460] Table-perturb hash table entries: 65536 (order: 6, 262144 bytes, linear)
[   10.973763] TCP established hash table entries: 131072 (order: 8, 1048576 bytes, linear)
[   11.003568] TCP bind hash table entries: 65536 (order: 11, 10485760 bytes, vmalloc hugepage)
[   11.023163] TCP: Hash tables configured (established 131072 bind 65536)
[   11.041964] MPTCP token hash table entries: 16384 (order: 8, 1572864 bytes, linear)
[   11.060902] UDP hash table entries: 8192 (order: 9, 2490368 bytes, linear)
[   11.079106] UDP-Lite hash table entries: 8192 (order: 9, 2490368 bytes, linear)
[   11.097084] NET: Registered PF_UNIX/PF_LOCAL protocol family
[   11.107088] NET: Registered PF_XDP protocol family
[   11.115423] pci 0000:00:03.0: bridge window [io  0x1000-0x0fff] to [bus 01] add_size 1000
[   11.129814] pci 0000:00:03.0: bridge window [io  0x1000-0x1fff]: assigned
[   11.141476] pci 0000:00:03.0: PCI bridge to [bus 01]
[   11.150179] pci 0000:00:03.0:   bridge window [io  0x1000-0x1fff]
[   11.162828] pci 0000:00:03.0:   bridge window [mem 0xfe800000-0xfe9fffff]
[   11.175708] pci 0000:00:03.0:   bridge window [mem 0xfe000000-0xfe1fffff 64bit pref]
[   11.190776] pci_bus 0000:00: resource 4 [io  0x0000-0x0cf7 window]
[   11.201251] pci_bus 0000:00: resource 5 [io  0x0d00-0xffff window]
[   11.211535] pci_bus 0000:00: resource 6 [mem 0x000a0000-0x000bffff window]
[   11.223110] pci_bus 0000:00: resource 7 [mem 0x80000000-0xafffffff window]
[   11.234622] pci_bus 0000:00: resource 8 [mem 0xc0000000-0xfebfffff window]
[   11.246002] pci_bus 0000:00: resource 9 [mem 0x1c00000000-0x23ffffffff window]
[   11.258398] pci_bus 0000:01: resource 0 [io  0x1000-0x1fff]
[   11.267677] pci_bus 0000:01: resource 1 [mem 0xfe800000-0xfe9fffff]
[   11.278104] pci_bus 0000:01: resource 2 [mem 0xfe000000-0xfe1fffff 64bit pref]
[   11.291670] PCI: CLS 0 bytes, default 64
[   11.299399] PCI-DMA: Using software bounce buffering for IO (SWIOTLB)
[   11.303716] Trying to unpack rootfs image as initramfs...
[   11.310543] software IO TLB: mapped [mem 0x0000000065000000-0x0000000069000000] (64MB)
[   11.311175] clocksource: tsc: mask: 0xffffffffffffffff max_cycles: 0x2a48a50322c, max_idle_ns: 440795287943 ns
[   11.379346] Initialise system trusted keyrings
[   11.387843] Key type blacklist registered
[   11.395795] workingset: timestamp_bits=36 max_order=21 bucket_order=0
[   11.408001] zbud: loaded
[   11.432279] squashfs: version 4.0 (2009/01/31) Phillip Lougher
[   11.451581] fuse: init (API version 7.41)
[   11.461708] integrity: Platform Keyring initialized
[   11.493445] Key type asymmetric registered
[   11.500574] Asymmetric key parser 'x509' registered
[   11.510029] Block layer SCSI generic (bsg) driver version 0.4 loaded (major 243)
[   11.525511] io scheduler mq-deadline registered
[   11.564817] ledtrig-cpu: registered to indicate activity on CPUs
[   11.612643] ACPI: \_SB_.GSIH: Enabled at IRQ 23
[   11.635123] pcieport 0000:00:03.0: PME: Signaling with IRQ 24
[   11.649208] pcieport 0000:00:03.0: AER: enabled with IRQ 24
[   11.667635] shpchp: Standard Hot Plug PCI Controller Driver version: 0.4
[   11.690547] input: Power Button as /devices/LNXSYSTM:00/LNXPWRBN:00/input/input0
[   11.709440] ACPI: button: Power Button [PWRF]
[   11.829779] ACPI: \_SB_.GSIG: Enabled at IRQ 22
[   11.879330] ACPI: \_SB_.GSIE: Enabled at IRQ 20
[   11.940069] Serial: 8250/16550 driver, 32 ports, IRQ sharing enabled
[   12.004401] 00:03: ttyS0 at I/O 0x3f8 (irq = 4, base_baud = 115200) is a 16550A
[   12.151301] Linux agpgart interface v0.103
[   12.363923] loop: module loaded
[   12.380300] tun: Universal TUN/TAP device driver, 1.6
[   12.390184] PPP generic driver version 2.4.2
[   12.402332] VFIO - User Level meta-driver version: 0.3
[   12.423398] i8042: PNP: PS/2 Controller [PNP0303:KBD,PNP0f13:MOU] at 0x60,0x64 irq 1,12
[   12.452408] serio: i8042 KBD port at 0x60,0x64 irq 1
[   12.460568] serio: i8042 AUX port at 0x60,0x64 irq 12
[   12.474357] mousedev: PS/2 mouse device common for all mice
[   12.495308] rtc_cmos 00:04: RTC can wake from S4
[   12.498744] input: AT Translated Set 2 keyboard as /devices/platform/i8042/serio0/input/input1
[   12.515377] rtc_cmos 00:04: registered as rtc0
[   12.532325] rtc_cmos 00:04: setting system clock to 2025-01-10T23:15:45 UTC (1736550945)
[   12.547442] rtc_cmos 00:04: alarms up to one day, y3k, 242 bytes nvram, hpet irqs
[   12.559681] i2c_dev: i2c /dev entries driver
[   12.567191] device-mapper: core: CONFIG_IMA_DISABLE_HTABLE is disabled. Duplicate IMA measurements will not be recorded in the IMA log.
[   12.586676] device-mapper: uevent: version 1.0.3
[   12.596369] device-mapper: ioctl: 4.48.0-ioctl (2023-03-01) initialised: dm-devel@lists.linux.dev
[   12.611832] platform eisa.0: Probing EISA bus 0
[   12.619487] platform eisa.0: EISA: Cannot allocate resource for mainboard
[   12.630479] platform eisa.0: Cannot allocate resource for EISA slot 1
[   12.640844] platform eisa.0: Cannot allocate resource for EISA slot 2
[   12.651709] platform eisa.0: Cannot allocate resource for EISA slot 3
[   12.661964] platform eisa.0: Cannot allocate resource for EISA slot 4
[   12.672150] platform eisa.0: Cannot allocate resource for EISA slot 5
[   12.682602] platform eisa.0: Cannot allocate resource for EISA slot 6
[   12.693407] platform eisa.0: Cannot allocate resource for EISA slot 7
[   12.703739] platform eisa.0: Cannot allocate resource for EISA slot 8
[   12.713958] platform eisa.0: EISA: Detected 0 cards
[   12.721807] intel_pstate: CPU model not supported
[   12.734764] drop_monitor: Initializing network drop monitor service
[   12.754378] NET: Registered PF_INET6 protocol family
[   15.258841] Freeing initrd memory: 100064K
[   15.378600] Segment Routing with IPv6
[   15.385466] In-situ OAM (IOAM) with IPv6
[   15.392771] NET: Registered PF_PACKET protocol family
[   15.402914] Key type dns_resolver registered
[   15.475529] IPI shorthand broadcast: enabled
[   15.600948] registered taskstats version 1
[   15.630123] Loading compiled-in X.509 certificates
[   15.785142] Demotion targets for Node 0: null
[   15.793920] kmemleak: Kernel memory leak detector initialized (mem pool available: 14031)
[   15.794105] kmemleak: Automatic memory scanning thread started
[   15.813152] Key type .fscrypt registered
[   15.823869] Key type fscrypt-provisioning registered
[   15.901266] cryptd: module verification failed: signature and/or required key missing - tainting kernel
[   15.927642] cryptd: max_cpu_qlen set to 1000
[   16.120661] Key type encrypted registered
[   16.129584] AppArmor: AppArmor sha256 policy hashing enabled
[   16.143384] ima: No TPM chip found, activating TPM-bypass!
[   16.154021] Loading compiled-in module X.509 certificates
[   16.162738] ima: Allocated hash algorithm: sha1
[   16.170742] ima: No architecture policies found
[   16.178862] evm: Initialising EVM extended attributes:
[   16.187105] evm: security.selinux
[   16.192575] evm: security.SMACK64
[   16.198062] evm: security.SMACK64EXEC
[   16.204066] evm: security.SMACK64TRANSMUTE
[   16.210743] evm: security.SMACK64MMAP
[   16.216726] evm: security.apparmor
[   16.222343] evm: security.ima
[   16.227244] evm: security.capability
[   16.233102] evm: HMAC attrs: 0x1
[   16.251240] PM:   Magic number: 9:879:301
[   16.257806] kgdboc kgdboc: hash matches
[   16.264245] tty tty30: hash matches
[   16.274545] RAS: Correctable Errors collector initialized.
[   16.286899] Unstable clock detected, switching default tracing clock to "global"
               If you want to keep using the local clock, then add:
                 "trace_clock=local"
               on the kernel command line
[   16.332243] clk: Disabling unused clocks
[   16.405884] Freeing unused decrypted memory: 2036K
[   16.437411] Freeing unused kernel image (initmem) memory: 9908K
[   16.454168] Write protecting the kernel read-only data: 67584k
[   16.467787] Freeing unused kernel image (rodata/data gap) memory: 1336K
[   16.542937] x86/mm: Checked W+X mappings: passed, no W+X pages found.
[   16.550790] x86/mm: Checking user space page tables
[   16.617792] x86/mm: Checked W+X mappings: passed, no W+X pages found.
[   16.625962] Run /init as init process
[   16.630691]   with arguments:
[   16.630709]     /init
[   16.630716]     nokaslr
[   16.630722]   with environment:
[   16.630728]     HOME=/
[   16.630735]     TERM=linux
[   19.539549] lpc_ich 0000:00:1f.0: I/O space for GPIO uninitialized
[   19.678902] virtio_blk virtio2: 32/0/0 default/read/poll queues
[   19.724830] input: VirtualPS/2 VMware VMMouse as /devices/platform/i8042/serio1/input/input4
[   19.756278] ahci 0000:00:1f.2: version 3.0
[   19.796256] input: VirtualPS/2 VMware VMMouse as /devices/platform/i8042/serio1/input/input3
[   19.843617] ACPI: \_SB_.GSIA: Enabled at IRQ 16
[   19.866594] i801_smbus 0000:00:1f.3: SMBus using PCI interrupt
[   19.888486] ahci 0000:00:1f.2: AHCI vers 0001.0000, 32 command slots, 1.5 Gbps, SATA mode
[   19.901401] ahci 0000:00:1f.2: 6/6 ports implemented (port mask 0x3f)
[   19.911431] ahci 0000:00:1f.2: flags: 64bit ncq only 
[   19.979142] i2c i2c-0: Memory type 0x07 not supported yet, not instantiating SPD
[   19.994611] scsi host0: ahci
[   20.038823] scsi host1: ahci
[   20.060622] scsi host2: ahci
[   20.078231] scsi host3: ahci
[   20.095144] scsi host4: ahci
[   20.100965] virtio_blk virtio2: [vda] 209715200 512-byte logical blocks (107 GB/100 GiB)
[   20.112476] scsi host5: ahci
[   20.149705] ata1: SATA max UDMA/133 abar m4096@0xfea53000 port 0xfea53100 irq 48 lpm-pol 0
[   20.164721] ata2: SATA max UDMA/133 abar m4096@0xfea53000 port 0xfea53180 irq 48 lpm-pol 0
[   20.179190] ata3: SATA max UDMA/133 abar m4096@0xfea53000 port 0xfea53200 irq 48 lpm-pol 0
[   20.189151] ata4: SATA max UDMA/133 abar m4096@0xfea53000 port 0xfea53280 irq 48 lpm-pol 0
[   20.198765] ata5: SATA max UDMA/133 abar m4096@0xfea53000 port 0xfea53300 irq 48 lpm-pol 0
[   20.210077] ata6: SATA max UDMA/133 abar m4096@0xfea53000 port 0xfea53380 irq 48 lpm-pol 0
[   20.227259]  vda: vda1 vda14 vda15
[   20.460124] virtio_net virtio0 enp0s2: renamed from eth0
[   20.545485] ata3: SATA link up 1.5 Gbps (SStatus 113 SControl 300)
[   20.558151] ata1: SATA link up 1.5 Gbps (SStatus 113 SControl 300)
[   20.571165] ata4: SATA link up 1.5 Gbps (SStatus 113 SControl 300)
[   20.580476] ata1.00: ATA-7: QEMU HARDDISK, 2.5+, max UDMA/100
[   20.590621] ata1.00: 20971520 sectors, multi 16: LBA48 NCQ (depth 32)
[   20.602017] ata1.00: applying bridge limits
[   20.608852] ata6: SATA link down (SStatus 0 SControl 300)
[   20.619205] ata2: SATA link up 1.5 Gbps (SStatus 113 SControl 300)
[   20.628957] ata1.00: configured for UDMA/100
[   20.635320] ata5: SATA link down (SStatus 0 SControl 300)
[   20.640733] scsi 0:0:0:0: Direct-Access     ATA      QEMU HARDDISK    2.5+ PQ: 0 ANSI: 5
[   20.642697] ata3.00: ATA-7: QEMU HARDDISK, 2.5+, max UDMA/100
[   20.658460] ata3.00: 20971520 sectors, multi 16: LBA48 NCQ (depth 32)
[   20.664317] sd 0:0:0:0: Attached scsi generic sg0 type 0
[   20.664690] sd 0:0:0:0: [sda] 20971520 512-byte logical blocks: (10.7 GB/10.0 GiB)
[   20.665496] sd 0:0:0:0: [sda] Write Protect is off
[   20.665529] sd 0:0:0:0: [sda] Mode Sense: 00 3a 00 00
[   20.665722] sd 0:0:0:0: [sda] Write cache: enabled, read cache: enabled, doesn't support DPO or FUA
[   20.666294] sd 0:0:0:0: [sda] Preferred minimum I/O size 512 bytes
[   20.666860] ata3.00: applying bridge limits
[   20.667797] ata4.00: ATA-7: QEMU HARDDISK, 2.5+, max UDMA/100
[   20.729401] ata4.00: 20971520 sectors, multi 16: LBA48 NCQ (depth 32)
[   20.737601] ata4.00: applying bridge limits
[   20.743587] ata2.00: ATA-7: QEMU HARDDISK, 2.5+, max UDMA/100
[   20.752610] ata2.00: 20971520 sectors, multi 16: LBA48 NCQ (depth 32)
[   20.762714] ata2.00: applying bridge limits
[   20.770709] ata2.00: configured for UDMA/100
[   20.777515] ata3.00: configured for UDMA/100
[   20.779329] scsi 1:0:0:0: Direct-Access     ATA      QEMU HARDDISK    2.5+ PQ: 0 ANSI: 5
[   20.782945] ata4.00: configured for UDMA/100
[   20.799334] sd 1:0:0:0: Attached scsi generic sg1 type 0
[   20.799721] sd 1:0:0:0: [sdb] 20971520 512-byte logical blocks: (10.7 GB/10.0 GiB)
[   20.811735] scsi 2:0:0:0: Direct-Access     ATA      QEMU HARDDISK    2.5+ PQ: 0 ANSI: 5
[   20.812589] sd 0:0:0:0: [sda] Attached SCSI disk
[   20.816040] sd 1:0:0:0: [sdb] Write Protect is off
[   20.835707] sd 2:0:0:0: [sdc] 20971520 512-byte logical blocks: (10.7 GB/10.0 GiB)
[   20.839653] sd 1:0:0:0: [sdb] Mode Sense: 00 3a 00 00
[   20.841970] sd 2:0:0:0: Attached scsi generic sg2 type 0
[   20.845605] scsi 3:0:0:0: Direct-Access     ATA      QEMU HARDDISK    2.5+ PQ: 0 ANSI: 5
[   20.848561] sd 2:0:0:0: [sdc] Write Protect is off
[   20.853407] sd 3:0:0:0: Attached scsi generic sg3 type 0
[   20.853655] sd 3:0:0:0: [sdd] 20971520 512-byte logical blocks: (10.7 GB/10.0 GiB)
[   20.853826] sd 3:0:0:0: [sdd] Write Protect is off
[   20.853858] sd 3:0:0:0: [sdd] Mode Sense: 00 3a 00 00
[   20.854068] sd 3:0:0:0: [sdd] Write cache: enabled, read cache: enabled, doesn't support DPO or FUA
[   20.854652] sd 3:0:0:0: [sdd] Preferred minimum I/O size 512 bytes
[   20.854709] sd 1:0:0:0: [sdb] Write cache: enabled, read cache: enabled, doesn't support DPO or FUA
[   20.855041] sd 1:0:0:0: [sdb] Preferred minimum I/O size 512 bytes
[   20.863968] sd 2:0:0:0: [sdc] Mode Sense: 00 3a 00 00
[   20.864859] sd 2:0:0:0: [sdc] Write cache: enabled, read cache: enabled, doesn't support DPO or FUA
[   20.948338] sd 2:0:0:0: [sdc] Preferred minimum I/O size 512 bytes
[   20.998511] sd 1:0:0:0: [sdb] Attached SCSI disk
[   20.999453] sd 3:0:0:0: [sdd] Attached SCSI disk
[   21.013819] sd 2:0:0:0: [sdc] Attached SCSI disk
[   21.087590] nd_pmem namespace0.0: unable to guarantee persistence of writes
[   24.797119] raid6: sse2x4   gen()  8991 MB/s
[   24.869116] raid6: sse2x2   gen() 10126 MB/s
[   24.941112] raid6: sse2x1   gen()  8153 MB/s
[   24.946388] raid6: using algorithm sse2x2 gen() 10126 MB/s
[   25.017107] raid6: .... xor() 6479 MB/s, rmw enabled
[   25.023100] raid6: using ssse3x2 recovery algorithm
[   25.038493] xor: measuring software checksum speed
[   25.046555]    prefetch64-sse  : 15876 MB/sec
[   25.053939]    generic_sse     : 11550 MB/sec
[   25.061128] xor: using function: prefetch64-sse (15876 MB/sec)
[   25.077888] async_tx: api initialized (async)
[   26.453909] Btrfs loaded, zoned=yes, fsverity=yes
[   27.600877] EXT4-fs (vda1): mounted filesystem 26c50908-598b-4e8e-871e-35718a3a1426 ro with ordered data mode. Quota mode: none.
[   28.956390] systemd[1]: Inserted module 'autofs4'
[   29.158161] systemd[1]: systemd 249.11-0ubuntu3.10 running in system mode (+PAM +AUDIT +SELINUX +APPARMOR +IMA +SMACK +SECCOMP +GCRYPT +GNUTLS +OPENSSL +ACL +BLKID +CURL +ELFUTILS +FIDO2 +IDN2 -IDN +IPTC +KMOD +LIBCRYPTSETUP +LIBFDISK +PCRE2 -PWQUALITY -P11KIT -QRENCODE +BZIP2 +LZ4 +XZ +ZLIB +ZSTD -XKBCOMMON +UTMP +SYSVINIT default-hierarchy=unified)
[   29.193566] systemd[1]: Detected virtualization kvm.
[   29.199650] systemd[1]: Detected architecture x86-64.
[   29.224607] systemd[1]: Hostname set to <qemu-2>.
[   29.911192] block vda: the capability attribute has been deprecated.
[   30.065626] random: crng init done
[   31.243463] systemd[1]: Queued start job for default target Graphical Interface.
[   31.352207] systemd[1]: Created slice Slice /system/modprobe.
[   31.382517] systemd[1]: Created slice Slice /system/serial-getty.
[   31.413368] systemd[1]: Created slice Slice /system/systemd-fsck.
[   31.444176] systemd[1]: Created slice User and Session Slice.
[   31.462106] systemd[1]: Started Forward Password Requests to Wall Directory Watch.
[   31.487434] systemd[1]: Set up automount Arbitrary Executable File Formats File System Automount Point.
[   31.510479] systemd[1]: Reached target Slice Units.
[   31.524332] systemd[1]: Reached target Mounting snaps.
[   31.538925] systemd[1]: Reached target Swaps.
[   31.551694] systemd[1]: Reached target Local Verity Protected Volumes.
[   31.572041] systemd[1]: Listening on Device-mapper event daemon FIFOs.
[   31.592153] systemd[1]: Listening on LVM2 poll daemon socket.
[   31.611564] systemd[1]: Listening on multipathd control socket.
[   31.825297] systemd[1]: Listening on RPCbind Server Activation Socket.
[   31.848377] systemd[1]: Listening on Syslog Socket.
[   31.867339] systemd[1]: Listening on fsck to fsckd communication Socket.
[   31.891761] systemd[1]: Listening on initctl Compatibility Named Pipe.
[   31.914860] systemd[1]: Listening on Journal Audit Socket.
[   31.936436] systemd[1]: Listening on Journal Socket (/dev/log).
[   31.959692] systemd[1]: Listening on Journal Socket.
[   31.978839] systemd[1]: Listening on Network Service Netlink Socket.
[   32.002990] systemd[1]: Listening on udev Control Socket.
[   32.023242] systemd[1]: Listening on udev Kernel Socket.
[   32.094565] systemd[1]: Mounting Huge Pages File System...
[   32.140433] systemd[1]: Mounting POSIX Message Queue File System...
[   32.188424] systemd[1]: Mounting Kernel Debug File System...
[   32.239902] systemd[1]: Mounting Kernel Trace File System...
[   32.334900] systemd[1]: Starting Journal Service...
[   32.353845] systemd[1]: Condition check resulted in Kernel Module supporting RPCSEC_GSS being skipped.
[   32.394877] systemd[1]: Starting Set the console keyboard layout...
[   32.475548] systemd[1]: Starting Create List of Static Device Nodes...
[   32.531185] systemd[1]: Starting Monitoring of LVM2 mirrors, snapshots etc. using dmeventd or progress polling...
[   32.559715] systemd[1]: Condition check resulted in LXD - agent being skipped.
[   32.595624] systemd[1]: Starting Load Kernel Module configfs...
[   32.645119] systemd[1]: Starting Load Kernel Module drm...
[   32.691775] systemd[1]: Starting Load Kernel Module efi_pstore...
[   32.742674] systemd[1]: Starting Load Kernel Module fuse...
[   32.771573] systemd[1]: Condition check resulted in OpenVSwitch configuration for cleanup being skipped.
[   32.785415] systemd[1]: Condition check resulted in File System Check on Root Device being skipped.
[   32.862717] systemd[1]: Starting Load Kernel Modules...
[   32.995272] ACPI: bus type drm_connector registered
[   33.011073] systemd[1]: Starting Remount Root and Kernel File Systems...
[   33.065616] systemd[1]: Starting Coldplug All udev Devices...
[   33.128252] systemd[1]: Mounted Huge Pages File System.
[   33.150178] systemd[1]: Mounted POSIX Message Queue File System.
[   33.175087] systemd[1]: Started Journal Service.
[   33.212570] EXT4-fs (vda1): re-mounted 26c50908-598b-4e8e-871e-35718a3a1426 r/w. Quota mode: none.
[   33.734799] alua: device handler registered
[   33.757195] emc: device handler registered
[   33.786983] rdac: device handler registered
[   33.789596] systemd-journald[598]: Received client request to flush runtime journal.
[   33.832130] systemd-journald[598]: File /var/log/journal/02c9a06a7911097a3b638c9756cf2e6e/system.journal corrupted or uncleanly shut down, renaming and replacing.
[   34.859020] loop0: detected capacity change from 0 to 130888
[   34.937592] loop1: detected capacity change from 0 to 130448
[   35.019623] loop2: detected capacity change from 0 to 229272
[   35.100533] loop3: detected capacity change from 0 to 178256
[   35.245866] loop4: detected capacity change from 0 to 82800
[   35.274868] loop5: detected capacity change from 0 to 79520
[   37.628217] parport_pc 00:02: reported by Plug and Play ACPI
[   37.692727] parport0: PC-style at 0x378, irq 7 [PCSPP,TRISTATE]
[   41.854147] ppdev: user-space parallel port driver
[   42.096103] kvm_intel: VM_EXIT_LOAD_IA32_PERF_GLOBAL_CTRL does not work properly. Using workaround
[   42.615730] audit: type=1400 audit(1736550975.580:2): apparmor="STATUS" operation="profile_load" profile="unconfined" name="nvidia_modprobe" pid=1286 comm="apparmor_parser"
[   42.615925] audit: type=1400 audit(1736550975.580:3): apparmor="STATUS" operation="profile_load" profile="unconfined" name="nvidia_modprobe//kmod" pid=1286 comm="apparmor_parser"
[   42.618894] audit: type=1400 audit(1736550975.584:4): apparmor="STATUS" operation="profile_load" profile="unconfined" name="swtpm" pid=1289 comm="apparmor_parser"
[   42.621535] audit: type=1400 audit(1736550975.588:5): apparmor="STATUS" operation="profile_load" profile="unconfined" name="lsb_release" pid=1285 comm="apparmor_parser"
[   42.628075] audit: type=1400 audit(1736550975.592:6): apparmor="STATUS" operation="profile_load" profile="unconfined" name="/usr/bin/man" pid=1288 comm="apparmor_parser"
[   42.628286] audit: type=1400 audit(1736550975.592:7): apparmor="STATUS" operation="profile_load" profile="unconfined" name="man_filter" pid=1288 comm="apparmor_parser"
[   42.628470] audit: type=1400 audit(1736550975.592:8): apparmor="STATUS" operation="profile_load" profile="unconfined" name="man_groff" pid=1288 comm="apparmor_parser"
[   42.631334] audit: type=1400 audit(1736550975.596:9): apparmor="STATUS" operation="profile_load" profile="unconfined" name="virt-aa-helper" pid=1292 comm="apparmor_parser"
[   42.634623] audit: type=1400 audit(1736550975.600:10): apparmor="STATUS" operation="profile_load" profile="unconfined" name="tcpdump" pid=1291 comm="apparmor_parser"
[   42.660178] audit: type=1400 audit(1736550975.624:11): apparmor="STATUS" operation="profile_load" profile="unconfined" name="libvirtd" pid=1294 comm="apparmor_parser"
[   44.389147] RPC: Registered named UNIX socket transport module.
[   44.389176] RPC: Registered udp transport module.
[   44.389184] RPC: Registered tcp transport module.
[   44.389191] RPC: Registered tcp-with-tls transport module.
[   44.389198] RPC: Registered tcp NFSv4.1 backchannel transport module.
[   48.580754] loop6: detected capacity change from 0 to 8
[   57.442598] netfs: FS-Cache loaded
[   58.830901] NFS: Registering the id_resolver key type
[   58.831046] Key type id_resolver registered
[   58.831057] Key type id_legacy registered
[   79.340186] cbd: loading out-of-tree module taints kernel.
[   84.347755] cbd: backend_validate:544 cbd_transport0: found backend_id: 0 for host_id: 1, path: /dev/sda
[   84.352880] cbd: cbd_backend_init:394 cbd_transport0: attach backend to backend_id: 0
[   87.708840] cbd: backend_validate:544 cbd_transport0: found backend_id: 1 for host_id: 1, path: /dev/sdb
[   87.714504] cbd: cbd_backend_init:394 cbd_transport0: attach backend to backend_id: 1
[  242.314194] cbd: transport_dax_init:912 cbd_transport1: transport_dax_init: failed blkdev_get_by_path(/dev/pmem0)
[  243.878892] cbd: backend_validate:544 cbd_transport0: found backend_id: 0 for host_id: 1, path: /dev/sda
[  243.883782] cbd: cbd_backend_init:394 cbd_transport0: attach backend to backend_id: 0
[  243.883814] cbd: cbd_backend_info_load:469 cbd_transport0: backend 0 is alive
[  245.484203] cbd: backend_validate:544 cbd_transport0: found backend_id: 1 for host_id: 1, path: /dev/sdb
[  245.487728] cbd: cbd_backend_init:394 cbd_transport0: attach backend to backend_id: 1
[  245.487761] cbd: cbd_backend_info_load:469 cbd_transport0: backend 1 is alive
[  264.382848] ==== end /root/avocado/job-results/job-2025-01-09T22.24-1680aba/test-results/136-._cbdctrl.py_CbdctrlTest.test_run-cache_data_crc-enable-cache_for_xfstests-cache-channel_crc-channel_data_crc-host_mode-multi_host-multihost-test_script-xfstests-770c ==== 
[  282.799642] tid: 0, is not registered
[  291.499526] ==== start /root/avocado/job-results/job-2025-01-09T22.24-1680aba/test-results/137-._cbdctrl.py_CbdctrlTest.test_run-cache_data_crc-enable-cache_for_xfstests-cache-channel_crc-channel_data_crc-host_mode-multi_host-multihost-disable-test_script-register-e306 ==== 
[  330.323869] host id 0 is still alive
[  333.896804] ==== end /root/avocado/job-results/job-2025-01-09T22.24-1680aba/test-results/137-._cbdctrl.py_CbdctrlTest.test_run-cache_data_crc-enable-cache_for_xfstests-cache-channel_crc-channel_data_crc-host_mode-multi_host-multihost-disable-test_script-register-e306 ==== 
