MemTotal:       90622540 kB
MemFree:        51517792 kB
MemAvailable:   51321220 kB
Buffers:           19076 kB
Cached:         19921464 kB
SwapCached:            0 kB
Active:         12947100 kB
Inactive:       23803364 kB
Active(anon):   12641864 kB
Inactive(anon): 23585160 kB
Active(file):     305236 kB
Inactive(file):   218204 kB
Unevictable:       38520 kB
Mlocked:           38520 kB
SwapTotal:             0 kB
SwapFree:              0 kB
Zswap:                 0 kB
Zswapped:              0 kB
Dirty:               636 kB
Writeback:             0 kB
AnonPages:      16849608 kB
Mapped:           475900 kB
Shmem:          19397672 kB
KReclaimable:      88540 kB
Slab:             349980 kB
SReclaimable:      88540 kB
SUnreclaim:       261440 kB
KernelStack:       12144 kB
PageTables:        54192 kB
SecPageTables:     13060 kB
NFS_Unstable:          0 kB
Bounce:                0 kB
WritebackTmp:          0 kB
CommitLimit:    45311268 kB
Committed_AS:   92169300 kB
VmallocTotal:   34359738367 kB
VmallocUsed:       52456 kB
VmallocChunk:          0 kB
Percpu:            37504 kB
HardwareCorrupted:     0 kB
AnonHugePages:  16392192 kB
ShmemHugePages:        0 kB
ShmemPmdMapped:        0 kB
FileHugePages:         0 kB
FilePmdMapped:         0 kB
Unaccepted:            0 kB
HugePages_Total:       0
HugePages_Free:        0
HugePages_Rsvd:        0
HugePages_Surp:        0
Hugepagesize:       2048 kB
Hugetlb:               0 kB
DirectMap4k:      210784 kB
DirectMap2M:     9226240 kB
DirectMap1G:    189792256 kB
