[    0.000000] Linux version 6.13.0-rc5+ (root@ubuntu-22-04-server) (gcc (Ubuntu 11.4.0-1ubuntu1~22.04) 11.4.0, GNU ld (GNU Binutils for Ubuntu) 2.38) #2 SMP PREEMPT_DYNAMIC Fri Jan  3 15:43:06 CST 2025
[    0.000000] Command line: intremap=off console=ttyS0,115200 nokaslr root=/dev/vda1 crashkernel=1G-:2G
[    0.000000] KERNEL supported cpus:
[    0.000000]   Intel GenuineIntel
[    0.000000]   AMD AuthenticAMD
[    0.000000]   Hygon HygonGenuine
[    0.000000]   Centaur CentaurHauls
[    0.000000]   zhaoxin   Shanghai  
[    0.000000] BIOS-provided physical RAM map:
[    0.000000] BIOS-e820: [mem 0x0000000000000000-0x000000000009fbff] usable
[    0.000000] BIOS-e820: [mem 0x000000000009fc00-0x000000000009ffff] reserved
[    0.000000] BIOS-e820: [mem 0x00000000000f0000-0x00000000000fffff] reserved
[    0.000000] BIOS-e820: [mem 0x0000000000100000-0x000000007ffd9fff] usable
[    0.000000] BIOS-e820: [mem 0x000000007ffda000-0x000000007fffffff] reserved
[    0.000000] BIOS-e820: [mem 0x00000000b0000000-0x00000000bfffffff] reserved
[    0.000000] BIOS-e820: [mem 0x00000000fed1c000-0x00000000fed1ffff] reserved
[    0.000000] BIOS-e820: [mem 0x00000000feffc000-0x00000000feffffff] reserved
[    0.000000] BIOS-e820: [mem 0x00000000fffc0000-0x00000000ffffffff] reserved
[    0.000000] BIOS-e820: [mem 0x0000000100000000-0x000000037fffffff] usable
[    0.000000] NX (Execute Disable) protection: active
[    0.000000] APIC: Static calls initialized
[    0.000000] SMBIOS 2.8 present.
[    0.000000] DMI: QEMU Standard PC (Q35 + ICH9, 2009), BIOS rel-1.16.3-0-ga6ed6b701f0a-prebuilt.qemu.org 04/01/2014
[    0.000000] DMI: Memory slots populated: 1/1
[    0.000000] Hypervisor detected: KVM
[    0.000000] kvm-clock: Using msrs 4b564d01 and 4b564d00
[    0.000007] kvm-clock: using sched offset of 3473211724 cycles
[    0.000023] clocksource: kvm-clock: mask: 0xffffffffffffffff max_cycles: 0x1cd42e4dffb, max_idle_ns: 881590591483 ns
[    0.000120] tsc: Detected 2933.436 MHz processor
[    0.002481] e820: update [mem 0x00000000-0x00000fff] usable ==> reserved
[    0.002490] e820: remove [mem 0x000a0000-0x000fffff] usable
[    0.002504] last_pfn = 0x380000 max_arch_pfn = 0x400000000
[    0.003111] MTRR map: 4 entries (3 fixed + 1 variable; max 19), built from 8 variable MTRRs
[    0.003145] x86/PAT: Configuration [0-7]: WB  WC  UC- UC  WB  WP  UC- WT  
[    0.003888] last_pfn = 0x7ffda max_arch_pfn = 0x400000000
[    0.014259] found SMP MP-table at [mem 0x000f5450-0x000f545f]
[    0.014377] Using GB pages for direct mapping
[    0.016185] RAMDISK: [mem 0x79e18000-0x7ffcffff]
[    0.016262] ACPI: Early table checksum verification disabled
[    0.016377] ACPI: RSDP 0x00000000000F5220 000014 (v00 BOCHS )
[    0.016429] ACPI: RSDT 0x000000007FFE3D96 000040 (v01 BOCHS  BXPC     00000001 BXPC 00000001)
[    0.016476] ACPI: FACP 0x000000007FFE25E7 0000F4 (v03 BOCHS  BXPC     00000001 BXPC 00000001)
[    0.016505] ACPI: DSDT 0x000000007FFDF040 0035A7 (v01 BOCHS  BXPC     00000001 BXPC 00000001)
[    0.016522] ACPI: FACS 0x000000007FFDF000 000040
[    0.016532] ACPI: APIC 0x000000007FFE26DB 000170 (v03 BOCHS  BXPC     00000001 BXPC 00000001)
[    0.016542] ACPI: HPET 0x000000007FFE284B 000038 (v01 BOCHS  BXPC     00000001 BXPC 00000001)
[    0.016552] ACPI: SRAT 0x000000007FFE2883 0002D0 (v01 BOCHS  BXPC     00000001 BXPC 00000001)
[    0.016561] ACPI: MCFG 0x000000007FFE2B53 00003C (v01 BOCHS  BXPC     00000001 BXPC 00000001)
[    0.016571] ACPI: SSDT 0x000000007FFE2B8F 0011DF (v01 BOCHS  NVDIMM   00000001 BXPC 00000001)
[    0.016581] ACPI: WAET 0x000000007FFE3D6E 000028 (v01 BOCHS  BXPC     00000001 BXPC 00000001)
[    0.016589] ACPI: Reserving FACP table memory at [mem 0x7ffe25e7-0x7ffe26da]
[    0.016592] ACPI: Reserving DSDT table memory at [mem 0x7ffdf040-0x7ffe25e6]
[    0.016595] ACPI: Reserving FACS table memory at [mem 0x7ffdf000-0x7ffdf03f]
[    0.016597] ACPI: Reserving APIC table memory at [mem 0x7ffe26db-0x7ffe284a]
[    0.016600] ACPI: Reserving HPET table memory at [mem 0x7ffe284b-0x7ffe2882]
[    0.016602] ACPI: Reserving SRAT table memory at [mem 0x7ffe2883-0x7ffe2b52]
[    0.016604] ACPI: Reserving MCFG table memory at [mem 0x7ffe2b53-0x7ffe2b8e]
[    0.016607] ACPI: Reserving SSDT table memory at [mem 0x7ffe2b8f-0x7ffe3d6d]
[    0.016609] ACPI: Reserving WAET table memory at [mem 0x7ffe3d6e-0x7ffe3d95]
[    0.017053] ACPI: SRAT: Node 0 PXM 0 [mem 0x00000000-0x0009ffff]
[    0.017060] ACPI: SRAT: Node 0 PXM 0 [mem 0x00100000-0x7fffffff]
[    0.017074] ACPI: SRAT: Node 0 PXM 0 [mem 0x100000000-0x37fffffff]
[    0.017078] ACPI: SRAT: Node 0 PXM 0 [mem 0x380000000-0x1bffffffff] hotplug
[    0.017094] NUMA: Node 0 [mem 0x00001000-0x0009ffff] + [mem 0x00100000-0x7fffffff] -> [mem 0x00001000-0x7fffffff]
[    0.017099] NUMA: Node 0 [mem 0x00001000-0x7fffffff] + [mem 0x100000000-0x37fffffff] -> [mem 0x00001000-0x37fffffff]
[    0.017129] NODE_DATA(0) allocated [mem 0x37ffd3700-0x37fffdfff]
[    0.017567] crashkernel low memory reserved: 0x69000000 - 0x79000000 (256 MB)
[    0.017573] crashkernel reserved: 0x00000002ff000000 - 0x000000037f000000 (2048 MB)
[    0.017754] Zone ranges:
[    0.017757]   DMA      [mem 0x0000000000001000-0x0000000000ffffff]
[    0.017761]   DMA32    [mem 0x0000000001000000-0x00000000ffffffff]
[    0.017764]   Normal   [mem 0x0000000100000000-0x000000037fffffff]
[    0.017768]   Device   empty
[    0.017770] Movable zone start for each node
[    0.017774] Early memory node ranges
[    0.017775]   node   0: [mem 0x0000000000001000-0x000000000009efff]
[    0.017783]   node   0: [mem 0x0000000000100000-0x000000007ffd9fff]
[    0.017786]   node   0: [mem 0x0000000100000000-0x000000037fffffff]
[    0.017791] Initmem setup node 0 [mem 0x0000000000001000-0x000000037fffffff]
[    0.018364] On node 0, zone DMA: 1 pages in unavailable ranges
[    0.018698] On node 0, zone DMA: 97 pages in unavailable ranges
[    0.318099] On node 0, zone Normal: 38 pages in unavailable ranges
[    2.057336] kasan: KernelAddressSanitizer initialized
[    2.064779] ACPI: PM-Timer IO Port: 0x608
[    2.064940] ACPI: LAPIC_NMI (acpi_id[0xff] dfl dfl lint[0x1])
[    2.065513] IOAPIC[0]: apic_id 0, version 17, address 0xfec00000, GSI 0-23
[    2.065532] ACPI: INT_SRC_OVR (bus 0 bus_irq 0 global_irq 2 dfl dfl)
[    2.065538] ACPI: INT_SRC_OVR (bus 0 bus_irq 5 global_irq 5 high level)
[    2.065541] ACPI: INT_SRC_OVR (bus 0 bus_irq 9 global_irq 9 high level)
[    2.065552] ACPI: INT_SRC_OVR (bus 0 bus_irq 10 global_irq 10 high level)
[    2.065556] ACPI: INT_SRC_OVR (bus 0 bus_irq 11 global_irq 11 high level)
[    2.065571] ACPI: Using ACPI (MADT) for SMP configuration information
[    2.065575] ACPI: HPET id: 0x8086a201 base: 0xfed00000
[    2.065594] TSC deadline timer available
[    2.065607] CPU topo: Max. logical packages:   2
[    2.065609] CPU topo: Max. logical dies:       2
[    2.065611] CPU topo: Max. dies per package:   1
[    2.065618] CPU topo: Max. threads per core:   2
[    2.065620] CPU topo: Num. cores per package:     8
[    2.065622] CPU topo: Num. threads per package:  16
[    2.065624] CPU topo: Allowing 32 present CPUs plus 0 hotplug CPUs
[    2.065915] kvm-guest: APIC: eoi() replaced with kvm_guest_apic_eoi_write()
[    2.066060] kvm-guest: KVM setup pv remote TLB flush
[    2.066118] kvm-guest: setup PV sched yield
[    2.066319] PM: hibernation: Registered nosave memory: [mem 0x00000000-0x00000fff]
[    2.066327] PM: hibernation: Registered nosave memory: [mem 0x0009f000-0x0009ffff]
[    2.066330] PM: hibernation: Registered nosave memory: [mem 0x000a0000-0x000effff]
[    2.066332] PM: hibernation: Registered nosave memory: [mem 0x000f0000-0x000fffff]
[    2.066336] PM: hibernation: Registered nosave memory: [mem 0x7ffda000-0x7fffffff]
[    2.066339] PM: hibernation: Registered nosave memory: [mem 0x80000000-0xafffffff]
[    2.066341] PM: hibernation: Registered nosave memory: [mem 0xb0000000-0xbfffffff]
[    2.066343] PM: hibernation: Registered nosave memory: [mem 0xc0000000-0xfed1bfff]
[    2.066346] PM: hibernation: Registered nosave memory: [mem 0xfed1c000-0xfed1ffff]
[    2.066348] PM: hibernation: Registered nosave memory: [mem 0xfed20000-0xfeffbfff]
[    2.066350] PM: hibernation: Registered nosave memory: [mem 0xfeffc000-0xfeffffff]
[    2.066352] PM: hibernation: Registered nosave memory: [mem 0xff000000-0xfffbffff]
[    2.066354] PM: hibernation: Registered nosave memory: [mem 0xfffc0000-0xffffffff]
[    2.066374] [mem 0xc0000000-0xfed1bfff] available for PCI devices
[    2.066383] Booting paravirtualized kernel on KVM
[    2.066401] clocksource: refined-jiffies: mask: 0xffffffff max_cycles: 0xffffffff, max_idle_ns: 7645519600211568 ns
[    2.066501] setup_percpu: NR_CPUS:8192 nr_cpumask_bits:32 nr_cpu_ids:32 nr_node_ids:1
[    2.215964] percpu: Embedded 532 pages/cpu s2142208 r8192 d28672 u4194304
[    2.216034] pcpu-alloc: s2142208 r8192 d28672 u4194304 alloc=2*2097152
[    2.216182] pcpu-alloc: [0] 00 [0] 01 [0] 02 [0] 03 [0] 04 [0] 05 [0] 06 [0] 07 
[    2.216203] pcpu-alloc: [0] 08 [0] 09 [0] 10 [0] 11 [0] 12 [0] 13 [0] 14 [0] 15 
[    2.216222] pcpu-alloc: [0] 16 [0] 17 [0] 18 [0] 19 [0] 20 [0] 21 [0] 22 [0] 23 
[    2.216240] pcpu-alloc: [0] 24 [0] 25 [0] 26 [0] 27 [0] 28 [0] 29 [0] 30 [0] 31 
[    2.216575] kvm-guest: PV spinlocks enabled
[    2.216597] PV qspinlock hash table entries: 256 (order: 0, 4096 bytes, linear)
[    2.216614] Kernel command line: intremap=off console=ttyS0,115200 nokaslr root=/dev/vda1 crashkernel=1G-:2G
[    2.216874] Unknown kernel command line parameters "nokaslr", will be passed to user space.
[    2.216910] printk: log buffer data + meta data: 262144 + 917504 = 1179648 bytes
[    2.233581] Dentry cache hash table entries: 2097152 (order: 12, 16777216 bytes, linear)
[    2.245420] Inode-cache hash table entries: 1048576 (order: 11, 8388608 bytes, linear)
[    2.250068] Fallback order for Node 0: 0 
[    2.250101] Built 1 zonelists, mobility grouping on.  Total pages: 3145592
[    2.250105] Policy zone: Normal
[    2.250169] mem auto-init: stack:off, heap alloc:on, heap free:off
[    2.250180] stackdepot: allocating hash table via alloc_large_system_hash
[    2.250191] stackdepot hash table entries: 1048576 (order: 12, 16777216 bytes, linear)
[    2.268961] software IO TLB: area num 32.
[    3.033887] SLUB: HWalign=64, Order=0-3, MinObjects=0, CPUs=32, Nodes=1
[    3.035116] Kernel/User page tables isolation: enabled
[    3.035824] ftrace: allocating 52416 entries in 205 pages
[    3.346908] ftrace: allocated 205 pages with 5 groups
[    3.355542] Dynamic Preempt: voluntary
[    3.363238] Running RCU self tests
[    3.363241] Running RCU synchronous self tests
[    3.363302] rcu: Preemptible hierarchical RCU implementation.
[    3.363305] rcu: 	RCU lockdep checking is enabled.
[    3.363306] rcu: 	RCU restricting CPUs from NR_CPUS=8192 to nr_cpu_ids=32.
[    3.363311] 	Trampoline variant of Tasks RCU enabled.
[    3.363312] 	Rude variant of Tasks RCU enabled.
[    3.363314] 	Tracing variant of Tasks RCU enabled.
[    3.363316] rcu: RCU calculated value of scheduler-enlistment delay is 25 jiffies.
[    3.363318] rcu: Adjusting geometry for rcu_fanout_leaf=16, nr_cpu_ids=32
[    3.363980] Running RCU synchronous self tests
[    3.364014] RCU Tasks: Setting shift to 5 and lim to 1 rcu_task_cb_adjust=1 rcu_task_cpu_ids=32.
[    3.364107] RCU Tasks Rude: Setting shift to 5 and lim to 1 rcu_task_cb_adjust=1 rcu_task_cpu_ids=32.
[    3.364136] RCU Tasks Trace: Setting shift to 5 and lim to 1 rcu_task_cb_adjust=1 rcu_task_cpu_ids=32.
[    3.417595] NR_IRQS: 524544, nr_irqs: 680, preallocated irqs: 16
[    3.419550] rcu: srcu_init: Setting srcu_struct sizes based on contention.
[    3.523864] Console: colour VGA+ 80x25
[    3.524319] printk: legacy console [ttyS0] enabled
[    4.673792] Lock dependency validator: Copyright (c) 2006 Red Hat, Inc., Ingo Molnar
[    4.682663] ... MAX_LOCKDEP_SUBCLASSES:  8
[    4.687400] ... MAX_LOCK_DEPTH:          48
[    4.692329] ... MAX_LOCKDEP_KEYS:        8192
[    4.697414] ... CLASSHASH_SIZE:          4096
[    4.702458] ... MAX_LOCKDEP_ENTRIES:     32768
[    4.707831] ... MAX_LOCKDEP_CHAINS:      65536
[    4.713070] ... CHAINHASH_SIZE:          32768
[    4.718281]  memory used by lock dependency info: 6941 kB
[    4.724503]  memory used for stack traces: 4224 kB
[    4.729915]  per task-struct memory footprint: 2688 bytes
[    4.736923] ACPI: Core revision 20240827
[    4.744588] clocksource: hpet: mask: 0xffffffff max_cycles: 0xffffffff, max_idle_ns: 19112604467 ns
[    4.758149] APIC: Switch to symmetric I/O mode setup
[    4.768981] x2apic enabled
[    4.776768] APIC: Switched APIC routing to: physical x2apic
[    4.784649] kvm-guest: APIC: send_IPI_mask() replaced with kvm_send_ipi_mask()
[    4.794716] kvm-guest: APIC: send_IPI_mask_allbutself() replaced with kvm_send_ipi_mask_allbutself()
[    4.807326] kvm-guest: setup PV IPIs
[    4.828248] ..TIMER: vector=0x30 apic1=0 pin1=2 apic2=-1 pin2=-1
[    4.837328] clocksource: tsc-early: mask: 0xffffffffffffffff max_cycles: 0x2a48a50322c, max_idle_ns: 440795287943 ns
[    4.853083] Calibrating delay loop (skipped) preset value.. 5866.87 BogoMIPS (lpj=11733744)
[    4.858936] x86/cpu: User Mode Instruction Prevention (UMIP) activated
[    4.862886] Last level iTLB entries: 4KB 0, 2MB 0, 4MB 0
[    4.865073] Last level dTLB entries: 4KB 0, 2MB 0, 4MB 0, 1GB 0
[    4.869170] Spectre V1 : Mitigation: usercopy/swapgs barriers and __user pointer sanitization
[    4.873075] Spectre V2 : Mitigation: Retpolines
[    4.877072] Spectre V2 : Spectre v2 / SpectreRSB mitigation: Filling RSB on context switch
[    4.881073] Spectre V2 : Spectre v2 / SpectreRSB : Filling RSB on VMEXIT
[    4.885073] Spectre V2 : Enabling Restricted Speculation for firmware calls
[    4.889082] Spectre V2 : mitigation: Enabling conditional Indirect Branch Prediction Barrier
[    4.893073] Spectre V2 : User space: Mitigation: STIBP via prctl
[    4.897074] Speculative Store Bypass: Mitigation: Speculative Store Bypass disabled via prctl
[    4.901075] MDS: Vulnerable: Clear CPU buffers attempted, no microcode
[    4.905073] MMIO Stale Data: Unknown: No mitigations
[    4.909100] x86/fpu: x87 FPU will use FXSAVE
[    4.971369] Freeing SMP alternatives memory: 40K
[    4.973080] pid_max: default: 32768 minimum: 301
[    4.979687] LSM: initializing lsm=lockdown,capability,landlock,yama,apparmor,ima,evm
[    4.985953] landlock: Up and running.
[    4.989076] Yama: becoming mindful.
[    4.994311] AppArmor: AppArmor initialized
[    5.002178] Mount-cache hash table entries: 32768 (order: 6, 262144 bytes, linear)
[    5.005324] Mountpoint-cache hash table entries: 32768 (order: 6, 262144 bytes, linear)
[    5.017838] Running RCU synchronous self tests
[    5.021079] Running RCU synchronous self tests
[    5.031079] smpboot: CPU0: Intel Westmere E56xx/L56xx/X56xx (IBRS update) (family: 0x6, model: 0x2c, stepping: 0x1)
[    5.040116] Running RCU Tasks wait API self tests
[    5.145250] Running RCU Tasks Rude wait API self tests
[    5.149102] Running RCU Tasks Trace wait API self tests
[    5.153291] Performance Events: unsupported p6 CPU model 44 no PMU driver, software events only.
[    5.157626] signal: max sigframe size: 1440
[    5.161201] Callback from call_rcu_tasks_trace() invoked.
[    5.165842] rcu: Hierarchical SRCU implementation.
[    5.169117] rcu: 	Max phase no-delay instances is 1000.
[    5.174469] Timer migration: 2 hierarchy levels; 8 children per group; 2 crossnode level
[    5.189274] NMI watchdog: Perf NMI watchdog permanently disabled
[    5.205175] smp: Bringing up secondary CPUs ...
[    5.221916] smpboot: x86: Booting SMP configuration:
[    5.225129] .... node  #0, CPUs:        #2  #4  #6  #8 #10 #12 #14 #16 #18 #20 #22 #24 #26
[    5.353230] Callback from call_rcu_tasks() invoked.
[    5.370046]  #28 #30  #1  #3  #5  #7  #9 #11 #13 #15 #17 #19 #21 #23 #25 #27 #29 #31
[    5.613989] MDS CPU bug present and SMT on, data leak possible. See https://www.kernel.org/doc/html/latest/admin-guide/hw-vuln/mds.html for more details.
[    5.701130] smp: Brought up 1 node, 32 CPUs
[    5.705138] smpboot: Total of 32 processors activated (187739.90 BogoMIPS)
[    5.735976] Memory: 7997952K/12582368K available (53248K kernel code, 16294K rwdata, 13000K rodata, 9908K init, 22736K bss, 4537656K reserved, 0K cma-reserved)
[    5.743233] devtmpfs: initialized
[    5.746332] x86/mm: Memory block size: 128MB
[    5.835428] Running RCU synchronous self tests
[    5.837184] Running RCU synchronous self tests
[    5.841417] clocksource: jiffies: mask: 0xffffffff max_cycles: 0xffffffff, max_idle_ns: 7645041785100000 ns
[    5.846491] futex hash table entries: 8192 (order: 8, 1048576 bytes, linear)
[    5.853573] pinctrl core: initialized pinctrl subsystem
[    5.860889] PM: RTC time: 12:09:51, date: 2025-01-11
[    5.870864] NET: Registered PF_NETLINK/PF_ROUTE protocol family
[    5.879874] DMA: preallocated 1024 KiB GFP_KERNEL pool for atomic allocations
[    5.881389] DMA: preallocated 1024 KiB GFP_KERNEL|GFP_DMA pool for atomic allocations
[    5.885404] DMA: preallocated 1024 KiB GFP_KERNEL|GFP_DMA32 pool for atomic allocations
[    5.889907] audit: initializing netlink subsys (disabled)
[    5.893986] audit: type=2000 audit(1736597390.519:1): state=initialized audit_enabled=0 res=1
[    5.900319] thermal_sys: Registered thermal governor 'fair_share'
[    5.901104] thermal_sys: Registered thermal governor 'bang_bang'
[    5.905104] thermal_sys: Registered thermal governor 'step_wise'
[    5.909249] thermal_sys: Registered thermal governor 'user_space'
[    5.913112] thermal_sys: Registered thermal governor 'power_allocator'
[    5.917468] EISA bus registered
[    5.925298] cpuidle: using governor ladder
[    5.929332] cpuidle: using governor menu
[    5.935091] acpiphp: ACPI Hot Plug PCI Controller Driver version: 0.5
[    5.940677] PCI: ECAM [mem 0xb0000000-0xbfffffff] (base 0xb0000000) for domain 0000 [bus 00-ff]
[    5.941110] PCI: ECAM [mem 0xb0000000-0xbfffffff] reserved as E820 entry
[    6.026588] PCI: Using configuration type 1 for base access
[    6.031519] kprobes: kprobe jump-optimization is enabled. All kprobes are optimized if possible.
[    6.043226] HugeTLB: registered 1.00 GiB page size, pre-allocated 0 pages
[    6.045139] HugeTLB: 16380 KiB vmemmap can be freed for a 1.00 GiB page
[    6.049104] HugeTLB: registered 2.00 MiB page size, pre-allocated 0 pages
[    6.053115] HugeTLB: 28 KiB vmemmap can be freed for a 2.00 MiB page
[    6.150469] ACPI: Added _OSI(Module Device)
[    6.157126] ACPI: Added _OSI(Processor Device)
[    6.165107] ACPI: Added _OSI(3.0 _SCP Extensions)
[    6.173122] ACPI: Added _OSI(Processor Aggregator Device)
[    6.413445] ACPI: 2 ACPI AML tables successfully acquired and loaded
[    6.479899] ACPI: Interpreter enabled
[    6.490232] ACPI: PM: (supports S0 S3 S4 S5)
[    6.497191] ACPI: Using IOAPIC for interrupt routing
[    6.506320] PCI: Using host bridge windows from ACPI; if necessary, use "pci=nocrs" and report a bug
[    6.517117] PCI: Using E820 reservations for host bridge windows
[    6.538536] ACPI: Enabled 4 GPEs in block 00 to 3F
[    7.066641] ACPI: PCI Root Bridge [PCI0] (domain 0000 [bus 00-ff])
[    7.077171] acpi PNP0A08:00: _OSC: OS supports [ExtendedConfig ASPM ClockPM Segments MSI EDR HPX-Type3]
[    7.093951] acpi PNP0A08:00: _OSC: platform does not support [PCIeHotplug LTR DPC]
[    7.118215] acpi PNP0A08:00: _OSC: OS now controls [SHPCHotplug PME AER PCIeCapability]
[    7.141902] PCI host bridge to bus 0000:00
[    7.149917] pci_bus 0000:00: root bus resource [io  0x0000-0x0cf7 window]
[    7.165369] pci_bus 0000:00: root bus resource [io  0x0d00-0xffff window]
[    7.173133] pci_bus 0000:00: root bus resource [mem 0x000a0000-0x000bffff window]
[    7.185121] pci_bus 0000:00: root bus resource [mem 0x80000000-0xafffffff window]
[    7.197129] pci_bus 0000:00: root bus resource [mem 0xc0000000-0xfebfffff window]
[    7.209132] pci_bus 0000:00: root bus resource [mem 0x1c00000000-0x23ffffffff window]
[    7.221129] pci_bus 0000:00: root bus resource [bus 00-ff]
[    7.233788] pci 0000:00:00.0: [8086:29c0] type 00 class 0x060000 conventional PCI endpoint
[    7.254343] pci 0000:00:01.0: [1234:1111] type 00 class 0x030000 conventional PCI endpoint
[    7.280650] pci 0000:00:01.0: BAR 0 [mem 0xfd000000-0xfdffffff pref]
[    7.320866] pci 0000:00:01.0: BAR 2 [mem 0xfea50000-0xfea50fff]
[    7.365062] pci 0000:00:01.0: ROM [mem 0xfea40000-0xfea4ffff pref]
[    7.384054] pci 0000:00:01.0: Video device with shadowed ROM at [mem 0x000c0000-0x000dffff]
[    7.402562] pci 0000:00:01.0: pci_fixup_video+0x0/0x2d0 took 15625 usecs
[    7.429845] pci 0000:00:02.0: [1af4:1000] type 00 class 0x020000 conventional PCI endpoint
[    7.453143] pci 0000:00:02.0: BAR 0 [io  0xc040-0xc05f]
[    7.465062] pci 0000:00:02.0: BAR 1 [mem 0xfea51000-0xfea51fff]
[    7.486910] pci 0000:00:02.0: BAR 4 [mem 0xfe200000-0xfe203fff 64bit pref]
[    7.503231] pci 0000:00:02.0: ROM [mem 0xfea00000-0xfea3ffff pref]
[    7.528195] pci 0000:00:03.0: [1b36:000c] type 01 class 0x060400 PCIe Root Port
[    7.545144] pci 0000:00:03.0: BAR 0 [mem 0xfea52000-0xfea52fff]
[    7.562683] pci 0000:00:03.0: PCI bridge to [bus 01]
[    7.569860] pci 0000:00:03.0:   bridge window [mem 0xfe800000-0xfe9fffff]
[    7.591614] pci 0000:00:03.0:   bridge window [mem 0xfe000000-0xfe1fffff 64bit pref]
[    7.617062] pci 0000:00:04.0: [1af4:105b] type 00 class 0x00ff00 conventional PCI endpoint
[    7.643757] pci 0000:00:04.0: BAR 4 [mem 0xfe204000-0xfe207fff 64bit pref]
[    7.801193] pci 0000:00:1f.0: [8086:2918] type 00 class 0x060100 conventional PCI endpoint
[    7.822854] pci 0000:00:1f.0: quirk: [io  0x0600-0x067f] claimed by ICH6 ACPI/GPIO/TCO
[    7.837614] pci 0000:00:1f.0: quirk_ich7_lpc+0x0/0x1d0 took 15625 usecs
[    7.854648] pci 0000:00:1f.2: [8086:2922] type 00 class 0x010601 conventional PCI endpoint
[    7.880787] pci 0000:00:1f.2: BAR 4 [io  0xc060-0xc07f]
[    7.890688] pci 0000:00:1f.2: BAR 5 [mem 0xfea53000-0xfea53fff]
[    7.910305] pci 0000:00:1f.3: [8086:2930] type 00 class 0x0c0500 conventional PCI endpoint
[    7.927945] pci 0000:00:1f.3: BAR 4 [io  0x0700-0x073f]
[    7.951104] acpiphp: Slot [0] registered
[    7.963680] pci 0000:01:00.0: [1af4:1042] type 00 class 0x010000 PCIe Endpoint
[    7.982788] pci 0000:01:00.0: BAR 1 [mem 0xfe800000-0xfe800fff]
[    8.002728] pci 0000:01:00.0: BAR 4 [mem 0xfe000000-0xfe003fff 64bit pref]
[    8.102647] pci 0000:00:03.0: PCI bridge to [bus 01]
[    8.131559] ACPI: PCI: Interrupt link LNKA configured for IRQ 10
[    8.150169] ACPI: PCI: Interrupt link LNKB configured for IRQ 10
[    8.161951] ACPI: PCI: Interrupt link LNKC configured for IRQ 11
[    8.178072] ACPI: PCI: Interrupt link LNKD configured for IRQ 11
[    8.194193] ACPI: PCI: Interrupt link LNKE configured for IRQ 10
[    8.209917] ACPI: PCI: Interrupt link LNKF configured for IRQ 10
[    8.226807] ACPI: PCI: Interrupt link LNKG configured for IRQ 11
[    8.233969] ACPI: PCI: Interrupt link LNKH configured for IRQ 11
[    8.238278] ACPI: PCI: Interrupt link GSIA configured for IRQ 16
[    8.241752] ACPI: PCI: Interrupt link GSIB configured for IRQ 17
[    8.245761] ACPI: PCI: Interrupt link GSIC configured for IRQ 18
[    8.249689] ACPI: PCI: Interrupt link GSID configured for IRQ 19
[    8.253668] ACPI: PCI: Interrupt link GSIE configured for IRQ 20
[    8.257741] ACPI: PCI: Interrupt link GSIF configured for IRQ 21
[    8.261634] ACPI: PCI: Interrupt link GSIG configured for IRQ 22
[    8.265704] ACPI: PCI: Interrupt link GSIH configured for IRQ 23
[    8.412045] iommu: Default domain type: Translated
[    8.417109] iommu: DMA domain TLB invalidation policy: lazy mode
[    8.446121] SCSI subsystem initialized
[    8.454529] libata version 3.00 loaded.
[    8.458072] ACPI: bus type USB registered
[    8.462131] usbcore: registered new interface driver usbfs
[    8.473514] usbcore: registered new interface driver hub
[    8.481716] usbcore: registered new device driver usb
[    8.494500] pps_core: LinuxPPS API ver. 1 registered
[    8.501102] pps_core: Software ver. 5.3.6 - Copyright 2005-2007 Rodolfo Giometti <giometti@linux.it>
[    8.517272] PTP clock support registered
[    8.527194] EDAC MC: Ver: 3.0.0
[    8.556790] NetLabel: Initializing
[    8.561102] NetLabel:  domain hash size = 128
[    8.569149] NetLabel:  protocols = UNLABELED CIPSOv4 CALIPSO
[    8.578075] NetLabel:  unlabeled traffic allowed by default
[    8.595480] PCI: Using ACPI for IRQ routing
[   10.714528] PCI: pci_cache_line_size set to 64 bytes
[   10.716523] e820: reserve RAM buffer [mem 0x0009fc00-0x0009ffff]
[   10.716708] e820: reserve RAM buffer [mem 0x7ffda000-0x7fffffff]
[   10.718362] pci 0000:00:01.0: vgaarb: setting as boot VGA device
[   10.721062] pci 0000:00:01.0: vgaarb: bridge control possible
[   10.721062] pci 0000:00:01.0: vgaarb: VGA device added: decodes=io+mem,owns=io+mem,locks=none
[   10.721122] vgaarb: loaded
[   10.726661] hpet0: at MMIO 0xfed00000, IRQs 2, 8, 0
[   10.729109] hpet0: 3 comparators, 64-bit 100.000000 MHz counter
[   10.753723] clocksource: Switched to clocksource kvm-clock
[   10.804458] VFS: Disk quotas dquot_6.6.0
[   10.812687] VFS: Dquot-cache hash table entries: 512 (order 0, 4096 bytes)
[   10.835163] AppArmor: AppArmor Filesystem Enabled
[   10.845381] pnp: PnP ACPI init
[   10.859938] system 00:05: [mem 0xb0000000-0xbfffffff window] has been reserved
[   10.905826] pnp: PnP ACPI: found 6 devices
[   11.004023] clocksource: acpi_pm: mask: 0xffffff max_cycles: 0xffffff, max_idle_ns: 2085701024 ns
[   11.023241] NET: Registered PF_INET protocol family
[   11.037216] IP idents hash table entries: 262144 (order: 9, 2097152 bytes, linear)
[   11.068705] tcp_listen_portaddr_hash hash table entries: 8192 (order: 7, 655360 bytes, linear)
[   11.085222] Table-perturb hash table entries: 65536 (order: 6, 262144 bytes, linear)
[   11.101666] TCP established hash table entries: 131072 (order: 8, 1048576 bytes, linear)
[   11.132268] TCP bind hash table entries: 65536 (order: 11, 10485760 bytes, vmalloc hugepage)
[   11.151859] TCP: Hash tables configured (established 131072 bind 65536)
[   11.168759] MPTCP token hash table entries: 16384 (order: 8, 1572864 bytes, linear)
[   11.186730] UDP hash table entries: 8192 (order: 9, 2490368 bytes, linear)
[   11.202638] UDP-Lite hash table entries: 8192 (order: 9, 2490368 bytes, linear)
[   11.219396] NET: Registered PF_UNIX/PF_LOCAL protocol family
[   11.228871] NET: Registered PF_XDP protocol family
[   11.236939] pci 0000:00:03.0: bridge window [io  0x1000-0x0fff] to [bus 01] add_size 1000
[   11.250076] pci 0000:00:03.0: bridge window [io  0x1000-0x1fff]: assigned
[   11.260997] pci 0000:00:03.0: PCI bridge to [bus 01]
[   11.269097] pci 0000:00:03.0:   bridge window [io  0x1000-0x1fff]
[   11.281202] pci 0000:00:03.0:   bridge window [mem 0xfe800000-0xfe9fffff]
[   11.293695] pci 0000:00:03.0:   bridge window [mem 0xfe000000-0xfe1fffff 64bit pref]
[   11.308063] pci_bus 0000:00: resource 4 [io  0x0000-0x0cf7 window]
[   11.318434] pci_bus 0000:00: resource 5 [io  0x0d00-0xffff window]
[   11.328113] pci_bus 0000:00: resource 6 [mem 0x000a0000-0x000bffff window]
[   11.339118] pci_bus 0000:00: resource 7 [mem 0x80000000-0xafffffff window]
[   11.350150] pci_bus 0000:00: resource 8 [mem 0xc0000000-0xfebfffff window]
[   11.361353] pci_bus 0000:00: resource 9 [mem 0x1c00000000-0x23ffffffff window]
[   11.373320] pci_bus 0000:01: resource 0 [io  0x1000-0x1fff]
[   11.382771] pci_bus 0000:01: resource 1 [mem 0xfe800000-0xfe9fffff]
[   11.392721] pci_bus 0000:01: resource 2 [mem 0xfe000000-0xfe1fffff 64bit pref]
[   11.405919] PCI: CLS 0 bytes, default 64
[   11.413406] PCI-DMA: Using software bounce buffering for IO (SWIOTLB)
[   11.416555] Trying to unpack rootfs image as initramfs...
[   11.422978] software IO TLB: mapped [mem 0x0000000065000000-0x0000000069000000] (64MB)
[   11.445170] clocksource: tsc: mask: 0xffffffffffffffff max_cycles: 0x2a48a50322c, max_idle_ns: 440795287943 ns
[   11.488494] Initialise system trusted keyrings
[   11.496746] Key type blacklist registered
[   11.505239] workingset: timestamp_bits=36 max_order=21 bucket_order=0
[   11.515984] zbud: loaded
[   11.536050] squashfs: version 4.0 (2009/01/31) Phillip Lougher
[   11.551063] fuse: init (API version 7.41)
[   11.563739] integrity: Platform Keyring initialized
[   11.594433] Key type asymmetric registered
[   11.601355] Asymmetric key parser 'x509' registered
[   11.610506] Block layer SCSI generic (bsg) driver version 0.4 loaded (major 243)
[   11.625084] io scheduler mq-deadline registered
[   11.662079] ledtrig-cpu: registered to indicate activity on CPUs
[   11.704387] ACPI: \_SB_.GSIH: Enabled at IRQ 23
[   11.723448] pcieport 0000:00:03.0: PME: Signaling with IRQ 24
[   11.737736] pcieport 0000:00:03.0: AER: enabled with IRQ 24
[   11.755611] shpchp: Standard Hot Plug PCI Controller Driver version: 0.4
[   11.773233] input: Power Button as /devices/LNXSYSTM:00/LNXPWRBN:00/input/input0
[   11.789301] ACPI: button: Power Button [PWRF]
[   11.907572] ACPI: \_SB_.GSIG: Enabled at IRQ 22
[   11.958710] ACPI: \_SB_.GSIE: Enabled at IRQ 20
[   12.027526] Serial: 8250/16550 driver, 32 ports, IRQ sharing enabled
[   12.093253] 00:03: ttyS0 at I/O 0x3f8 (irq = 4, base_baud = 115200) is a 16550A
[   12.242044] Linux agpgart interface v0.103
[   12.452532] loop: module loaded
[   12.468954] tun: Universal TUN/TAP device driver, 1.6
[   12.478583] PPP generic driver version 2.4.2
[   12.490371] VFIO - User Level meta-driver version: 0.3
[   12.503619] i8042: PNP: PS/2 Controller [PNP0303:KBD,PNP0f13:MOU] at 0x60,0x64 irq 1,12
[   12.525132] serio: i8042 KBD port at 0x60,0x64 irq 1
[   12.533384] serio: i8042 AUX port at 0x60,0x64 irq 12
[   12.544809] mousedev: PS/2 mouse device common for all mice
[   12.557391] rtc_cmos 00:04: RTC can wake from S4
[   12.571630] input: AT Translated Set 2 keyboard as /devices/platform/i8042/serio0/input/input1
[   12.580189] rtc_cmos 00:04: registered as rtc0
[   12.595530] rtc_cmos 00:04: setting system clock to 2025-01-11T12:09:59 UTC (1736597399)
[   12.610216] rtc_cmos 00:04: alarms up to one day, y3k, 242 bytes nvram, hpet irqs
[   12.623031] i2c_dev: i2c /dev entries driver
[   12.630563] device-mapper: core: CONFIG_IMA_DISABLE_HTABLE is disabled. Duplicate IMA measurements will not be recorded in the IMA log.
[   12.649852] device-mapper: uevent: version 1.0.3
[   12.661352] device-mapper: ioctl: 4.48.0-ioctl (2023-03-01) initialised: dm-devel@lists.linux.dev
[   12.676167] platform eisa.0: Probing EISA bus 0
[   12.683815] platform eisa.0: EISA: Cannot allocate resource for mainboard
[   12.694827] platform eisa.0: Cannot allocate resource for EISA slot 1
[   12.705246] platform eisa.0: Cannot allocate resource for EISA slot 2
[   12.715616] platform eisa.0: Cannot allocate resource for EISA slot 3
[   12.726136] platform eisa.0: Cannot allocate resource for EISA slot 4
[   12.736955] platform eisa.0: Cannot allocate resource for EISA slot 5
[   12.747470] platform eisa.0: Cannot allocate resource for EISA slot 6
[   12.758735] platform eisa.0: Cannot allocate resource for EISA slot 7
[   12.770191] platform eisa.0: Cannot allocate resource for EISA slot 8
[   12.783557] platform eisa.0: EISA: Detected 0 cards
[   12.793940] intel_pstate: CPU model not supported
[   12.808299] drop_monitor: Initializing network drop monitor service
[   12.823838] NET: Registered PF_INET6 protocol family
[   15.447322] Freeing initrd memory: 100064K
[   15.567132] Segment Routing with IPv6
[   15.574909] In-situ OAM (IOAM) with IPv6
[   15.583249] NET: Registered PF_PACKET protocol family
[   15.594968] Key type dns_resolver registered
[   15.660015] IPI shorthand broadcast: enabled
[   15.768045] registered taskstats version 1
[   15.802915] Loading compiled-in X.509 certificates
[   16.419188] Demotion targets for Node 0: null
[   16.429729] kmemleak: Kernel memory leak detector initialized (mem pool available: 14031)
[   16.430032] kmemleak: Automatic memory scanning thread started
[   16.449332] Key type .fscrypt registered
[   16.460732] Key type fscrypt-provisioning registered
[   16.555854] cryptd: module verification failed: signature and/or required key missing - tainting kernel
[   16.584498] cryptd: max_cpu_qlen set to 1000
[   16.790790] Key type encrypted registered
[   16.797122] AppArmor: AppArmor sha256 policy hashing enabled
[   16.806169] ima: No TPM chip found, activating TPM-bypass!
[   16.814918] Loading compiled-in module X.509 certificates
[   16.823326] ima: Allocated hash algorithm: sha1
[   16.831118] ima: No architecture policies found
[   16.839398] evm: Initialising EVM extended attributes:
[   16.847487] evm: security.selinux
[   16.852739] evm: security.SMACK64
[   16.858008] evm: security.SMACK64EXEC
[   16.863826] evm: security.SMACK64TRANSMUTE
[   16.870242] evm: security.SMACK64MMAP
[   16.876037] evm: security.apparmor
[   16.881465] evm: security.ima
[   16.886369] evm: security.capability
[   16.892193] evm: HMAC attrs: 0x1
[   16.911246] PM:   Magic number: 9:682:177
[   16.919255] acpi device:0d: hash matches
[   16.931569] RAS: Correctable Errors collector initialized.
[   16.942454] Unstable clock detected, switching default tracing clock to "global"
               If you want to keep using the local clock, then add:
                 "trace_clock=local"
               on the kernel command line
[   16.980188] clk: Disabling unused clocks
[   17.059417] Freeing unused decrypted memory: 2036K
[   17.089312] Freeing unused kernel image (initmem) memory: 9908K
[   17.097831] Write protecting the kernel read-only data: 67584k
[   17.113036] Freeing unused kernel image (rodata/data gap) memory: 1336K
[   17.188907] x86/mm: Checked W+X mappings: passed, no W+X pages found.
[   17.198117] x86/mm: Checking user space page tables
[   17.265953] x86/mm: Checked W+X mappings: passed, no W+X pages found.
[   17.275484] Run /init as init process
[   17.281364]   with arguments:
[   17.281378]     /init
[   17.281388]     nokaslr
[   17.281395]   with environment:
[   17.281401]     HOME=/
[   17.281407]     TERM=linux
[   20.139177] lpc_ich 0000:00:1f.0: I/O space for GPIO uninitialized
[   20.250952] virtio_blk virtio2: 32/0/0 default/read/poll queues
[   20.259113] ahci 0000:00:1f.2: version 3.0
[   20.320204] input: VirtualPS/2 VMware VMMouse as /devices/platform/i8042/serio1/input/input4
[   20.363508] ACPI: \_SB_.GSIA: Enabled at IRQ 16
[   20.387901] i801_smbus 0000:00:1f.3: SMBus using PCI interrupt
[   20.405195] ahci 0000:00:1f.2: AHCI vers 0001.0000, 32 command slots, 1.5 Gbps, SATA mode
[   20.418717] ahci 0000:00:1f.2: 6/6 ports implemented (port mask 0x3f)
[   20.428527] input: VirtualPS/2 VMware VMMouse as /devices/platform/i8042/serio1/input/input3
[   20.429072] ahci 0000:00:1f.2: flags: 64bit ncq only 
[   20.479536] i2c i2c-0: Memory type 0x07 not supported yet, not instantiating SPD
[   20.586981] scsi host0: ahci
[   20.603108] scsi host1: ahci
[   20.641846] scsi host2: ahci
[   20.660400] scsi host3: ahci
[   20.662440] virtio_blk virtio2: [vda] 209715200 512-byte logical blocks (107 GB/100 GiB)
[   20.680996] scsi host4: ahci
[   20.723867] scsi host5: ahci
[   20.740728] ata1: SATA max UDMA/133 abar m4096@0xfea53000 port 0xfea53100 irq 37 lpm-pol 0
[   20.753072] ata2: SATA max UDMA/133 abar m4096@0xfea53000 port 0xfea53180 irq 37 lpm-pol 0
[   20.766921] ata3: SATA max UDMA/133 abar m4096@0xfea53000 port 0xfea53200 irq 37 lpm-pol 0
[   20.780415] ata4: SATA max UDMA/133 abar m4096@0xfea53000 port 0xfea53280 irq 37 lpm-pol 0
[   20.793697] ata5: SATA max UDMA/133 abar m4096@0xfea53000 port 0xfea53300 irq 37 lpm-pol 0
[   20.807868] ata6: SATA max UDMA/133 abar m4096@0xfea53000 port 0xfea53380 irq 37 lpm-pol 0
[   20.821394]  vda: vda1 vda14 vda15
[   20.905091] virtio_net virtio0 enp0s2: renamed from eth0
[   21.140536] ata4: SATA link up 1.5 Gbps (SStatus 113 SControl 300)
[   21.152590] ata1: SATA link up 1.5 Gbps (SStatus 113 SControl 300)
[   21.161672] ata3: SATA link up 1.5 Gbps (SStatus 113 SControl 300)
[   21.169303] ata4.00: ATA-7: QEMU HARDDISK, 2.5+, max UDMA/100
[   21.178807] ata4.00: 20971520 sectors, multi 16: LBA48 NCQ (depth 32)
[   21.187672] ata4.00: applying bridge limits
[   21.194695] ata5: SATA link down (SStatus 0 SControl 300)
[   21.202378] ata1.00: ATA-7: QEMU HARDDISK, 2.5+, max UDMA/100
[   21.209958] ata1.00: 20971520 sectors, multi 16: LBA48 NCQ (depth 32)
[   21.217432] ata1.00: applying bridge limits
[   21.223751] ata2: SATA link up 1.5 Gbps (SStatus 113 SControl 300)
[   21.232658] ata3.00: ATA-7: QEMU HARDDISK, 2.5+, max UDMA/100
[   21.239423] ata3.00: 20971520 sectors, multi 16: LBA48 NCQ (depth 32)
[   21.246893] ata3.00: applying bridge limits
[   21.253264] ata6: SATA link down (SStatus 0 SControl 300)
[   21.261076] ata3.00: configured for UDMA/100
[   21.266377] ata2.00: ATA-7: QEMU HARDDISK, 2.5+, max UDMA/100
[   21.273103] ata2.00: 20971520 sectors, multi 16: LBA48 NCQ (depth 32)
[   21.280545] ata2.00: applying bridge limits
[   21.286233] ata1.00: configured for UDMA/100
[   21.291519] ata4.00: configured for UDMA/100
[   21.297416] ata2.00: configured for UDMA/100
[   21.299896] scsi 0:0:0:0: Direct-Access     ATA      QEMU HARDDISK    2.5+ PQ: 0 ANSI: 5
[   21.324715] sd 0:0:0:0: Attached scsi generic sg0 type 0
[   21.326553] sd 0:0:0:0: [sda] 20971520 512-byte logical blocks: (10.7 GB/10.0 GiB)
[   21.336349] scsi 1:0:0:0: Direct-Access     ATA      QEMU HARDDISK    2.5+ PQ: 0 ANSI: 5
[   21.342898] sd 0:0:0:0: [sda] Write Protect is off
[   21.360438] sd 0:0:0:0: [sda] Mode Sense: 00 3a 00 00
[   21.360678] sd 0:0:0:0: [sda] Write cache: enabled, read cache: enabled, doesn't support DPO or FUA
[   21.362229] sd 1:0:0:0: Attached scsi generic sg1 type 0
[   21.362580] sd 1:0:0:0: [sdb] 20971520 512-byte logical blocks: (10.7 GB/10.0 GiB)
[   21.362693] sd 1:0:0:0: [sdb] Write Protect is off
[   21.362719] sd 1:0:0:0: [sdb] Mode Sense: 00 3a 00 00
[   21.363085] sd 1:0:0:0: [sdb] Write cache: enabled, read cache: enabled, doesn't support DPO or FUA
[   21.363569] sd 1:0:0:0: [sdb] Preferred minimum I/O size 512 bytes
[   21.373275] sd 0:0:0:0: [sda] Preferred minimum I/O size 512 bytes
[   21.383882] scsi 2:0:0:0: Direct-Access     ATA      QEMU HARDDISK    2.5+ PQ: 0 ANSI: 5
[   21.436098] sd 2:0:0:0: Attached scsi generic sg2 type 0
[   21.436319] sd 2:0:0:0: [sdc] 20971520 512-byte logical blocks: (10.7 GB/10.0 GiB)
[   21.446131] scsi 3:0:0:0: Direct-Access     ATA      QEMU HARDDISK    2.5+ PQ: 0 ANSI: 5
[   21.451598] sd 2:0:0:0: [sdc] Write Protect is off
[   21.461862] sd 1:0:0:0: [sdb] Attached SCSI disk
[   21.472343] sd 3:0:0:0: [sdd] 20971520 512-byte logical blocks: (10.7 GB/10.0 GiB)
[   21.472530] sd 3:0:0:0: Attached scsi generic sg3 type 0
[   21.475112] sd 2:0:0:0: [sdc] Mode Sense: 00 3a 00 00
[   21.475317] sd 2:0:0:0: [sdc] Write cache: enabled, read cache: enabled, doesn't support DPO or FUA
[   21.484966] sd 3:0:0:0: [sdd] Write Protect is off
[   21.489611] sd 0:0:0:0: [sda] Attached SCSI disk
[   21.493015] sd 2:0:0:0: [sdc] Preferred minimum I/O size 512 bytes
[   21.503784] sd 3:0:0:0: [sdd] Mode Sense: 00 3a 00 00
[   21.524874] sd 3:0:0:0: [sdd] Write cache: enabled, read cache: enabled, doesn't support DPO or FUA
[   21.536605] sd 3:0:0:0: [sdd] Preferred minimum I/O size 512 bytes
[   21.586157] sd 2:0:0:0: [sdc] Attached SCSI disk
[   21.621756] sd 3:0:0:0: [sdd] Attached SCSI disk
[   21.669211] nd_pmem namespace0.0: unable to guarantee persistence of writes
[   25.333829] raid6: sse2x4   gen()  7970 MB/s
[   25.405631] raid6: sse2x2   gen()  9959 MB/s
[   25.477634] raid6: sse2x1   gen()  8228 MB/s
[   25.484557] raid6: using algorithm sse2x2 gen() 9959 MB/s
[   25.557635] raid6: .... xor() 6591 MB/s, rmw enabled
[   25.565837] raid6: using ssse3x2 recovery algorithm
[   25.583779] xor: measuring software checksum speed
[   25.589783]    prefetch64-sse  : 15271 MB/sec
[   25.595185]    generic_sse     : 12942 MB/sec
[   25.600019] xor: using function: prefetch64-sse (15271 MB/sec)
[   25.613840] async_tx: api initialized (async)
[   27.020094] Btrfs loaded, zoned=yes, fsverity=yes
[   28.008627] EXT4-fs (vda1): mounted filesystem 26c50908-598b-4e8e-871e-35718a3a1426 ro with ordered data mode. Quota mode: none.
[   29.308656] systemd[1]: Inserted module 'autofs4'
[   29.509441] systemd[1]: systemd 249.11-0ubuntu3.10 running in system mode (+PAM +AUDIT +SELINUX +APPARMOR +IMA +SMACK +SECCOMP +GCRYPT +GNUTLS +OPENSSL +ACL +BLKID +CURL +ELFUTILS +FIDO2 +IDN2 -IDN +IPTC +KMOD +LIBCRYPTSETUP +LIBFDISK +PCRE2 -PWQUALITY -P11KIT -QRENCODE +BZIP2 +LZ4 +XZ +ZLIB +ZSTD -XKBCOMMON +UTMP +SYSVINIT default-hierarchy=unified)
[   29.544573] systemd[1]: Detected virtualization kvm.
[   29.550304] systemd[1]: Detected architecture x86-64.
[   29.572915] systemd[1]: Hostname set to <qemu-2>.
[   30.238415] block vda: the capability attribute has been deprecated.
[   30.401468] random: crng init done
[   31.508266] systemd[1]: Queued start job for default target Graphical Interface.
[   31.606972] systemd[1]: Created slice Slice /system/modprobe.
[   31.639658] systemd[1]: Created slice Slice /system/serial-getty.
[   31.671965] systemd[1]: Created slice Slice /system/systemd-fsck.
[   31.704409] systemd[1]: Created slice User and Session Slice.
[   31.723702] systemd[1]: Started Forward Password Requests to Wall Directory Watch.
[   31.750252] systemd[1]: Set up automount Arbitrary Executable File Formats File System Automount Point.
[   31.776332] systemd[1]: Reached target Slice Units.
[   31.790068] systemd[1]: Reached target Mounting snaps.
[   31.802898] systemd[1]: Reached target Swaps.
[   31.815877] systemd[1]: Reached target Local Verity Protected Volumes.
[   31.835502] systemd[1]: Listening on Device-mapper event daemon FIFOs.
[   31.854664] systemd[1]: Listening on LVM2 poll daemon socket.
[   31.872869] systemd[1]: Listening on multipathd control socket.
[   32.040741] systemd[1]: Listening on RPCbind Server Activation Socket.
[   32.062024] systemd[1]: Listening on Syslog Socket.
[   32.077967] systemd[1]: Listening on fsck to fsckd communication Socket.
[   32.098192] systemd[1]: Listening on initctl Compatibility Named Pipe.
[   32.119964] systemd[1]: Listening on Journal Audit Socket.
[   32.137463] systemd[1]: Listening on Journal Socket (/dev/log).
[   32.156727] systemd[1]: Listening on Journal Socket.
[   32.173265] systemd[1]: Listening on Network Service Netlink Socket.
[   32.195931] systemd[1]: Listening on udev Control Socket.
[   32.212537] systemd[1]: Listening on udev Kernel Socket.
[   32.286962] systemd[1]: Mounting Huge Pages File System...
[   32.332032] systemd[1]: Mounting POSIX Message Queue File System...
[   32.381954] systemd[1]: Mounting Kernel Debug File System...
[   32.430961] systemd[1]: Mounting Kernel Trace File System...
[   32.496381] systemd[1]: Starting Journal Service...
[   32.513327] systemd[1]: Condition check resulted in Kernel Module supporting RPCSEC_GSS being skipped.
[   32.559298] systemd[1]: Starting Set the console keyboard layout...
[   32.611053] systemd[1]: Starting Create List of Static Device Nodes...
[   32.679624] systemd[1]: Starting Monitoring of LVM2 mirrors, snapshots etc. using dmeventd or progress polling...
[   32.707441] systemd[1]: Condition check resulted in LXD - agent being skipped.
[   32.742682] systemd[1]: Starting Load Kernel Module configfs...
[   32.790483] systemd[1]: Starting Load Kernel Module drm...
[   32.835409] systemd[1]: Starting Load Kernel Module efi_pstore...
[   32.927752] systemd[1]: Starting Load Kernel Module fuse...
[   32.947556] systemd[1]: Condition check resulted in OpenVSwitch configuration for cleanup being skipped.
[   32.966593] systemd[1]: Condition check resulted in File System Check on Root Device being skipped.
[   33.028298] systemd[1]: Starting Load Kernel Modules...
[   33.084957] ACPI: bus type drm_connector registered
[   33.089079] systemd[1]: Starting Remount Root and Kernel File Systems...
[   33.146129] systemd[1]: Starting Coldplug All udev Devices...
[   33.206126] systemd[1]: Mounted Huge Pages File System.
[   33.228312] systemd[1]: Mounted POSIX Message Queue File System.
[   33.252032] systemd[1]: Mounted Kernel Debug File System.
[   33.270862] systemd[1]: Mounted Kernel Trace File System.
[   33.307576] systemd[1]: Finished Create List of Static Device Nodes.
[   33.315015] EXT4-fs (vda1): re-mounted 26c50908-598b-4e8e-871e-35718a3a1426 r/w. Quota mode: none.
[   33.349319] systemd[1]: Started Journal Service.
[   33.845943] alua: device handler registered
[   33.864978] emc: device handler registered
[   33.885875] rdac: device handler registered
[   33.911617] systemd-journald[595]: Received client request to flush runtime journal.
[   33.945114] systemd-journald[595]: File /var/log/journal/02c9a06a7911097a3b638c9756cf2e6e/system.journal corrupted or uncleanly shut down, renaming and replacing.
[   34.977350] loop0: detected capacity change from 0 to 130888
[   34.997281] loop1: detected capacity change from 0 to 130448
[   35.059238] loop2: detected capacity change from 0 to 229272
[   35.142937] loop3: detected capacity change from 0 to 178256
[   35.176826] loop4: detected capacity change from 0 to 82800
[   35.249855] loop5: detected capacity change from 0 to 79520
[   37.345462] parport_pc 00:02: reported by Plug and Play ACPI
[   37.354241] parport0: PC-style at 0x378, irq 7 [PCSPP,TRISTATE]
[   41.431735] ppdev: user-space parallel port driver
[   41.658598] kvm_intel: VM_EXIT_LOAD_IA32_PERF_GLOBAL_CTRL does not work properly. Using workaround
[   42.365947] audit: type=1400 audit(1736597429.264:2): apparmor="STATUS" operation="profile_load" profile="unconfined" name="lsb_release" pid=1281 comm="apparmor_parser"
[   42.370284] audit: type=1400 audit(1736597429.272:3): apparmor="STATUS" operation="profile_load" profile="unconfined" name="nvidia_modprobe" pid=1282 comm="apparmor_parser"
[   42.370497] audit: type=1400 audit(1736597429.272:4): apparmor="STATUS" operation="profile_load" profile="unconfined" name="nvidia_modprobe//kmod" pid=1282 comm="apparmor_parser"
[   42.372480] audit: type=1400 audit(1736597429.272:5): apparmor="STATUS" operation="profile_load" profile="unconfined" name="swtpm" pid=1285 comm="apparmor_parser"
[   42.376463] audit: type=1400 audit(1736597429.276:6): apparmor="STATUS" operation="profile_load" profile="unconfined" name="/usr/bin/man" pid=1284 comm="apparmor_parser"
[   42.376698] audit: type=1400 audit(1736597429.276:7): apparmor="STATUS" operation="profile_load" profile="unconfined" name="man_filter" pid=1284 comm="apparmor_parser"
[   42.377064] audit: type=1400 audit(1736597429.276:8): apparmor="STATUS" operation="profile_load" profile="unconfined" name="man_groff" pid=1284 comm="apparmor_parser"
[   42.387250] audit: type=1400 audit(1736597429.288:9): apparmor="STATUS" operation="profile_load" profile="unconfined" name="tcpdump" pid=1286 comm="apparmor_parser"
[   42.390678] audit: type=1400 audit(1736597429.292:10): apparmor="STATUS" operation="profile_load" profile="unconfined" name="virt-aa-helper" pid=1287 comm="apparmor_parser"
[   42.401325] audit: type=1400 audit(1736597429.300:11): apparmor="STATUS" operation="profile_load" profile="unconfined" name="/usr/lib/snapd/snap-confine" pid=1288 comm="apparmor_parser"
[   43.955945] RPC: Registered named UNIX socket transport module.
[   43.955988] RPC: Registered udp transport module.
[   43.956018] RPC: Registered tcp transport module.
[   43.956032] RPC: Registered tcp-with-tls transport module.
[   43.956047] RPC: Registered tcp NFSv4.1 backchannel transport module.
[   48.239406] loop6: detected capacity change from 0 to 8
[   57.349307] netfs: FS-Cache loaded
[   58.674021] NFS: Registering the id_resolver key type
[   58.674296] Key type id_resolver registered
[   58.674308] Key type id_legacy registered
[   81.140960] cbd: loading out-of-tree module taints kernel.
[   88.232891] cbd: backend_validate:554 cbd_transport0: duplicated backend path: /dev/sda with backend_id: 0
[   90.031328] cbd: backend_validate:544 cbd_transport0: found backend_id: 0 for host_id: 1, path: /dev/sda
[   90.039937] cbd: cbd_backend_init:394 cbd_transport0: attach backend to backend_id: 0
[  126.609083] cbd: cache_validate:304 cbd_transport0: n_paral 1 requires cache size (167772160), more than current (16777216).
[  132.300957] cbd: backend_open_bdev:284 cbd_transport0: backend0: failed to open bdev: -2
[  135.079702] cbd: cache_validate:311 cbd_transport0: too large cache_segs: 32768, segment_num: 1405
[  143.971248] ==== end /root/avocado/job-results/job-2025-01-09T22.24-1680aba/test-results/216-._cbdctrl.py_CbdctrlTest.test_run-cache_data_crc-enable-cache_for_xfstests-no_cache-channel_crc-channel_data_crc-disable-host_mode-multi_host-multihost-test_script-backend-7b43 ==== 
