[    0.000000] Linux version 6.13.0-rc5+ (root@ubuntu-22-04-server) (gcc (Ubuntu 11.4.0-1ubuntu1~22.04) 11.4.0, GNU ld (GNU Binutils for Ubuntu) 2.38) #2 SMP PREEMPT_DYNAMIC Fri Jan  3 15:43:06 CST 2025
[    0.000000] Command line: intremap=off console=ttyS0,115200 nokaslr root=/dev/vda1 crashkernel=1G-:2G
[    0.000000] KERNEL supported cpus:
[    0.000000]   Intel GenuineIntel
[    0.000000]   AMD AuthenticAMD
[    0.000000]   Hygon HygonGenuine
[    0.000000]   Centaur CentaurHauls
[    0.000000]   zhaoxin   Shanghai  
[    0.000000] BIOS-provided physical RAM map:
[    0.000000] BIOS-e820: [mem 0x0000000000000000-0x000000000009fbff] usable
[    0.000000] BIOS-e820: [mem 0x000000000009fc00-0x000000000009ffff] reserved
[    0.000000] BIOS-e820: [mem 0x00000000000f0000-0x00000000000fffff] reserved
[    0.000000] BIOS-e820: [mem 0x0000000000100000-0x000000007ffd9fff] usable
[    0.000000] BIOS-e820: [mem 0x000000007ffda000-0x000000007fffffff] reserved
[    0.000000] BIOS-e820: [mem 0x00000000b0000000-0x00000000bfffffff] reserved
[    0.000000] BIOS-e820: [mem 0x00000000fed1c000-0x00000000fed1ffff] reserved
[    0.000000] BIOS-e820: [mem 0x00000000feffc000-0x00000000feffffff] reserved
[    0.000000] BIOS-e820: [mem 0x00000000fffc0000-0x00000000ffffffff] reserved
[    0.000000] BIOS-e820: [mem 0x0000000100000000-0x000000037fffffff] usable
[    0.000000] NX (Execute Disable) protection: active
[    0.000000] APIC: Static calls initialized
[    0.000000] SMBIOS 2.8 present.
[    0.000000] DMI: QEMU Standard PC (Q35 + ICH9, 2009), BIOS rel-1.16.3-0-ga6ed6b701f0a-prebuilt.qemu.org 04/01/2014
[    0.000000] DMI: Memory slots populated: 1/1
[    0.000000] Hypervisor detected: KVM
[    0.000000] kvm-clock: Using msrs 4b564d01 and 4b564d00
[    0.000008] kvm-clock: using sched offset of 3390679146 cycles
[    0.000022] clocksource: kvm-clock: mask: 0xffffffffffffffff max_cycles: 0x1cd42e4dffb, max_idle_ns: 881590591483 ns
[    0.000065] tsc: Detected 2933.436 MHz processor
[    0.002411] e820: update [mem 0x00000000-0x00000fff] usable ==> reserved
[    0.002419] e820: remove [mem 0x000a0000-0x000fffff] usable
[    0.002432] last_pfn = 0x380000 max_arch_pfn = 0x400000000
[    0.003036] MTRR map: 4 entries (3 fixed + 1 variable; max 19), built from 8 variable MTRRs
[    0.003070] x86/PAT: Configuration [0-7]: WB  WC  UC- UC  WB  WP  UC- WT  
[    0.003840] last_pfn = 0x7ffda max_arch_pfn = 0x400000000
[    0.015440] found SMP MP-table at [mem 0x000f5450-0x000f545f]
[    0.015601] Using GB pages for direct mapping
[    0.017340] RAMDISK: [mem 0x79e18000-0x7ffcffff]
[    0.017424] ACPI: Early table checksum verification disabled
[    0.017541] ACPI: RSDP 0x00000000000F5220 000014 (v00 BOCHS )
[    0.017594] ACPI: RSDT 0x000000007FFE3D96 000040 (v01 BOCHS  BXPC     00000001 BXPC 00000001)
[    0.017649] ACPI: FACP 0x000000007FFE25E7 0000F4 (v03 BOCHS  BXPC     00000001 BXPC 00000001)
[    0.017680] ACPI: DSDT 0x000000007FFDF040 0035A7 (v01 BOCHS  BXPC     00000001 BXPC 00000001)
[    0.017697] ACPI: FACS 0x000000007FFDF000 000040
[    0.017707] ACPI: APIC 0x000000007FFE26DB 000170 (v03 BOCHS  BXPC     00000001 BXPC 00000001)
[    0.017717] ACPI: HPET 0x000000007FFE284B 000038 (v01 BOCHS  BXPC     00000001 BXPC 00000001)
[    0.017727] ACPI: SRAT 0x000000007FFE2883 0002D0 (v01 BOCHS  BXPC     00000001 BXPC 00000001)
[    0.017737] ACPI: MCFG 0x000000007FFE2B53 00003C (v01 BOCHS  BXPC     00000001 BXPC 00000001)
[    0.017748] ACPI: SSDT 0x000000007FFE2B8F 0011DF (v01 BOCHS  NVDIMM   00000001 BXPC 00000001)
[    0.017758] ACPI: WAET 0x000000007FFE3D6E 000028 (v01 BOCHS  BXPC     00000001 BXPC 00000001)
[    0.017765] ACPI: Reserving FACP table memory at [mem 0x7ffe25e7-0x7ffe26da]
[    0.017769] ACPI: Reserving DSDT table memory at [mem 0x7ffdf040-0x7ffe25e6]
[    0.017772] ACPI: Reserving FACS table memory at [mem 0x7ffdf000-0x7ffdf03f]
[    0.017774] ACPI: Reserving APIC table memory at [mem 0x7ffe26db-0x7ffe284a]
[    0.017777] ACPI: Reserving HPET table memory at [mem 0x7ffe284b-0x7ffe2882]
[    0.017779] ACPI: Reserving SRAT table memory at [mem 0x7ffe2883-0x7ffe2b52]
[    0.017781] ACPI: Reserving MCFG table memory at [mem 0x7ffe2b53-0x7ffe2b8e]
[    0.017784] ACPI: Reserving SSDT table memory at [mem 0x7ffe2b8f-0x7ffe3d6d]
[    0.017786] ACPI: Reserving WAET table memory at [mem 0x7ffe3d6e-0x7ffe3d95]
[    0.018232] ACPI: SRAT: Node 0 PXM 0 [mem 0x00000000-0x0009ffff]
[    0.018239] ACPI: SRAT: Node 0 PXM 0 [mem 0x00100000-0x7fffffff]
[    0.018242] ACPI: SRAT: Node 0 PXM 0 [mem 0x100000000-0x37fffffff]
[    0.018246] ACPI: SRAT: Node 0 PXM 0 [mem 0x380000000-0x1bffffffff] hotplug
[    0.018259] NUMA: Node 0 [mem 0x00001000-0x0009ffff] + [mem 0x00100000-0x7fffffff] -> [mem 0x00001000-0x7fffffff]
[    0.018264] NUMA: Node 0 [mem 0x00001000-0x7fffffff] + [mem 0x100000000-0x37fffffff] -> [mem 0x00001000-0x37fffffff]
[    0.018293] NODE_DATA(0) allocated [mem 0x37ffd3700-0x37fffdfff]
[    0.018726] crashkernel low memory reserved: 0x69000000 - 0x79000000 (256 MB)
[    0.018732] crashkernel reserved: 0x00000002ff000000 - 0x000000037f000000 (2048 MB)
[    0.018906] Zone ranges:
[    0.018909]   DMA      [mem 0x0000000000001000-0x0000000000ffffff]
[    0.018913]   DMA32    [mem 0x0000000001000000-0x00000000ffffffff]
[    0.018917]   Normal   [mem 0x0000000100000000-0x000000037fffffff]
[    0.018920]   Device   empty
[    0.018922] Movable zone start for each node
[    0.018926] Early memory node ranges
[    0.018927]   node   0: [mem 0x0000000000001000-0x000000000009efff]
[    0.018935]   node   0: [mem 0x0000000000100000-0x000000007ffd9fff]
[    0.018938]   node   0: [mem 0x0000000100000000-0x000000037fffffff]
[    0.018942] Initmem setup node 0 [mem 0x0000000000001000-0x000000037fffffff]
[    0.024788] On node 0, zone DMA: 1 pages in unavailable ranges
[    0.025111] On node 0, zone DMA: 97 pages in unavailable ranges
[    0.339135] On node 0, zone Normal: 38 pages in unavailable ranges
[    1.791263] kasan: KernelAddressSanitizer initialized
[    1.798921] ACPI: PM-Timer IO Port: 0x608
[    1.799056] ACPI: LAPIC_NMI (acpi_id[0xff] dfl dfl lint[0x1])
[    1.799535] IOAPIC[0]: apic_id 0, version 17, address 0xfec00000, GSI 0-23
[    1.799554] ACPI: INT_SRC_OVR (bus 0 bus_irq 0 global_irq 2 dfl dfl)
[    1.799560] ACPI: INT_SRC_OVR (bus 0 bus_irq 5 global_irq 5 high level)
[    1.799563] ACPI: INT_SRC_OVR (bus 0 bus_irq 9 global_irq 9 high level)
[    1.799575] ACPI: INT_SRC_OVR (bus 0 bus_irq 10 global_irq 10 high level)
[    1.799578] ACPI: INT_SRC_OVR (bus 0 bus_irq 11 global_irq 11 high level)
[    1.799594] ACPI: Using ACPI (MADT) for SMP configuration information
[    1.799598] ACPI: HPET id: 0x8086a201 base: 0xfed00000
[    1.799617] TSC deadline timer available
[    1.799630] CPU topo: Max. logical packages:   2
[    1.799632] CPU topo: Max. logical dies:       2
[    1.799634] CPU topo: Max. dies per package:   1
[    1.799641] CPU topo: Max. threads per core:   2
[    1.799644] CPU topo: Num. cores per package:     8
[    1.799646] CPU topo: Num. threads per package:  16
[    1.799647] CPU topo: Allowing 32 present CPUs plus 0 hotplug CPUs
[    1.799790] kvm-guest: APIC: eoi() replaced with kvm_guest_apic_eoi_write()
[    1.799912] kvm-guest: KVM setup pv remote TLB flush
[    1.799970] kvm-guest: setup PV sched yield
[    1.800139] PM: hibernation: Registered nosave memory: [mem 0x00000000-0x00000fff]
[    1.800146] PM: hibernation: Registered nosave memory: [mem 0x0009f000-0x0009ffff]
[    1.800149] PM: hibernation: Registered nosave memory: [mem 0x000a0000-0x000effff]
[    1.800151] PM: hibernation: Registered nosave memory: [mem 0x000f0000-0x000fffff]
[    1.800156] PM: hibernation: Registered nosave memory: [mem 0x7ffda000-0x7fffffff]
[    1.800159] PM: hibernation: Registered nosave memory: [mem 0x80000000-0xafffffff]
[    1.800161] PM: hibernation: Registered nosave memory: [mem 0xb0000000-0xbfffffff]
[    1.800163] PM: hibernation: Registered nosave memory: [mem 0xc0000000-0xfed1bfff]
[    1.800165] PM: hibernation: Registered nosave memory: [mem 0xfed1c000-0xfed1ffff]
[    1.800167] PM: hibernation: Registered nosave memory: [mem 0xfed20000-0xfeffbfff]
[    1.800169] PM: hibernation: Registered nosave memory: [mem 0xfeffc000-0xfeffffff]
[    1.800171] PM: hibernation: Registered nosave memory: [mem 0xff000000-0xfffbffff]
[    1.800173] PM: hibernation: Registered nosave memory: [mem 0xfffc0000-0xffffffff]
[    1.800196] [mem 0xc0000000-0xfed1bfff] available for PCI devices
[    1.800205] Booting paravirtualized kernel on KVM
[    1.800213] clocksource: refined-jiffies: mask: 0xffffffff max_cycles: 0xffffffff, max_idle_ns: 7645519600211568 ns
[    1.800287] setup_percpu: NR_CPUS:8192 nr_cpumask_bits:32 nr_cpu_ids:32 nr_node_ids:1
[    1.907704] percpu: Embedded 532 pages/cpu s2142208 r8192 d28672 u4194304
[    1.907765] pcpu-alloc: s2142208 r8192 d28672 u4194304 alloc=2*2097152
[    1.907772] pcpu-alloc: [0] 00 [0] 01 [0] 02 [0] 03 [0] 04 [0] 05 [0] 06 [0] 07 
[    1.907792] pcpu-alloc: [0] 08 [0] 09 [0] 10 [0] 11 [0] 12 [0] 13 [0] 14 [0] 15 
[    1.907811] pcpu-alloc: [0] 16 [0] 17 [0] 18 [0] 19 [0] 20 [0] 21 [0] 22 [0] 23 
[    1.907829] pcpu-alloc: [0] 24 [0] 25 [0] 26 [0] 27 [0] 28 [0] 29 [0] 30 [0] 31 
[    1.908154] kvm-guest: PV spinlocks enabled
[    1.908176] PV qspinlock hash table entries: 256 (order: 0, 4096 bytes, linear)
[    1.908204] Kernel command line: intremap=off console=ttyS0,115200 nokaslr root=/dev/vda1 crashkernel=1G-:2G
[    1.908483] Unknown kernel command line parameters "nokaslr", will be passed to user space.
[    1.908516] printk: log buffer data + meta data: 262144 + 917504 = 1179648 bytes
[    1.928350] Dentry cache hash table entries: 2097152 (order: 12, 16777216 bytes, linear)
[    1.933118] Inode-cache hash table entries: 1048576 (order: 11, 8388608 bytes, linear)
[    1.937673] Fallback order for Node 0: 0 
[    1.937704] Built 1 zonelists, mobility grouping on.  Total pages: 3145592
[    1.937708] Policy zone: Normal
[    1.937771] mem auto-init: stack:off, heap alloc:on, heap free:off
[    1.937782] stackdepot: allocating hash table via alloc_large_system_hash
[    1.937793] stackdepot hash table entries: 1048576 (order: 12, 16777216 bytes, linear)
[    1.946225] software IO TLB: area num 32.
[    2.703730] SLUB: HWalign=64, Order=0-3, MinObjects=0, CPUs=32, Nodes=1
[    2.705137] Kernel/User page tables isolation: enabled
[    2.706022] ftrace: allocating 52416 entries in 205 pages
[    3.026277] ftrace: allocated 205 pages with 5 groups
[    3.033495] Dynamic Preempt: voluntary
[    3.040901] Running RCU self tests
[    3.040904] Running RCU synchronous self tests
[    3.040966] rcu: Preemptible hierarchical RCU implementation.
[    3.040968] rcu: 	RCU lockdep checking is enabled.
[    3.040970] rcu: 	RCU restricting CPUs from NR_CPUS=8192 to nr_cpu_ids=32.
[    3.040974] 	Trampoline variant of Tasks RCU enabled.
[    3.040976] 	Rude variant of Tasks RCU enabled.
[    3.040977] 	Tracing variant of Tasks RCU enabled.
[    3.040979] rcu: RCU calculated value of scheduler-enlistment delay is 25 jiffies.
[    3.040981] rcu: Adjusting geometry for rcu_fanout_leaf=16, nr_cpu_ids=32
[    3.041663] Running RCU synchronous self tests
[    3.041696] RCU Tasks: Setting shift to 5 and lim to 1 rcu_task_cb_adjust=1 rcu_task_cpu_ids=32.
[    3.041722] RCU Tasks Rude: Setting shift to 5 and lim to 1 rcu_task_cb_adjust=1 rcu_task_cpu_ids=32.
[    3.041748] RCU Tasks Trace: Setting shift to 5 and lim to 1 rcu_task_cb_adjust=1 rcu_task_cpu_ids=32.
[    3.098154] NR_IRQS: 524544, nr_irqs: 680, preallocated irqs: 16
[    3.100322] rcu: srcu_init: Setting srcu_struct sizes based on contention.
[    3.206363] Console: colour VGA+ 80x25
[    3.206795] printk: legacy console [ttyS0] enabled
[    4.732496] Lock dependency validator: Copyright (c) 2006 Red Hat, Inc., Ingo Molnar
[    4.749052] ... MAX_LOCKDEP_SUBCLASSES:  8
[    4.757988] ... MAX_LOCK_DEPTH:          48
[    4.766947] ... MAX_LOCKDEP_KEYS:        8192
[    4.776303] ... CLASSHASH_SIZE:          4096
[    4.785687] ... MAX_LOCKDEP_ENTRIES:     32768
[    4.795201] ... MAX_LOCKDEP_CHAINS:      65536
[    4.804782] ... CHAINHASH_SIZE:          32768
[    4.814337]  memory used by lock dependency info: 6941 kB
[    4.826037]  memory used for stack traces: 4224 kB
[    4.836345]  per task-struct memory footprint: 2688 bytes
[    4.846862] ACPI: Core revision 20240827
[    4.858764] clocksource: hpet: mask: 0xffffffff max_cycles: 0xffffffff, max_idle_ns: 19112604467 ns
[    4.879875] APIC: Switch to symmetric I/O mode setup
[    4.894693] x2apic enabled
[    4.904926] APIC: Switched APIC routing to: physical x2apic
[    4.917288] kvm-guest: APIC: send_IPI_mask() replaced with kvm_send_ipi_mask()
[    4.933094] kvm-guest: APIC: send_IPI_mask_allbutself() replaced with kvm_send_ipi_mask_allbutself()
[    4.953202] kvm-guest: setup PV IPIs
[    4.977723] ..TIMER: vector=0x30 apic1=0 pin1=2 apic2=-1 pin2=-1
[    4.991830] clocksource: tsc-early: mask: 0xffffffffffffffff max_cycles: 0x2a48a50322c, max_idle_ns: 440795287943 ns
[    5.014071] Calibrating delay loop (skipped) preset value.. 5866.87 BogoMIPS (lpj=11733744)
[    5.019743] x86/cpu: User Mode Instruction Prevention (UMIP) activated
[    5.027244] Last level iTLB entries: 4KB 0, 2MB 0, 4MB 0
[    5.030062] Last level dTLB entries: 4KB 0, 2MB 0, 4MB 0, 1GB 0
[    5.034160] Spectre V1 : Mitigation: usercopy/swapgs barriers and __user pointer sanitization
[    5.038064] Spectre V2 : Mitigation: Retpolines
[    5.042062] Spectre V2 : Spectre v2 / SpectreRSB mitigation: Filling RSB on context switch
[    5.046125] Spectre V2 : Spectre v2 / SpectreRSB : Filling RSB on VMEXIT
[    5.050062] Spectre V2 : Enabling Restricted Speculation for firmware calls
[    5.054074] Spectre V2 : mitigation: Enabling conditional Indirect Branch Prediction Barrier
[    5.058062] Spectre V2 : User space: Mitigation: STIBP via prctl
[    5.062063] Speculative Store Bypass: Mitigation: Speculative Store Bypass disabled via prctl
[    5.066118] MDS: Vulnerable: Clear CPU buffers attempted, no microcode
[    5.070062] MMIO Stale Data: Unknown: No mitigations
[    5.074092] x86/fpu: x87 FPU will use FXSAVE
[    5.134170] Freeing SMP alternatives memory: 40K
[    5.138069] pid_max: default: 32768 minimum: 301
[    5.148185] LSM: initializing lsm=lockdown,capability,landlock,yama,apparmor,ima,evm
[    5.151087] landlock: Up and running.
[    5.154121] Yama: becoming mindful.
[    5.159465] AppArmor: AppArmor initialized
[    5.168703] Mount-cache hash table entries: 32768 (order: 6, 262144 bytes, linear)
[    5.170357] Mountpoint-cache hash table entries: 32768 (order: 6, 262144 bytes, linear)
[    5.185856] Running RCU synchronous self tests
[    5.186070] Running RCU synchronous self tests
[    5.195690] smpboot: CPU0: Intel Westmere E56xx/L56xx/X56xx (IBRS update) (family: 0x6, model: 0x2c, stepping: 0x1)
[    5.216202] Running RCU Tasks wait API self tests
[    5.322235] Running RCU Tasks Rude wait API self tests
[    5.326090] Running RCU Tasks Trace wait API self tests
[    5.330293] Performance Events: unsupported p6 CPU model 44 no PMU driver, software events only.
[    5.334609] signal: max sigframe size: 1440
[    5.338191] Callback from call_rcu_tasks_trace() invoked.
[    5.342815] rcu: Hierarchical SRCU implementation.
[    5.346099] rcu: 	Max phase no-delay instances is 1000.
[    5.351441] Timer migration: 2 hierarchy levels; 8 children per group; 2 crossnode level
[    5.366267] NMI watchdog: Perf NMI watchdog permanently disabled
[    5.382162] smp: Bringing up secondary CPUs ...
[    5.395369] smpboot: x86: Booting SMP configuration:
[    5.398134] .... node  #0, CPUs:        #2  #4  #6  #8 #10 #12 #14 #16 #18 #20 #22 #24 #26 #28 #30
[    5.538225] Callback from call_rcu_tasks() invoked.
[    5.623563]   #1  #3  #5  #7  #9 #11 #13 #15 #17 #19 #21 #23 #25 #27 #29 #31
[    5.767418] MDS CPU bug present and SMT on, data leak possible. See https://www.kernel.org/doc/html/latest/admin-guide/hw-vuln/mds.html for more details.
[    5.855471] smp: Brought up 1 node, 32 CPUs
[    5.858098] smpboot: Total of 32 processors activated (187739.90 BogoMIPS)
[    5.892971] Memory: 7997952K/12582368K available (53248K kernel code, 16294K rwdata, 13000K rodata, 9908K init, 22736K bss, 4537656K reserved, 0K cma-reserved)
[    5.899494] devtmpfs: initialized
[    5.903376] x86/mm: Memory block size: 128MB
[    5.991691] Running RCU synchronous self tests
[    5.994159] Running RCU synchronous self tests
[    5.998694] clocksource: jiffies: mask: 0xffffffff max_cycles: 0xffffffff, max_idle_ns: 7645041785100000 ns
[    6.003006] futex hash table entries: 8192 (order: 8, 1048576 bytes, linear)
[    6.010051] pinctrl core: initialized pinctrl subsystem
[    6.014041] PM: RTC time: 01:36:53, date: 2025-01-11
[    6.023927] NET: Registered PF_NETLINK/PF_ROUTE protocol family
[    6.030702] DMA: preallocated 1024 KiB GFP_KERNEL pool for atomic allocations
[    6.034402] DMA: preallocated 1024 KiB GFP_KERNEL|GFP_DMA pool for atomic allocations
[    6.038359] DMA: preallocated 1024 KiB GFP_KERNEL|GFP_DMA32 pool for atomic allocations
[    6.042870] audit: initializing netlink subsys (disabled)
[    6.047332] audit: type=2000 audit(1736559411.560:1): state=initialized audit_enabled=0 res=1
[    6.053576] thermal_sys: Registered thermal governor 'fair_share'
[    6.054177] thermal_sys: Registered thermal governor 'bang_bang'
[    6.058098] thermal_sys: Registered thermal governor 'step_wise'
[    6.062094] thermal_sys: Registered thermal governor 'user_space'
[    6.066093] thermal_sys: Registered thermal governor 'power_allocator'
[    6.070464] EISA bus registered
[    6.078499] cpuidle: using governor ladder
[    6.082413] cpuidle: using governor menu
[    6.088218] acpiphp: ACPI Hot Plug PCI Controller Driver version: 0.5
[    6.093946] PCI: ECAM [mem 0xb0000000-0xbfffffff] (base 0xb0000000) for domain 0000 [bus 00-ff]
[    6.094098] PCI: ECAM [mem 0xb0000000-0xbfffffff] reserved as E820 entry
[    6.162123] PCI: Using configuration type 1 for base access
[    6.168311] kprobes: kprobe jump-optimization is enabled. All kprobes are optimized if possible.
[    6.179985] HugeTLB: registered 1.00 GiB page size, pre-allocated 0 pages
[    6.182095] HugeTLB: 16380 KiB vmemmap can be freed for a 1.00 GiB page
[    6.186092] HugeTLB: registered 2.00 MiB page size, pre-allocated 0 pages
[    6.190090] HugeTLB: 28 KiB vmemmap can be freed for a 2.00 MiB page
[    6.263330] ACPI: Added _OSI(Module Device)
[    6.266097] ACPI: Added _OSI(Processor Device)
[    6.270092] ACPI: Added _OSI(3.0 _SCP Extensions)
[    6.274092] ACPI: Added _OSI(Processor Aggregator Device)
[    6.524498] ACPI: 2 ACPI AML tables successfully acquired and loaded
[    6.592607] ACPI: Interpreter enabled
[    6.602938] ACPI: PM: (supports S0 S3 S4 S5)
[    6.606133] ACPI: Using IOAPIC for interrupt routing
[    6.611773] PCI: Using host bridge windows from ACPI; if necessary, use "pci=nocrs" and report a bug
[    6.614104] PCI: Using E820 reservations for host bridge windows
[    6.626882] ACPI: Enabled 4 GPEs in block 00 to 3F
[    7.127091] ACPI: PCI Root Bridge [PCI0] (domain 0000 [bus 00-ff])
[    7.142276] acpi PNP0A08:00: _OSC: OS supports [ExtendedConfig ASPM ClockPM Segments MSI EDR HPX-Type3]
[    7.167050] acpi PNP0A08:00: _OSC: platform does not support [PCIeHotplug LTR DPC]
[    7.192226] acpi PNP0A08:00: _OSC: OS now controls [SHPCHotplug PME AER PCIeCapability]
[    7.215506] PCI host bridge to bus 0000:00
[    7.223200] pci_bus 0000:00: root bus resource [io  0x0000-0x0cf7 window]
[    7.234655] pci_bus 0000:00: root bus resource [io  0x0d00-0xffff window]
[    7.246110] pci_bus 0000:00: root bus resource [mem 0x000a0000-0x000bffff window]
[    7.258114] pci_bus 0000:00: root bus resource [mem 0x80000000-0xafffffff window]
[    7.270110] pci_bus 0000:00: root bus resource [mem 0xc0000000-0xfebfffff window]
[    7.282119] pci_bus 0000:00: root bus resource [mem 0x1c00000000-0x23ffffffff window]
[    7.298126] pci_bus 0000:00: root bus resource [bus 00-ff]
[    7.310787] pci 0000:00:00.0: [8086:29c0] type 00 class 0x060000 conventional PCI endpoint
[    7.331727] pci 0000:00:01.0: [1234:1111] type 00 class 0x030000 conventional PCI endpoint
[    7.386051] pci 0000:00:01.0: BAR 0 [mem 0xfd000000-0xfdffffff pref]
[    7.430879] pci 0000:00:01.0: BAR 2 [mem 0xfea50000-0xfea50fff]
[    7.472804] pci 0000:00:01.0: ROM [mem 0xfea40000-0xfea4ffff pref]
[    7.491614] pci 0000:00:01.0: Video device with shadowed ROM at [mem 0x000c0000-0x000dffff]
[    7.506119] pci 0000:00:01.0: pci_fixup_video+0x0/0x2d0 took 15625 usecs
[    7.530532] pci 0000:00:02.0: [1af4:1000] type 00 class 0x020000 conventional PCI endpoint
[    7.549011] pci 0000:00:02.0: BAR 0 [io  0xc040-0xc05f]
[    7.561263] pci 0000:00:02.0: BAR 1 [mem 0xfea51000-0xfea51fff]
[    7.582362] pci 0000:00:02.0: BAR 4 [mem 0xfe200000-0xfe203fff 64bit pref]
[    7.599971] pci 0000:00:02.0: ROM [mem 0xfea00000-0xfea3ffff pref]
[    7.620831] pci 0000:00:03.0: [1b36:000c] type 01 class 0x060400 PCIe Root Port
[    7.645288] pci 0000:00:03.0: BAR 0 [mem 0xfea52000-0xfea52fff]
[    7.670197] pci 0000:00:03.0: PCI bridge to [bus 01]
[    7.678576] pci 0000:00:03.0:   bridge window [mem 0xfe800000-0xfe9fffff]
[    7.698476] pci 0000:00:03.0:   bridge window [mem 0xfe000000-0xfe1fffff 64bit pref]
[    7.728520] pci 0000:00:04.0: [1af4:105b] type 00 class 0x00ff00 conventional PCI endpoint
[    7.748696] pci 0000:00:04.0: BAR 4 [mem 0xfe204000-0xfe207fff 64bit pref]
[    7.909863] pci 0000:00:1f.0: [8086:2918] type 00 class 0x060100 conventional PCI endpoint
[    7.931980] pci 0000:00:1f.0: quirk: [io  0x0600-0x067f] claimed by ICH6 ACPI/GPIO/TCO
[    7.946605] pci 0000:00:1f.0: quirk_ich7_lpc+0x0/0x1d0 took 15625 usecs
[    7.963585] pci 0000:00:1f.2: [8086:2922] type 00 class 0x010601 conventional PCI endpoint
[    7.994133] pci 0000:00:1f.2: BAR 4 [io  0xc060-0xc07f]
[    8.003684] pci 0000:00:1f.2: BAR 5 [mem 0xfea53000-0xfea53fff]
[    8.022958] pci 0000:00:1f.3: [8086:2930] type 00 class 0x0c0500 conventional PCI endpoint
[    8.044615] pci 0000:00:1f.3: BAR 4 [io  0x0700-0x073f]
[    8.071855] acpiphp: Slot [0] registered
[    8.080366] pci 0000:01:00.0: [1af4:1042] type 00 class 0x010000 PCIe Endpoint
[    8.109838] pci 0000:01:00.0: BAR 1 [mem 0xfe800000-0xfe800fff]
[    8.137434] pci 0000:01:00.0: BAR 4 [mem 0xfe000000-0xfe003fff 64bit pref]
[    8.247164] pci 0000:00:03.0: PCI bridge to [bus 01]
[    8.271849] ACPI: PCI: Interrupt link LNKA configured for IRQ 10
[    8.279647] ACPI: PCI: Interrupt link LNKB configured for IRQ 10
[    8.286824] ACPI: PCI: Interrupt link LNKC configured for IRQ 11
[    8.295386] ACPI: PCI: Interrupt link LNKD configured for IRQ 11
[    8.302763] ACPI: PCI: Interrupt link LNKE configured for IRQ 10
[    8.311454] ACPI: PCI: Interrupt link LNKF configured for IRQ 10
[    8.319387] ACPI: PCI: Interrupt link LNKG configured for IRQ 11
[    8.326575] ACPI: PCI: Interrupt link LNKH configured for IRQ 11
[    8.331444] ACPI: PCI: Interrupt link GSIA configured for IRQ 16
[    8.334698] ACPI: PCI: Interrupt link GSIB configured for IRQ 17
[    8.338680] ACPI: PCI: Interrupt link GSIC configured for IRQ 18
[    8.342655] ACPI: PCI: Interrupt link GSID configured for IRQ 19
[    8.346716] ACPI: PCI: Interrupt link GSIE configured for IRQ 20
[    8.350674] ACPI: PCI: Interrupt link GSIF configured for IRQ 21
[    8.354666] ACPI: PCI: Interrupt link GSIG configured for IRQ 22
[    8.358669] ACPI: PCI: Interrupt link GSIH configured for IRQ 23
[    8.501649] iommu: Default domain type: Translated
[    8.502430] iommu: DMA domain TLB invalidation policy: lazy mode
[    8.524883] SCSI subsystem initialized
[    8.527590] libata version 3.00 loaded.
[    8.528448] ACPI: bus type USB registered
[    8.531176] usbcore: registered new interface driver usbfs
[    8.534551] usbcore: registered new interface driver hub
[    8.538677] usbcore: registered new device driver usb
[    8.543595] pps_core: LinuxPPS API ver. 1 registered
[    8.546159] pps_core: Software ver. 5.3.6 - Copyright 2005-2007 Rodolfo Giometti <giometti@linux.it>
[    8.550296] PTP clock support registered
[    8.556082] EDAC MC: Ver: 3.0.0
[    8.582027] NetLabel: Initializing
[    8.582091] NetLabel:  domain hash size = 128
[    8.586090] NetLabel:  protocols = UNLABELED CIPSOv4 CALIPSO
[    8.591017] NetLabel:  unlabeled traffic allowed by default
[    8.598680] PCI: Using ACPI for IRQ routing
[   10.637041] PCI: pci_cache_line_size set to 64 bytes
[   10.638879] e820: reserve RAM buffer [mem 0x0009fc00-0x0009ffff]
[   10.639020] e820: reserve RAM buffer [mem 0x7ffda000-0x7fffffff]
[   10.640549] pci 0000:00:01.0: vgaarb: setting as boot VGA device
[   10.642051] pci 0000:00:01.0: vgaarb: bridge control possible
[   10.642051] pci 0000:00:01.0: vgaarb: VGA device added: decodes=io+mem,owns=io+mem,locks=none
[   10.642142] vgaarb: loaded
[   10.647489] hpet0: at MMIO 0xfed00000, IRQs 2, 8, 0
[   10.650107] hpet0: 3 comparators, 64-bit 100.000000 MHz counter
[   10.678620] clocksource: Switched to clocksource kvm-clock
[   10.698218] VFS: Disk quotas dquot_6.6.0
[   10.704937] VFS: Dquot-cache hash table entries: 512 (order 0, 4096 bytes)
[   10.724463] AppArmor: AppArmor Filesystem Enabled
[   10.732664] pnp: PnP ACPI init
[   10.746599] system 00:05: [mem 0xb0000000-0xbfffffff window] has been reserved
[   10.790945] pnp: PnP ACPI: found 6 devices
[   10.881929] clocksource: acpi_pm: mask: 0xffffff max_cycles: 0xffffff, max_idle_ns: 2085701024 ns
[   10.898420] NET: Registered PF_INET protocol family
[   10.907867] IP idents hash table entries: 262144 (order: 9, 2097152 bytes, linear)
[   10.930731] tcp_listen_portaddr_hash hash table entries: 8192 (order: 7, 655360 bytes, linear)
[   10.944620] Table-perturb hash table entries: 65536 (order: 6, 262144 bytes, linear)
[   10.958727] TCP established hash table entries: 131072 (order: 8, 1048576 bytes, linear)
[   10.987173] TCP bind hash table entries: 65536 (order: 11, 10485760 bytes, vmalloc hugepage)
[   11.005591] TCP: Hash tables configured (established 131072 bind 65536)
[   11.022339] MPTCP token hash table entries: 16384 (order: 8, 1572864 bytes, linear)
[   11.038445] UDP hash table entries: 8192 (order: 9, 2490368 bytes, linear)
[   11.052911] UDP-Lite hash table entries: 8192 (order: 9, 2490368 bytes, linear)
[   11.069004] NET: Registered PF_UNIX/PF_LOCAL protocol family
[   11.078354] NET: Registered PF_XDP protocol family
[   11.086160] pci 0000:00:03.0: bridge window [io  0x1000-0x0fff] to [bus 01] add_size 1000
[   11.099131] pci 0000:00:03.0: bridge window [io  0x1000-0x1fff]: assigned
[   11.109933] pci 0000:00:03.0: PCI bridge to [bus 01]
[   11.117909] pci 0000:00:03.0:   bridge window [io  0x1000-0x1fff]
[   11.129164] pci 0000:00:03.0:   bridge window [mem 0xfe800000-0xfe9fffff]
[   11.140744] pci 0000:00:03.0:   bridge window [mem 0xfe000000-0xfe1fffff 64bit pref]
[   11.154385] pci_bus 0000:00: resource 4 [io  0x0000-0x0cf7 window]
[   11.164022] pci_bus 0000:00: resource 5 [io  0x0d00-0xffff window]
[   11.173419] pci_bus 0000:00: resource 6 [mem 0x000a0000-0x000bffff window]
[   11.183741] pci_bus 0000:00: resource 7 [mem 0x80000000-0xafffffff window]
[   11.194390] pci_bus 0000:00: resource 8 [mem 0xc0000000-0xfebfffff window]
[   11.204928] pci_bus 0000:00: resource 9 [mem 0x1c00000000-0x23ffffffff window]
[   11.217865] pci_bus 0000:01: resource 0 [io  0x1000-0x1fff]
[   11.226903] pci_bus 0000:01: resource 1 [mem 0xfe800000-0xfe9fffff]
[   11.236415] pci_bus 0000:01: resource 2 [mem 0xfe000000-0xfe1fffff 64bit pref]
[   11.248739] PCI: CLS 0 bytes, default 64
[   11.255814] PCI-DMA: Using software bounce buffering for IO (SWIOTLB)
[   11.259001] Trying to unpack rootfs image as initramfs...
[   11.266036] software IO TLB: mapped [mem 0x0000000065000000-0x0000000069000000] (64MB)
[   11.290518] clocksource: tsc: mask: 0xffffffffffffffff max_cycles: 0x2a48a50322c, max_idle_ns: 440795287943 ns
[   11.339561] Initialise system trusted keyrings
[   11.348566] Key type blacklist registered
[   11.358101] workingset: timestamp_bits=36 max_order=21 bucket_order=0
[   11.369138] zbud: loaded
[   11.390787] squashfs: version 4.0 (2009/01/31) Phillip Lougher
[   11.405935] fuse: init (API version 7.41)
[   11.417637] integrity: Platform Keyring initialized
[   11.449162] Key type asymmetric registered
[   11.456982] Asymmetric key parser 'x509' registered
[   11.467244] Block layer SCSI generic (bsg) driver version 0.4 loaded (major 243)
[   11.483345] io scheduler mq-deadline registered
[   11.525388] ledtrig-cpu: registered to indicate activity on CPUs
[   11.570456] ACPI: \_SB_.GSIH: Enabled at IRQ 23
[   11.591452] pcieport 0000:00:03.0: PME: Signaling with IRQ 24
[   11.605833] pcieport 0000:00:03.0: AER: enabled with IRQ 24
[   11.620385] shpchp: Standard Hot Plug PCI Controller Driver version: 0.4
[   11.636788] input: Power Button as /devices/LNXSYSTM:00/LNXPWRBN:00/input/input0
[   11.650802] ACPI: button: Power Button [PWRF]
[   11.767172] ACPI: \_SB_.GSIG: Enabled at IRQ 22
[   11.845184] ACPI: \_SB_.GSIE: Enabled at IRQ 20
[   11.912663] Serial: 8250/16550 driver, 32 ports, IRQ sharing enabled
[   11.978768] 00:03: ttyS0 at I/O 0x3f8 (irq = 4, base_baud = 115200) is a 16550A
[   12.126705] Linux agpgart interface v0.103
[   12.339829] loop: module loaded
[   12.358039] tun: Universal TUN/TAP device driver, 1.6
[   12.370214] PPP generic driver version 2.4.2
[   12.383164] VFIO - User Level meta-driver version: 0.3
[   12.397379] i8042: PNP: PS/2 Controller [PNP0303:KBD,PNP0f13:MOU] at 0x60,0x64 irq 1,12
[   12.421480] serio: i8042 KBD port at 0x60,0x64 irq 1
[   12.431990] serio: i8042 AUX port at 0x60,0x64 irq 12
[   12.444901] mousedev: PS/2 mouse device common for all mice
[   12.458752] rtc_cmos 00:04: RTC can wake from S4
[   12.470129] input: AT Translated Set 2 keyboard as /devices/platform/i8042/serio0/input/input1
[   12.483962] rtc_cmos 00:04: registered as rtc0
[   12.494149] rtc_cmos 00:04: setting system clock to 2025-01-11T01:37:01 UTC (1736559421)
[   12.512306] rtc_cmos 00:04: alarms up to one day, y3k, 242 bytes nvram, hpet irqs
[   12.527909] i2c_dev: i2c /dev entries driver
[   12.537174] device-mapper: core: CONFIG_IMA_DISABLE_HTABLE is disabled. Duplicate IMA measurements will not be recorded in the IMA log.
[   12.561352] device-mapper: uevent: version 1.0.3
[   12.573205] device-mapper: ioctl: 4.48.0-ioctl (2023-03-01) initialised: dm-devel@lists.linux.dev
[   12.591715] platform eisa.0: Probing EISA bus 0
[   12.600931] platform eisa.0: EISA: Cannot allocate resource for mainboard
[   12.614757] platform eisa.0: Cannot allocate resource for EISA slot 1
[   12.627747] platform eisa.0: Cannot allocate resource for EISA slot 2
[   12.638485] platform eisa.0: Cannot allocate resource for EISA slot 3
[   12.651424] platform eisa.0: Cannot allocate resource for EISA slot 4
[   12.664489] platform eisa.0: Cannot allocate resource for EISA slot 5
[   12.677655] platform eisa.0: Cannot allocate resource for EISA slot 6
[   12.690746] platform eisa.0: Cannot allocate resource for EISA slot 7
[   12.703708] platform eisa.0: Cannot allocate resource for EISA slot 8
[   12.716543] platform eisa.0: EISA: Detected 0 cards
[   12.726596] intel_pstate: CPU model not supported
[   12.739103] drop_monitor: Initializing network drop monitor service
[   12.754536] NET: Registered PF_INET6 protocol family
[   15.298042] Freeing initrd memory: 100064K
[   15.415633] Segment Routing with IPv6
[   15.422351] In-situ OAM (IOAM) with IPv6
[   15.429461] NET: Registered PF_PACKET protocol family
[   15.439427] Key type dns_resolver registered
[   15.503794] IPI shorthand broadcast: enabled
[   15.624531] registered taskstats version 1
[   15.662411] Loading compiled-in X.509 certificates
[   15.829525] Demotion targets for Node 0: null
[   15.841656] kmemleak: Kernel memory leak detector initialized (mem pool available: 14031)
[   15.841867] kmemleak: Automatic memory scanning thread started
[   15.859009] Key type .fscrypt registered
[   15.872374] Key type fscrypt-provisioning registered
[   15.956447] cryptd: module verification failed: signature and/or required key missing - tainting kernel
[   15.987933] cryptd: max_cpu_qlen set to 1000
[   16.197478] Key type encrypted registered
[   16.204246] AppArmor: AppArmor sha256 policy hashing enabled
[   16.213863] ima: No TPM chip found, activating TPM-bypass!
[   16.223366] Loading compiled-in module X.509 certificates
[   16.232260] ima: Allocated hash algorithm: sha1
[   16.240661] ima: No architecture policies found
[   16.249239] evm: Initialising EVM extended attributes:
[   16.257857] evm: security.selinux
[   16.263615] evm: security.SMACK64
[   16.269162] evm: security.SMACK64EXEC
[   16.275608] evm: security.SMACK64TRANSMUTE
[   16.282692] evm: security.SMACK64MMAP
[   16.288823] evm: security.apparmor
[   16.294774] evm: security.ima
[   16.299811] evm: security.capability
[   16.307221] evm: HMAC attrs: 0x1
[   16.328646] PM:   Magic number: 9:478:609
[   16.337581] node node0: hash matches
[   16.349418] RAS: Correctable Errors collector initialized.
[   16.363240] Unstable clock detected, switching default tracing clock to "global"
               If you want to keep using the local clock, then add:
                 "trace_clock=local"
               on the kernel command line
[   16.409230] clk: Disabling unused clocks
[   16.486713] Freeing unused decrypted memory: 2036K
[   16.521499] Freeing unused kernel image (initmem) memory: 9908K
[   16.537595] Write protecting the kernel read-only data: 67584k
[   16.552063] Freeing unused kernel image (rodata/data gap) memory: 1336K
[   16.628827] x86/mm: Checked W+X mappings: passed, no W+X pages found.
[   16.637102] x86/mm: Checking user space page tables
[   16.705446] x86/mm: Checked W+X mappings: passed, no W+X pages found.
[   16.714054] Run /init as init process
[   16.718958]   with arguments:
[   16.718976]     /init
[   16.718983]     nokaslr
[   16.718989]   with environment:
[   16.718995]     HOME=/
[   16.719001]     TERM=linux
[   19.666559] lpc_ich 0000:00:1f.0: I/O space for GPIO uninitialized
[   19.700952] virtio_blk virtio2: 32/0/0 default/read/poll queues
[   19.734141] ahci 0000:00:1f.2: version 3.0
[   19.782381] input: VirtualPS/2 VMware VMMouse as /devices/platform/i8042/serio1/input/input4
[   19.828015] input: VirtualPS/2 VMware VMMouse as /devices/platform/i8042/serio1/input/input3
[   19.836547] ACPI: \_SB_.GSIA: Enabled at IRQ 16
[   19.875232] i801_smbus 0000:00:1f.3: SMBus using PCI interrupt
[   19.897501] ahci 0000:00:1f.2: AHCI vers 0001.0000, 32 command slots, 1.5 Gbps, SATA mode
[   19.909790] ahci 0000:00:1f.2: 6/6 ports implemented (port mask 0x3f)
[   19.919204] ahci 0000:00:1f.2: flags: 64bit ncq only 
[   19.965401] i2c i2c-0: Memory type 0x07 not supported yet, not instantiating SPD
[   20.086004] virtio_blk virtio2: [vda] 209715200 512-byte logical blocks (107 GB/100 GiB)
[   20.099685] scsi host0: ahci
[   20.158125] scsi host1: ahci
[   20.181420] scsi host2: ahci
[   20.198627] scsi host3: ahci
[   20.218195] scsi host4: ahci
[   20.241467] scsi host5: ahci
[   20.251686]  vda: vda1 vda14 vda15
[   20.256027] ata1: SATA max UDMA/133 abar m4096@0xfea53000 port 0xfea53100 irq 54 lpm-pol 0
[   20.273879] ata2: SATA max UDMA/133 abar m4096@0xfea53000 port 0xfea53180 irq 54 lpm-pol 0
[   20.290541] ata3: SATA max UDMA/133 abar m4096@0xfea53000 port 0xfea53200 irq 54 lpm-pol 0
[   20.305497] ata4: SATA max UDMA/133 abar m4096@0xfea53000 port 0xfea53280 irq 54 lpm-pol 0
[   20.319400] ata5: SATA max UDMA/133 abar m4096@0xfea53000 port 0xfea53300 irq 54 lpm-pol 0
[   20.334337] ata6: SATA max UDMA/133 abar m4096@0xfea53000 port 0xfea53380 irq 54 lpm-pol 0
[   20.373086] virtio_net virtio0 enp0s2: renamed from eth0
[   20.662729] ata1: SATA link up 1.5 Gbps (SStatus 113 SControl 300)
[   20.673441] ata5: SATA link down (SStatus 0 SControl 300)
[   20.682595] ata4: SATA link up 1.5 Gbps (SStatus 113 SControl 300)
[   20.691514] ata1.00: ATA-7: QEMU HARDDISK, 2.5+, max UDMA/100
[   20.700707] ata1.00: 20971520 sectors, multi 16: LBA48 NCQ (depth 32)
[   20.711366] ata1.00: applying bridge limits
[   20.719314] ata2: SATA link up 1.5 Gbps (SStatus 113 SControl 300)
[   20.729182] ata4.00: ATA-7: QEMU HARDDISK, 2.5+, max UDMA/100
[   20.736227] ata4.00: 20971520 sectors, multi 16: LBA48 NCQ (depth 32)
[   20.744381] ata4.00: applying bridge limits
[   20.752043] ata6: SATA link down (SStatus 0 SControl 300)
[   20.768202] ata3: SATA link up 1.5 Gbps (SStatus 113 SControl 300)
[   20.777417] ata3.00: ATA-7: QEMU HARDDISK, 2.5+, max UDMA/100
[   20.786143] ata3.00: 20971520 sectors, multi 16: LBA48 NCQ (depth 32)
[   20.795824] ata3.00: applying bridge limits
[   20.802369] ata2.00: ATA-7: QEMU HARDDISK, 2.5+, max UDMA/100
[   20.811988] ata2.00: 20971520 sectors, multi 16: LBA48 NCQ (depth 32)
[   20.820531] ata2.00: applying bridge limits
[   20.825652] ata1.00: configured for UDMA/100
[   20.832502] ata4.00: configured for UDMA/100
[   20.839402] ata2.00: configured for UDMA/100
[   20.840507] scsi 0:0:0:0: Direct-Access     ATA      QEMU HARDDISK    2.5+ PQ: 0 ANSI: 5
[   20.844446] ata3.00: configured for UDMA/100
[   20.866453] sd 0:0:0:0: Attached scsi generic sg0 type 0
[   20.867677] sd 0:0:0:0: [sda] 20971520 512-byte logical blocks: (10.7 GB/10.0 GiB)
[   20.878060] scsi 1:0:0:0: Direct-Access     ATA      QEMU HARDDISK    2.5+ PQ: 0 ANSI: 5
[   20.884039] sd 0:0:0:0: [sda] Write Protect is off
[   20.900495] sd 0:0:0:0: [sda] Mode Sense: 00 3a 00 00
[   20.900916] sd 0:0:0:0: [sda] Write cache: enabled, read cache: enabled, doesn't support DPO or FUA
[   20.902207] sd 1:0:0:0: Attached scsi generic sg1 type 0
[   20.902554] sd 1:0:0:0: [sdb] 20971520 512-byte logical blocks: (10.7 GB/10.0 GiB)
[   20.902663] sd 1:0:0:0: [sdb] Write Protect is off
[   20.902689] sd 1:0:0:0: [sdb] Mode Sense: 00 3a 00 00
[   20.902886] sd 1:0:0:0: [sdb] Write cache: enabled, read cache: enabled, doesn't support DPO or FUA
[   20.903401] sd 1:0:0:0: [sdb] Preferred minimum I/O size 512 bytes
[   20.916974] sd 0:0:0:0: [sda] Preferred minimum I/O size 512 bytes
[   20.928786] scsi 2:0:0:0: Direct-Access     ATA      QEMU HARDDISK    2.5+ PQ: 0 ANSI: 5
[   20.981027] sd 2:0:0:0: Attached scsi generic sg2 type 0
[   20.981381] sd 2:0:0:0: [sdc] 20971520 512-byte logical blocks: (10.7 GB/10.0 GiB)
[   20.990733] scsi 3:0:0:0: Direct-Access     ATA      QEMU HARDDISK    2.5+ PQ: 0 ANSI: 5
[   20.999425] sd 2:0:0:0: [sdc] Write Protect is off
[   21.015773] sd 2:0:0:0: [sdc] Mode Sense: 00 3a 00 00
[   21.016103] sd 3:0:0:0: Attached scsi generic sg3 type 0
[   21.016429] sd 3:0:0:0: [sdd] 20971520 512-byte logical blocks: (10.7 GB/10.0 GiB)
[   21.016465] sd 2:0:0:0: [sdc] Write cache: enabled, read cache: enabled, doesn't support DPO or FUA
[   21.017404] sd 2:0:0:0: [sdc] Preferred minimum I/O size 512 bytes
[   21.020268] sd 1:0:0:0: [sdb] Attached SCSI disk
[   21.034566] sd 0:0:0:0: [sda] Attached SCSI disk
[   21.043936] sd 3:0:0:0: [sdd] Write Protect is off
[   21.067888] sd 3:0:0:0: [sdd] Mode Sense: 00 3a 00 00
[   21.068330] sd 3:0:0:0: [sdd] Write cache: enabled, read cache: enabled, doesn't support DPO or FUA
[   21.080295] sd 3:0:0:0: [sdd] Preferred minimum I/O size 512 bytes
[   21.106474] sd 2:0:0:0: [sdc] Attached SCSI disk
[   21.178141] sd 3:0:0:0: [sdd] Attached SCSI disk
[   21.230016] nd_pmem namespace0.0: unable to guarantee persistence of writes
[   24.842057] raid6: sse2x4   gen()  8915 MB/s
[   24.913903] raid6: sse2x2   gen()  8904 MB/s
[   24.985915] raid6: sse2x1   gen()  8063 MB/s
[   24.991129] raid6: using algorithm sse2x4 gen() 8915 MB/s
[   25.061903] raid6: .... xor() 4276 MB/s, rmw enabled
[   25.067714] raid6: using ssse3x2 recovery algorithm
[   25.083006] xor: measuring software checksum speed
[   25.090208]    prefetch64-sse  : 15934 MB/sec
[   25.096852]    generic_sse     : 13609 MB/sec
[   25.103163] xor: using function: prefetch64-sse (15934 MB/sec)
[   25.119055] async_tx: api initialized (async)
[   26.469276] Btrfs loaded, zoned=yes, fsverity=yes
[   27.340640] EXT4-fs (vda1): mounted filesystem 26c50908-598b-4e8e-871e-35718a3a1426 ro with ordered data mode. Quota mode: none.
[   28.599139] systemd[1]: Inserted module 'autofs4'
[   28.795081] systemd[1]: systemd 249.11-0ubuntu3.10 running in system mode (+PAM +AUDIT +SELINUX +APPARMOR +IMA +SMACK +SECCOMP +GCRYPT +GNUTLS +OPENSSL +ACL +BLKID +CURL +ELFUTILS +FIDO2 +IDN2 -IDN +IPTC +KMOD +LIBCRYPTSETUP +LIBFDISK +PCRE2 -PWQUALITY -P11KIT -QRENCODE +BZIP2 +LZ4 +XZ +ZLIB +ZSTD -XKBCOMMON +UTMP +SYSVINIT default-hierarchy=unified)
[   28.831450] systemd[1]: Detected virtualization kvm.
[   28.837626] systemd[1]: Detected architecture x86-64.
[   28.859401] systemd[1]: Hostname set to <qemu-2>.
[   29.469160] block vda: the capability attribute has been deprecated.
[   29.648223] random: crng init done
[   30.757275] systemd[1]: Queued start job for default target Graphical Interface.
[   30.846785] systemd[1]: Created slice Slice /system/modprobe.
[   30.878355] systemd[1]: Created slice Slice /system/serial-getty.
[   30.910360] systemd[1]: Created slice Slice /system/systemd-fsck.
[   30.942286] systemd[1]: Created slice User and Session Slice.
[   30.960696] systemd[1]: Started Forward Password Requests to Wall Directory Watch.
[   30.985319] systemd[1]: Set up automount Arbitrary Executable File Formats File System Automount Point.
[   31.008464] systemd[1]: Reached target Slice Units.
[   31.022728] systemd[1]: Reached target Mounting snaps.
[   31.037181] systemd[1]: Reached target Swaps.
[   31.049594] systemd[1]: Reached target Local Verity Protected Volumes.
[   31.068128] systemd[1]: Listening on Device-mapper event daemon FIFOs.
[   31.088226] systemd[1]: Listening on LVM2 poll daemon socket.
[   31.105484] systemd[1]: Listening on multipathd control socket.
[   31.261152] systemd[1]: Listening on RPCbind Server Activation Socket.
[   31.283342] systemd[1]: Listening on Syslog Socket.
[   31.300845] systemd[1]: Listening on fsck to fsckd communication Socket.
[   31.322507] systemd[1]: Listening on initctl Compatibility Named Pipe.
[   31.346291] systemd[1]: Listening on Journal Audit Socket.
[   31.365675] systemd[1]: Listening on Journal Socket (/dev/log).
[   31.386625] systemd[1]: Listening on Journal Socket.
[   31.403834] systemd[1]: Listening on Network Service Netlink Socket.
[   31.426379] systemd[1]: Listening on udev Control Socket.
[   31.443854] systemd[1]: Listening on udev Kernel Socket.
[   31.526761] systemd[1]: Mounting Huge Pages File System...
[   31.569077] systemd[1]: Mounting POSIX Message Queue File System...
[   31.638652] systemd[1]: Mounting Kernel Debug File System...
[   31.682831] systemd[1]: Mounting Kernel Trace File System...
[   31.771655] systemd[1]: Starting Journal Service...
[   31.786665] systemd[1]: Condition check resulted in Kernel Module supporting RPCSEC_GSS being skipped.
[   31.828793] systemd[1]: Starting Set the console keyboard layout...
[   31.876430] systemd[1]: Starting Create List of Static Device Nodes...
[   31.979501] systemd[1]: Starting Monitoring of LVM2 mirrors, snapshots etc. using dmeventd or progress polling...
[   32.005143] systemd[1]: Condition check resulted in LXD - agent being skipped.
[   32.043283] systemd[1]: Starting Load Kernel Module configfs...
[   32.091669] systemd[1]: Starting Load Kernel Module drm...
[   32.137155] systemd[1]: Starting Load Kernel Module efi_pstore...
[   32.186297] systemd[1]: Starting Load Kernel Module fuse...
[   32.204587] systemd[1]: Condition check resulted in OpenVSwitch configuration for cleanup being skipped.
[   32.220075] systemd[1]: Condition check resulted in File System Check on Root Device being skipped.
[   32.304363] systemd[1]: Starting Load Kernel Modules...
[   32.351957] systemd[1]: Starting Remount Root and Kernel File Systems...
[   32.412452] ACPI: bus type drm_connector registered
[   32.422441] systemd[1]: Starting Coldplug All udev Devices...
[   32.483018] systemd[1]: Mounted Huge Pages File System.
[   32.504170] systemd[1]: Mounted POSIX Message Queue File System.
[   32.527437] systemd[1]: Started Journal Service.
[   32.599089] EXT4-fs (vda1): re-mounted 26c50908-598b-4e8e-871e-35718a3a1426 r/w. Quota mode: none.
[   33.092581] alua: device handler registered
[   33.110014] emc: device handler registered
[   33.132634] rdac: device handler registered
[   33.157125] systemd-journald[595]: Received client request to flush runtime journal.
[   33.191117] systemd-journald[595]: File /var/log/journal/02c9a06a7911097a3b638c9756cf2e6e/system.journal corrupted or uncleanly shut down, renaming and replacing.
[   34.101580] loop0: detected capacity change from 0 to 130888
[   34.153670] loop1: detected capacity change from 0 to 130448
[   34.202688] loop2: detected capacity change from 0 to 229272
[   34.253537] loop3: detected capacity change from 0 to 178256
[   34.307341] loop4: detected capacity change from 0 to 82800
[   34.400584] loop5: detected capacity change from 0 to 79520
[   36.544217] parport_pc 00:02: reported by Plug and Play ACPI
[   36.563256] parport0: PC-style at 0x378, irq 7 [PCSPP,TRISTATE]
[   40.708308] ppdev: user-space parallel port driver
[   40.995180] kvm_intel: VM_EXIT_LOAD_IA32_PERF_GLOBAL_CTRL does not work properly. Using workaround
[   41.331924] audit: type=1400 audit(1736559450.332:2): apparmor="STATUS" operation="profile_load" profile="unconfined" name="swtpm" pid=1284 comm="apparmor_parser"
[   41.335261] audit: type=1400 audit(1736559450.336:3): apparmor="STATUS" operation="profile_load" profile="unconfined" name="lsb_release" pid=1280 comm="apparmor_parser"
[   41.339748] audit: type=1400 audit(1736559450.340:4): apparmor="STATUS" operation="profile_load" profile="unconfined" name="virt-aa-helper" pid=1286 comm="apparmor_parser"
[   41.347573] audit: type=1400 audit(1736559450.348:5): apparmor="STATUS" operation="profile_load" profile="unconfined" name="/usr/bin/man" pid=1283 comm="apparmor_parser"
[   41.347832] audit: type=1400 audit(1736559450.348:6): apparmor="STATUS" operation="profile_load" profile="unconfined" name="man_filter" pid=1283 comm="apparmor_parser"
[   41.348035] audit: type=1400 audit(1736559450.348:7): apparmor="STATUS" operation="profile_load" profile="unconfined" name="man_groff" pid=1283 comm="apparmor_parser"
[   41.351781] audit: type=1400 audit(1736559450.352:8): apparmor="STATUS" operation="profile_load" profile="unconfined" name="nvidia_modprobe" pid=1281 comm="apparmor_parser"
[   41.351862] audit: type=1400 audit(1736559450.352:9): apparmor="STATUS" operation="profile_load" profile="unconfined" name="nvidia_modprobe//kmod" pid=1281 comm="apparmor_parser"
[   41.356225] audit: type=1400 audit(1736559450.356:10): apparmor="STATUS" operation="profile_load" profile="unconfined" name="libvirtd" pid=1288 comm="apparmor_parser"
[   41.356310] audit: type=1400 audit(1736559450.356:11): apparmor="STATUS" operation="profile_load" profile="unconfined" name="libvirtd//qemu_bridge_helper" pid=1288 comm="apparmor_parser"
[   43.252631] RPC: Registered named UNIX socket transport module.
[   43.252659] RPC: Registered udp transport module.
[   43.252668] RPC: Registered tcp transport module.
[   43.252676] RPC: Registered tcp-with-tls transport module.
[   43.252683] RPC: Registered tcp NFSv4.1 backchannel transport module.
[   47.386065] loop6: detected capacity change from 0 to 8
[   56.381346] netfs: FS-Cache loaded
[   57.698881] NFS: Registering the id_resolver key type
[   57.699034] Key type id_resolver registered
[   57.699046] Key type id_legacy registered
[   77.378935] cbd: loading out-of-tree module taints kernel.
[   81.959035] cbd: backend_validate:544 cbd_transport0: found backend_id: 0 for host_id: 1, path: /dev/sda
[   81.979596] cbd: cbd_backend_init:394 cbd_transport0: attach backend to backend_id: 0
[   85.813789] cbd: backend_validate:544 cbd_transport0: found backend_id: 1 for host_id: 1, path: /dev/sdb
[   85.825354] cbd: cbd_backend_init:394 cbd_transport0: attach backend to backend_id: 1
[  107.265529] ==== end /root/avocado/job-results/job-2025-01-09T22.24-1680aba/test-results/192-._cbdctrl.py_CbdctrlTest.test_run-cache_data_crc-disable-cache_for_xfstests-cache-channel_crc-channel_data_crc-host_mode-multi_host-multihost-enable-test_script-xfstests-e37b ==== 
[  127.024405] tid: 0, is not registered
[  372.172861] ==== start /root/avocado/job-results/job-2025-01-09T22.24-1680aba/test-results/193-._cbdctrl.py_CbdctrlTest.test_run-cache_data_crc-disable-cache_for_xfstests-cache-channel_crc-channel_data_crc-host_mode-multi_host-multihost-enable-test_script-all_xfstests-6ea2 ==== 
[ 1998.979794] check_and_drop_ (3070): drop_caches: 3
[ 3195.658653] clocksource: Long readout interval, skipping watchdog check: cs_nsec: 1110587538 wd_nsec: 1110587206
[ 3202.242632] check_and_drop_ (3119): drop_caches: 3
[ 6803.422336] check_and_drop_ (3218): drop_caches: 3
[ 9201.080843] check_and_drop_ (3277): drop_caches: 3
[14599.986173] check_and_drop_ (3424): drop_caches: 3
[17623.792037] check_and_drop_ (3569): drop_caches: 3
[23607.755073] check_and_drop_ (3721): drop_caches: 3
[26606.764481] check_and_drop_ (3826): drop_caches: 3
[27180.923793] ata2.00: exception Emask 0x0 SAct 0x80007f78 SErr 0x0 action 0x6 frozen
[27180.942427] ata2.00: failed command: WRITE FPDMA QUEUED
[27180.956844] ata2.00: cmd 61/60:18:80:b1:00/00:00:00:00:00/40 tag 3 ncq dma 49152 out
                        res 40/00:00:00:00:00/00:00:00:00:00/00 Emask 0x4 (timeout)
[27180.993542] ata2.00: status: { DRDY }
[27181.000723] ata2.00: failed command: WRITE FPDMA QUEUED
[27181.010438] ata2.00: cmd 61/40:20:40:b2:00/00:00:00:00:00/40 tag 4 ncq dma 32768 out
                        res 40/00:00:00:00:00/00:00:00:00:00/00 Emask 0x4 (timeout)
[27181.037274] ata2.00: status: { DRDY }
[27181.043443] ata2.00: failed command: WRITE FPDMA QUEUED
[27181.052258] ata2.00: cmd 61/20:28:00:9e:14/00:00:00:00:00/40 tag 5 ncq dma 16384 out
                        res 40/00:00:00:00:00/00:00:00:00:00/00 Emask 0x4 (timeout)
[27181.076645] ata2.00: status: { DRDY }
[27181.083055] ata2.00: failed command: WRITE FPDMA QUEUED
[27181.092248] ata2.00: cmd 61/20:30:e0:9e:14/00:00:00:00:00/40 tag 6 ncq dma 16384 out
                        res 40/00:00:00:00:00/00:00:00:00:00/00 Emask 0x4 (timeout)
[27181.116730] ata2.00: status: { DRDY }
[27181.122983] ata2.00: failed command: WRITE FPDMA QUEUED
[27181.131628] ata2.00: cmd 61/20:40:40:9f:14/00:00:00:00:00/40 tag 8 ncq dma 16384 out
                        res 40/00:00:00:00:00/00:00:00:00:00/00 Emask 0x4 (timeout)
[27181.156440] ata2.00: status: { DRDY }
[27181.162706] ata2.00: failed command: WRITE FPDMA QUEUED
[27181.171065] ata2.00: cmd 61/18:48:a0:b6:14/00:00:00:00:00/40 tag 9 ncq dma 12288 out
                        res 40/00:00:00:00:00/00:00:00:00:00/00 Emask 0x4 (timeout)
[27181.192521] ata2.00: status: { DRDY }
[27181.197879] ata2.00: failed command: READ FPDMA QUEUED
[27181.205432] ata2.00: cmd 60/20:50:00:65:79/00:00:00:00:00/40 tag 10 ncq dma 16384 in
                        res 40/00:00:00:00:00/00:00:00:00:00/00 Emask 0x4 (timeout)
[27181.227060] ata2.00: status: { DRDY }
[27181.232339] ata2.00: failed command: READ FPDMA QUEUED
[27181.239285] ata2.00: cmd 60/20:58:40:aa:a1/00:00:00:00:00/40 tag 11 ncq dma 16384 in
                        res 40/00:00:00:00:00/00:00:00:00:00/00 Emask 0x4 (timeout)
[27181.259200] ata2.00: status: { DRDY }
[27181.264323] ata2.00: failed command: READ FPDMA QUEUED
[27181.271928] ata2.00: cmd 60/20:60:00:53:f1/00:00:00:00:00/40 tag 12 ncq dma 16384 in
                        res 40/00:00:00:00:00/00:00:00:00:00/00 Emask 0x4 (timeout)
[27181.292250] ata2.00: status: { DRDY }
[27181.297570] ata2.00: failed command: READ FPDMA QUEUED
[27181.304968] ata2.00: cmd 60/20:68:00:36:51/00:00:00:00:00/40 tag 13 ncq dma 16384 in
                        res 40/00:00:00:00:00/00:00:00:00:00/00 Emask 0x4 (timeout)
[27181.324834] ata2.00: status: { DRDY }
[27181.330273] ata2.00: failed command: READ FPDMA QUEUED
[27181.337255] ata2.00: cmd 60/20:70:00:37:c9/00:00:00:00:00/40 tag 14 ncq dma 16384 in
                        res 40/00:00:00:00:00/00:00:00:00:00/00 Emask 0x4 (timeout)
[27181.356445] ata2.00: status: { DRDY }
[27181.361242] ata2.00: failed command: READ FPDMA QUEUED
[27181.367827] ata2.00: cmd 60/20:f8:e0:4b:01/00:00:00:00:00/40 tag 31 ncq dma 16384 in
                        res 40/00:00:00:00:00/00:00:00:00:00/00 Emask 0x4 (timeout)
[27181.387059] ata2.00: status: { DRDY }
[27181.392409] ata2: hard resetting link
[27246.402601] rcu: INFO: rcu_preempt detected stalls on CPUs/tasks:
[27283.565429] clocksource: Long readout interval, skipping watchdog check: cs_nsec: 95259450918 wd_nsec: 95259455602
[27283.414425] rcu: 	19-....: (7 GPs behind) idle=3934/1/0x4000000000000000 softirq=62381/62381 fqs=11168
[27283.414425] rcu: 	(detected by 23, t=25549 jiffies, g=593393, q=14485 ncpus=32)
[27283.414425] rcu: INFO: Stall ended during stack backtracing.
[27283.903830] ata2: SATA link up 1.5 Gbps (SStatus 113 SControl 300)
[27283.910387] ata2.00: configured for UDMA/100
[27283.911574] ata2: EH complete
[27805.821321] check_and_drop_ (3921): drop_caches: 3
[34403.168362] check_and_drop_ (4102): drop_caches: 3
[35356.934262] ==== end /root/avocado/job-results/job-2025-01-09T22.24-1680aba/test-results/193-._cbdctrl.py_CbdctrlTest.test_run-cache_data_crc-disable-cache_for_xfstests-cache-channel_crc-channel_data_crc-host_mode-multi_host-multihost-enable-test_script-all_xfstests-6ea2 ==== 
[35374.974007] tid: 0, is not registered
[35381.522153] ==== start /root/avocado/job-results/job-2025-01-09T22.24-1680aba/test-results/194-._cbdctrl.py_CbdctrlTest.test_run-cache_data_crc-disable-cache_for_xfstests-cache-channel_crc-channel_data_crc-host_mode-multi_host-multihost-test_script-register-a2f8 ==== 
[35424.446990] host id 0 is still alive
[35428.214771] ==== end /root/avocado/job-results/job-2025-01-09T22.24-1680aba/test-results/194-._cbdctrl.py_CbdctrlTest.test_run-cache_data_crc-disable-cache_for_xfstests-cache-channel_crc-channel_data_crc-host_mode-multi_host-multihost-test_script-register-a2f8 ==== 
[35446.187152] tid: 0, is not registered
[35452.636397] ==== start /root/avocado/job-results/job-2025-01-09T22.24-1680aba/test-results/195-._cbdctrl.py_CbdctrlTest.test_run-cache_data_crc-disable-cache_for_xfstests-cache-channel_crc-channel_data_crc-host_mode-multi_host-multihost-test_script-backend-229f ==== 
[35474.563127] host id 0 is still alive
[35478.323642] ==== end /root/avocado/job-results/job-2025-01-09T22.24-1680aba/test-results/195-._cbdctrl.py_CbdctrlTest.test_run-cache_data_crc-disable-cache_for_xfstests-cache-channel_crc-channel_data_crc-host_mode-multi_host-multihost-test_script-backend-229f ==== 
[35498.196924] tid: 0, is not registered
[35504.448662] ==== start /root/avocado/job-results/job-2025-01-09T22.24-1680aba/test-results/196-._cbdctrl.py_CbdctrlTest.test_run-cache_data_crc-disable-cache_for_xfstests-cache-channel_crc-channel_data_crc-host_mode-multi_host-multihost-test_script-dev-a1ba ==== 
[35523.141599] host id 0 is still alive
[35526.936712] ==== end /root/avocado/job-results/job-2025-01-09T22.24-1680aba/test-results/196-._cbdctrl.py_CbdctrlTest.test_run-cache_data_crc-disable-cache_for_xfstests-cache-channel_crc-channel_data_crc-host_mode-multi_host-multihost-test_script-dev-a1ba ==== 
[35546.580182] tid: 0, is not registered
[35553.229480] ==== start /root/avocado/job-results/job-2025-01-09T22.24-1680aba/test-results/197-._cbdctrl.py_CbdctrlTest.test_run-cache_data_crc-disable-cache_for_xfstests-cache-channel_crc-channel_data_crc-host_mode-multi_host-multihost-test_script-xfstests-753f ==== 
[35573.319304] host id 0 is still alive
[35577.152575] ==== end /root/avocado/job-results/job-2025-01-09T22.24-1680aba/test-results/197-._cbdctrl.py_CbdctrlTest.test_run-cache_data_crc-disable-cache_for_xfstests-cache-channel_crc-channel_data_crc-host_mode-multi_host-multihost-test_script-xfstests-753f ==== 
[35596.063041] tid: 0, is not registered
[35605.668547] ==== start /root/avocado/job-results/job-2025-01-09T22.24-1680aba/test-results/198-._cbdctrl.py_CbdctrlTest.test_run-cache_data_crc-disable-cache_for_xfstests-cache-channel_crc-channel_data_crc-host_mode-multi_host-multihost-test_script-all_xfstests-297f ==== 
[35631.423962] host id 0 is still alive
[35635.342571] ==== end /root/avocado/job-results/job-2025-01-09T22.24-1680aba/test-results/198-._cbdctrl.py_CbdctrlTest.test_run-cache_data_crc-disable-cache_for_xfstests-cache-channel_crc-channel_data_crc-host_mode-multi_host-multihost-test_script-all_xfstests-297f ==== 
[35653.387054] tid: 0, is not registered
[35658.382578] ==== start /root/avocado/job-results/job-2025-01-09T22.24-1680aba/test-results/199-._cbdctrl.py_CbdctrlTest.test_run-cache_data_crc-enable-cache_for_xfstests-no_cache-channel_crc-channel_data_crc-host_mode-multi_host-multihost-test_script-register-b3ec ==== 
[35706.527416] ==== end /root/avocado/job-results/job-2025-01-09T22.24-1680aba/test-results/199-._cbdctrl.py_CbdctrlTest.test_run-cache_data_crc-enable-cache_for_xfstests-no_cache-channel_crc-channel_data_crc-host_mode-multi_host-multihost-test_script-register-b3ec ==== 
