[    0.000000] Linux version 6.13.0-rc5+ (root@ubuntu-22-04-server) (gcc (Ubuntu 11.4.0-1ubuntu1~22.04) 11.4.0, GNU ld (GNU Binutils for Ubuntu) 2.38) #2 SMP PREEMPT_DYNAMIC Fri Jan  3 15:43:06 CST 2025
[    0.000000] Command line: intremap=off console=ttyS0,115200 nokaslr root=/dev/vda1 crashkernel=1G-:2G
[    0.000000] KERNEL supported cpus:
[    0.000000]   Intel GenuineIntel
[    0.000000]   AMD AuthenticAMD
[    0.000000]   Hygon HygonGenuine
[    0.000000]   Centaur CentaurHauls
[    0.000000]   zhaoxin   Shanghai  
[    0.000000] BIOS-provided physical RAM map:
[    0.000000] BIOS-e820: [mem 0x0000000000000000-0x000000000009fbff] usable
[    0.000000] BIOS-e820: [mem 0x000000000009fc00-0x000000000009ffff] reserved
[    0.000000] BIOS-e820: [mem 0x00000000000f0000-0x00000000000fffff] reserved
[    0.000000] BIOS-e820: [mem 0x0000000000100000-0x000000007ffd9fff] usable
[    0.000000] BIOS-e820: [mem 0x000000007ffda000-0x000000007fffffff] reserved
[    0.000000] BIOS-e820: [mem 0x00000000b0000000-0x00000000bfffffff] reserved
[    0.000000] BIOS-e820: [mem 0x00000000fed1c000-0x00000000fed1ffff] reserved
[    0.000000] BIOS-e820: [mem 0x00000000feffc000-0x00000000feffffff] reserved
[    0.000000] BIOS-e820: [mem 0x00000000fffc0000-0x00000000ffffffff] reserved
[    0.000000] BIOS-e820: [mem 0x0000000100000000-0x000000037fffffff] usable
[    0.000000] NX (Execute Disable) protection: active
[    0.000000] APIC: Static calls initialized
[    0.000000] SMBIOS 2.8 present.
[    0.000000] DMI: QEMU Standard PC (Q35 + ICH9, 2009), BIOS rel-1.16.3-0-ga6ed6b701f0a-prebuilt.qemu.org 04/01/2014
[    0.000000] DMI: Memory slots populated: 1/1
[    0.000000] Hypervisor detected: KVM
[    0.000000] kvm-clock: Using msrs 4b564d01 and 4b564d00
[    0.000008] kvm-clock: using sched offset of 3426076143 cycles
[    0.000023] clocksource: kvm-clock: mask: 0xffffffffffffffff max_cycles: 0x1cd42e4dffb, max_idle_ns: 881590591483 ns
[    0.000069] tsc: Detected 2933.436 MHz processor
[    0.002466] e820: update [mem 0x00000000-0x00000fff] usable ==> reserved
[    0.002475] e820: remove [mem 0x000a0000-0x000fffff] usable
[    0.002488] last_pfn = 0x380000 max_arch_pfn = 0x400000000
[    0.003092] MTRR map: 4 entries (3 fixed + 1 variable; max 19), built from 8 variable MTRRs
[    0.003126] x86/PAT: Configuration [0-7]: WB  WC  UC- UC  WB  WP  UC- WT  
[    0.003855] last_pfn = 0x7ffda max_arch_pfn = 0x400000000
[    0.015187] found SMP MP-table at [mem 0x000f5450-0x000f545f]
[    0.015308] Using GB pages for direct mapping
[    0.017091] RAMDISK: [mem 0x79e18000-0x7ffcffff]
[    0.017212] ACPI: Early table checksum verification disabled
[    0.017324] ACPI: RSDP 0x00000000000F5220 000014 (v00 BOCHS )
[    0.017381] ACPI: RSDT 0x000000007FFE3D96 000040 (v01 BOCHS  BXPC     00000001 BXPC 00000001)
[    0.017429] ACPI: FACP 0x000000007FFE25E7 0000F4 (v03 BOCHS  BXPC     00000001 BXPC 00000001)
[    0.017460] ACPI: DSDT 0x000000007FFDF040 0035A7 (v01 BOCHS  BXPC     00000001 BXPC 00000001)
[    0.017477] ACPI: FACS 0x000000007FFDF000 000040
[    0.017487] ACPI: APIC 0x000000007FFE26DB 000170 (v03 BOCHS  BXPC     00000001 BXPC 00000001)
[    0.017497] ACPI: HPET 0x000000007FFE284B 000038 (v01 BOCHS  BXPC     00000001 BXPC 00000001)
[    0.017507] ACPI: SRAT 0x000000007FFE2883 0002D0 (v01 BOCHS  BXPC     00000001 BXPC 00000001)
[    0.017517] ACPI: MCFG 0x000000007FFE2B53 00003C (v01 BOCHS  BXPC     00000001 BXPC 00000001)
[    0.017527] ACPI: SSDT 0x000000007FFE2B8F 0011DF (v01 BOCHS  NVDIMM   00000001 BXPC 00000001)
[    0.017537] ACPI: WAET 0x000000007FFE3D6E 000028 (v01 BOCHS  BXPC     00000001 BXPC 00000001)
[    0.017545] ACPI: Reserving FACP table memory at [mem 0x7ffe25e7-0x7ffe26da]
[    0.017549] ACPI: Reserving DSDT table memory at [mem 0x7ffdf040-0x7ffe25e6]
[    0.017551] ACPI: Reserving FACS table memory at [mem 0x7ffdf000-0x7ffdf03f]
[    0.017554] ACPI: Reserving APIC table memory at [mem 0x7ffe26db-0x7ffe284a]
[    0.017556] ACPI: Reserving HPET table memory at [mem 0x7ffe284b-0x7ffe2882]
[    0.017558] ACPI: Reserving SRAT table memory at [mem 0x7ffe2883-0x7ffe2b52]
[    0.017561] ACPI: Reserving MCFG table memory at [mem 0x7ffe2b53-0x7ffe2b8e]
[    0.017563] ACPI: Reserving SSDT table memory at [mem 0x7ffe2b8f-0x7ffe3d6d]
[    0.017566] ACPI: Reserving WAET table memory at [mem 0x7ffe3d6e-0x7ffe3d95]
[    0.018022] ACPI: SRAT: Node 0 PXM 0 [mem 0x00000000-0x0009ffff]
[    0.018029] ACPI: SRAT: Node 0 PXM 0 [mem 0x00100000-0x7fffffff]
[    0.018032] ACPI: SRAT: Node 0 PXM 0 [mem 0x100000000-0x37fffffff]
[    0.018036] ACPI: SRAT: Node 0 PXM 0 [mem 0x380000000-0x1bffffffff] hotplug
[    0.018050] NUMA: Node 0 [mem 0x00001000-0x0009ffff] + [mem 0x00100000-0x7fffffff] -> [mem 0x00001000-0x7fffffff]
[    0.018055] NUMA: Node 0 [mem 0x00001000-0x7fffffff] + [mem 0x100000000-0x37fffffff] -> [mem 0x00001000-0x37fffffff]
[    0.018084] NODE_DATA(0) allocated [mem 0x37ffd3700-0x37fffdfff]
[    0.018571] crashkernel low memory reserved: 0x69000000 - 0x79000000 (256 MB)
[    0.018577] crashkernel reserved: 0x00000002ff000000 - 0x000000037f000000 (2048 MB)
[    0.018764] Zone ranges:
[    0.018767]   DMA      [mem 0x0000000000001000-0x0000000000ffffff]
[    0.018771]   DMA32    [mem 0x0000000001000000-0x00000000ffffffff]
[    0.018775]   Normal   [mem 0x0000000100000000-0x000000037fffffff]
[    0.018778]   Device   empty
[    0.018780] Movable zone start for each node
[    0.018784] Early memory node ranges
[    0.018785]   node   0: [mem 0x0000000000001000-0x000000000009efff]
[    0.018793]   node   0: [mem 0x0000000000100000-0x000000007ffd9fff]
[    0.018796]   node   0: [mem 0x0000000100000000-0x000000037fffffff]
[    0.018800] Initmem setup node 0 [mem 0x0000000000001000-0x000000037fffffff]
[    0.019329] On node 0, zone DMA: 1 pages in unavailable ranges
[    0.019665] On node 0, zone DMA: 97 pages in unavailable ranges
[    0.305408] On node 0, zone Normal: 38 pages in unavailable ranges
[    1.747787] kasan: KernelAddressSanitizer initialized
[    1.755375] ACPI: PM-Timer IO Port: 0x608
[    1.755495] ACPI: LAPIC_NMI (acpi_id[0xff] dfl dfl lint[0x1])
[    1.755933] IOAPIC[0]: apic_id 0, version 17, address 0xfec00000, GSI 0-23
[    1.755951] ACPI: INT_SRC_OVR (bus 0 bus_irq 0 global_irq 2 dfl dfl)
[    1.755957] ACPI: INT_SRC_OVR (bus 0 bus_irq 5 global_irq 5 high level)
[    1.755960] ACPI: INT_SRC_OVR (bus 0 bus_irq 9 global_irq 9 high level)
[    1.755972] ACPI: INT_SRC_OVR (bus 0 bus_irq 10 global_irq 10 high level)
[    1.755976] ACPI: INT_SRC_OVR (bus 0 bus_irq 11 global_irq 11 high level)
[    1.755991] ACPI: Using ACPI (MADT) for SMP configuration information
[    1.755995] ACPI: HPET id: 0x8086a201 base: 0xfed00000
[    1.756014] TSC deadline timer available
[    1.756028] CPU topo: Max. logical packages:   2
[    1.756030] CPU topo: Max. logical dies:       2
[    1.756032] CPU topo: Max. dies per package:   1
[    1.756040] CPU topo: Max. threads per core:   2
[    1.756042] CPU topo: Num. cores per package:     8
[    1.756044] CPU topo: Num. threads per package:  16
[    1.756046] CPU topo: Allowing 32 present CPUs plus 0 hotplug CPUs
[    1.756188] kvm-guest: APIC: eoi() replaced with kvm_guest_apic_eoi_write()
[    1.756312] kvm-guest: KVM setup pv remote TLB flush
[    1.756370] kvm-guest: setup PV sched yield
[    1.756540] PM: hibernation: Registered nosave memory: [mem 0x00000000-0x00000fff]
[    1.756547] PM: hibernation: Registered nosave memory: [mem 0x0009f000-0x0009ffff]
[    1.756550] PM: hibernation: Registered nosave memory: [mem 0x000a0000-0x000effff]
[    1.756552] PM: hibernation: Registered nosave memory: [mem 0x000f0000-0x000fffff]
[    1.756568] PM: hibernation: Registered nosave memory: [mem 0x7ffda000-0x7fffffff]
[    1.756571] PM: hibernation: Registered nosave memory: [mem 0x80000000-0xafffffff]
[    1.756573] PM: hibernation: Registered nosave memory: [mem 0xb0000000-0xbfffffff]
[    1.756575] PM: hibernation: Registered nosave memory: [mem 0xc0000000-0xfed1bfff]
[    1.756577] PM: hibernation: Registered nosave memory: [mem 0xfed1c000-0xfed1ffff]
[    1.756579] PM: hibernation: Registered nosave memory: [mem 0xfed20000-0xfeffbfff]
[    1.756581] PM: hibernation: Registered nosave memory: [mem 0xfeffc000-0xfeffffff]
[    1.756583] PM: hibernation: Registered nosave memory: [mem 0xff000000-0xfffbffff]
[    1.756586] PM: hibernation: Registered nosave memory: [mem 0xfffc0000-0xffffffff]
[    1.756600] [mem 0xc0000000-0xfed1bfff] available for PCI devices
[    1.756608] Booting paravirtualized kernel on KVM
[    1.756618] clocksource: refined-jiffies: mask: 0xffffffff max_cycles: 0xffffffff, max_idle_ns: 7645519600211568 ns
[    1.756709] setup_percpu: NR_CPUS:8192 nr_cpumask_bits:32 nr_cpu_ids:32 nr_node_ids:1
[    1.910782] percpu: Embedded 532 pages/cpu s2142208 r8192 d28672 u4194304
[    1.910843] pcpu-alloc: s2142208 r8192 d28672 u4194304 alloc=2*2097152
[    1.910852] pcpu-alloc: [0] 00 [0] 01 [0] 02 [0] 03 [0] 04 [0] 05 [0] 06 [0] 07 
[    1.910871] pcpu-alloc: [0] 08 [0] 09 [0] 10 [0] 11 [0] 12 [0] 13 [0] 14 [0] 15 
[    1.910890] pcpu-alloc: [0] 16 [0] 17 [0] 18 [0] 19 [0] 20 [0] 21 [0] 22 [0] 23 
[    1.910909] pcpu-alloc: [0] 24 [0] 25 [0] 26 [0] 27 [0] 28 [0] 29 [0] 30 [0] 31 
[    1.911250] kvm-guest: PV spinlocks enabled
[    1.911272] PV qspinlock hash table entries: 256 (order: 0, 4096 bytes, linear)
[    1.911289] Kernel command line: intremap=off console=ttyS0,115200 nokaslr root=/dev/vda1 crashkernel=1G-:2G
[    1.911545] Unknown kernel command line parameters "nokaslr", will be passed to user space.
[    1.911606] printk: log buffer data + meta data: 262144 + 917504 = 1179648 bytes
[    1.928167] Dentry cache hash table entries: 2097152 (order: 12, 16777216 bytes, linear)
[    1.936547] Inode-cache hash table entries: 1048576 (order: 11, 8388608 bytes, linear)
[    1.941243] Fallback order for Node 0: 0 
[    1.941277] Built 1 zonelists, mobility grouping on.  Total pages: 3145592
[    1.941281] Policy zone: Normal
[    1.941348] mem auto-init: stack:off, heap alloc:on, heap free:off
[    1.941359] stackdepot: allocating hash table via alloc_large_system_hash
[    1.941370] stackdepot hash table entries: 1048576 (order: 12, 16777216 bytes, linear)
[    1.955617] software IO TLB: area num 32.
[    2.770080] SLUB: HWalign=64, Order=0-3, MinObjects=0, CPUs=32, Nodes=1
[    2.771548] Kernel/User page tables isolation: enabled
[    2.772472] ftrace: allocating 52416 entries in 205 pages
[    3.093270] ftrace: allocated 205 pages with 5 groups
[    3.104974] Dynamic Preempt: voluntary
[    3.113055] Running RCU self tests
[    3.113059] Running RCU synchronous self tests
[    3.113150] rcu: Preemptible hierarchical RCU implementation.
[    3.113153] rcu: 	RCU lockdep checking is enabled.
[    3.113155] rcu: 	RCU restricting CPUs from NR_CPUS=8192 to nr_cpu_ids=32.
[    3.113160] 	Trampoline variant of Tasks RCU enabled.
[    3.113161] 	Rude variant of Tasks RCU enabled.
[    3.113162] 	Tracing variant of Tasks RCU enabled.
[    3.113165] rcu: RCU calculated value of scheduler-enlistment delay is 25 jiffies.
[    3.113167] rcu: Adjusting geometry for rcu_fanout_leaf=16, nr_cpu_ids=32
[    3.113851] Running RCU synchronous self tests
[    3.113886] RCU Tasks: Setting shift to 5 and lim to 1 rcu_task_cb_adjust=1 rcu_task_cpu_ids=32.
[    3.113914] RCU Tasks Rude: Setting shift to 5 and lim to 1 rcu_task_cb_adjust=1 rcu_task_cpu_ids=32.
[    3.113942] RCU Tasks Trace: Setting shift to 5 and lim to 1 rcu_task_cb_adjust=1 rcu_task_cpu_ids=32.
[    3.168513] NR_IRQS: 524544, nr_irqs: 680, preallocated irqs: 16
[    3.170642] rcu: srcu_init: Setting srcu_struct sizes based on contention.
[    3.273480] Console: colour VGA+ 80x25
[    3.273921] printk: legacy console [ttyS0] enabled
[    4.703288] Lock dependency validator: Copyright (c) 2006 Red Hat, Inc., Ingo Molnar
[    4.712426] ... MAX_LOCKDEP_SUBCLASSES:  8
[    4.717405] ... MAX_LOCK_DEPTH:          48
[    4.722612] ... MAX_LOCKDEP_KEYS:        8192
[    4.727979] ... CLASSHASH_SIZE:          4096
[    4.733543] ... MAX_LOCKDEP_ENTRIES:     32768
[    4.738858] ... MAX_LOCKDEP_CHAINS:      65536
[    4.744438] ... CHAINHASH_SIZE:          32768
[    4.749996]  memory used by lock dependency info: 6941 kB
[    4.756782]  memory used for stack traces: 4224 kB
[    4.762534]  per task-struct memory footprint: 2688 bytes
[    4.770067] ACPI: Core revision 20240827
[    4.778045] clocksource: hpet: mask: 0xffffffff max_cycles: 0xffffffff, max_idle_ns: 19112604467 ns
[    4.792707] APIC: Switch to symmetric I/O mode setup
[    4.804544] x2apic enabled
[    4.813102] APIC: Switched APIC routing to: physical x2apic
[    4.822807] kvm-guest: APIC: send_IPI_mask() replaced with kvm_send_ipi_mask()
[    4.835175] kvm-guest: APIC: send_IPI_mask_allbutself() replaced with kvm_send_ipi_mask_allbutself()
[    4.849515] kvm-guest: setup PV IPIs
[    4.870976] ..TIMER: vector=0x30 apic1=0 pin1=2 apic2=-1 pin2=-1
[    4.881844] clocksource: tsc-early: mask: 0xffffffffffffffff max_cycles: 0x2a48a50322c, max_idle_ns: 440795287943 ns
[    4.899799] Calibrating delay loop (skipped) preset value.. 5866.87 BogoMIPS (lpj=11733744)
[    4.905511] x86/cpu: User Mode Instruction Prevention (UMIP) activated
[    4.912754] Last level iTLB entries: 4KB 0, 2MB 0, 4MB 0
[    4.915788] Last level dTLB entries: 4KB 0, 2MB 0, 4MB 0, 1GB 0
[    4.919888] Spectre V1 : Mitigation: usercopy/swapgs barriers and __user pointer sanitization
[    4.923790] Spectre V2 : Mitigation: Retpolines
[    4.927788] Spectre V2 : Spectre v2 / SpectreRSB mitigation: Filling RSB on context switch
[    4.931788] Spectre V2 : Spectre v2 / SpectreRSB : Filling RSB on VMEXIT
[    4.935788] Spectre V2 : Enabling Restricted Speculation for firmware calls
[    4.939797] Spectre V2 : mitigation: Enabling conditional Indirect Branch Prediction Barrier
[    4.943788] Spectre V2 : User space: Mitigation: STIBP via prctl
[    4.947789] Speculative Store Bypass: Mitigation: Speculative Store Bypass disabled via prctl
[    4.951790] MDS: Vulnerable: Clear CPU buffers attempted, no microcode
[    4.955788] MMIO Stale Data: Unknown: No mitigations
[    4.959813] x86/fpu: x87 FPU will use FXSAVE
[    5.022098] Freeing SMP alternatives memory: 40K
[    5.023795] pid_max: default: 32768 minimum: 301
[    5.034067] LSM: initializing lsm=lockdown,capability,landlock,yama,apparmor,ima,evm
[    5.036724] landlock: Up and running.
[    5.039791] Yama: becoming mindful.
[    5.045085] AppArmor: AppArmor initialized
[    5.053566] Mount-cache hash table entries: 32768 (order: 6, 262144 bytes, linear)
[    5.056025] Mountpoint-cache hash table entries: 32768 (order: 6, 262144 bytes, linear)
[    5.069026] Running RCU synchronous self tests
[    5.071795] Running RCU synchronous self tests
[    5.080570] smpboot: CPU0: Intel Westmere E56xx/L56xx/X56xx (IBRS update) (family: 0x6, model: 0x2c, stepping: 0x1)
[    5.094155] Running RCU Tasks wait API self tests
[    5.199996] Running RCU Tasks Rude wait API self tests
[    5.203817] Running RCU Tasks Trace wait API self tests
[    5.208008] Performance Events: unsupported p6 CPU model 44 no PMU driver, software events only.
[    5.212387] signal: max sigframe size: 1440
[    5.215906] Callback from call_rcu_tasks_trace() invoked.
[    5.220564] rcu: Hierarchical SRCU implementation.
[    5.223819] rcu: 	Max phase no-delay instances is 1000.
[    5.229187] Timer migration: 2 hierarchy levels; 8 children per group; 2 crossnode level
[    5.243996] NMI watchdog: Perf NMI watchdog permanently disabled
[    5.259889] smp: Bringing up secondary CPUs ...
[    5.276648] smpboot: x86: Booting SMP configuration:
[    5.279845] .... node  #0, CPUs:        #2  #4  #6  #8 #10 #12 #14 #16 #18 #20 #22 #24 #26 #28 #30
[    5.408237] Callback from call_rcu_tasks() invoked.
[    5.496590]   #1  #3  #5  #7  #9 #11 #13 #15 #17 #19 #21 #23 #25 #27 #29 #31
[    5.657127] MDS CPU bug present and SMT on, data leak possible. See https://www.kernel.org/doc/html/latest/admin-guide/hw-vuln/mds.html for more details.
[    5.745215] smp: Brought up 1 node, 32 CPUs
[    5.747822] smpboot: Total of 32 processors activated (187739.90 BogoMIPS)
[    5.778530] Memory: 7997952K/12582368K available (53248K kernel code, 16294K rwdata, 13000K rodata, 9908K init, 22736K bss, 4537656K reserved, 0K cma-reserved)
[    5.787821] devtmpfs: initialized
[    5.793100] x86/mm: Memory block size: 128MB
[    5.883884] Running RCU synchronous self tests
[    5.887897] Running RCU synchronous self tests
[    5.892301] clocksource: jiffies: mask: 0xffffffff max_cycles: 0xffffffff, max_idle_ns: 7645041785100000 ns
[    5.897515] futex hash table entries: 8192 (order: 8, 1048576 bytes, linear)
[    5.903529] pinctrl core: initialized pinctrl subsystem
[    5.907561] PM: RTC time: 01:25:56, date: 2025-01-11
[    5.917604] NET: Registered PF_NETLINK/PF_ROUTE protocol family
[    5.925419] DMA: preallocated 1024 KiB GFP_KERNEL pool for atomic allocations
[    5.928178] DMA: preallocated 1024 KiB GFP_KERNEL|GFP_DMA pool for atomic allocations
[    5.932102] DMA: preallocated 1024 KiB GFP_KERNEL|GFP_DMA32 pool for atomic allocations
[    5.936558] audit: initializing netlink subsys (disabled)
[    5.940799] audit: type=2000 audit(1736558754.624:1): state=initialized audit_enabled=0 res=1
[    5.945806] thermal_sys: Registered thermal governor 'fair_share'
[    5.947836] thermal_sys: Registered thermal governor 'bang_bang'
[    5.951819] thermal_sys: Registered thermal governor 'step_wise'
[    5.955819] thermal_sys: Registered thermal governor 'user_space'
[    5.959819] thermal_sys: Registered thermal governor 'power_allocator'
[    5.964176] EISA bus registered
[    5.972075] cpuidle: using governor ladder
[    5.976118] cpuidle: using governor menu
[    5.982077] acpiphp: ACPI Hot Plug PCI Controller Driver version: 0.5
[    5.987421] PCI: ECAM [mem 0xb0000000-0xbfffffff] (base 0xb0000000) for domain 0000 [bus 00-ff]
[    5.987828] PCI: ECAM [mem 0xb0000000-0xbfffffff] reserved as E820 entry
[    6.074263] PCI: Using configuration type 1 for base access
[    6.078311] kprobes: kprobe jump-optimization is enabled. All kprobes are optimized if possible.
[    6.093797] HugeTLB: registered 1.00 GiB page size, pre-allocated 0 pages
[    6.095843] HugeTLB: 16380 KiB vmemmap can be freed for a 1.00 GiB page
[    6.099893] HugeTLB: registered 2.00 MiB page size, pre-allocated 0 pages
[    6.103831] HugeTLB: 28 KiB vmemmap can be freed for a 2.00 MiB page
[    6.194813] ACPI: Added _OSI(Module Device)
[    6.199818] ACPI: Added _OSI(Processor Device)
[    6.207818] ACPI: Added _OSI(3.0 _SCP Extensions)
[    6.215828] ACPI: Added _OSI(Processor Aggregator Device)
[    6.455009] ACPI: 2 ACPI AML tables successfully acquired and loaded
[    6.519744] ACPI: Interpreter enabled
[    6.528666] ACPI: PM: (supports S0 S3 S4 S5)
[    6.535833] ACPI: Using IOAPIC for interrupt routing
[    6.546511] PCI: Using host bridge windows from ACPI; if necessary, use "pci=nocrs" and report a bug
[    6.559898] PCI: Using E820 reservations for host bridge windows
[    6.581814] ACPI: Enabled 4 GPEs in block 00 to 3F
[    7.074848] ACPI: PCI Root Bridge [PCI0] (domain 0000 [bus 00-ff])
[    7.076006] acpi PNP0A08:00: _OSC: OS supports [ExtendedConfig ASPM ClockPM Segments MSI EDR HPX-Type3]
[    7.084498] acpi PNP0A08:00: _OSC: platform does not support [PCIeHotplug LTR DPC]
[    7.095337] acpi PNP0A08:00: _OSC: OS now controls [SHPCHotplug PME AER PCIeCapability]
[    7.103699] PCI host bridge to bus 0000:00
[    7.104807] pci_bus 0000:00: root bus resource [io  0x0000-0x0cf7 window]
[    7.107910] pci_bus 0000:00: root bus resource [io  0x0d00-0xffff window]
[    7.111948] pci_bus 0000:00: root bus resource [mem 0x000a0000-0x000bffff window]
[    7.115831] pci_bus 0000:00: root bus resource [mem 0x80000000-0xafffffff window]
[    7.120899] pci_bus 0000:00: root bus resource [mem 0xc0000000-0xfebfffff window]
[    7.123830] pci_bus 0000:00: root bus resource [mem 0x1c00000000-0x23ffffffff window]
[    7.128300] pci_bus 0000:00: root bus resource [bus 00-ff]
[    7.132502] pci 0000:00:00.0: [8086:29c0] type 00 class 0x060000 conventional PCI endpoint
[    7.144513] pci 0000:00:01.0: [1234:1111] type 00 class 0x030000 conventional PCI endpoint
[    7.158144] pci 0000:00:01.0: BAR 0 [mem 0xfd000000-0xfdffffff pref]
[    7.174323] pci 0000:00:01.0: BAR 2 [mem 0xfea50000-0xfea50fff]
[    7.208440] pci 0000:00:01.0: ROM [mem 0xfea40000-0xfea4ffff pref]
[    7.216659] pci 0000:00:01.0: Video device with shadowed ROM at [mem 0x000c0000-0x000dffff]
[    7.235124] pci 0000:00:02.0: [1af4:1000] type 00 class 0x020000 conventional PCI endpoint
[    7.238539] pci 0000:00:02.0: BAR 0 [io  0xc040-0xc05f]
[    7.242499] pci 0000:00:02.0: BAR 1 [mem 0xfea51000-0xfea51fff]
[    7.251822] pci 0000:00:02.0: BAR 4 [mem 0xfe200000-0xfe203fff 64bit pref]
[    7.257650] pci 0000:00:02.0: ROM [mem 0xfea00000-0xfea3ffff pref]
[    7.270451] pci 0000:00:03.0: [1b36:000c] type 01 class 0x060400 PCIe Root Port
[    7.278474] pci 0000:00:03.0: BAR 0 [mem 0xfea52000-0xfea52fff]
[    7.287918] pci 0000:00:03.0: PCI bridge to [bus 01]
[    7.292276] pci 0000:00:03.0:   bridge window [mem 0xfe800000-0xfe9fffff]
[    7.300250] pci 0000:00:03.0:   bridge window [mem 0xfe000000-0xfe1fffff 64bit pref]
[    7.317941] pci 0000:00:04.0: [1af4:105b] type 00 class 0x00ff00 conventional PCI endpoint
[    7.326508] pci 0000:00:04.0: BAR 4 [mem 0xfe204000-0xfe207fff 64bit pref]
[    7.471638] pci 0000:00:1f.0: [8086:2918] type 00 class 0x060100 conventional PCI endpoint
[    7.477614] pci 0000:00:1f.0: quirk: [io  0x0600-0x067f] claimed by ICH6 ACPI/GPIO/TCO
[    7.485514] pci 0000:00:1f.2: [8086:2922] type 00 class 0x010601 conventional PCI endpoint
[    7.498194] pci 0000:00:1f.2: BAR 4 [io  0xc060-0xc07f]
[    7.501401] pci 0000:00:1f.2: BAR 5 [mem 0xfea53000-0xfea53fff]
[    7.512513] pci 0000:00:1f.3: [8086:2930] type 00 class 0x0c0500 conventional PCI endpoint
[    7.522024] pci 0000:00:1f.3: BAR 4 [io  0x0700-0x073f]
[    7.537763] acpiphp: Slot [0] registered
[    7.542055] pci 0000:01:00.0: [1af4:1042] type 00 class 0x010000 PCIe Endpoint
[    7.552051] pci 0000:01:00.0: BAR 1 [mem 0xfe800000-0xfe800fff]
[    7.570988] pci 0000:01:00.0: BAR 4 [mem 0xfe000000-0xfe003fff 64bit pref]
[    7.661956] pci 0000:00:03.0: PCI bridge to [bus 01]
[    7.692559] ACPI: PCI: Interrupt link LNKA configured for IRQ 10
[    7.705147] ACPI: PCI: Interrupt link LNKB configured for IRQ 10
[    7.722279] ACPI: PCI: Interrupt link LNKC configured for IRQ 11
[    7.736930] ACPI: PCI: Interrupt link LNKD configured for IRQ 11
[    7.752273] ACPI: PCI: Interrupt link LNKE configured for IRQ 10
[    7.764620] ACPI: PCI: Interrupt link LNKF configured for IRQ 10
[    7.781621] ACPI: PCI: Interrupt link LNKG configured for IRQ 11
[    7.796599] ACPI: PCI: Interrupt link LNKH configured for IRQ 11
[    7.805466] ACPI: PCI: Interrupt link GSIA configured for IRQ 16
[    7.816917] ACPI: PCI: Interrupt link GSIB configured for IRQ 17
[    7.832587] ACPI: PCI: Interrupt link GSIC configured for IRQ 18
[    7.844519] ACPI: PCI: Interrupt link GSID configured for IRQ 19
[    7.860425] ACPI: PCI: Interrupt link GSIE configured for IRQ 20
[    7.872490] ACPI: PCI: Interrupt link GSIF configured for IRQ 21
[    7.884404] ACPI: PCI: Interrupt link GSIG configured for IRQ 22
[    7.896383] ACPI: PCI: Interrupt link GSIH configured for IRQ 23
[    8.052692] iommu: Default domain type: Translated
[    8.059993] iommu: DMA domain TLB invalidation policy: lazy mode
[    8.092518] SCSI subsystem initialized
[    8.101881] libata version 3.00 loaded.
[    8.104183] ACPI: bus type USB registered
[    8.112951] usbcore: registered new interface driver usbfs
[    8.120251] usbcore: registered new interface driver hub
[    8.132546] usbcore: registered new device driver usb
[    8.145268] pps_core: LinuxPPS API ver. 1 registered
[    8.155830] pps_core: Software ver. 5.3.6 - Copyright 2005-2007 Rodolfo Giometti <giometti@linux.it>
[    8.172002] PTP clock support registered
[    8.185901] EDAC MC: Ver: 3.0.0
[    8.215120] NetLabel: Initializing
[    8.219818] NetLabel:  domain hash size = 128
[    8.227942] NetLabel:  protocols = UNLABELED CIPSOv4 CALIPSO
[    8.236771] NetLabel:  unlabeled traffic allowed by default
[    8.253213] PCI: Using ACPI for IRQ routing
[   10.296318] PCI: pci_cache_line_size set to 64 bytes
[   10.298320] e820: reserve RAM buffer [mem 0x0009fc00-0x0009ffff]
[   10.298465] e820: reserve RAM buffer [mem 0x7ffda000-0x7fffffff]
[   10.300427] pci 0000:00:01.0: vgaarb: setting as boot VGA device
[   10.303777] pci 0000:00:01.0: vgaarb: bridge control possible
[   10.303777] pci 0000:00:01.0: vgaarb: VGA device added: decodes=io+mem,owns=io+mem,locks=none
[   10.339851] vgaarb: loaded
[   10.349140] hpet0: at MMIO 0xfed00000, IRQs 2, 8, 0
[   10.355817] hpet0: 3 comparators, 64-bit 100.000000 MHz counter
[   10.404787] clocksource: Switched to clocksource kvm-clock
[   10.426692] VFS: Disk quotas dquot_6.6.0
[   10.433943] VFS: Dquot-cache hash table entries: 512 (order 0, 4096 bytes)
[   10.455105] AppArmor: AppArmor Filesystem Enabled
[   10.463915] pnp: PnP ACPI init
[   10.478104] system 00:05: [mem 0xb0000000-0xbfffffff window] has been reserved
[   10.524459] pnp: PnP ACPI: found 6 devices
[   10.612835] clocksource: acpi_pm: mask: 0xffffff max_cycles: 0xffffff, max_idle_ns: 2085701024 ns
[   10.630446] NET: Registered PF_INET protocol family
[   10.642529] IP idents hash table entries: 262144 (order: 9, 2097152 bytes, linear)
[   10.667716] tcp_listen_portaddr_hash hash table entries: 8192 (order: 7, 655360 bytes, linear)
[   10.682168] Table-perturb hash table entries: 65536 (order: 6, 262144 bytes, linear)
[   10.695801] TCP established hash table entries: 131072 (order: 8, 1048576 bytes, linear)
[   10.721556] TCP bind hash table entries: 65536 (order: 11, 10485760 bytes, vmalloc hugepage)
[   10.741038] TCP: Hash tables configured (established 131072 bind 65536)
[   10.759916] MPTCP token hash table entries: 16384 (order: 8, 1572864 bytes, linear)
[   10.779033] UDP hash table entries: 8192 (order: 9, 2490368 bytes, linear)
[   10.795474] UDP-Lite hash table entries: 8192 (order: 9, 2490368 bytes, linear)
[   10.812798] NET: Registered PF_UNIX/PF_LOCAL protocol family
[   10.823161] NET: Registered PF_XDP protocol family
[   10.831761] pci 0000:00:03.0: bridge window [io  0x1000-0x0fff] to [bus 01] add_size 1000
[   10.846155] pci 0000:00:03.0: bridge window [io  0x1000-0x1fff]: assigned
[   10.857934] pci 0000:00:03.0: PCI bridge to [bus 01]
[   10.866618] pci 0000:00:03.0:   bridge window [io  0x1000-0x1fff]
[   10.878571] pci 0000:00:03.0:   bridge window [mem 0xfe800000-0xfe9fffff]
[   10.891668] pci 0000:00:03.0:   bridge window [mem 0xfe000000-0xfe1fffff 64bit pref]
[   10.907337] pci_bus 0000:00: resource 4 [io  0x0000-0x0cf7 window]
[   10.917308] pci_bus 0000:00: resource 5 [io  0x0d00-0xffff window]
[   10.927657] pci_bus 0000:00: resource 6 [mem 0x000a0000-0x000bffff window]
[   10.938995] pci_bus 0000:00: resource 7 [mem 0x80000000-0xafffffff window]
[   10.950381] pci_bus 0000:00: resource 8 [mem 0xc0000000-0xfebfffff window]
[   10.962029] pci_bus 0000:00: resource 9 [mem 0x1c00000000-0x23ffffffff window]
[   10.974243] pci_bus 0000:01: resource 0 [io  0x1000-0x1fff]
[   10.983453] pci_bus 0000:01: resource 1 [mem 0xfe800000-0xfe9fffff]
[   10.993234] pci_bus 0000:01: resource 2 [mem 0xfe000000-0xfe1fffff 64bit pref]
[   11.006900] PCI: CLS 0 bytes, default 64
[   11.014631] PCI-DMA: Using software bounce buffering for IO (SWIOTLB)
[   11.017520] Trying to unpack rootfs image as initramfs...
[   11.025654] software IO TLB: mapped [mem 0x0000000065000000-0x0000000069000000] (64MB)
[   11.048746] clocksource: tsc: mask: 0xffffffffffffffff max_cycles: 0x2a48a50322c, max_idle_ns: 440795287943 ns
[   11.091814] Initialise system trusted keyrings
[   11.100421] Key type blacklist registered
[   11.108997] workingset: timestamp_bits=36 max_order=21 bucket_order=0
[   11.120504] zbud: loaded
[   11.139243] squashfs: version 4.0 (2009/01/31) Phillip Lougher
[   11.154494] fuse: init (API version 7.41)
[   11.165041] integrity: Platform Keyring initialized
[   11.196245] Key type asymmetric registered
[   11.203463] Asymmetric key parser 'x509' registered
[   11.212871] Block layer SCSI generic (bsg) driver version 0.4 loaded (major 243)
[   11.228369] io scheduler mq-deadline registered
[   11.268087] ledtrig-cpu: registered to indicate activity on CPUs
[   11.359454] ACPI: \_SB_.GSIH: Enabled at IRQ 23
[   11.378861] pcieport 0000:00:03.0: PME: Signaling with IRQ 24
[   11.394137] pcieport 0000:00:03.0: AER: enabled with IRQ 24
[   11.409834] shpchp: Standard Hot Plug PCI Controller Driver version: 0.4
[   11.428224] input: Power Button as /devices/LNXSYSTM:00/LNXPWRBN:00/input/input0
[   11.443249] ACPI: button: Power Button [PWRF]
[   11.556210] ACPI: \_SB_.GSIG: Enabled at IRQ 22
[   11.614537] ACPI: \_SB_.GSIE: Enabled at IRQ 20
[   11.679474] Serial: 8250/16550 driver, 32 ports, IRQ sharing enabled
[   11.743188] 00:03: ttyS0 at I/O 0x3f8 (irq = 4, base_baud = 115200) is a 16550A
[   11.896461] Linux agpgart interface v0.103
[   12.105213] loop: module loaded
[   12.123208] tun: Universal TUN/TAP device driver, 1.6
[   12.134536] PPP generic driver version 2.4.2
[   12.148606] VFIO - User Level meta-driver version: 0.3
[   12.162341] i8042: PNP: PS/2 Controller [PNP0303:KBD,PNP0f13:MOU] at 0x60,0x64 irq 1,12
[   12.184419] serio: i8042 KBD port at 0x60,0x64 irq 1
[   12.194260] serio: i8042 AUX port at 0x60,0x64 irq 12
[   12.208166] mousedev: PS/2 mouse device common for all mice
[   12.223217] rtc_cmos 00:04: RTC can wake from S4
[   12.229257] input: AT Translated Set 2 keyboard as /devices/platform/i8042/serio0/input/input1
[   12.243286] rtc_cmos 00:04: registered as rtc0
[   12.256064] rtc_cmos 00:04: setting system clock to 2025-01-11T01:26:03 UTC (1736558763)
[   12.271966] rtc_cmos 00:04: alarms up to one day, y3k, 242 bytes nvram, hpet irqs
[   12.285498] i2c_dev: i2c /dev entries driver
[   12.294348] device-mapper: core: CONFIG_IMA_DISABLE_HTABLE is disabled. Duplicate IMA measurements will not be recorded in the IMA log.
[   12.315428] device-mapper: uevent: version 1.0.3
[   12.326030] device-mapper: ioctl: 4.48.0-ioctl (2023-03-01) initialised: dm-devel@lists.linux.dev
[   12.341048] platform eisa.0: Probing EISA bus 0
[   12.348349] platform eisa.0: EISA: Cannot allocate resource for mainboard
[   12.359376] platform eisa.0: Cannot allocate resource for EISA slot 1
[   12.369934] platform eisa.0: Cannot allocate resource for EISA slot 2
[   12.380423] platform eisa.0: Cannot allocate resource for EISA slot 3
[   12.391346] platform eisa.0: Cannot allocate resource for EISA slot 4
[   12.402799] platform eisa.0: Cannot allocate resource for EISA slot 5
[   12.414132] platform eisa.0: Cannot allocate resource for EISA slot 6
[   12.425248] platform eisa.0: Cannot allocate resource for EISA slot 7
[   12.436512] platform eisa.0: Cannot allocate resource for EISA slot 8
[   12.447637] platform eisa.0: EISA: Detected 0 cards
[   12.456205] intel_pstate: CPU model not supported
[   12.467146] drop_monitor: Initializing network drop monitor service
[   12.481573] NET: Registered PF_INET6 protocol family
[   15.107303] Freeing initrd memory: 100064K
[   15.225710] Segment Routing with IPv6
[   15.232471] In-situ OAM (IOAM) with IPv6
[   15.239842] NET: Registered PF_PACKET protocol family
[   15.250025] Key type dns_resolver registered
[   15.314589] IPI shorthand broadcast: enabled
[   15.414626] registered taskstats version 1
[   15.452639] Loading compiled-in X.509 certificates
[   15.615352] Demotion targets for Node 0: null
[   15.623955] kmemleak: Kernel memory leak detector initialized (mem pool available: 14031)
[   15.624206] kmemleak: Automatic memory scanning thread started
[   15.642162] Key type .fscrypt registered
[   15.652939] Key type fscrypt-provisioning registered
[   15.745950] cryptd: module verification failed: signature and/or required key missing - tainting kernel
[   15.771675] cryptd: max_cpu_qlen set to 1000
[   15.976884] Key type encrypted registered
[   15.984306] AppArmor: AppArmor sha256 policy hashing enabled
[   15.994431] ima: No TPM chip found, activating TPM-bypass!
[   16.003748] Loading compiled-in module X.509 certificates
[   16.013284] ima: Allocated hash algorithm: sha1
[   16.022039] ima: No architecture policies found
[   16.030545] evm: Initialising EVM extended attributes:
[   16.039246] evm: security.selinux
[   16.045032] evm: security.SMACK64
[   16.050820] evm: security.SMACK64EXEC
[   16.057178] evm: security.SMACK64TRANSMUTE
[   16.064426] evm: security.SMACK64MMAP
[   16.070726] evm: security.apparmor
[   16.076306] evm: security.ima
[   16.081301] evm: security.capability
[   16.087514] evm: HMAC attrs: 0x1
[   16.106619] PM:   Magic number: 9:272:407
[   16.119056] RAS: Correctable Errors collector initialized.
[   16.131666] Unstable clock detected, switching default tracing clock to "global"
               If you want to keep using the local clock, then add:
                 "trace_clock=local"
               on the kernel command line
[   16.174675] clk: Disabling unused clocks
[   16.256315] Freeing unused decrypted memory: 2036K
[   16.289914] Freeing unused kernel image (initmem) memory: 9908K
[   16.300614] Write protecting the kernel read-only data: 67584k
[   16.313643] Freeing unused kernel image (rodata/data gap) memory: 1336K
[   16.388070] x86/mm: Checked W+X mappings: passed, no W+X pages found.
[   16.395495] x86/mm: Checking user space page tables
[   16.464118] x86/mm: Checked W+X mappings: passed, no W+X pages found.
[   16.471801] Run /init as init process
[   16.476136]   with arguments:
[   16.476153]     /init
[   16.476165]     nokaslr
[   16.476172]   with environment:
[   16.476178]     HOME=/
[   16.476184]     TERM=linux
[   19.436388] lpc_ich 0000:00:1f.0: I/O space for GPIO uninitialized
[   19.496509] virtio_blk virtio2: 32/0/0 default/read/poll queues
[   19.529742] input: VirtualPS/2 VMware VMMouse as /devices/platform/i8042/serio1/input/input4
[   19.530464] ahci 0000:00:1f.2: version 3.0
[   19.578300] input: VirtualPS/2 VMware VMMouse as /devices/platform/i8042/serio1/input/input3
[   19.638012] ACPI: \_SB_.GSIA: Enabled at IRQ 16
[   19.656521] i801_smbus 0000:00:1f.3: SMBus using PCI interrupt
[   19.672981] ahci 0000:00:1f.2: AHCI vers 0001.0000, 32 command slots, 1.5 Gbps, SATA mode
[   19.686938] ahci 0000:00:1f.2: 6/6 ports implemented (port mask 0x3f)
[   19.698040] ahci 0000:00:1f.2: flags: 64bit ncq only 
[   19.717341] i2c i2c-0: Memory type 0x07 not supported yet, not instantiating SPD
[   19.838644] virtio_blk virtio2: [vda] 209715200 512-byte logical blocks (107 GB/100 GiB)
[   19.845611] scsi host0: ahci
[   19.889474] scsi host1: ahci
[   19.909267] scsi host2: ahci
[   19.936704] scsi host3: ahci
[   19.956414] scsi host4: ahci
[   20.004803] scsi host5: ahci
[   20.005091]  vda: vda1 vda14 vda15
[   20.044696] ata1: SATA max UDMA/133 abar m4096@0xfea53000 port 0xfea53100 irq 51 lpm-pol 0
[   20.059178] ata2: SATA max UDMA/133 abar m4096@0xfea53000 port 0xfea53180 irq 51 lpm-pol 0
[   20.085354] ata3: SATA max UDMA/133 abar m4096@0xfea53000 port 0xfea53200 irq 51 lpm-pol 0
[   20.098358] ata4: SATA max UDMA/133 abar m4096@0xfea53000 port 0xfea53280 irq 51 lpm-pol 0
[   20.108462] ata5: SATA max UDMA/133 abar m4096@0xfea53000 port 0xfea53300 irq 51 lpm-pol 0
[   20.118935] ata6: SATA max UDMA/133 abar m4096@0xfea53000 port 0xfea53380 irq 51 lpm-pol 0
[   20.144478] virtio_net virtio0 enp0s2: renamed from eth0
[   20.447774] ata1: SATA link up 1.5 Gbps (SStatus 113 SControl 300)
[   20.462575] ata5: SATA link down (SStatus 0 SControl 300)
[   20.472567] ata4: SATA link up 1.5 Gbps (SStatus 113 SControl 300)
[   20.482239] ata2: SATA link up 1.5 Gbps (SStatus 113 SControl 300)
[   20.491275] ata3: SATA link up 1.5 Gbps (SStatus 113 SControl 300)
[   20.501820] ata6: SATA link down (SStatus 0 SControl 300)
[   20.508732] ata3.00: ATA-7: QEMU HARDDISK, 2.5+, max UDMA/100
[   20.516536] ata3.00: 20971520 sectors, multi 16: LBA48 NCQ (depth 32)
[   20.525646] ata3.00: applying bridge limits
[   20.531058] ata1.00: ATA-7: QEMU HARDDISK, 2.5+, max UDMA/100
[   20.539679] ata1.00: 20971520 sectors, multi 16: LBA48 NCQ (depth 32)
[   20.549235] ata1.00: applying bridge limits
[   20.557992] ata4.00: ATA-7: QEMU HARDDISK, 2.5+, max UDMA/100
[   20.567709] ata4.00: 20971520 sectors, multi 16: LBA48 NCQ (depth 32)
[   20.576236] ata4.00: applying bridge limits
[   20.581568] ata3.00: configured for UDMA/100
[   20.589290] ata2.00: ATA-7: QEMU HARDDISK, 2.5+, max UDMA/100
[   20.597256] ata2.00: 20971520 sectors, multi 16: LBA48 NCQ (depth 32)
[   20.608970] ata2.00: applying bridge limits
[   20.616075] ata1.00: configured for UDMA/100
[   20.623714] ata2.00: configured for UDMA/100
[   20.630469] ata4.00: configured for UDMA/100
[   20.632112] scsi 0:0:0:0: Direct-Access     ATA      QEMU HARDDISK    2.5+ PQ: 0 ANSI: 5
[   20.658730] sd 0:0:0:0: Attached scsi generic sg0 type 0
[   20.659408] sd 0:0:0:0: [sda] 20971520 512-byte logical blocks: (10.7 GB/10.0 GiB)
[   20.674584] scsi 1:0:0:0: Direct-Access     ATA      QEMU HARDDISK    2.5+ PQ: 0 ANSI: 5
[   20.677693] sd 0:0:0:0: [sda] Write Protect is off
[   20.696500] sd 0:0:0:0: [sda] Mode Sense: 00 3a 00 00
[   20.696729] sd 0:0:0:0: [sda] Write cache: enabled, read cache: enabled, doesn't support DPO or FUA
[   20.700927] sd 1:0:0:0: Attached scsi generic sg1 type 0
[   20.701812] sd 1:0:0:0: [sdb] 20971520 512-byte logical blocks: (10.7 GB/10.0 GiB)
[   20.701947] sd 1:0:0:0: [sdb] Write Protect is off
[   20.701975] sd 1:0:0:0: [sdb] Mode Sense: 00 3a 00 00
[   20.702205] sd 1:0:0:0: [sdb] Write cache: enabled, read cache: enabled, doesn't support DPO or FUA
[   20.702936] sd 1:0:0:0: [sdb] Preferred minimum I/O size 512 bytes
[   20.709633] sd 0:0:0:0: [sda] Preferred minimum I/O size 512 bytes
[   20.718508] scsi 2:0:0:0: Direct-Access     ATA      QEMU HARDDISK    2.5+ PQ: 0 ANSI: 5
[   20.770126] sd 2:0:0:0: Attached scsi generic sg2 type 0
[   20.770387] sd 2:0:0:0: [sdc] 20971520 512-byte logical blocks: (10.7 GB/10.0 GiB)
[   20.779211] scsi 3:0:0:0: Direct-Access     ATA      QEMU HARDDISK    2.5+ PQ: 0 ANSI: 5
[   20.787078] sd 2:0:0:0: [sdc] Write Protect is off
[   20.802462] sd 1:0:0:0: [sdb] Attached SCSI disk
[   20.805500] sd 2:0:0:0: [sdc] Mode Sense: 00 3a 00 00
[   20.806479] sd 2:0:0:0: [sdc] Write cache: enabled, read cache: enabled, doesn't support DPO or FUA
[   20.807278] sd 3:0:0:0: Attached scsi generic sg3 type 0
[   20.807766] sd 3:0:0:0: [sdd] 20971520 512-byte logical blocks: (10.7 GB/10.0 GiB)
[   20.807881] sd 3:0:0:0: [sdd] Write Protect is off
[   20.807908] sd 3:0:0:0: [sdd] Mode Sense: 00 3a 00 00
[   20.808367] sd 3:0:0:0: [sdd] Write cache: enabled, read cache: enabled, doesn't support DPO or FUA
[   20.809004] sd 3:0:0:0: [sdd] Preferred minimum I/O size 512 bytes
[   20.810745] sd 0:0:0:0: [sda] Attached SCSI disk
[   20.866217] sd 2:0:0:0: [sdc] Preferred minimum I/O size 512 bytes
[   20.909736] sd 3:0:0:0: [sdd] Attached SCSI disk
[   20.926465] sd 2:0:0:0: [sdc] Attached SCSI disk
[   20.976914] nd_pmem namespace0.0: unable to guarantee persistence of writes
[   24.561273] raid6: sse2x4   gen()  8909 MB/s
[   24.633225] raid6: sse2x2   gen()  8689 MB/s
[   24.705257] raid6: sse2x1   gen()  7969 MB/s
[   24.711521] raid6: using algorithm sse2x4 gen() 8909 MB/s
[   24.785263] raid6: .... xor() 3971 MB/s, rmw enabled
[   24.792717] raid6: using ssse3x2 recovery algorithm
[   24.814024] xor: measuring software checksum speed
[   24.821376]    prefetch64-sse  :  9868 MB/sec
[   24.828317]    generic_sse     : 11055 MB/sec
[   24.834965] xor: using function: generic_sse (11055 MB/sec)
[   24.852144] async_tx: api initialized (async)
[   26.226842] Btrfs loaded, zoned=yes, fsverity=yes
[   27.205904] EXT4-fs (vda1): mounted filesystem 26c50908-598b-4e8e-871e-35718a3a1426 ro with ordered data mode. Quota mode: none.
[   28.467954] systemd[1]: Inserted module 'autofs4'
[   28.660348] systemd[1]: systemd 249.11-0ubuntu3.10 running in system mode (+PAM +AUDIT +SELINUX +APPARMOR +IMA +SMACK +SECCOMP +GCRYPT +GNUTLS +OPENSSL +ACL +BLKID +CURL +ELFUTILS +FIDO2 +IDN2 -IDN +IPTC +KMOD +LIBCRYPTSETUP +LIBFDISK +PCRE2 -PWQUALITY -P11KIT -QRENCODE +BZIP2 +LZ4 +XZ +ZLIB +ZSTD -XKBCOMMON +UTMP +SYSVINIT default-hierarchy=unified)
[   28.706529] systemd[1]: Detected virtualization kvm.
[   28.714138] systemd[1]: Detected architecture x86-64.
[   28.739274] systemd[1]: Hostname set to <qemu-2>.
[   29.330768] block vda: the capability attribute has been deprecated.
[   29.587989] random: crng init done
[   30.642263] systemd[1]: Queued start job for default target Graphical Interface.
[   30.737911] systemd[1]: Created slice Slice /system/modprobe.
[   30.768912] systemd[1]: Created slice Slice /system/serial-getty.
[   30.800949] systemd[1]: Created slice Slice /system/systemd-fsck.
[   30.832598] systemd[1]: Created slice User and Session Slice.
[   30.854009] systemd[1]: Started Forward Password Requests to Wall Directory Watch.
[   30.883775] systemd[1]: Set up automount Arbitrary Executable File Formats File System Automount Point.
[   30.910668] systemd[1]: Reached target Slice Units.
[   30.923989] systemd[1]: Reached target Mounting snaps.
[   30.937686] systemd[1]: Reached target Swaps.
[   30.950011] systemd[1]: Reached target Local Verity Protected Volumes.
[   30.968184] systemd[1]: Listening on Device-mapper event daemon FIFOs.
[   30.987909] systemd[1]: Listening on LVM2 poll daemon socket.
[   31.005086] systemd[1]: Listening on multipathd control socket.
[   31.158173] systemd[1]: Listening on RPCbind Server Activation Socket.
[   31.177844] systemd[1]: Listening on Syslog Socket.
[   31.193352] systemd[1]: Listening on fsck to fsckd communication Socket.
[   31.212605] systemd[1]: Listening on initctl Compatibility Named Pipe.
[   31.233355] systemd[1]: Listening on Journal Audit Socket.
[   31.251175] systemd[1]: Listening on Journal Socket (/dev/log).
[   31.270037] systemd[1]: Listening on Journal Socket.
[   31.285776] systemd[1]: Listening on Network Service Netlink Socket.
[   31.306931] systemd[1]: Listening on udev Control Socket.
[   31.327648] systemd[1]: Listening on udev Kernel Socket.
[   31.402305] systemd[1]: Mounting Huge Pages File System...
[   31.448750] systemd[1]: Mounting POSIX Message Queue File System...
[   31.534390] systemd[1]: Mounting Kernel Debug File System...
[   31.578450] systemd[1]: Mounting Kernel Trace File System...
[   31.642982] systemd[1]: Starting Journal Service...
[   31.657299] systemd[1]: Condition check resulted in Kernel Module supporting RPCSEC_GSS being skipped.
[   31.743060] systemd[1]: Starting Set the console keyboard layout...
[   31.793667] systemd[1]: Starting Create List of Static Device Nodes...
[   31.848099] systemd[1]: Starting Monitoring of LVM2 mirrors, snapshots etc. using dmeventd or progress polling...
[   31.875570] systemd[1]: Condition check resulted in LXD - agent being skipped.
[   31.912133] systemd[1]: Starting Load Kernel Module configfs...
[   31.962332] systemd[1]: Starting Load Kernel Module drm...
[   32.007563] systemd[1]: Starting Load Kernel Module efi_pstore...
[   32.080587] systemd[1]: Starting Load Kernel Module fuse...
[   32.107197] systemd[1]: Condition check resulted in OpenVSwitch configuration for cleanup being skipped.
[   32.121689] systemd[1]: Condition check resulted in File System Check on Root Device being skipped.
[   32.173809] systemd[1]: Starting Load Kernel Modules...
[   32.220777] systemd[1]: Starting Remount Root and Kernel File Systems...
[   32.273780] systemd[1]: Starting Coldplug All udev Devices...
[   32.345496] systemd[1]: Mounted Huge Pages File System.
[   32.366386] systemd[1]: Mounted POSIX Message Queue File System.
[   32.388207] systemd[1]: Mounted Kernel Debug File System.
[   32.410279] systemd[1]: Mounted Kernel Trace File System.
[   32.429384] systemd[1]: Started Journal Service.
[   32.449503] ACPI: bus type drm_connector registered
[   32.488300] EXT4-fs (vda1): re-mounted 26c50908-598b-4e8e-871e-35718a3a1426 r/w. Quota mode: none.
[   32.981555] alua: device handler registered
[   32.999895] emc: device handler registered
[   33.030806] rdac: device handler registered
[   33.058049] systemd-journald[591]: Received client request to flush runtime journal.
[   33.092779] systemd-journald[591]: File /var/log/journal/02c9a06a7911097a3b638c9756cf2e6e/system.journal corrupted or uncleanly shut down, renaming and replacing.
[   33.968792] loop0: detected capacity change from 0 to 130888
[   34.013445] loop1: detected capacity change from 0 to 130448
[   34.087331] loop2: detected capacity change from 0 to 229272
[   34.188654] loop3: detected capacity change from 0 to 178256
[   34.271436] loop4: detected capacity change from 0 to 82800
[   34.419351] loop5: detected capacity change from 0 to 79520
[   36.471513] parport_pc 00:02: reported by Plug and Play ACPI
[   36.495161] parport0: PC-style at 0x378, irq 7 [PCSPP,TRISTATE]
[   40.692644] ppdev: user-space parallel port driver
[   40.959497] kvm_intel: VM_EXIT_LOAD_IA32_PERF_GLOBAL_CTRL does not work properly. Using workaround
[   41.548563] audit: type=1400 audit(1736558792.788:2): apparmor="STATUS" operation="profile_load" profile="unconfined" name="lsb_release" pid=1281 comm="apparmor_parser"
[   41.554395] audit: type=1400 audit(1736558792.796:3): apparmor="STATUS" operation="profile_load" profile="unconfined" name="nvidia_modprobe" pid=1282 comm="apparmor_parser"
[   41.554671] audit: type=1400 audit(1736558792.796:4): apparmor="STATUS" operation="profile_load" profile="unconfined" name="nvidia_modprobe//kmod" pid=1282 comm="apparmor_parser"
[   41.562791] audit: type=1400 audit(1736558792.804:5): apparmor="STATUS" operation="profile_load" profile="unconfined" name="/usr/bin/man" pid=1284 comm="apparmor_parser"
[   41.562951] audit: type=1400 audit(1736558792.804:6): apparmor="STATUS" operation="profile_load" profile="unconfined" name="man_filter" pid=1284 comm="apparmor_parser"
[   41.563110] audit: type=1400 audit(1736558792.804:7): apparmor="STATUS" operation="profile_load" profile="unconfined" name="man_groff" pid=1284 comm="apparmor_parser"
[   41.575122] audit: type=1400 audit(1736558792.816:8): apparmor="STATUS" operation="profile_load" profile="unconfined" name="swtpm" pid=1285 comm="apparmor_parser"
[   41.578450] audit: type=1400 audit(1736558792.820:9): apparmor="STATUS" operation="profile_load" profile="unconfined" name="tcpdump" pid=1286 comm="apparmor_parser"
[   41.581592] audit: type=1400 audit(1736558792.820:10): apparmor="STATUS" operation="profile_load" profile="unconfined" name="virt-aa-helper" pid=1287 comm="apparmor_parser"
[   41.585601] audit: type=1400 audit(1736558792.824:11): apparmor="STATUS" operation="profile_load" profile="unconfined" name="/usr/lib/snapd/snap-confine" pid=1288 comm="apparmor_parser"
[   43.082136] RPC: Registered named UNIX socket transport module.
[   43.082175] RPC: Registered udp transport module.
[   43.082184] RPC: Registered tcp transport module.
[   43.082191] RPC: Registered tcp-with-tls transport module.
[   43.082198] RPC: Registered tcp NFSv4.1 backchannel transport module.
[   47.366121] loop6: detected capacity change from 0 to 8
[   56.477258] netfs: FS-Cache loaded
[   57.838689] NFS: Registering the id_resolver key type
[   57.839186] Key type id_resolver registered
[   57.839199] Key type id_legacy registered
[   80.960666] cbd: loading out-of-tree module taints kernel.
[   88.150148] cbd: backend_validate:554 cbd_transport0: duplicated backend path: /dev/sda with backend_id: 0
[   89.961962] cbd: backend_validate:544 cbd_transport0: found backend_id: 0 for host_id: 1, path: /dev/sda
[   89.969253] cbd: cbd_backend_init:394 cbd_transport0: attach backend to backend_id: 0
[  126.528277] cbd: cache_validate:304 cbd_transport0: n_paral 1 requires cache size (167772160), more than current (16777216).
[  132.276907] cbd: backend_open_bdev:284 cbd_transport0: backend0: failed to open bdev: -2
[  135.081406] cbd: cache_validate:311 cbd_transport0: too large cache_segs: 32768, segment_num: 1405
[  144.044758] ==== end /root/avocado/job-results/job-2025-01-09T22.24-1680aba/test-results/190-._cbdctrl.py_CbdctrlTest.test_run-cache_data_crc-disable-cache_for_xfstests-cache-channel_crc-channel_data_crc-host_mode-multi_host-multihost-enable-test_script-backend-c2ff ==== 
