[    0.000000] Linux version 6.13.0-rc5+ (root@ubuntu-22-04-server) (gcc (Ubuntu 11.4.0-1ubuntu1~22.04) 11.4.0, GNU ld (GNU Binutils for Ubuntu) 2.38) #2 SMP PREEMPT_DYNAMIC Fri Jan  3 15:43:06 CST 2025
[    0.000000] Command line: intremap=off console=ttyS0,115200 nokaslr root=/dev/vda1 crashkernel=1G-:2G
[    0.000000] KERNEL supported cpus:
[    0.000000]   Intel GenuineIntel
[    0.000000]   AMD AuthenticAMD
[    0.000000]   Hygon HygonGenuine
[    0.000000]   Centaur CentaurHauls
[    0.000000]   zhaoxin   Shanghai  
[    0.000000] BIOS-provided physical RAM map:
[    0.000000] BIOS-e820: [mem 0x0000000000000000-0x000000000009fbff] usable
[    0.000000] BIOS-e820: [mem 0x000000000009fc00-0x000000000009ffff] reserved
[    0.000000] BIOS-e820: [mem 0x00000000000f0000-0x00000000000fffff] reserved
[    0.000000] BIOS-e820: [mem 0x0000000000100000-0x000000007ffd9fff] usable
[    0.000000] BIOS-e820: [mem 0x000000007ffda000-0x000000007fffffff] reserved
[    0.000000] BIOS-e820: [mem 0x00000000b0000000-0x00000000bfffffff] reserved
[    0.000000] BIOS-e820: [mem 0x00000000fed1c000-0x00000000fed1ffff] reserved
[    0.000000] BIOS-e820: [mem 0x00000000feffc000-0x00000000feffffff] reserved
[    0.000000] BIOS-e820: [mem 0x00000000fffc0000-0x00000000ffffffff] reserved
[    0.000000] BIOS-e820: [mem 0x0000000100000000-0x000000037fffffff] usable
[    0.000000] NX (Execute Disable) protection: active
[    0.000000] APIC: Static calls initialized
[    0.000000] SMBIOS 2.8 present.
[    0.000000] DMI: QEMU Standard PC (Q35 + ICH9, 2009), BIOS rel-1.16.3-0-ga6ed6b701f0a-prebuilt.qemu.org 04/01/2014
[    0.000000] DMI: Memory slots populated: 1/1
[    0.000000] Hypervisor detected: KVM
[    0.000000] kvm-clock: Using msrs 4b564d01 and 4b564d00
[    0.000008] kvm-clock: using sched offset of 3368780392 cycles
[    0.000023] clocksource: kvm-clock: mask: 0xffffffffffffffff max_cycles: 0x1cd42e4dffb, max_idle_ns: 881590591483 ns
[    0.000076] tsc: Detected 2933.436 MHz processor
[    0.002462] e820: update [mem 0x00000000-0x00000fff] usable ==> reserved
[    0.002472] e820: remove [mem 0x000a0000-0x000fffff] usable
[    0.002486] last_pfn = 0x380000 max_arch_pfn = 0x400000000
[    0.003082] MTRR map: 4 entries (3 fixed + 1 variable; max 19), built from 8 variable MTRRs
[    0.003117] x86/PAT: Configuration [0-7]: WB  WC  UC- UC  WB  WP  UC- WT  
[    0.003827] last_pfn = 0x7ffda max_arch_pfn = 0x400000000
[    0.015479] found SMP MP-table at [mem 0x000f5450-0x000f545f]
[    0.015595] Using GB pages for direct mapping
[    0.017376] RAMDISK: [mem 0x79e18000-0x7ffcffff]
[    0.017459] ACPI: Early table checksum verification disabled
[    0.017570] ACPI: RSDP 0x00000000000F5220 000014 (v00 BOCHS )
[    0.017623] ACPI: RSDT 0x000000007FFE3D96 000040 (v01 BOCHS  BXPC     00000001 BXPC 00000001)
[    0.017675] ACPI: FACP 0x000000007FFE25E7 0000F4 (v03 BOCHS  BXPC     00000001 BXPC 00000001)
[    0.017705] ACPI: DSDT 0x000000007FFDF040 0035A7 (v01 BOCHS  BXPC     00000001 BXPC 00000001)
[    0.017723] ACPI: FACS 0x000000007FFDF000 000040
[    0.017732] ACPI: APIC 0x000000007FFE26DB 000170 (v03 BOCHS  BXPC     00000001 BXPC 00000001)
[    0.017743] ACPI: HPET 0x000000007FFE284B 000038 (v01 BOCHS  BXPC     00000001 BXPC 00000001)
[    0.017753] ACPI: SRAT 0x000000007FFE2883 0002D0 (v01 BOCHS  BXPC     00000001 BXPC 00000001)
[    0.017763] ACPI: MCFG 0x000000007FFE2B53 00003C (v01 BOCHS  BXPC     00000001 BXPC 00000001)
[    0.017772] ACPI: SSDT 0x000000007FFE2B8F 0011DF (v01 BOCHS  NVDIMM   00000001 BXPC 00000001)
[    0.017782] ACPI: WAET 0x000000007FFE3D6E 000028 (v01 BOCHS  BXPC     00000001 BXPC 00000001)
[    0.017790] ACPI: Reserving FACP table memory at [mem 0x7ffe25e7-0x7ffe26da]
[    0.017794] ACPI: Reserving DSDT table memory at [mem 0x7ffdf040-0x7ffe25e6]
[    0.017796] ACPI: Reserving FACS table memory at [mem 0x7ffdf000-0x7ffdf03f]
[    0.017799] ACPI: Reserving APIC table memory at [mem 0x7ffe26db-0x7ffe284a]
[    0.017801] ACPI: Reserving HPET table memory at [mem 0x7ffe284b-0x7ffe2882]
[    0.017804] ACPI: Reserving SRAT table memory at [mem 0x7ffe2883-0x7ffe2b52]
[    0.017806] ACPI: Reserving MCFG table memory at [mem 0x7ffe2b53-0x7ffe2b8e]
[    0.017809] ACPI: Reserving SSDT table memory at [mem 0x7ffe2b8f-0x7ffe3d6d]
[    0.017811] ACPI: Reserving WAET table memory at [mem 0x7ffe3d6e-0x7ffe3d95]
[    0.018273] ACPI: SRAT: Node 0 PXM 0 [mem 0x00000000-0x0009ffff]
[    0.018280] ACPI: SRAT: Node 0 PXM 0 [mem 0x00100000-0x7fffffff]
[    0.018283] ACPI: SRAT: Node 0 PXM 0 [mem 0x100000000-0x37fffffff]
[    0.018287] ACPI: SRAT: Node 0 PXM 0 [mem 0x380000000-0x1bffffffff] hotplug
[    0.018301] NUMA: Node 0 [mem 0x00001000-0x0009ffff] + [mem 0x00100000-0x7fffffff] -> [mem 0x00001000-0x7fffffff]
[    0.018306] NUMA: Node 0 [mem 0x00001000-0x7fffffff] + [mem 0x100000000-0x37fffffff] -> [mem 0x00001000-0x37fffffff]
[    0.018336] NODE_DATA(0) allocated [mem 0x37ffd3700-0x37fffdfff]
[    0.018763] crashkernel low memory reserved: 0x69000000 - 0x79000000 (256 MB)
[    0.018769] crashkernel reserved: 0x00000002ff000000 - 0x000000037f000000 (2048 MB)
[    0.018962] Zone ranges:
[    0.018965]   DMA      [mem 0x0000000000001000-0x0000000000ffffff]
[    0.018970]   DMA32    [mem 0x0000000001000000-0x00000000ffffffff]
[    0.018973]   Normal   [mem 0x0000000100000000-0x000000037fffffff]
[    0.018976]   Device   empty
[    0.018979] Movable zone start for each node
[    0.018983] Early memory node ranges
[    0.018984]   node   0: [mem 0x0000000000001000-0x000000000009efff]
[    0.018992]   node   0: [mem 0x0000000000100000-0x000000007ffd9fff]
[    0.018995]   node   0: [mem 0x0000000100000000-0x000000037fffffff]
[    0.019000] Initmem setup node 0 [mem 0x0000000000001000-0x000000037fffffff]
[    0.019563] On node 0, zone DMA: 1 pages in unavailable ranges
[    0.019896] On node 0, zone DMA: 97 pages in unavailable ranges
[    0.282794] On node 0, zone Normal: 38 pages in unavailable ranges
[    1.594087] kasan: KernelAddressSanitizer initialized
[    1.601697] ACPI: PM-Timer IO Port: 0x608
[    1.601820] ACPI: LAPIC_NMI (acpi_id[0xff] dfl dfl lint[0x1])
[    1.602260] IOAPIC[0]: apic_id 0, version 17, address 0xfec00000, GSI 0-23
[    1.602279] ACPI: INT_SRC_OVR (bus 0 bus_irq 0 global_irq 2 dfl dfl)
[    1.602286] ACPI: INT_SRC_OVR (bus 0 bus_irq 5 global_irq 5 high level)
[    1.602289] ACPI: INT_SRC_OVR (bus 0 bus_irq 9 global_irq 9 high level)
[    1.602300] ACPI: INT_SRC_OVR (bus 0 bus_irq 10 global_irq 10 high level)
[    1.602304] ACPI: INT_SRC_OVR (bus 0 bus_irq 11 global_irq 11 high level)
[    1.602320] ACPI: Using ACPI (MADT) for SMP configuration information
[    1.602324] ACPI: HPET id: 0x8086a201 base: 0xfed00000
[    1.602343] TSC deadline timer available
[    1.602358] CPU topo: Max. logical packages:   2
[    1.602360] CPU topo: Max. logical dies:       2
[    1.602362] CPU topo: Max. dies per package:   1
[    1.602370] CPU topo: Max. threads per core:   2
[    1.602372] CPU topo: Num. cores per package:     8
[    1.602374] CPU topo: Num. threads per package:  16
[    1.602376] CPU topo: Allowing 32 present CPUs plus 0 hotplug CPUs
[    1.602524] kvm-guest: APIC: eoi() replaced with kvm_guest_apic_eoi_write()
[    1.602650] kvm-guest: KVM setup pv remote TLB flush
[    1.602708] kvm-guest: setup PV sched yield
[    1.602893] PM: hibernation: Registered nosave memory: [mem 0x00000000-0x00000fff]
[    1.602901] PM: hibernation: Registered nosave memory: [mem 0x0009f000-0x0009ffff]
[    1.602904] PM: hibernation: Registered nosave memory: [mem 0x000a0000-0x000effff]
[    1.602906] PM: hibernation: Registered nosave memory: [mem 0x000f0000-0x000fffff]
[    1.602911] PM: hibernation: Registered nosave memory: [mem 0x7ffda000-0x7fffffff]
[    1.602914] PM: hibernation: Registered nosave memory: [mem 0x80000000-0xafffffff]
[    1.602916] PM: hibernation: Registered nosave memory: [mem 0xb0000000-0xbfffffff]
[    1.602919] PM: hibernation: Registered nosave memory: [mem 0xc0000000-0xfed1bfff]
[    1.602921] PM: hibernation: Registered nosave memory: [mem 0xfed1c000-0xfed1ffff]
[    1.602923] PM: hibernation: Registered nosave memory: [mem 0xfed20000-0xfeffbfff]
[    1.602925] PM: hibernation: Registered nosave memory: [mem 0xfeffc000-0xfeffffff]
[    1.602927] PM: hibernation: Registered nosave memory: [mem 0xff000000-0xfffbffff]
[    1.602929] PM: hibernation: Registered nosave memory: [mem 0xfffc0000-0xffffffff]
[    1.602943] [mem 0xc0000000-0xfed1bfff] available for PCI devices
[    1.602951] Booting paravirtualized kernel on KVM
[    1.602961] clocksource: refined-jiffies: mask: 0xffffffff max_cycles: 0xffffffff, max_idle_ns: 7645519600211568 ns
[    1.603056] setup_percpu: NR_CPUS:8192 nr_cpumask_bits:32 nr_cpu_ids:32 nr_node_ids:1
[    1.729690] percpu: Embedded 532 pages/cpu s2142208 r8192 d28672 u4194304
[    1.729752] pcpu-alloc: s2142208 r8192 d28672 u4194304 alloc=2*2097152
[    1.729761] pcpu-alloc: [0] 00 [0] 01 [0] 02 [0] 03 [0] 04 [0] 05 [0] 06 [0] 07 
[    1.729781] pcpu-alloc: [0] 08 [0] 09 [0] 10 [0] 11 [0] 12 [0] 13 [0] 14 [0] 15 
[    1.729800] pcpu-alloc: [0] 16 [0] 17 [0] 18 [0] 19 [0] 20 [0] 21 [0] 22 [0] 23 
[    1.729819] pcpu-alloc: [0] 24 [0] 25 [0] 26 [0] 27 [0] 28 [0] 29 [0] 30 [0] 31 
[    1.730164] kvm-guest: PV spinlocks enabled
[    1.730186] PV qspinlock hash table entries: 256 (order: 0, 4096 bytes, linear)
[    1.730204] Kernel command line: intremap=off console=ttyS0,115200 nokaslr root=/dev/vda1 crashkernel=1G-:2G
[    1.730462] Unknown kernel command line parameters "nokaslr", will be passed to user space.
[    1.730511] printk: log buffer data + meta data: 262144 + 917504 = 1179648 bytes
[    1.744747] Dentry cache hash table entries: 2097152 (order: 12, 16777216 bytes, linear)
[    1.752202] Inode-cache hash table entries: 1048576 (order: 11, 8388608 bytes, linear)
[    1.756728] Fallback order for Node 0: 0 
[    1.756761] Built 1 zonelists, mobility grouping on.  Total pages: 3145592
[    1.756765] Policy zone: Normal
[    1.756831] mem auto-init: stack:off, heap alloc:on, heap free:off
[    1.756851] stackdepot: allocating hash table via alloc_large_system_hash
[    1.756863] stackdepot hash table entries: 1048576 (order: 12, 16777216 bytes, linear)
[    1.770934] software IO TLB: area num 32.
[    2.538408] SLUB: HWalign=64, Order=0-3, MinObjects=0, CPUs=32, Nodes=1
[    2.539806] Kernel/User page tables isolation: enabled
[    2.540698] ftrace: allocating 52416 entries in 205 pages
[    2.860342] ftrace: allocated 205 pages with 5 groups
[    2.867725] Dynamic Preempt: voluntary
[    2.875425] Running RCU self tests
[    2.875429] Running RCU synchronous self tests
[    2.875489] rcu: Preemptible hierarchical RCU implementation.
[    2.875492] rcu: 	RCU lockdep checking is enabled.
[    2.875494] rcu: 	RCU restricting CPUs from NR_CPUS=8192 to nr_cpu_ids=32.
[    2.875498] 	Trampoline variant of Tasks RCU enabled.
[    2.875500] 	Rude variant of Tasks RCU enabled.
[    2.875501] 	Tracing variant of Tasks RCU enabled.
[    2.875503] rcu: RCU calculated value of scheduler-enlistment delay is 25 jiffies.
[    2.875505] rcu: Adjusting geometry for rcu_fanout_leaf=16, nr_cpu_ids=32
[    2.876186] Running RCU synchronous self tests
[    2.876219] RCU Tasks: Setting shift to 5 and lim to 1 rcu_task_cb_adjust=1 rcu_task_cpu_ids=32.
[    2.876244] RCU Tasks Rude: Setting shift to 5 and lim to 1 rcu_task_cb_adjust=1 rcu_task_cpu_ids=32.
[    2.876268] RCU Tasks Trace: Setting shift to 5 and lim to 1 rcu_task_cb_adjust=1 rcu_task_cpu_ids=32.
[    2.930856] NR_IRQS: 524544, nr_irqs: 680, preallocated irqs: 16
[    2.932794] rcu: srcu_init: Setting srcu_struct sizes based on contention.
[    3.038160] Console: colour VGA+ 80x25
[    3.038595] printk: legacy console [ttyS0] enabled
[    4.491699] Lock dependency validator: Copyright (c) 2006 Red Hat, Inc., Ingo Molnar
[    4.503081] ... MAX_LOCKDEP_SUBCLASSES:  8
[    4.509147] ... MAX_LOCK_DEPTH:          48
[    4.515328] ... MAX_LOCKDEP_KEYS:        8192
[    4.521842] ... CLASSHASH_SIZE:          4096
[    4.528290] ... MAX_LOCKDEP_ENTRIES:     32768
[    4.534892] ... MAX_LOCKDEP_CHAINS:      65536
[    4.541473] ... CHAINHASH_SIZE:          32768
[    4.548052]  memory used by lock dependency info: 6941 kB
[    4.555995]  memory used for stack traces: 4224 kB
[    4.563108]  per task-struct memory footprint: 2688 bytes
[    4.571832] ACPI: Core revision 20240827
[    4.580878] clocksource: hpet: mask: 0xffffffff max_cycles: 0xffffffff, max_idle_ns: 19112604467 ns
[    4.595266] APIC: Switch to symmetric I/O mode setup
[    4.606389] x2apic enabled
[    4.614468] APIC: Switched APIC routing to: physical x2apic
[    4.622719] kvm-guest: APIC: send_IPI_mask() replaced with kvm_send_ipi_mask()
[    4.633201] kvm-guest: APIC: send_IPI_mask_allbutself() replaced with kvm_send_ipi_mask_allbutself()
[    4.646377] kvm-guest: setup PV IPIs
[    4.667664] ..TIMER: vector=0x30 apic1=0 pin1=2 apic2=-1 pin2=-1
[    4.677659] clocksource: tsc-early: mask: 0xffffffffffffffff max_cycles: 0x2a48a50322c, max_idle_ns: 440795287943 ns
[    4.694846] Calibrating delay loop (skipped) preset value.. 5866.87 BogoMIPS (lpj=11733744)
[    4.700554] x86/cpu: User Mode Instruction Prevention (UMIP) activated
[    4.707603] Last level iTLB entries: 4KB 0, 2MB 0, 4MB 0
[    4.710833] Last level dTLB entries: 4KB 0, 2MB 0, 4MB 0, 1GB 0
[    4.714934] Spectre V1 : Mitigation: usercopy/swapgs barriers and __user pointer sanitization
[    4.718837] Spectre V2 : Mitigation: Retpolines
[    4.722833] Spectre V2 : Spectre v2 / SpectreRSB mitigation: Filling RSB on context switch
[    4.726833] Spectre V2 : Spectre v2 / SpectreRSB : Filling RSB on VMEXIT
[    4.730834] Spectre V2 : Enabling Restricted Speculation for firmware calls
[    4.734842] Spectre V2 : mitigation: Enabling conditional Indirect Branch Prediction Barrier
[    4.738833] Spectre V2 : User space: Mitigation: STIBP via prctl
[    4.742835] Speculative Store Bypass: Mitigation: Speculative Store Bypass disabled via prctl
[    4.746836] MDS: Vulnerable: Clear CPU buffers attempted, no microcode
[    4.750833] MMIO Stale Data: Unknown: No mitigations
[    4.754857] x86/fpu: x87 FPU will use FXSAVE
[    4.813302] Freeing SMP alternatives memory: 40K
[    4.814842] pid_max: default: 32768 minimum: 301
[    4.823503] LSM: initializing lsm=lockdown,capability,landlock,yama,apparmor,ima,evm
[    4.827805] landlock: Up and running.
[    4.830836] Yama: becoming mindful.
[    4.836081] AppArmor: AppArmor initialized
[    4.844096] Mount-cache hash table entries: 32768 (order: 6, 262144 bytes, linear)
[    4.847119] Mountpoint-cache hash table entries: 32768 (order: 6, 262144 bytes, linear)
[    4.861510] Running RCU synchronous self tests
[    4.862842] Running RCU synchronous self tests
[    4.871515] smpboot: CPU0: Intel Westmere E56xx/L56xx/X56xx (IBRS update) (family: 0x6, model: 0x2c, stepping: 0x1)
[    4.885247] Running RCU Tasks wait API self tests
[    4.991091] Running RCU Tasks Rude wait API self tests
[    4.994862] Running RCU Tasks Trace wait API self tests
[    4.999067] Performance Events: unsupported p6 CPU model 44 no PMU driver, software events only.
[    5.003411] signal: max sigframe size: 1440
[    5.006953] Callback from call_rcu_tasks_trace() invoked.
[    5.011735] rcu: Hierarchical SRCU implementation.
[    5.014865] rcu: 	Max phase no-delay instances is 1000.
[    5.020231] Timer migration: 2 hierarchy levels; 8 children per group; 2 crossnode level
[    5.035035] NMI watchdog: Perf NMI watchdog permanently disabled
[    5.050940] smp: Bringing up secondary CPUs ...
[    5.067732] smpboot: x86: Booting SMP configuration:
[    5.070891] .... node  #0, CPUs:        #2  #4  #6  #8 #10 #12 #14 #16 #18 #20 #22 #24 #26
[    5.199018] Callback from call_rcu_tasks() invoked.
[    5.212465]  #28 #30  #1  #3  #5  #7  #9 #11 #13 #15 #17 #19 #21 #23 #25 #27 #29 #31
[    5.455591] MDS CPU bug present and SMT on, data leak possible. See https://www.kernel.org/doc/html/latest/admin-guide/hw-vuln/mds.html for more details.
[    5.543325] smp: Brought up 1 node, 32 CPUs
[    5.546873] smpboot: Total of 32 processors activated (187739.90 BogoMIPS)
[    5.581492] Memory: 7997952K/12582368K available (53248K kernel code, 16294K rwdata, 13000K rodata, 9908K init, 22736K bss, 4537656K reserved, 0K cma-reserved)
[    5.588181] devtmpfs: initialized
[    5.592041] x86/mm: Memory block size: 128MB
[    5.684494] Running RCU synchronous self tests
[    5.687148] Running RCU synchronous self tests
[    5.691147] clocksource: jiffies: mask: 0xffffffff max_cycles: 0xffffffff, max_idle_ns: 7645041785100000 ns
[    5.696247] futex hash table entries: 8192 (order: 8, 1048576 bytes, linear)
[    5.703187] pinctrl core: initialized pinctrl subsystem
[    5.710532] PM: RTC time: 11:51:33, date: 2025-01-11
[    5.720399] NET: Registered PF_NETLINK/PF_ROUTE protocol family
[    5.728188] DMA: preallocated 1024 KiB GFP_KERNEL pool for atomic allocations
[    5.731146] DMA: preallocated 1024 KiB GFP_KERNEL|GFP_DMA pool for atomic allocations
[    5.735242] DMA: preallocated 1024 KiB GFP_KERNEL|GFP_DMA32 pool for atomic allocations
[    5.739640] audit: initializing netlink subsys (disabled)
[    5.743951] audit: type=2000 audit(1736596291.787:1): state=initialized audit_enabled=0 res=1
[    5.748945] thermal_sys: Registered thermal governor 'fair_share'
[    5.750868] thermal_sys: Registered thermal governor 'bang_bang'
[    5.754865] thermal_sys: Registered thermal governor 'step_wise'
[    5.758865] thermal_sys: Registered thermal governor 'user_space'
[    5.762865] thermal_sys: Registered thermal governor 'power_allocator'
[    5.767230] EISA bus registered
[    5.775218] cpuidle: using governor ladder
[    5.779297] cpuidle: using governor menu
[    5.784851] acpiphp: ACPI Hot Plug PCI Controller Driver version: 0.5
[    5.790429] PCI: ECAM [mem 0xb0000000-0xbfffffff] (base 0xb0000000) for domain 0000 [bus 00-ff]
[    5.790874] PCI: ECAM [mem 0xb0000000-0xbfffffff] reserved as E820 entry
[    5.879278] PCI: Using configuration type 1 for base access
[    5.885199] kprobes: kprobe jump-optimization is enabled. All kprobes are optimized if possible.
[    5.896260] HugeTLB: registered 1.00 GiB page size, pre-allocated 0 pages
[    5.898875] HugeTLB: 16380 KiB vmemmap can be freed for a 1.00 GiB page
[    5.902866] HugeTLB: registered 2.00 MiB page size, pre-allocated 0 pages
[    5.906883] HugeTLB: 28 KiB vmemmap can be freed for a 2.00 MiB page
[    5.995817] ACPI: Added _OSI(Module Device)
[    5.998871] ACPI: Added _OSI(Processor Device)
[    6.002864] ACPI: Added _OSI(3.0 _SCP Extensions)
[    6.006893] ACPI: Added _OSI(Processor Aggregator Device)
[    6.241501] ACPI: 2 ACPI AML tables successfully acquired and loaded
[    6.311114] ACPI: Interpreter enabled
[    6.315410] ACPI: PM: (supports S0 S3 S4 S5)
[    6.326994] ACPI: Using IOAPIC for interrupt routing
[    6.335793] PCI: Using host bridge windows from ACPI; if necessary, use "pci=nocrs" and report a bug
[    6.350906] PCI: Using E820 reservations for host bridge windows
[    6.368988] ACPI: Enabled 4 GPEs in block 00 to 3F
[    6.867036] ACPI: PCI Root Bridge [PCI0] (domain 0000 [bus 00-ff])
[    6.878990] acpi PNP0A08:00: _OSC: OS supports [ExtendedConfig ASPM ClockPM Segments MSI EDR HPX-Type3]
[    6.899029] acpi PNP0A08:00: _OSC: platform does not support [PCIeHotplug LTR DPC]
[    6.918823] acpi PNP0A08:00: _OSC: OS now controls [SHPCHotplug PME AER PCIeCapability]
[    6.940091] PCI host bridge to bus 0000:00
[    6.947228] pci_bus 0000:00: root bus resource [io  0x0000-0x0cf7 window]
[    6.959626] pci_bus 0000:00: root bus resource [io  0x0d00-0xffff window]
[    6.970888] pci_bus 0000:00: root bus resource [mem 0x000a0000-0x000bffff window]
[    6.978986] pci_bus 0000:00: root bus resource [mem 0x80000000-0xafffffff window]
[    6.994881] pci_bus 0000:00: root bus resource [mem 0xc0000000-0xfebfffff window]
[    7.006884] pci_bus 0000:00: root bus resource [mem 0x1c00000000-0x23ffffffff window]
[    7.018887] pci_bus 0000:00: root bus resource [bus 00-ff]
[    7.027600] pci 0000:00:00.0: [8086:29c0] type 00 class 0x060000 conventional PCI endpoint
[    7.052254] pci 0000:00:01.0: [1234:1111] type 00 class 0x030000 conventional PCI endpoint
[    7.079947] pci 0000:00:01.0: BAR 0 [mem 0xfd000000-0xfdffffff pref]
[    7.114823] pci 0000:00:01.0: BAR 2 [mem 0xfea50000-0xfea50fff]
[    7.165606] pci 0000:00:01.0: ROM [mem 0xfea40000-0xfea4ffff pref]
[    7.178015] pci 0000:00:01.0: Video device with shadowed ROM at [mem 0x000c0000-0x000dffff]
[    7.195417] pci 0000:00:01.0: pci_fixup_video+0x0/0x2d0 took 15625 usecs
[    7.225793] pci 0000:00:02.0: [1af4:1000] type 00 class 0x020000 conventional PCI endpoint
[    7.246913] pci 0000:00:02.0: BAR 0 [io  0xc040-0xc05f]
[    7.258865] pci 0000:00:02.0: BAR 1 [mem 0xfea51000-0xfea51fff]
[    7.280887] pci 0000:00:02.0: BAR 4 [mem 0xfe200000-0xfe203fff 64bit pref]
[    7.297050] pci 0000:00:02.0: ROM [mem 0xfea00000-0xfea3ffff pref]
[    7.318225] pci 0000:00:03.0: [1b36:000c] type 01 class 0x060400 PCIe Root Port
[    7.338744] pci 0000:00:03.0: BAR 0 [mem 0xfea52000-0xfea52fff]
[    7.363220] pci 0000:00:03.0: PCI bridge to [bus 01]
[    7.375406] pci 0000:00:03.0:   bridge window [mem 0xfe800000-0xfe9fffff]
[    7.391290] pci 0000:00:03.0:   bridge window [mem 0xfe000000-0xfe1fffff 64bit pref]
[    7.422335] pci 0000:00:04.0: [1af4:105b] type 00 class 0x00ff00 conventional PCI endpoint
[    7.441622] pci 0000:00:04.0: BAR 4 [mem 0xfe204000-0xfe207fff 64bit pref]
[    7.605331] pci 0000:00:1f.0: [8086:2918] type 00 class 0x060100 conventional PCI endpoint
[    7.624894] pci 0000:00:1f.0: quirk: [io  0x0600-0x067f] claimed by ICH6 ACPI/GPIO/TCO
[    7.635503] pci 0000:00:1f.0: quirk_ich7_lpc+0x0/0x1d0 took 15625 usecs
[    7.652902] pci 0000:00:1f.2: [8086:2922] type 00 class 0x010601 conventional PCI endpoint
[    7.678942] pci 0000:00:1f.2: BAR 4 [io  0xc060-0xc07f]
[    7.693114] pci 0000:00:1f.2: BAR 5 [mem 0xfea53000-0xfea53fff]
[    7.711573] pci 0000:00:1f.3: [8086:2930] type 00 class 0x0c0500 conventional PCI endpoint
[    7.730575] pci 0000:00:1f.3: BAR 4 [io  0x0700-0x073f]
[    7.754291] acpiphp: Slot [0] registered
[    7.765152] pci 0000:01:00.0: [1af4:1042] type 00 class 0x010000 PCIe Endpoint
[    7.790779] pci 0000:01:00.0: BAR 1 [mem 0xfe800000-0xfe800fff]
[    7.822858] pci 0000:01:00.0: BAR 4 [mem 0xfe000000-0xfe003fff 64bit pref]
[    7.933042] pci 0000:00:03.0: PCI bridge to [bus 01]
[    7.965133] ACPI: PCI: Interrupt link LNKA configured for IRQ 10
[    7.980249] ACPI: PCI: Interrupt link LNKB configured for IRQ 10
[    7.998896] ACPI: PCI: Interrupt link LNKC configured for IRQ 11
[    8.016066] ACPI: PCI: Interrupt link LNKD configured for IRQ 11
[    8.027612] ACPI: PCI: Interrupt link LNKE configured for IRQ 10
[    8.043749] ACPI: PCI: Interrupt link LNKF configured for IRQ 10
[    8.059688] ACPI: PCI: Interrupt link LNKG configured for IRQ 11
[    8.076994] ACPI: PCI: Interrupt link LNKH configured for IRQ 11
[    8.088205] ACPI: PCI: Interrupt link GSIA configured for IRQ 16
[    8.099692] ACPI: PCI: Interrupt link GSIB configured for IRQ 17
[    8.111508] ACPI: PCI: Interrupt link GSIC configured for IRQ 18
[    8.123509] ACPI: PCI: Interrupt link GSID configured for IRQ 19
[    8.135473] ACPI: PCI: Interrupt link GSIE configured for IRQ 20
[    8.143574] ACPI: PCI: Interrupt link GSIF configured for IRQ 21
[    8.155450] ACPI: PCI: Interrupt link GSIG configured for IRQ 22
[    8.167523] ACPI: PCI: Interrupt link GSIH configured for IRQ 23
[    8.317041] iommu: Default domain type: Translated
[    8.326883] iommu: DMA domain TLB invalidation policy: lazy mode
[    8.361972] SCSI subsystem initialized
[    8.372557] libata version 3.00 loaded.
[    8.375126] ACPI: bus type USB registered
[    8.383939] usbcore: registered new interface driver usbfs
[    8.399324] usbcore: registered new interface driver hub
[    8.411517] usbcore: registered new device driver usb
[    8.424314] pps_core: LinuxPPS API ver. 1 registered
[    8.434891] pps_core: Software ver. 5.3.6 - Copyright 2005-2007 Rodolfo Giometti <giometti@linux.it>
[    8.451006] PTP clock support registered
[    8.463325] EDAC MC: Ver: 3.0.0
[    8.489492] NetLabel: Initializing
[    8.494961] NetLabel:  domain hash size = 128
[    8.502863] NetLabel:  protocols = UNLABELED CIPSOv4 CALIPSO
[    8.515671] NetLabel:  unlabeled traffic allowed by default
[    8.529654] PCI: Using ACPI for IRQ routing
[   10.614863] PCI: pci_cache_line_size set to 64 bytes
[   10.617023] e820: reserve RAM buffer [mem 0x0009fc00-0x0009ffff]
[   10.617149] e820: reserve RAM buffer [mem 0x7ffda000-0x7fffffff]
[   10.619199] pci 0000:00:01.0: vgaarb: setting as boot VGA device
[   10.622823] pci 0000:00:01.0: vgaarb: bridge control possible
[   10.622823] pci 0000:00:01.0: vgaarb: VGA device added: decodes=io+mem,owns=io+mem,locks=none
[   10.650898] vgaarb: loaded
[   10.661451] hpet0: at MMIO 0xfed00000, IRQs 2, 8, 0
[   10.666871] hpet0: 3 comparators, 64-bit 100.000000 MHz counter
[   10.699984] clocksource: Switched to clocksource kvm-clock
[   10.724686] VFS: Disk quotas dquot_6.6.0
[   10.734811] VFS: Dquot-cache hash table entries: 512 (order 0, 4096 bytes)
[   10.760695] AppArmor: AppArmor Filesystem Enabled
[   10.772627] pnp: PnP ACPI init
[   10.787040] system 00:05: [mem 0xb0000000-0xbfffffff window] has been reserved
[   10.832729] pnp: PnP ACPI: found 6 devices
[   10.921328] clocksource: acpi_pm: mask: 0xffffff max_cycles: 0xffffff, max_idle_ns: 2085701024 ns
[   10.939893] NET: Registered PF_INET protocol family
[   10.951847] IP idents hash table entries: 262144 (order: 9, 2097152 bytes, linear)
[   10.977437] tcp_listen_portaddr_hash hash table entries: 8192 (order: 7, 655360 bytes, linear)
[   10.993369] Table-perturb hash table entries: 65536 (order: 6, 262144 bytes, linear)
[   11.008498] TCP established hash table entries: 131072 (order: 8, 1048576 bytes, linear)
[   11.038474] TCP bind hash table entries: 65536 (order: 11, 10485760 bytes, vmalloc hugepage)
[   11.058564] TCP: Hash tables configured (established 131072 bind 65536)
[   11.077731] MPTCP token hash table entries: 16384 (order: 8, 1572864 bytes, linear)
[   11.096103] UDP hash table entries: 8192 (order: 9, 2490368 bytes, linear)
[   11.112231] UDP-Lite hash table entries: 8192 (order: 9, 2490368 bytes, linear)
[   11.129411] NET: Registered PF_UNIX/PF_LOCAL protocol family
[   11.138996] NET: Registered PF_XDP protocol family
[   11.147968] pci 0000:00:03.0: bridge window [io  0x1000-0x0fff] to [bus 01] add_size 1000
[   11.162229] pci 0000:00:03.0: bridge window [io  0x1000-0x1fff]: assigned
[   11.173476] pci 0000:00:03.0: PCI bridge to [bus 01]
[   11.181909] pci 0000:00:03.0:   bridge window [io  0x1000-0x1fff]
[   11.193883] pci 0000:00:03.0:   bridge window [mem 0xfe800000-0xfe9fffff]
[   11.206354] pci 0000:00:03.0:   bridge window [mem 0xfe000000-0xfe1fffff 64bit pref]
[   11.221323] pci_bus 0000:00: resource 4 [io  0x0000-0x0cf7 window]
[   11.231874] pci_bus 0000:00: resource 5 [io  0x0d00-0xffff window]
[   11.241762] pci_bus 0000:00: resource 6 [mem 0x000a0000-0x000bffff window]
[   11.252077] pci_bus 0000:00: resource 7 [mem 0x80000000-0xafffffff window]
[   11.263140] pci_bus 0000:00: resource 8 [mem 0xc0000000-0xfebfffff window]
[   11.274646] pci_bus 0000:00: resource 9 [mem 0x1c00000000-0x23ffffffff window]
[   11.286795] pci_bus 0000:01: resource 0 [io  0x1000-0x1fff]
[   11.295847] pci_bus 0000:01: resource 1 [mem 0xfe800000-0xfe9fffff]
[   11.305972] pci_bus 0000:01: resource 2 [mem 0xfe000000-0xfe1fffff 64bit pref]
[   11.319272] PCI: CLS 0 bytes, default 64
[   11.330778] PCI-DMA: Using software bounce buffering for IO (SWIOTLB)
[   11.333631] Trying to unpack rootfs image as initramfs...
[   11.341487] software IO TLB: mapped [mem 0x0000000065000000-0x0000000069000000] (64MB)
[   11.364831] clocksource: tsc: mask: 0xffffffffffffffff max_cycles: 0x2a48a50322c, max_idle_ns: 440795287943 ns
[   11.408877] Initialise system trusted keyrings
[   11.417351] Key type blacklist registered
[   11.426383] workingset: timestamp_bits=36 max_order=21 bucket_order=0
[   11.437845] zbud: loaded
[   11.457039] squashfs: version 4.0 (2009/01/31) Phillip Lougher
[   11.472264] fuse: init (API version 7.41)
[   11.483023] integrity: Platform Keyring initialized
[   11.513427] Key type asymmetric registered
[   11.520481] Asymmetric key parser 'x509' registered
[   11.529797] Block layer SCSI generic (bsg) driver version 0.4 loaded (major 243)
[   11.544646] io scheduler mq-deadline registered
[   11.588907] ledtrig-cpu: registered to indicate activity on CPUs
[   11.631721] ACPI: \_SB_.GSIH: Enabled at IRQ 23
[   11.649083] pcieport 0000:00:03.0: PME: Signaling with IRQ 24
[   11.664995] pcieport 0000:00:03.0: AER: enabled with IRQ 24
[   11.680109] shpchp: Standard Hot Plug PCI Controller Driver version: 0.4
[   11.698553] input: Power Button as /devices/LNXSYSTM:00/LNXPWRBN:00/input/input0
[   11.713454] ACPI: button: Power Button [PWRF]
[   11.823766] ACPI: \_SB_.GSIG: Enabled at IRQ 22
[   11.877060] ACPI: \_SB_.GSIE: Enabled at IRQ 20
[   11.954383] Serial: 8250/16550 driver, 32 ports, IRQ sharing enabled
[   12.025863] 00:03: ttyS0 at I/O 0x3f8 (irq = 4, base_baud = 115200) is a 16550A
[   12.171502] Linux agpgart interface v0.103
[   12.389848] loop: module loaded
[   12.408815] tun: Universal TUN/TAP device driver, 1.6
[   12.419422] PPP generic driver version 2.4.2
[   12.433103] VFIO - User Level meta-driver version: 0.3
[   12.448181] i8042: PNP: PS/2 Controller [PNP0303:KBD,PNP0f13:MOU] at 0x60,0x64 irq 1,12
[   12.472732] serio: i8042 KBD port at 0x60,0x64 irq 1
[   12.483101] serio: i8042 AUX port at 0x60,0x64 irq 12
[   12.496697] mousedev: PS/2 mouse device common for all mice
[   12.510786] rtc_cmos 00:04: RTC can wake from S4
[   12.514432] input: AT Translated Set 2 keyboard as /devices/platform/i8042/serio0/input/input1
[   12.531647] rtc_cmos 00:04: registered as rtc0
[   12.545044] rtc_cmos 00:04: setting system clock to 2025-01-11T11:51:40 UTC (1736596300)
[   12.559675] rtc_cmos 00:04: alarms up to one day, y3k, 242 bytes nvram, hpet irqs
[   12.571928] i2c_dev: i2c /dev entries driver
[   12.579510] device-mapper: core: CONFIG_IMA_DISABLE_HTABLE is disabled. Duplicate IMA measurements will not be recorded in the IMA log.
[   12.599109] device-mapper: uevent: version 1.0.3
[   12.608988] device-mapper: ioctl: 4.48.0-ioctl (2023-03-01) initialised: dm-devel@lists.linux.dev
[   12.623874] platform eisa.0: Probing EISA bus 0
[   12.631489] platform eisa.0: EISA: Cannot allocate resource for mainboard
[   12.642436] platform eisa.0: Cannot allocate resource for EISA slot 1
[   12.652812] platform eisa.0: Cannot allocate resource for EISA slot 2
[   12.663273] platform eisa.0: Cannot allocate resource for EISA slot 3
[   12.673615] platform eisa.0: Cannot allocate resource for EISA slot 4
[   12.683915] platform eisa.0: Cannot allocate resource for EISA slot 5
[   12.694301] platform eisa.0: Cannot allocate resource for EISA slot 6
[   12.704657] platform eisa.0: Cannot allocate resource for EISA slot 7
[   12.714405] platform eisa.0: Cannot allocate resource for EISA slot 8
[   12.724767] platform eisa.0: EISA: Detected 0 cards
[   12.732762] intel_pstate: CPU model not supported
[   12.743811] drop_monitor: Initializing network drop monitor service
[   12.757031] NET: Registered PF_INET6 protocol family
[   15.360745] Freeing initrd memory: 100064K
[   15.481909] Segment Routing with IPv6
[   15.488459] In-situ OAM (IOAM) with IPv6
[   15.495618] NET: Registered PF_PACKET protocol family
[   15.505377] Key type dns_resolver registered
[   15.568929] IPI shorthand broadcast: enabled
[   15.675396] registered taskstats version 1
[   15.712944] Loading compiled-in X.509 certificates
[   15.882307] Demotion targets for Node 0: null
[   15.892590] kmemleak: Kernel memory leak detector initialized (mem pool available: 14031)
[   15.892861] kmemleak: Automatic memory scanning thread started
[   15.916537] Key type .fscrypt registered
[   15.932783] Key type fscrypt-provisioning registered
[   16.013373] cryptd: module verification failed: signature and/or required key missing - tainting kernel
[   16.041810] cryptd: max_cpu_qlen set to 1000
[   16.245464] Key type encrypted registered
[   16.252849] AppArmor: AppArmor sha256 policy hashing enabled
[   16.263099] ima: No TPM chip found, activating TPM-bypass!
[   16.272798] Loading compiled-in module X.509 certificates
[   16.282361] ima: Allocated hash algorithm: sha1
[   16.291358] ima: No architecture policies found
[   16.300300] evm: Initialising EVM extended attributes:
[   16.309251] evm: security.selinux
[   16.315474] evm: security.SMACK64
[   16.321448] evm: security.SMACK64EXEC
[   16.328050] evm: security.SMACK64TRANSMUTE
[   16.335205] evm: security.SMACK64MMAP
[   16.341696] evm: security.apparmor
[   16.347801] evm: security.ima
[   16.353271] evm: security.capability
[   16.359903] evm: HMAC attrs: 0x1
[   16.380196] PM:   Magic number: 9:300:883
[   16.391805] RAS: Correctable Errors collector initialized.
[   16.403459] Unstable clock detected, switching default tracing clock to "global"
               If you want to keep using the local clock, then add:
                 "trace_clock=local"
               on the kernel command line
[   16.444557] clk: Disabling unused clocks
[   16.525052] Freeing unused decrypted memory: 2036K
[   16.557344] Freeing unused kernel image (initmem) memory: 9908K
[   16.566561] Write protecting the kernel read-only data: 67584k
[   16.579532] Freeing unused kernel image (rodata/data gap) memory: 1336K
[   16.654516] x86/mm: Checked W+X mappings: passed, no W+X pages found.
[   16.662379] x86/mm: Checking user space page tables
[   16.728812] x86/mm: Checked W+X mappings: passed, no W+X pages found.
[   16.736339] Run /init as init process
[   16.740873]   with arguments:
[   16.740891]     /init
[   16.740897]     nokaslr
[   16.740904]   with environment:
[   16.740910]     HOME=/
[   16.740916]     TERM=linux
[   19.616617] lpc_ich 0000:00:1f.0: I/O space for GPIO uninitialized
[   19.745054] virtio_blk virtio2: 32/0/0 default/read/poll queues
[   19.759066] ahci 0000:00:1f.2: version 3.0
[   19.821162] input: VirtualPS/2 VMware VMMouse as /devices/platform/i8042/serio1/input/input4
[   19.865003] ACPI: \_SB_.GSIA: Enabled at IRQ 16
[   19.884727] i801_smbus 0000:00:1f.3: SMBus using PCI interrupt
[   19.899071] input: VirtualPS/2 VMware VMMouse as /devices/platform/i8042/serio1/input/input3
[   19.911676] ahci 0000:00:1f.2: AHCI vers 0001.0000, 32 command slots, 1.5 Gbps, SATA mode
[   19.923812] ahci 0000:00:1f.2: 6/6 ports implemented (port mask 0x3f)
[   19.934060] ahci 0000:00:1f.2: flags: 64bit ncq only 
[   19.949253] i2c i2c-0: Memory type 0x07 not supported yet, not instantiating SPD
[   20.088127] scsi host0: ahci
[   20.125862] scsi host1: ahci
[   20.133145] virtio_blk virtio2: [vda] 209715200 512-byte logical blocks (107 GB/100 GiB)
[   20.149924] scsi host2: ahci
[   20.192029] scsi host3: ahci
[   20.216979] scsi host4: ahci
[   20.234994] scsi host5: ahci
[   20.263842] ata1: SATA max UDMA/133 abar m4096@0xfea53000 port 0xfea53100 irq 44 lpm-pol 0
[   20.277654]  vda: vda1 vda14 vda15
[   20.282999] ata2: SATA max UDMA/133 abar m4096@0xfea53000 port 0xfea53180 irq 44 lpm-pol 0
[   20.296804] ata3: SATA max UDMA/133 abar m4096@0xfea53000 port 0xfea53200 irq 44 lpm-pol 0
[   20.310402] ata4: SATA max UDMA/133 abar m4096@0xfea53000 port 0xfea53280 irq 44 lpm-pol 0
[   20.324017] ata5: SATA max UDMA/133 abar m4096@0xfea53000 port 0xfea53300 irq 44 lpm-pol 0
[   20.337952] ata6: SATA max UDMA/133 abar m4096@0xfea53000 port 0xfea53380 irq 44 lpm-pol 0
[   20.428015] virtio_net virtio0 enp0s2: renamed from eth0
[   20.667086] ata2: SATA link up 1.5 Gbps (SStatus 113 SControl 300)
[   20.679228] ata4: SATA link up 1.5 Gbps (SStatus 113 SControl 300)
[   20.688479] ata3: SATA link up 1.5 Gbps (SStatus 113 SControl 300)
[   20.702655] ata1: SATA link up 1.5 Gbps (SStatus 113 SControl 300)
[   20.715546] ata4.00: ATA-7: QEMU HARDDISK, 2.5+, max UDMA/100
[   20.722903] ata4.00: 20971520 sectors, multi 16: LBA48 NCQ (depth 32)
[   20.731679] ata4.00: applying bridge limits
[   20.738497] ata6: SATA link down (SStatus 0 SControl 300)
[   20.747009] ata3.00: ATA-7: QEMU HARDDISK, 2.5+, max UDMA/100
[   20.754768] ata3.00: 20971520 sectors, multi 16: LBA48 NCQ (depth 32)
[   20.763004] ata3.00: applying bridge limits
[   20.770278] ata5: SATA link down (SStatus 0 SControl 300)
[   20.777394] ata2.00: ATA-7: QEMU HARDDISK, 2.5+, max UDMA/100
[   20.787255] ata2.00: 20971520 sectors, multi 16: LBA48 NCQ (depth 32)
[   20.795392] ata2.00: applying bridge limits
[   20.801125] ata1.00: ATA-7: QEMU HARDDISK, 2.5+, max UDMA/100
[   20.810703] ata1.00: 20971520 sectors, multi 16: LBA48 NCQ (depth 32)
[   20.820676] ata1.00: applying bridge limits
[   20.827344] ata2.00: configured for UDMA/100
[   20.833313] ata4.00: configured for UDMA/100
[   20.838798] ata1.00: configured for UDMA/100
[   20.845646] ata3.00: configured for UDMA/100
[   20.851557] scsi 0:0:0:0: Direct-Access     ATA      QEMU HARDDISK    2.5+ PQ: 0 ANSI: 5
[   20.872891] sd 0:0:0:0: Attached scsi generic sg0 type 0
[   20.872943] sd 0:0:0:0: [sda] 20971520 512-byte logical blocks: (10.7 GB/10.0 GiB)
[   20.885487] scsi 1:0:0:0: Direct-Access     ATA      QEMU HARDDISK    2.5+ PQ: 0 ANSI: 5
[   20.893374] sd 0:0:0:0: [sda] Write Protect is off
[   20.912129] sd 0:0:0:0: [sda] Mode Sense: 00 3a 00 00
[   20.912629] sd 0:0:0:0: [sda] Write cache: enabled, read cache: enabled, doesn't support DPO or FUA
[   20.915496] sd 1:0:0:0: Attached scsi generic sg1 type 0
[   20.915810] sd 1:0:0:0: [sdb] 20971520 512-byte logical blocks: (10.7 GB/10.0 GiB)
[   20.915995] sd 1:0:0:0: [sdb] Write Protect is off
[   20.916041] sd 1:0:0:0: [sdb] Mode Sense: 00 3a 00 00
[   20.916309] sd 1:0:0:0: [sdb] Write cache: enabled, read cache: enabled, doesn't support DPO or FUA
[   20.917034] sd 1:0:0:0: [sdb] Preferred minimum I/O size 512 bytes
[   20.924095] sd 0:0:0:0: [sda] Preferred minimum I/O size 512 bytes
[   20.935318] scsi 2:0:0:0: Direct-Access     ATA      QEMU HARDDISK    2.5+ PQ: 0 ANSI: 5
[   20.987268] sd 2:0:0:0: Attached scsi generic sg2 type 0
[   20.987746] sd 2:0:0:0: [sdc] 20971520 512-byte logical blocks: (10.7 GB/10.0 GiB)
[   20.996701] scsi 3:0:0:0: Direct-Access     ATA      QEMU HARDDISK    2.5+ PQ: 0 ANSI: 5
[   21.003467] sd 2:0:0:0: [sdc] Write Protect is off
[   21.010749] sd 1:0:0:0: [sdb] Attached SCSI disk
[   21.025541] sd 3:0:0:0: [sdd] 20971520 512-byte logical blocks: (10.7 GB/10.0 GiB)
[   21.027044] sd 3:0:0:0: Attached scsi generic sg3 type 0
[   21.030471] sd 2:0:0:0: [sdc] Mode Sense: 00 3a 00 00
[   21.030981] sd 2:0:0:0: [sdc] Write cache: enabled, read cache: enabled, doesn't support DPO or FUA
[   21.031931] sd 0:0:0:0: [sda] Attached SCSI disk
[   21.040149] sd 3:0:0:0: [sdd] Write Protect is off
[   21.046907] sd 2:0:0:0: [sdc] Preferred minimum I/O size 512 bytes
[   21.056960] sd 3:0:0:0: [sdd] Mode Sense: 00 3a 00 00
[   21.075715] sd 3:0:0:0: [sdd] Write cache: enabled, read cache: enabled, doesn't support DPO or FUA
[   21.086737] sd 3:0:0:0: [sdd] Preferred minimum I/O size 512 bytes
[   21.130393] sd 2:0:0:0: [sdc] Attached SCSI disk
[   21.150467] sd 3:0:0:0: [sdd] Attached SCSI disk
[   21.203030] nd_pmem namespace0.0: unable to guarantee persistence of writes
[   24.802338] raid6: sse2x4   gen()  8848 MB/s
[   24.874274] raid6: sse2x2   gen()  8226 MB/s
[   24.946203] raid6: sse2x1   gen()  7971 MB/s
[   24.951437] raid6: using algorithm sse2x4 gen() 8848 MB/s
[   25.022200] raid6: .... xor() 4109 MB/s, rmw enabled
[   25.028110] raid6: using ssse3x2 recovery algorithm
[   25.047261] xor: measuring software checksum speed
[   25.053412]    prefetch64-sse  : 11895 MB/sec
[   25.059248]    generic_sse     : 11706 MB/sec
[   25.064518] xor: using function: prefetch64-sse (11895 MB/sec)
[   25.079613] async_tx: api initialized (async)
[   26.449050] Btrfs loaded, zoned=yes, fsverity=yes
[   27.369831] EXT4-fs (vda1): mounted filesystem 26c50908-598b-4e8e-871e-35718a3a1426 ro with ordered data mode. Quota mode: none.
[   28.632752] systemd[1]: Inserted module 'autofs4'
[   28.828921] systemd[1]: systemd 249.11-0ubuntu3.10 running in system mode (+PAM +AUDIT +SELINUX +APPARMOR +IMA +SMACK +SECCOMP +GCRYPT +GNUTLS +OPENSSL +ACL +BLKID +CURL +ELFUTILS +FIDO2 +IDN2 -IDN +IPTC +KMOD +LIBCRYPTSETUP +LIBFDISK +PCRE2 -PWQUALITY -P11KIT -QRENCODE +BZIP2 +LZ4 +XZ +ZLIB +ZSTD -XKBCOMMON +UTMP +SYSVINIT default-hierarchy=unified)
[   28.867235] systemd[1]: Detected virtualization kvm.
[   28.874525] systemd[1]: Detected architecture x86-64.
[   28.898297] systemd[1]: Hostname set to <qemu-2>.
[   29.537327] block vda: the capability attribute has been deprecated.
[   29.719297] random: crng init done
[   30.813849] systemd[1]: Queued start job for default target Graphical Interface.
[   30.914814] systemd[1]: Created slice Slice /system/modprobe.
[   30.948928] systemd[1]: Created slice Slice /system/serial-getty.
[   30.980843] systemd[1]: Created slice Slice /system/systemd-fsck.
[   31.011407] systemd[1]: Created slice User and Session Slice.
[   31.031949] systemd[1]: Started Forward Password Requests to Wall Directory Watch.
[   31.060493] systemd[1]: Set up automount Arbitrary Executable File Formats File System Automount Point.
[   31.086986] systemd[1]: Reached target Slice Units.
[   31.102671] systemd[1]: Reached target Mounting snaps.
[   31.119419] systemd[1]: Reached target Swaps.
[   31.134600] systemd[1]: Reached target Local Verity Protected Volumes.
[   31.155851] systemd[1]: Listening on Device-mapper event daemon FIFOs.
[   31.177976] systemd[1]: Listening on LVM2 poll daemon socket.
[   31.199353] systemd[1]: Listening on multipathd control socket.
[   31.368685] systemd[1]: Listening on RPCbind Server Activation Socket.
[   31.389320] systemd[1]: Listening on Syslog Socket.
[   31.405435] systemd[1]: Listening on fsck to fsckd communication Socket.
[   31.425217] systemd[1]: Listening on initctl Compatibility Named Pipe.
[   31.447198] systemd[1]: Listening on Journal Audit Socket.
[   31.465431] systemd[1]: Listening on Journal Socket (/dev/log).
[   31.485625] systemd[1]: Listening on Journal Socket.
[   31.503066] systemd[1]: Listening on Network Service Netlink Socket.
[   31.524644] systemd[1]: Listening on udev Control Socket.
[   31.541718] systemd[1]: Listening on udev Kernel Socket.
[   31.624122] systemd[1]: Mounting Huge Pages File System...
[   31.670962] systemd[1]: Mounting POSIX Message Queue File System...
[   31.718725] systemd[1]: Mounting Kernel Debug File System...
[   31.803916] systemd[1]: Mounting Kernel Trace File System...
[   31.867448] systemd[1]: Starting Journal Service...
[   31.882832] systemd[1]: Condition check resulted in Kernel Module supporting RPCSEC_GSS being skipped.
[   31.988162] systemd[1]: Starting Set the console keyboard layout...
[   32.048082] systemd[1]: Starting Create List of Static Device Nodes...
[   32.097069] systemd[1]: Starting Monitoring of LVM2 mirrors, snapshots etc. using dmeventd or progress polling...
[   32.121048] systemd[1]: Condition check resulted in LXD - agent being skipped.
[   32.161790] systemd[1]: Starting Load Kernel Module configfs...
[   32.227202] systemd[1]: Starting Load Kernel Module drm...
[   32.270423] systemd[1]: Starting Load Kernel Module efi_pstore...
[   32.317085] systemd[1]: Starting Load Kernel Module fuse...
[   32.340088] systemd[1]: Condition check resulted in OpenVSwitch configuration for cleanup being skipped.
[   32.355159] systemd[1]: Condition check resulted in File System Check on Root Device being skipped.
[   32.520001] ACPI: bus type drm_connector registered
[   32.539928] systemd[1]: Starting Load Kernel Modules...
[   32.590880] systemd[1]: Starting Remount Root and Kernel File Systems...
[   32.649416] systemd[1]: Starting Coldplug All udev Devices...
[   32.706973] systemd[1]: Started Journal Service.
[   32.784001] EXT4-fs (vda1): re-mounted 26c50908-598b-4e8e-871e-35718a3a1426 r/w. Quota mode: none.
[   33.295611] alua: device handler registered
[   33.322509] emc: device handler registered
[   33.345070] systemd-journald[594]: Received client request to flush runtime journal.
[   33.359614] rdac: device handler registered
[   33.381103] systemd-journald[594]: File /var/log/journal/02c9a06a7911097a3b638c9756cf2e6e/system.journal corrupted or uncleanly shut down, renaming and replacing.
[   34.359336] loop0: detected capacity change from 0 to 130888
[   34.399283] loop1: detected capacity change from 0 to 130448
[   34.442784] loop2: detected capacity change from 0 to 229272
[   34.497567] loop3: detected capacity change from 0 to 178256
[   34.548229] loop4: detected capacity change from 0 to 82800
[   34.601259] loop5: detected capacity change from 0 to 79520
[   36.573790] parport_pc 00:02: reported by Plug and Play ACPI
[   36.614902] parport0: PC-style at 0x378, irq 7 [PCSPP,TRISTATE]
[   39.380973] ppdev: user-space parallel port driver
[   40.873516] kvm_intel: VM_EXIT_LOAD_IA32_PERF_GLOBAL_CTRL does not work properly. Using workaround
[   41.947774] audit: type=1400 audit(1736596329.896:2): apparmor="STATUS" operation="profile_load" profile="unconfined" name="nvidia_modprobe" pid=1283 comm="apparmor_parser"
[   41.947885] audit: type=1400 audit(1736596329.900:3): apparmor="STATUS" operation="profile_load" profile="unconfined" name="nvidia_modprobe//kmod" pid=1283 comm="apparmor_parser"
[   41.949572] audit: type=1400 audit(1736596329.900:4): apparmor="STATUS" operation="profile_load" profile="unconfined" name="lsb_release" pid=1282 comm="apparmor_parser"
[   41.952511] audit: type=1400 audit(1736596329.904:5): apparmor="STATUS" operation="profile_load" profile="unconfined" name="swtpm" pid=1286 comm="apparmor_parser"
[   41.958469] audit: type=1400 audit(1736596329.912:6): apparmor="STATUS" operation="profile_load" profile="unconfined" name="/usr/bin/man" pid=1285 comm="apparmor_parser"
[   41.958570] audit: type=1400 audit(1736596329.912:7): apparmor="STATUS" operation="profile_load" profile="unconfined" name="man_filter" pid=1285 comm="apparmor_parser"
[   41.958831] audit: type=1400 audit(1736596329.912:8): apparmor="STATUS" operation="profile_load" profile="unconfined" name="man_groff" pid=1285 comm="apparmor_parser"
[   41.960544] audit: type=1400 audit(1736596329.912:9): apparmor="STATUS" operation="profile_load" profile="unconfined" name="virt-aa-helper" pid=1290 comm="apparmor_parser"
[   41.962494] audit: type=1400 audit(1736596329.912:10): apparmor="STATUS" operation="profile_load" profile="unconfined" name="tcpdump" pid=1289 comm="apparmor_parser"
[   41.970968] audit: type=1400 audit(1736596329.924:11): apparmor="STATUS" operation="profile_load" profile="unconfined" name="libvirtd" pid=1292 comm="apparmor_parser"
[   43.443227] RPC: Registered named UNIX socket transport module.
[   43.443256] RPC: Registered udp transport module.
[   43.443265] RPC: Registered tcp transport module.
[   43.443272] RPC: Registered tcp-with-tls transport module.
[   43.443281] RPC: Registered tcp NFSv4.1 backchannel transport module.
[   47.651932] loop6: detected capacity change from 0 to 8
[   57.154922] netfs: FS-Cache loaded
[   58.480966] NFS: Registering the id_resolver key type
[   58.481132] Key type id_resolver registered
[   58.481143] Key type id_legacy registered
[   81.613226] cbd: loading out-of-tree module taints kernel.
[   88.850670] cbd: backend_validate:554 cbd_transport0: duplicated backend path: /dev/sda with backend_id: 0
[   90.855852] cbd: backend_validate:544 cbd_transport0: found backend_id: 0 for host_id: 1, path: /dev/sda
[   90.861123] cbd: cbd_backend_init:394 cbd_transport0: attach backend to backend_id: 0
[  129.064550] cbd: cache_validate:304 cbd_transport0: n_paral 1 requires cache size (167772160), more than current (16777216).
[  133.045882] cbd: backend_open_bdev:284 cbd_transport0: backend0: failed to open bdev: -2
[  135.859309] cbd: cache_validate:311 cbd_transport0: too large cache_segs: 32768, segment_num: 1405
[  144.511404] ==== end /root/avocado/job-results/job-2025-01-09T22.24-1680aba/test-results/208-._cbdctrl.py_CbdctrlTest.test_run-cache_data_crc-disable-cache_for_xfstests-no_cache-channel_crc-enable-channel_data_crc-host_mode-multi_host-multihost-test_script-backend-9400 ==== 
