[    0.000000] Linux version 6.13.0-rc5+ (root@ubuntu-22-04-server) (gcc (Ubuntu 11.4.0-1ubuntu1~22.04) 11.4.0, GNU ld (GNU Binutils for Ubuntu) 2.38) #2 SMP PREEMPT_DYNAMIC Fri Jan  3 15:43:06 CST 2025
[    0.000000] Command line: intremap=off console=ttyS0,115200 nokaslr root=/dev/vda1 crashkernel=1G-:2G
[    0.000000] KERNEL supported cpus:
[    0.000000]   Intel GenuineIntel
[    0.000000]   AMD AuthenticAMD
[    0.000000]   Hygon HygonGenuine
[    0.000000]   Centaur CentaurHauls
[    0.000000]   zhaoxin   Shanghai  
[    0.000000] BIOS-provided physical RAM map:
[    0.000000] BIOS-e820: [mem 0x0000000000000000-0x000000000009fbff] usable
[    0.000000] BIOS-e820: [mem 0x000000000009fc00-0x000000000009ffff] reserved
[    0.000000] BIOS-e820: [mem 0x00000000000f0000-0x00000000000fffff] reserved
[    0.000000] BIOS-e820: [mem 0x0000000000100000-0x000000007ffd9fff] usable
[    0.000000] BIOS-e820: [mem 0x000000007ffda000-0x000000007fffffff] reserved
[    0.000000] BIOS-e820: [mem 0x00000000b0000000-0x00000000bfffffff] reserved
[    0.000000] BIOS-e820: [mem 0x00000000fed1c000-0x00000000fed1ffff] reserved
[    0.000000] BIOS-e820: [mem 0x00000000feffc000-0x00000000feffffff] reserved
[    0.000000] BIOS-e820: [mem 0x00000000fffc0000-0x00000000ffffffff] reserved
[    0.000000] BIOS-e820: [mem 0x0000000100000000-0x000000037fffffff] usable
[    0.000000] NX (Execute Disable) protection: active
[    0.000000] APIC: Static calls initialized
[    0.000000] SMBIOS 2.8 present.
[    0.000000] DMI: QEMU Standard PC (Q35 + ICH9, 2009), BIOS rel-1.16.3-0-ga6ed6b701f0a-prebuilt.qemu.org 04/01/2014
[    0.000000] DMI: Memory slots populated: 1/1
[    0.000000] Hypervisor detected: KVM
[    0.000000] kvm-clock: Using msrs 4b564d01 and 4b564d00
[    0.000008] kvm-clock: using sched offset of 3611396405 cycles
[    0.000022] clocksource: kvm-clock: mask: 0xffffffffffffffff max_cycles: 0x1cd42e4dffb, max_idle_ns: 881590591483 ns
[    0.000067] tsc: Detected 2933.436 MHz processor
[    0.002450] e820: update [mem 0x00000000-0x00000fff] usable ==> reserved
[    0.002459] e820: remove [mem 0x000a0000-0x000fffff] usable
[    0.002473] last_pfn = 0x380000 max_arch_pfn = 0x400000000
[    0.003086] MTRR map: 4 entries (3 fixed + 1 variable; max 19), built from 8 variable MTRRs
[    0.003120] x86/PAT: Configuration [0-7]: WB  WC  UC- UC  WB  WP  UC- WT  
[    0.003857] last_pfn = 0x7ffda max_arch_pfn = 0x400000000
[    0.014718] found SMP MP-table at [mem 0x000f5450-0x000f545f]
[    0.014838] Using GB pages for direct mapping
[    0.017535] RAMDISK: [mem 0x79e18000-0x7ffcffff]
[    0.017638] ACPI: Early table checksum verification disabled
[    0.017745] ACPI: RSDP 0x00000000000F5220 000014 (v00 BOCHS )
[    0.017797] ACPI: RSDT 0x000000007FFE3D96 000040 (v01 BOCHS  BXPC     00000001 BXPC 00000001)
[    0.017844] ACPI: FACP 0x000000007FFE25E7 0000F4 (v03 BOCHS  BXPC     00000001 BXPC 00000001)
[    0.017874] ACPI: DSDT 0x000000007FFDF040 0035A7 (v01 BOCHS  BXPC     00000001 BXPC 00000001)
[    0.017891] ACPI: FACS 0x000000007FFDF000 000040
[    0.017901] ACPI: APIC 0x000000007FFE26DB 000170 (v03 BOCHS  BXPC     00000001 BXPC 00000001)
[    0.017911] ACPI: HPET 0x000000007FFE284B 000038 (v01 BOCHS  BXPC     00000001 BXPC 00000001)
[    0.017920] ACPI: SRAT 0x000000007FFE2883 0002D0 (v01 BOCHS  BXPC     00000001 BXPC 00000001)
[    0.017930] ACPI: MCFG 0x000000007FFE2B53 00003C (v01 BOCHS  BXPC     00000001 BXPC 00000001)
[    0.017940] ACPI: SSDT 0x000000007FFE2B8F 0011DF (v01 BOCHS  NVDIMM   00000001 BXPC 00000001)
[    0.017950] ACPI: WAET 0x000000007FFE3D6E 000028 (v01 BOCHS  BXPC     00000001 BXPC 00000001)
[    0.017958] ACPI: Reserving FACP table memory at [mem 0x7ffe25e7-0x7ffe26da]
[    0.017961] ACPI: Reserving DSDT table memory at [mem 0x7ffdf040-0x7ffe25e6]
[    0.017964] ACPI: Reserving FACS table memory at [mem 0x7ffdf000-0x7ffdf03f]
[    0.017966] ACPI: Reserving APIC table memory at [mem 0x7ffe26db-0x7ffe284a]
[    0.017969] ACPI: Reserving HPET table memory at [mem 0x7ffe284b-0x7ffe2882]
[    0.017971] ACPI: Reserving SRAT table memory at [mem 0x7ffe2883-0x7ffe2b52]
[    0.017973] ACPI: Reserving MCFG table memory at [mem 0x7ffe2b53-0x7ffe2b8e]
[    0.017976] ACPI: Reserving SSDT table memory at [mem 0x7ffe2b8f-0x7ffe3d6d]
[    0.017978] ACPI: Reserving WAET table memory at [mem 0x7ffe3d6e-0x7ffe3d95]
[    0.018428] ACPI: SRAT: Node 0 PXM 0 [mem 0x00000000-0x0009ffff]
[    0.018435] ACPI: SRAT: Node 0 PXM 0 [mem 0x00100000-0x7fffffff]
[    0.018438] ACPI: SRAT: Node 0 PXM 0 [mem 0x100000000-0x37fffffff]
[    0.018452] ACPI: SRAT: Node 0 PXM 0 [mem 0x380000000-0x1bffffffff] hotplug
[    0.018468] NUMA: Node 0 [mem 0x00001000-0x0009ffff] + [mem 0x00100000-0x7fffffff] -> [mem 0x00001000-0x7fffffff]
[    0.018473] NUMA: Node 0 [mem 0x00001000-0x7fffffff] + [mem 0x100000000-0x37fffffff] -> [mem 0x00001000-0x37fffffff]
[    0.018502] NODE_DATA(0) allocated [mem 0x37ffd3700-0x37fffdfff]
[    0.018930] crashkernel low memory reserved: 0x69000000 - 0x79000000 (256 MB)
[    0.018936] crashkernel reserved: 0x00000002ff000000 - 0x000000037f000000 (2048 MB)
[    0.019110] Zone ranges:
[    0.019112]   DMA      [mem 0x0000000000001000-0x0000000000ffffff]
[    0.019117]   DMA32    [mem 0x0000000001000000-0x00000000ffffffff]
[    0.019120]   Normal   [mem 0x0000000100000000-0x000000037fffffff]
[    0.019123]   Device   empty
[    0.019126] Movable zone start for each node
[    0.019129] Early memory node ranges
[    0.019131]   node   0: [mem 0x0000000000001000-0x000000000009efff]
[    0.019138]   node   0: [mem 0x0000000000100000-0x000000007ffd9fff]
[    0.019141]   node   0: [mem 0x0000000100000000-0x000000037fffffff]
[    0.019146] Initmem setup node 0 [mem 0x0000000000001000-0x000000037fffffff]
[    0.020661] On node 0, zone DMA: 1 pages in unavailable ranges
[    0.020979] On node 0, zone DMA: 97 pages in unavailable ranges
[    0.387547] On node 0, zone Normal: 38 pages in unavailable ranges
[    2.670800] kasan: KernelAddressSanitizer initialized
[    2.678549] ACPI: PM-Timer IO Port: 0x608
[    2.678671] ACPI: LAPIC_NMI (acpi_id[0xff] dfl dfl lint[0x1])
[    2.679101] IOAPIC[0]: apic_id 0, version 17, address 0xfec00000, GSI 0-23
[    2.679119] ACPI: INT_SRC_OVR (bus 0 bus_irq 0 global_irq 2 dfl dfl)
[    2.679124] ACPI: INT_SRC_OVR (bus 0 bus_irq 5 global_irq 5 high level)
[    2.679128] ACPI: INT_SRC_OVR (bus 0 bus_irq 9 global_irq 9 high level)
[    2.679139] ACPI: INT_SRC_OVR (bus 0 bus_irq 10 global_irq 10 high level)
[    2.679142] ACPI: INT_SRC_OVR (bus 0 bus_irq 11 global_irq 11 high level)
[    2.679157] ACPI: Using ACPI (MADT) for SMP configuration information
[    2.679162] ACPI: HPET id: 0x8086a201 base: 0xfed00000
[    2.679180] TSC deadline timer available
[    2.679193] CPU topo: Max. logical packages:   2
[    2.679196] CPU topo: Max. logical dies:       2
[    2.679197] CPU topo: Max. dies per package:   1
[    2.679205] CPU topo: Max. threads per core:   2
[    2.679207] CPU topo: Num. cores per package:     8
[    2.679209] CPU topo: Num. threads per package:  16
[    2.679210] CPU topo: Allowing 32 present CPUs plus 0 hotplug CPUs
[    2.679352] kvm-guest: APIC: eoi() replaced with kvm_guest_apic_eoi_write()
[    2.679486] kvm-guest: KVM setup pv remote TLB flush
[    2.679544] kvm-guest: setup PV sched yield
[    2.679712] PM: hibernation: Registered nosave memory: [mem 0x00000000-0x00000fff]
[    2.679720] PM: hibernation: Registered nosave memory: [mem 0x0009f000-0x0009ffff]
[    2.679722] PM: hibernation: Registered nosave memory: [mem 0x000a0000-0x000effff]
[    2.679724] PM: hibernation: Registered nosave memory: [mem 0x000f0000-0x000fffff]
[    2.679729] PM: hibernation: Registered nosave memory: [mem 0x7ffda000-0x7fffffff]
[    2.679732] PM: hibernation: Registered nosave memory: [mem 0x80000000-0xafffffff]
[    2.679734] PM: hibernation: Registered nosave memory: [mem 0xb0000000-0xbfffffff]
[    2.679736] PM: hibernation: Registered nosave memory: [mem 0xc0000000-0xfed1bfff]
[    2.679738] PM: hibernation: Registered nosave memory: [mem 0xfed1c000-0xfed1ffff]
[    2.679740] PM: hibernation: Registered nosave memory: [mem 0xfed20000-0xfeffbfff]
[    2.679742] PM: hibernation: Registered nosave memory: [mem 0xfeffc000-0xfeffffff]
[    2.679744] PM: hibernation: Registered nosave memory: [mem 0xff000000-0xfffbffff]
[    2.679746] PM: hibernation: Registered nosave memory: [mem 0xfffc0000-0xffffffff]
[    2.679759] [mem 0xc0000000-0xfed1bfff] available for PCI devices
[    2.679767] Booting paravirtualized kernel on KVM
[    2.679776] clocksource: refined-jiffies: mask: 0xffffffff max_cycles: 0xffffffff, max_idle_ns: 7645519600211568 ns
[    2.679872] setup_percpu: NR_CPUS:8192 nr_cpumask_bits:32 nr_cpu_ids:32 nr_node_ids:1
[    2.877110] percpu: Embedded 532 pages/cpu s2142208 r8192 d28672 u4194304
[    2.877168] pcpu-alloc: s2142208 r8192 d28672 u4194304 alloc=2*2097152
[    2.877175] pcpu-alloc: [0] 00 [0] 01 [0] 02 [0] 03 [0] 04 [0] 05 [0] 06 [0] 07 
[    2.877195] pcpu-alloc: [0] 08 [0] 09 [0] 10 [0] 11 [0] 12 [0] 13 [0] 14 [0] 15 
[    2.877214] pcpu-alloc: [0] 16 [0] 17 [0] 18 [0] 19 [0] 20 [0] 21 [0] 22 [0] 23 
[    2.877232] pcpu-alloc: [0] 24 [0] 25 [0] 26 [0] 27 [0] 28 [0] 29 [0] 30 [0] 31 
[    2.877648] kvm-guest: PV spinlocks enabled
[    2.877670] PV qspinlock hash table entries: 256 (order: 0, 4096 bytes, linear)
[    2.877686] Kernel command line: intremap=off console=ttyS0,115200 nokaslr root=/dev/vda1 crashkernel=1G-:2G
[    2.877934] Unknown kernel command line parameters "nokaslr", will be passed to user space.
[    2.877968] printk: log buffer data + meta data: 262144 + 917504 = 1179648 bytes
[    2.904643] Dentry cache hash table entries: 2097152 (order: 12, 16777216 bytes, linear)
[    2.917781] Inode-cache hash table entries: 1048576 (order: 11, 8388608 bytes, linear)
[    2.922346] Fallback order for Node 0: 0 
[    2.922388] Built 1 zonelists, mobility grouping on.  Total pages: 3145592
[    2.922392] Policy zone: Normal
[    2.922457] mem auto-init: stack:off, heap alloc:on, heap free:off
[    2.922468] stackdepot: allocating hash table via alloc_large_system_hash
[    2.922479] stackdepot hash table entries: 1048576 (order: 12, 16777216 bytes, linear)
[    2.946170] software IO TLB: area num 32.
[    3.738696] SLUB: HWalign=64, Order=0-3, MinObjects=0, CPUs=32, Nodes=1
[    3.740127] Kernel/User page tables isolation: enabled
[    3.741005] ftrace: allocating 52416 entries in 205 pages
[    4.053519] ftrace: allocated 205 pages with 5 groups
[    4.062258] Dynamic Preempt: voluntary
[    4.073298] Running RCU self tests
[    4.073302] Running RCU synchronous self tests
[    4.073374] rcu: Preemptible hierarchical RCU implementation.
[    4.073376] rcu: 	RCU lockdep checking is enabled.
[    4.073378] rcu: 	RCU restricting CPUs from NR_CPUS=8192 to nr_cpu_ids=32.
[    4.073382] 	Trampoline variant of Tasks RCU enabled.
[    4.073383] 	Rude variant of Tasks RCU enabled.
[    4.073384] 	Tracing variant of Tasks RCU enabled.
[    4.073386] rcu: RCU calculated value of scheduler-enlistment delay is 25 jiffies.
[    4.073388] rcu: Adjusting geometry for rcu_fanout_leaf=16, nr_cpu_ids=32
[    4.074044] Running RCU synchronous self tests
[    4.074076] RCU Tasks: Setting shift to 5 and lim to 1 rcu_task_cb_adjust=1 rcu_task_cpu_ids=32.
[    4.074102] RCU Tasks Rude: Setting shift to 5 and lim to 1 rcu_task_cb_adjust=1 rcu_task_cpu_ids=32.
[    4.074128] RCU Tasks Trace: Setting shift to 5 and lim to 1 rcu_task_cb_adjust=1 rcu_task_cpu_ids=32.
[    4.129141] NR_IRQS: 524544, nr_irqs: 680, preallocated irqs: 16
[    4.131104] rcu: srcu_init: Setting srcu_struct sizes based on contention.
[    4.236440] Console: colour VGA+ 80x25
[    4.236866] printk: legacy console [ttyS0] enabled
[    5.684828] Lock dependency validator: Copyright (c) 2006 Red Hat, Inc., Ingo Molnar
[    5.695902] ... MAX_LOCKDEP_SUBCLASSES:  8
[    5.701851] ... MAX_LOCK_DEPTH:          48
[    5.707878] ... MAX_LOCKDEP_KEYS:        8192
[    5.714158] ... CLASSHASH_SIZE:          4096
[    5.720467] ... MAX_LOCKDEP_ENTRIES:     32768
[    5.726877] ... MAX_LOCKDEP_CHAINS:      65536
[    5.733304] ... CHAINHASH_SIZE:          32768
[    5.739718]  memory used by lock dependency info: 6941 kB
[    5.747497]  memory used for stack traces: 4224 kB
[    5.754450]  per task-struct memory footprint: 2688 bytes
[    5.763014] ACPI: Core revision 20240827
[    5.771806] clocksource: hpet: mask: 0xffffffff max_cycles: 0xffffffff, max_idle_ns: 19112604467 ns
[    5.785936] APIC: Switch to symmetric I/O mode setup
[    5.796928] x2apic enabled
[    5.804889] APIC: Switched APIC routing to: physical x2apic
[    5.812893] kvm-guest: APIC: send_IPI_mask() replaced with kvm_send_ipi_mask()
[    5.823106] kvm-guest: APIC: send_IPI_mask_allbutself() replaced with kvm_send_ipi_mask_allbutself()
[    5.836117] kvm-guest: setup PV IPIs
[    5.857315] ..TIMER: vector=0x30 apic1=0 pin1=2 apic2=-1 pin2=-1
[    5.867056] clocksource: tsc-early: mask: 0xffffffffffffffff max_cycles: 0x2a48a50322c, max_idle_ns: 440795287943 ns
[    5.883403] Calibrating delay loop (skipped) preset value.. 5866.87 BogoMIPS (lpj=11733744)
[    5.892049] x86/cpu: User Mode Instruction Prevention (UMIP) activated
[    5.900566] Last level iTLB entries: 4KB 0, 2MB 0, 4MB 0
[    5.903393] Last level dTLB entries: 4KB 0, 2MB 0, 4MB 0, 1GB 0
[    5.907493] Spectre V1 : Mitigation: usercopy/swapgs barriers and __user pointer sanitization
[    5.911395] Spectre V2 : Mitigation: Retpolines
[    5.915393] Spectre V2 : Spectre v2 / SpectreRSB mitigation: Filling RSB on context switch
[    5.919393] Spectre V2 : Spectre v2 / SpectreRSB : Filling RSB on VMEXIT
[    5.923393] Spectre V2 : Enabling Restricted Speculation for firmware calls
[    5.927402] Spectre V2 : mitigation: Enabling conditional Indirect Branch Prediction Barrier
[    5.931393] Spectre V2 : User space: Mitigation: STIBP via prctl
[    5.935394] Speculative Store Bypass: Mitigation: Speculative Store Bypass disabled via prctl
[    5.939395] MDS: Vulnerable: Clear CPU buffers attempted, no microcode
[    5.943394] MMIO Stale Data: Unknown: No mitigations
[    5.947416] x86/fpu: x87 FPU will use FXSAVE
[    6.006404] Freeing SMP alternatives memory: 40K
[    6.007402] pid_max: default: 32768 minimum: 301
[    6.016287] LSM: initializing lsm=lockdown,capability,landlock,yama,apparmor,ima,evm
[    6.020335] landlock: Up and running.
[    6.023396] Yama: becoming mindful.
[    6.028670] AppArmor: AppArmor initialized
[    6.036397] Mount-cache hash table entries: 32768 (order: 6, 262144 bytes, linear)
[    6.039700] Mountpoint-cache hash table entries: 32768 (order: 6, 262144 bytes, linear)
[    6.053497] Running RCU synchronous self tests
[    6.055409] Running RCU synchronous self tests
[    6.066312] smpboot: CPU0: Intel Westmere E56xx/L56xx/X56xx (IBRS update) (family: 0x6, model: 0x2c, stepping: 0x1)
[    6.073786] Running RCU Tasks wait API self tests
[    6.179575] Running RCU Tasks Rude wait API self tests
[    6.183424] Running RCU Tasks Trace wait API self tests
[    6.187675] Performance Events: unsupported p6 CPU model 44 no PMU driver, software events only.
[    6.191944] signal: max sigframe size: 1440
[    6.195545] Callback from call_rcu_tasks_trace() invoked.
[    6.200192] rcu: Hierarchical SRCU implementation.
[    6.203439] rcu: 	Max phase no-delay instances is 1000.
[    6.208543] Timer migration: 2 hierarchy levels; 8 children per group; 2 crossnode level
[    6.223571] NMI watchdog: Perf NMI watchdog permanently disabled
[    6.236460] smp: Bringing up secondary CPUs ...
[    6.252253] smpboot: x86: Booting SMP configuration:
[    6.255454] .... node  #0, CPUs:        #2  #4  #6  #8 #10 #12 #14 #16 #18 #20 #22 #24 #26 #28 #30
[    6.387751] Callback from call_rcu_tasks() invoked.
[    6.476393]   #1  #3  #5  #7  #9 #11 #13 #15 #17 #19 #21 #23 #25 #27 #29 #31
[    6.655524] MDS CPU bug present and SMT on, data leak possible. See https://www.kernel.org/doc/html/latest/admin-guide/hw-vuln/mds.html for more details.
[    6.748629] smp: Brought up 1 node, 32 CPUs
[    6.751439] smpboot: Total of 32 processors activated (187739.90 BogoMIPS)
[    6.781389] Memory: 7998176K/12582368K available (53248K kernel code, 16294K rwdata, 13000K rodata, 9908K init, 22736K bss, 4537656K reserved, 0K cma-reserved)
[    6.813023] devtmpfs: initialized
[    6.820682] x86/mm: Memory block size: 128MB
[    6.921225] Running RCU synchronous self tests
[    6.927501] Running RCU synchronous self tests
[    6.938168] clocksource: jiffies: mask: 0xffffffff max_cycles: 0xffffffff, max_idle_ns: 7645041785100000 ns
[    6.959001] futex hash table entries: 8192 (order: 8, 1048576 bytes, linear)
[    6.975780] pinctrl core: initialized pinctrl subsystem
[    6.987382] PM: RTC time: 11:33:12, date: 2025-01-11
[    7.012070] NET: Registered PF_NETLINK/PF_ROUTE protocol family
[    7.030863] DMA: preallocated 1024 KiB GFP_KERNEL pool for atomic allocations
[    7.043838] DMA: preallocated 1024 KiB GFP_KERNEL|GFP_DMA pool for atomic allocations
[    7.059739] DMA: preallocated 1024 KiB GFP_KERNEL|GFP_DMA32 pool for atomic allocations
[    7.072205] audit: initializing netlink subsys (disabled)
[    7.087582] audit: type=2000 audit(1736595191.130:1): state=initialized audit_enabled=0 res=1
[    7.090117] thermal_sys: Registered thermal governor 'fair_share'
[    7.103449] thermal_sys: Registered thermal governor 'bang_bang'
[    7.111425] thermal_sys: Registered thermal governor 'step_wise'
[    7.123434] thermal_sys: Registered thermal governor 'user_space'
[    7.131425] thermal_sys: Registered thermal governor 'power_allocator'
[    7.143800] EISA bus registered
[    7.161753] cpuidle: using governor ladder
[    7.169516] cpuidle: using governor menu
[    7.177451] acpiphp: ACPI Hot Plug PCI Controller Driver version: 0.5
[    7.191283] PCI: ECAM [mem 0xb0000000-0xbfffffff] (base 0xb0000000) for domain 0000 [bus 00-ff]
[    7.207437] PCI: ECAM [mem 0xb0000000-0xbfffffff] reserved as E820 entry
[    7.335382] PCI: Using configuration type 1 for base access
[    7.352089] kprobes: kprobe jump-optimization is enabled. All kprobes are optimized if possible.
[    7.380434] HugeTLB: registered 1.00 GiB page size, pre-allocated 0 pages
[    7.391441] HugeTLB: 16380 KiB vmemmap can be freed for a 1.00 GiB page
[    7.399424] HugeTLB: registered 2.00 MiB page size, pre-allocated 0 pages
[    7.411423] HugeTLB: 28 KiB vmemmap can be freed for a 2.00 MiB page
[    7.536109] ACPI: Added _OSI(Module Device)
[    7.539425] ACPI: Added _OSI(Processor Device)
[    7.543445] ACPI: Added _OSI(3.0 _SCP Extensions)
[    7.547434] ACPI: Added _OSI(Processor Aggregator Device)
[    7.777085] ACPI: 2 ACPI AML tables successfully acquired and loaded
[    7.828221] ACPI: Interpreter enabled
[    7.831835] ACPI: PM: (supports S0 S3 S4 S5)
[    7.839441] ACPI: Using IOAPIC for interrupt routing
[    7.848399] PCI: Using host bridge windows from ACPI; if necessary, use "pci=nocrs" and report a bug
[    7.863428] PCI: Using E820 reservations for host bridge windows
[    7.884564] ACPI: Enabled 4 GPEs in block 00 to 3F
[    8.384993] ACPI: PCI Root Bridge [PCI0] (domain 0000 [bus 00-ff])
[    8.395504] acpi PNP0A08:00: _OSC: OS supports [ExtendedConfig ASPM ClockPM Segments MSI EDR HPX-Type3]
[    8.412115] acpi PNP0A08:00: _OSC: platform does not support [PCIeHotplug LTR DPC]
[    8.435422] acpi PNP0A08:00: _OSC: OS now controls [SHPCHotplug PME AER PCIeCapability]
[    8.456065] PCI host bridge to bus 0000:00
[    8.463786] pci_bus 0000:00: root bus resource [io  0x0000-0x0cf7 window]
[    8.476014] pci_bus 0000:00: root bus resource [io  0x0d00-0xffff window]
[    8.487676] pci_bus 0000:00: root bus resource [mem 0x000a0000-0x000bffff window]
[    8.499439] pci_bus 0000:00: root bus resource [mem 0x80000000-0xafffffff window]
[    8.511439] pci_bus 0000:00: root bus resource [mem 0xc0000000-0xfebfffff window]
[    8.523441] pci_bus 0000:00: root bus resource [mem 0x1c00000000-0x23ffffffff window]
[    8.535450] pci_bus 0000:00: root bus resource [bus 00-ff]
[    8.544071] pci 0000:00:00.0: [8086:29c0] type 00 class 0x060000 conventional PCI endpoint
[    8.569631] pci 0000:00:01.0: [1234:1111] type 00 class 0x030000 conventional PCI endpoint
[    8.591382] pci 0000:00:01.0: BAR 0 [mem 0xfd000000-0xfdffffff pref]
[    8.627156] pci 0000:00:01.0: BAR 2 [mem 0xfea50000-0xfea50fff]
[    8.673929] pci 0000:00:01.0: ROM [mem 0xfea40000-0xfea4ffff pref]
[    8.690713] pci 0000:00:01.0: Video device with shadowed ROM at [mem 0x000c0000-0x000dffff]
[    8.707467] pci 0000:00:02.0: [1af4:1000] type 00 class 0x020000 conventional PCI endpoint
[    8.714852] pci 0000:00:02.0: BAR 0 [io  0xc040-0xc05f]
[    8.718154] pci 0000:00:02.0: BAR 1 [mem 0xfea51000-0xfea51fff]
[    8.726114] pci 0000:00:02.0: BAR 4 [mem 0xfe200000-0xfe203fff 64bit pref]
[    8.729489] pci 0000:00:02.0: ROM [mem 0xfea00000-0xfea3ffff pref]
[    8.742268] pci 0000:00:03.0: [1b36:000c] type 01 class 0x060400 PCIe Root Port
[    8.750065] pci 0000:00:03.0: BAR 0 [mem 0xfea52000-0xfea52fff]
[    8.759515] pci 0000:00:03.0: PCI bridge to [bus 01]
[    8.763887] pci 0000:00:03.0:   bridge window [mem 0xfe800000-0xfe9fffff]
[    8.771786] pci 0000:00:03.0:   bridge window [mem 0xfe000000-0xfe1fffff 64bit pref]
[    8.790802] pci 0000:00:04.0: [1af4:105b] type 00 class 0x00ff00 conventional PCI endpoint
[    8.797752] pci 0000:00:04.0: BAR 4 [mem 0xfe204000-0xfe207fff 64bit pref]
[    8.950435] pci 0000:00:1f.0: [8086:2918] type 00 class 0x060100 conventional PCI endpoint
[    8.957626] pci 0000:00:1f.0: quirk: [io  0x0600-0x067f] claimed by ICH6 ACPI/GPIO/TCO
[    8.965570] pci 0000:00:1f.2: [8086:2922] type 00 class 0x010601 conventional PCI endpoint
[    8.979486] pci 0000:00:1f.2: BAR 4 [io  0xc060-0xc07f]
[    8.985021] pci 0000:00:1f.2: BAR 5 [mem 0xfea53000-0xfea53fff]
[    8.998310] pci 0000:00:1f.3: [8086:2930] type 00 class 0x0c0500 conventional PCI endpoint
[    9.006455] pci 0000:00:1f.3: BAR 4 [io  0x0700-0x073f]
[    9.021037] acpiphp: Slot [0] registered
[    9.025652] pci 0000:01:00.0: [1af4:1042] type 00 class 0x010000 PCIe Endpoint
[    9.035689] pci 0000:01:00.0: BAR 1 [mem 0xfe800000-0xfe800fff]
[    9.054656] pci 0000:01:00.0: BAR 4 [mem 0xfe000000-0xfe003fff 64bit pref]
[    9.147123] pci 0000:00:03.0: PCI bridge to [bus 01]
[    9.162989] ACPI: PCI: Interrupt link LNKA configured for IRQ 10
[    9.180252] ACPI: PCI: Interrupt link LNKB configured for IRQ 10
[    9.196133] ACPI: PCI: Interrupt link LNKC configured for IRQ 11
[    9.212758] ACPI: PCI: Interrupt link LNKD configured for IRQ 11
[    9.228292] ACPI: PCI: Interrupt link LNKE configured for IRQ 10
[    9.249468] ACPI: PCI: Interrupt link LNKF configured for IRQ 10
[    9.268063] ACPI: PCI: Interrupt link LNKG configured for IRQ 11
[    9.285641] ACPI: PCI: Interrupt link LNKH configured for IRQ 11
[    9.301106] ACPI: PCI: Interrupt link GSIA configured for IRQ 16
[    9.315982] ACPI: PCI: Interrupt link GSIB configured for IRQ 17
[    9.328438] ACPI: PCI: Interrupt link GSIC configured for IRQ 18
[    9.343991] ACPI: PCI: Interrupt link GSID configured for IRQ 19
[    9.356205] ACPI: PCI: Interrupt link GSIE configured for IRQ 20
[    9.372026] ACPI: PCI: Interrupt link GSIF configured for IRQ 21
[    9.384170] ACPI: PCI: Interrupt link GSIG configured for IRQ 22
[    9.399977] ACPI: PCI: Interrupt link GSIH configured for IRQ 23
[    9.549106] iommu: Default domain type: Translated
[    9.555430] iommu: DMA domain TLB invalidation policy: lazy mode
[    9.586861] SCSI subsystem initialized
[    9.596881] libata version 3.00 loaded.
[    9.597834] ACPI: bus type USB registered
[    9.604506] usbcore: registered new interface driver usbfs
[    9.615885] usbcore: registered new interface driver hub
[    9.628107] usbcore: registered new device driver usb
[    9.636812] pps_core: LinuxPPS API ver. 1 registered
[    9.647448] pps_core: Software ver. 5.3.6 - Copyright 2005-2007 Rodolfo Giometti <giometti@linux.it>
[    9.667703] PTP clock support registered
[    9.683832] EDAC MC: Ver: 3.0.0
[    9.711920] NetLabel: Initializing
[    9.719534] NetLabel:  domain hash size = 128
[    9.727443] NetLabel:  protocols = UNLABELED CIPSOv4 CALIPSO
[    9.736461] NetLabel:  unlabeled traffic allowed by default
[    9.756104] PCI: Using ACPI for IRQ routing
[   11.823270] PCI: pci_cache_line_size set to 64 bytes
[   11.825264] e820: reserve RAM buffer [mem 0x0009fc00-0x0009ffff]
[   11.825496] e820: reserve RAM buffer [mem 0x7ffda000-0x7fffffff]
[   11.828268] pci 0000:00:01.0: vgaarb: setting as boot VGA device
[   11.831382] pci 0000:00:01.0: vgaarb: bridge control possible
[   11.831382] pci 0000:00:01.0: vgaarb: VGA device added: decodes=io+mem,owns=io+mem,locks=none
[   11.871461] vgaarb: loaded
[   11.880913] hpet0: at MMIO 0xfed00000, IRQs 2, 8, 0
[   11.891488] hpet0: 3 comparators, 64-bit 100.000000 MHz counter
[   11.931962] clocksource: Switched to clocksource kvm-clock
[   11.958043] VFS: Disk quotas dquot_6.6.0
[   11.967182] VFS: Dquot-cache hash table entries: 512 (order 0, 4096 bytes)
[   11.991567] AppArmor: AppArmor Filesystem Enabled
[   12.002604] pnp: PnP ACPI init
[   12.017821] system 00:05: [mem 0xb0000000-0xbfffffff window] has been reserved
[   12.067052] pnp: PnP ACPI: found 6 devices
[   12.160007] clocksource: acpi_pm: mask: 0xffffff max_cycles: 0xffffff, max_idle_ns: 2085701024 ns
[   12.180760] NET: Registered PF_INET protocol family
[   12.195446] IP idents hash table entries: 262144 (order: 9, 2097152 bytes, linear)
[   12.220040] tcp_listen_portaddr_hash hash table entries: 8192 (order: 7, 655360 bytes, linear)
[   12.238524] Table-perturb hash table entries: 65536 (order: 6, 262144 bytes, linear)
[   12.258820] TCP established hash table entries: 131072 (order: 8, 1048576 bytes, linear)
[   12.294306] TCP bind hash table entries: 65536 (order: 11, 10485760 bytes, vmalloc hugepage)
[   12.313067] TCP: Hash tables configured (established 131072 bind 65536)
[   12.334257] MPTCP token hash table entries: 16384 (order: 8, 1572864 bytes, linear)
[   12.355170] UDP hash table entries: 8192 (order: 9, 2490368 bytes, linear)
[   12.375341] UDP-Lite hash table entries: 8192 (order: 9, 2490368 bytes, linear)
[   12.392461] NET: Registered PF_UNIX/PF_LOCAL protocol family
[   12.402166] NET: Registered PF_XDP protocol family
[   12.410401] pci 0000:00:03.0: bridge window [io  0x1000-0x0fff] to [bus 01] add_size 1000
[   12.424893] pci 0000:00:03.0: bridge window [io  0x1000-0x1fff]: assigned
[   12.437997] pci 0000:00:03.0: PCI bridge to [bus 01]
[   12.447785] pci 0000:00:03.0:   bridge window [io  0x1000-0x1fff]
[   12.460020] pci 0000:00:03.0:   bridge window [mem 0xfe800000-0xfe9fffff]
[   12.472643] pci 0000:00:03.0:   bridge window [mem 0xfe000000-0xfe1fffff 64bit pref]
[   12.487990] pci_bus 0000:00: resource 4 [io  0x0000-0x0cf7 window]
[   12.497742] pci_bus 0000:00: resource 5 [io  0x0d00-0xffff window]
[   12.508166] pci_bus 0000:00: resource 6 [mem 0x000a0000-0x000bffff window]
[   12.520858] pci_bus 0000:00: resource 7 [mem 0x80000000-0xafffffff window]
[   12.533538] pci_bus 0000:00: resource 8 [mem 0xc0000000-0xfebfffff window]
[   12.545710] pci_bus 0000:00: resource 9 [mem 0x1c00000000-0x23ffffffff window]
[   12.557387] pci_bus 0000:01: resource 0 [io  0x1000-0x1fff]
[   12.566108] pci_bus 0000:01: resource 1 [mem 0xfe800000-0xfe9fffff]
[   12.575904] pci_bus 0000:01: resource 2 [mem 0xfe000000-0xfe1fffff 64bit pref]
[   12.588789] PCI: CLS 0 bytes, default 64
[   12.596154] PCI-DMA: Using software bounce buffering for IO (SWIOTLB)
[   12.599268] Trying to unpack rootfs image as initramfs...
[   12.606556] software IO TLB: mapped [mem 0x0000000065000000-0x0000000069000000] (64MB)
[   12.607371] clocksource: tsc: mask: 0xffffffffffffffff max_cycles: 0x2a48a50322c, max_idle_ns: 440795287943 ns
[   12.676803] Initialise system trusted keyrings
[   12.686194] Key type blacklist registered
[   12.695910] workingset: timestamp_bits=36 max_order=21 bucket_order=0
[   12.709142] zbud: loaded
[   12.730102] squashfs: version 4.0 (2009/01/31) Phillip Lougher
[   12.747965] fuse: init (API version 7.41)
[   12.761559] integrity: Platform Keyring initialized
[   12.793306] Key type asymmetric registered
[   12.800794] Asymmetric key parser 'x509' registered
[   12.810547] Block layer SCSI generic (bsg) driver version 0.4 loaded (major 243)
[   12.826140] io scheduler mq-deadline registered
[   12.866444] ledtrig-cpu: registered to indicate activity on CPUs
[   12.913056] ACPI: \_SB_.GSIH: Enabled at IRQ 23
[   12.935604] pcieport 0000:00:03.0: PME: Signaling with IRQ 24
[   12.950997] pcieport 0000:00:03.0: AER: enabled with IRQ 24
[   12.968585] shpchp: Standard Hot Plug PCI Controller Driver version: 0.4
[   12.985616] input: Power Button as /devices/LNXSYSTM:00/LNXPWRBN:00/input/input0
[   13.000332] ACPI: button: Power Button [PWRF]
[   13.127918] ACPI: \_SB_.GSIG: Enabled at IRQ 22
[   13.204087] ACPI: \_SB_.GSIE: Enabled at IRQ 20
[   13.276149] Serial: 8250/16550 driver, 32 ports, IRQ sharing enabled
[   13.342157] 00:03: ttyS0 at I/O 0x3f8 (irq = 4, base_baud = 115200) is a 16550A
[   13.499923] Linux agpgart interface v0.103
[   13.728823] loop: module loaded
[   13.750868] tun: Universal TUN/TAP device driver, 1.6
[   13.762756] PPP generic driver version 2.4.2
[   13.776619] VFIO - User Level meta-driver version: 0.3
[   13.793927] i8042: PNP: PS/2 Controller [PNP0303:KBD,PNP0f13:MOU] at 0x60,0x64 irq 1,12
[   13.818974] serio: i8042 KBD port at 0x60,0x64 irq 1
[   13.829590] serio: i8042 AUX port at 0x60,0x64 irq 12
[   13.845423] mousedev: PS/2 mouse device common for all mice
[   13.862008] rtc_cmos 00:04: RTC can wake from S4
[   13.866708] input: AT Translated Set 2 keyboard as /devices/platform/i8042/serio0/input/input1
[   13.888008] rtc_cmos 00:04: registered as rtc0
[   13.899640] rtc_cmos 00:04: setting system clock to 2025-01-11T11:33:20 UTC (1736595200)
[   13.917266] rtc_cmos 00:04: alarms up to one day, y3k, 242 bytes nvram, hpet irqs
[   13.931894] i2c_dev: i2c /dev entries driver
[   13.940758] device-mapper: core: CONFIG_IMA_DISABLE_HTABLE is disabled. Duplicate IMA measurements will not be recorded in the IMA log.
[   13.963880] device-mapper: uevent: version 1.0.3
[   13.975418] device-mapper: ioctl: 4.48.0-ioctl (2023-03-01) initialised: dm-devel@lists.linux.dev
[   13.993360] platform eisa.0: Probing EISA bus 0
[   14.002350] platform eisa.0: EISA: Cannot allocate resource for mainboard
[   14.015322] platform eisa.0: Cannot allocate resource for EISA slot 1
[   14.027769] platform eisa.0: Cannot allocate resource for EISA slot 2
[   14.040230] platform eisa.0: Cannot allocate resource for EISA slot 3
[   14.052648] platform eisa.0: Cannot allocate resource for EISA slot 4
[   14.066231] platform eisa.0: Cannot allocate resource for EISA slot 5
[   14.079658] platform eisa.0: Cannot allocate resource for EISA slot 6
[   14.093004] platform eisa.0: Cannot allocate resource for EISA slot 7
[   14.106495] platform eisa.0: Cannot allocate resource for EISA slot 8
[   14.119988] platform eisa.0: EISA: Detected 0 cards
[   14.130386] intel_pstate: CPU model not supported
[   14.145536] drop_monitor: Initializing network drop monitor service
[   14.161925] NET: Registered PF_INET6 protocol family
[   16.841697] Freeing initrd memory: 100064K
[   16.960068] Segment Routing with IPv6
[   16.967958] In-situ OAM (IOAM) with IPv6
[   16.976650] NET: Registered PF_PACKET protocol family
[   16.988600] Key type dns_resolver registered
[   17.053534] IPI shorthand broadcast: enabled
[   17.158697] registered taskstats version 1
[   17.194821] Loading compiled-in X.509 certificates
[   17.363786] Demotion targets for Node 0: null
[   17.373088] kmemleak: Kernel memory leak detector initialized (mem pool available: 14031)
[   17.373412] kmemleak: Automatic memory scanning thread started
[   17.390691] Key type .fscrypt registered
[   17.401833] Key type fscrypt-provisioning registered
[   17.487550] cryptd: module verification failed: signature and/or required key missing - tainting kernel
[   17.517914] cryptd: max_cpu_qlen set to 1000
[   17.722394] Key type encrypted registered
[   17.730159] AppArmor: AppArmor sha256 policy hashing enabled
[   17.740407] ima: No TPM chip found, activating TPM-bypass!
[   17.749776] Loading compiled-in module X.509 certificates
[   17.759080] ima: Allocated hash algorithm: sha1
[   17.767544] ima: No architecture policies found
[   17.776826] evm: Initialising EVM extended attributes:
[   17.785713] evm: security.selinux
[   17.791600] evm: security.SMACK64
[   17.797482] evm: security.SMACK64EXEC
[   17.803754] evm: security.SMACK64TRANSMUTE
[   17.810762] evm: security.SMACK64MMAP
[   17.817119] evm: security.apparmor
[   17.823608] evm: security.ima
[   17.828840] evm: security.capability
[   17.835006] evm: HMAC attrs: 0x1
[   17.855647] PM:   Magic number: 9:988:579
[   17.862587] pci_bus 0000:00: hash matches
[   17.874780] RAS: Correctable Errors collector initialized.
[   17.886689] Unstable clock detected, switching default tracing clock to "global"
               If you want to keep using the local clock, then add:
                 "trace_clock=local"
               on the kernel command line
[   17.928117] clk: Disabling unused clocks
[   18.007548] Freeing unused decrypted memory: 2036K
[   18.043802] Freeing unused kernel image (initmem) memory: 9908K
[   18.054214] Write protecting the kernel read-only data: 67584k
[   18.068642] Freeing unused kernel image (rodata/data gap) memory: 1336K
[   18.146240] x86/mm: Checked W+X mappings: passed, no W+X pages found.
[   18.154482] x86/mm: Checking user space page tables
[   18.220695] x86/mm: Checked W+X mappings: passed, no W+X pages found.
[   18.227765] Run /init as init process
[   18.232206]   with arguments:
[   18.232227]     /init
[   18.232233]     nokaslr
[   18.232239]   with environment:
[   18.232355]     HOME=/
[   18.232363]     TERM=linux
[   21.248515] virtio_blk virtio2: 32/0/0 default/read/poll queues
[   21.254040] lpc_ich 0000:00:1f.0: I/O space for GPIO uninitialized
[   21.325832] ahci 0000:00:1f.2: version 3.0
[   21.362872] input: VirtualPS/2 VMware VMMouse as /devices/platform/i8042/serio1/input/input4
[   21.426500] ACPI: \_SB_.GSIA: Enabled at IRQ 16
[   21.436746] input: VirtualPS/2 VMware VMMouse as /devices/platform/i8042/serio1/input/input3
[   21.448500] i801_smbus 0000:00:1f.3: SMBus using PCI interrupt
[   21.466215] ahci 0000:00:1f.2: AHCI vers 0001.0000, 32 command slots, 1.5 Gbps, SATA mode
[   21.476340] ahci 0000:00:1f.2: 6/6 ports implemented (port mask 0x3f)
[   21.484213] ahci 0000:00:1f.2: flags: 64bit ncq only 
[   21.531070] i2c i2c-0: Memory type 0x07 not supported yet, not instantiating SPD
[   21.608400] scsi host0: ahci
[   21.617150] virtio_blk virtio2: [vda] 209715200 512-byte logical blocks (107 GB/100 GiB)
[   21.627442] scsi host1: ahci
[   21.664678] scsi host2: ahci
[   21.679611] scsi host3: ahci
[   21.707621] scsi host4: ahci
[   21.749226] scsi host5: ahci
[   21.758480] ata1: SATA max UDMA/133 abar m4096@0xfea53000 port 0xfea53100 irq 52 lpm-pol 0
[   21.768082]  vda: vda1 vda14 vda15
[   21.771805] ata2: SATA max UDMA/133 abar m4096@0xfea53000 port 0xfea53180 irq 52 lpm-pol 0
[   21.788207] ata3: SATA max UDMA/133 abar m4096@0xfea53000 port 0xfea53200 irq 52 lpm-pol 0
[   21.797825] ata4: SATA max UDMA/133 abar m4096@0xfea53000 port 0xfea53280 irq 52 lpm-pol 0
[   21.807820] ata5: SATA max UDMA/133 abar m4096@0xfea53000 port 0xfea53300 irq 52 lpm-pol 0
[   21.817876] ata6: SATA max UDMA/133 abar m4096@0xfea53000 port 0xfea53380 irq 52 lpm-pol 0
[   21.883626] virtio_net virtio0 enp0s2: renamed from eth0
[   22.144711] ata1: SATA link up 1.5 Gbps (SStatus 113 SControl 300)
[   22.155153] ata3: SATA link up 1.5 Gbps (SStatus 113 SControl 300)
[   22.167127] ata2: SATA link up 1.5 Gbps (SStatus 113 SControl 300)
[   22.178133] ata5: SATA link down (SStatus 0 SControl 300)
[   22.195232] ata6: SATA link down (SStatus 0 SControl 300)
[   22.205125] ata3.00: ATA-7: QEMU HARDDISK, 2.5+, max UDMA/100
[   22.214081] ata3.00: 20971520 sectors, multi 16: LBA48 NCQ (depth 32)
[   22.222060] ata3.00: applying bridge limits
[   22.229076] ata4: SATA link up 1.5 Gbps (SStatus 113 SControl 300)
[   22.236398] ata2.00: ATA-7: QEMU HARDDISK, 2.5+, max UDMA/100
[   22.245347] ata2.00: 20971520 sectors, multi 16: LBA48 NCQ (depth 32)
[   22.254597] ata2.00: applying bridge limits
[   22.261927] ata1.00: ATA-7: QEMU HARDDISK, 2.5+, max UDMA/100
[   22.269165] ata1.00: 20971520 sectors, multi 16: LBA48 NCQ (depth 32)
[   22.278416] ata1.00: applying bridge limits
[   22.284915] ata4.00: ATA-7: QEMU HARDDISK, 2.5+, max UDMA/100
[   22.292083] ata4.00: 20971520 sectors, multi 16: LBA48 NCQ (depth 32)
[   22.299972] ata4.00: applying bridge limits
[   22.308842] ata1.00: configured for UDMA/100
[   22.317045] ata3.00: configured for UDMA/100
[   22.323792] scsi 0:0:0:0: Direct-Access     ATA      QEMU HARDDISK    2.5+ PQ: 0 ANSI: 5
[   22.342742] ata2.00: configured for UDMA/100
[   22.369304] ata4.00: configured for UDMA/100
[   22.379464] sd 0:0:0:0: Attached scsi generic sg0 type 0
[   22.380039] sd 0:0:0:0: [sda] 20971520 512-byte logical blocks: (10.7 GB/10.0 GiB)
[   22.392084] scsi 1:0:0:0: Direct-Access     ATA      QEMU HARDDISK    2.5+ PQ: 0 ANSI: 5
[   22.400715] sd 0:0:0:0: [sda] Write Protect is off
[   22.417593] sd 0:0:0:0: [sda] Mode Sense: 00 3a 00 00
[   22.417833] sd 0:0:0:0: [sda] Write cache: enabled, read cache: enabled, doesn't support DPO or FUA
[   22.419879] sd 1:0:0:0: [sdb] 20971520 512-byte logical blocks: (10.7 GB/10.0 GiB)
[   22.420445] sd 1:0:0:0: Attached scsi generic sg1 type 0
[   22.425074] scsi 2:0:0:0: Direct-Access     ATA      QEMU HARDDISK    2.5+ PQ: 0 ANSI: 5
[   22.431405] sd 0:0:0:0: [sda] Preferred minimum I/O size 512 bytes
[   22.432204] sd 2:0:0:0: Attached scsi generic sg2 type 0
[   22.432503] sd 2:0:0:0: [sdc] 20971520 512-byte logical blocks: (10.7 GB/10.0 GiB)
[   22.432637] sd 2:0:0:0: [sdc] Write Protect is off
[   22.432666] sd 2:0:0:0: [sdc] Mode Sense: 00 3a 00 00
[   22.432873] sd 2:0:0:0: [sdc] Write cache: enabled, read cache: enabled, doesn't support DPO or FUA
[   22.433256] sd 2:0:0:0: [sdc] Preferred minimum I/O size 512 bytes
[   22.436206] scsi 3:0:0:0: Direct-Access     ATA      QEMU HARDDISK    2.5+ PQ: 0 ANSI: 5
[   22.443196] sd 1:0:0:0: [sdb] Write Protect is off
[   22.446445] sd 3:0:0:0: [sdd] 20971520 512-byte logical blocks: (10.7 GB/10.0 GiB)
[   22.446563] sd 3:0:0:0: Attached scsi generic sg3 type 0
[   22.446606] sd 3:0:0:0: [sdd] Write Protect is off
[   22.446676] sd 3:0:0:0: [sdd] Mode Sense: 00 3a 00 00
[   22.447113] sd 3:0:0:0: [sdd] Write cache: enabled, read cache: enabled, doesn't support DPO or FUA
[   22.447762] sd 3:0:0:0: [sdd] Preferred minimum I/O size 512 bytes
[   22.571328] sd 1:0:0:0: [sdb] Mode Sense: 00 3a 00 00
[   22.571542] sd 1:0:0:0: [sdb] Write cache: enabled, read cache: enabled, doesn't support DPO or FUA
[   22.582523] sd 1:0:0:0: [sdb] Preferred minimum I/O size 512 bytes
[   22.603805] sd 3:0:0:0: [sdd] Attached SCSI disk
[   22.604191] sd 2:0:0:0: [sdc] Attached SCSI disk
[   22.617016] sd 0:0:0:0: [sda] Attached SCSI disk
[   22.660866] sd 1:0:0:0: [sdb] Attached SCSI disk
[   22.724916] nd_pmem namespace0.0: unable to guarantee persistence of writes
[   26.472488] raid6: sse2x4   gen()  9459 MB/s
[   26.544397] raid6: sse2x2   gen() 10524 MB/s
[   26.616405] raid6: sse2x1   gen()  8484 MB/s
[   26.621775] raid6: using algorithm sse2x2 gen() 10524 MB/s
[   26.692406] raid6: .... xor() 6749 MB/s, rmw enabled
[   26.697628] raid6: using ssse3x2 recovery algorithm
[   26.713197] xor: measuring software checksum speed
[   26.719295]    prefetch64-sse  : 12640 MB/sec
[   26.725301]    generic_sse     : 10843 MB/sec
[   26.730678] xor: using function: prefetch64-sse (12640 MB/sec)
[   26.746274] async_tx: api initialized (async)
[   28.109455] Btrfs loaded, zoned=yes, fsverity=yes
[   29.286916] EXT4-fs (vda1): mounted filesystem 26c50908-598b-4e8e-871e-35718a3a1426 ro with ordered data mode. Quota mode: none.
[   30.744140] systemd[1]: Inserted module 'autofs4'
[   30.953269] systemd[1]: systemd 249.11-0ubuntu3.10 running in system mode (+PAM +AUDIT +SELINUX +APPARMOR +IMA +SMACK +SECCOMP +GCRYPT +GNUTLS +OPENSSL +ACL +BLKID +CURL +ELFUTILS +FIDO2 +IDN2 -IDN +IPTC +KMOD +LIBCRYPTSETUP +LIBFDISK +PCRE2 -PWQUALITY -P11KIT -QRENCODE +BZIP2 +LZ4 +XZ +ZLIB +ZSTD -XKBCOMMON +UTMP +SYSVINIT default-hierarchy=unified)
[   30.989559] systemd[1]: Detected virtualization kvm.
[   30.996847] systemd[1]: Detected architecture x86-64.
[   31.026004] systemd[1]: Hostname set to <qemu-2>.
[   31.675161] block vda: the capability attribute has been deprecated.
[   31.864883] random: crng init done
[   33.189530] systemd[1]: Queued start job for default target Graphical Interface.
[   33.297490] systemd[1]: Created slice Slice /system/modprobe.
[   33.329696] systemd[1]: Created slice Slice /system/serial-getty.
[   33.358387] systemd[1]: Created slice Slice /system/systemd-fsck.
[   33.387402] systemd[1]: Created slice User and Session Slice.
[   33.405672] systemd[1]: Started Forward Password Requests to Wall Directory Watch.
[   33.431340] systemd[1]: Set up automount Arbitrary Executable File Formats File System Automount Point.
[   33.453363] systemd[1]: Reached target Slice Units.
[   33.466980] systemd[1]: Reached target Mounting snaps.
[   33.482043] systemd[1]: Reached target Swaps.
[   33.494718] systemd[1]: Reached target Local Verity Protected Volumes.
[   33.513580] systemd[1]: Listening on Device-mapper event daemon FIFOs.
[   33.533506] systemd[1]: Listening on LVM2 poll daemon socket.
[   33.551076] systemd[1]: Listening on multipathd control socket.
[   33.714214] systemd[1]: Listening on RPCbind Server Activation Socket.
[   33.735025] systemd[1]: Listening on Syslog Socket.
[   33.750137] systemd[1]: Listening on fsck to fsckd communication Socket.
[   33.769436] systemd[1]: Listening on initctl Compatibility Named Pipe.
[   33.790810] systemd[1]: Listening on Journal Audit Socket.
[   33.808572] systemd[1]: Listening on Journal Socket (/dev/log).
[   33.827994] systemd[1]: Listening on Journal Socket.
[   33.845304] systemd[1]: Listening on Network Service Netlink Socket.
[   33.868668] systemd[1]: Listening on udev Control Socket.
[   33.888823] systemd[1]: Listening on udev Kernel Socket.
[   33.957595] systemd[1]: Mounting Huge Pages File System...
[   34.002947] systemd[1]: Mounting POSIX Message Queue File System...
[   34.055212] systemd[1]: Mounting Kernel Debug File System...
[   34.120910] systemd[1]: Mounting Kernel Trace File System...
[   34.227681] systemd[1]: Starting Journal Service...
[   34.244241] systemd[1]: Condition check resulted in Kernel Module supporting RPCSEC_GSS being skipped.
[   34.334009] systemd[1]: Starting Set the console keyboard layout...
[   34.383011] systemd[1]: Starting Create List of Static Device Nodes...
[   34.450231] systemd[1]: Starting Monitoring of LVM2 mirrors, snapshots etc. using dmeventd or progress polling...
[   34.476951] systemd[1]: Condition check resulted in LXD - agent being skipped.
[   34.578465] systemd[1]: Starting Load Kernel Module configfs...
[   34.625997] systemd[1]: Starting Load Kernel Module drm...
[   34.670945] systemd[1]: Starting Load Kernel Module efi_pstore...
[   34.719821] systemd[1]: Starting Load Kernel Module fuse...
[   34.748768] systemd[1]: Condition check resulted in OpenVSwitch configuration for cleanup being skipped.
[   34.762195] systemd[1]: Condition check resulted in File System Check on Root Device being skipped.
[   34.828741] systemd[1]: Starting Load Kernel Modules...
[   34.883643] systemd[1]: Starting Remount Root and Kernel File Systems...
[   34.944575] systemd[1]: Starting Coldplug All udev Devices...
[   35.010383] ACPI: bus type drm_connector registered
[   35.024078] systemd[1]: Mounted Huge Pages File System.
[   35.062264] systemd[1]: Mounted POSIX Message Queue File System.
[   35.079464] EXT4-fs (vda1): re-mounted 26c50908-598b-4e8e-871e-35718a3a1426 r/w. Quota mode: none.
[   35.114274] systemd[1]: Started Journal Service.
[   35.694787] alua: device handler registered
[   35.716043] emc: device handler registered
[   35.749755] rdac: device handler registered
[   35.750270] systemd-journald[595]: Received client request to flush runtime journal.
[   35.795410] systemd-journald[595]: File /var/log/journal/02c9a06a7911097a3b638c9756cf2e6e/system.journal corrupted or uncleanly shut down, renaming and replacing.
[   36.840150] loop0: detected capacity change from 0 to 130888
[   36.904879] loop1: detected capacity change from 0 to 130448
[   37.008082] loop2: detected capacity change from 0 to 229272
[   37.058370] loop3: detected capacity change from 0 to 178256
[   37.264542] loop4: detected capacity change from 0 to 82800
[   37.350677] loop5: detected capacity change from 0 to 79520
[   39.493408] parport_pc 00:02: reported by Plug and Play ACPI
[   39.500441] parport0: PC-style at 0x378, irq 7 [PCSPP,TRISTATE]
[   42.023788] ppdev: user-space parallel port driver
[   44.056712] kvm_intel: VM_EXIT_LOAD_IA32_PERF_GLOBAL_CTRL does not work properly. Using workaround
[   44.707791] audit: type=1400 audit(1736595231.304:2): apparmor="STATUS" operation="profile_load" profile="unconfined" name="nvidia_modprobe" pid=1288 comm="apparmor_parser"
[   44.707979] audit: type=1400 audit(1736595231.304:3): apparmor="STATUS" operation="profile_load" profile="unconfined" name="nvidia_modprobe//kmod" pid=1288 comm="apparmor_parser"
[   44.710563] audit: type=1400 audit(1736595231.308:4): apparmor="STATUS" operation="profile_load" profile="unconfined" name="swtpm" pid=1291 comm="apparmor_parser"
[   44.715042] audit: type=1400 audit(1736595231.312:5): apparmor="STATUS" operation="profile_load" profile="unconfined" name="/usr/bin/man" pid=1290 comm="apparmor_parser"
[   44.715132] audit: type=1400 audit(1736595231.312:6): apparmor="STATUS" operation="profile_load" profile="unconfined" name="man_filter" pid=1290 comm="apparmor_parser"
[   44.715231] audit: type=1400 audit(1736595231.312:7): apparmor="STATUS" operation="profile_load" profile="unconfined" name="man_groff" pid=1290 comm="apparmor_parser"
[   44.717482] audit: type=1400 audit(1736595231.316:8): apparmor="STATUS" operation="profile_load" profile="unconfined" name="virt-aa-helper" pid=1294 comm="apparmor_parser"
[   44.720223] audit: type=1400 audit(1736595231.316:9): apparmor="STATUS" operation="profile_load" profile="unconfined" name="lsb_release" pid=1287 comm="apparmor_parser"
[   44.730293] audit: type=1400 audit(1736595231.328:10): apparmor="STATUS" operation="profile_load" profile="unconfined" name="/usr/lib/snapd/snap-confine" pid=1295 comm="apparmor_parser"
[   44.730395] audit: type=1400 audit(1736595231.328:11): apparmor="STATUS" operation="profile_load" profile="unconfined" name="/usr/lib/snapd/snap-confine//mount-namespace-capture-helper" pid=1295 comm="apparmor_parser"
[   46.463636] RPC: Registered named UNIX socket transport module.
[   46.463665] RPC: Registered udp transport module.
[   46.463673] RPC: Registered tcp transport module.
[   46.463681] RPC: Registered tcp-with-tls transport module.
[   46.463689] RPC: Registered tcp NFSv4.1 backchannel transport module.
[   51.505598] loop6: detected capacity change from 0 to 8
[   59.689413] netfs: FS-Cache loaded
[   61.325419] NFS: Registering the id_resolver key type
[   61.325574] Key type id_resolver registered
[   61.325585] Key type id_legacy registered
[   81.798685] cbd: loading out-of-tree module taints kernel.
[   88.932604] cbd: backend_validate:554 cbd_transport0: duplicated backend path: /dev/sda with backend_id: 0
[   90.586138] cbd: backend_validate:544 cbd_transport0: found backend_id: 0 for host_id: 1, path: /dev/sda
[   90.592717] cbd: cbd_backend_init:394 cbd_transport0: attach backend to backend_id: 0
[  126.757441] cbd: cache_validate:304 cbd_transport0: n_paral 1 requires cache size (167772160), more than current (16777216).
[  132.402906] cbd: backend_open_bdev:284 cbd_transport0: backend0: failed to open bdev: -2
[  135.146109] cbd: cache_validate:311 cbd_transport0: too large cache_segs: 32768, segment_num: 1405
[  143.926239] ==== end /root/avocado/job-results/job-2025-01-09T22.24-1680aba/test-results/200-._cbdctrl.py_CbdctrlTest.test_run-cache_data_crc-enable-cache_for_xfstests-no_cache-channel_crc-channel_data_crc-host_mode-multi_host-multihost-test_script-backend-681a ==== 
[  161.612140] tid: 0, is not registered
[  167.821698] ==== start /root/avocado/job-results/job-2025-01-09T22.24-1680aba/test-results/201-._cbdctrl.py_CbdctrlTest.test_run-cache_data_crc-enable-cache_for_xfstests-no_cache-channel_crc-channel_data_crc-host_mode-multi_host-multihost-test_script-dev-9733 ==== 
[  382.683833] ==== end /root/avocado/job-results/job-2025-01-09T22.24-1680aba/test-results/201-._cbdctrl.py_CbdctrlTest.test_run-cache_data_crc-enable-cache_for_xfstests-no_cache-channel_crc-channel_data_crc-host_mode-multi_host-multihost-test_script-dev-9733 ==== 
