[    0.000000] Linux version 6.13.0-rc5+ (root@ubuntu-22-04-server) (gcc (Ubuntu 11.4.0-1ubuntu1~22.04) 11.4.0, GNU ld (GNU Binutils for Ubuntu) 2.38) #2 SMP PREEMPT_DYNAMIC Fri Jan  3 15:43:06 CST 2025
[    0.000000] Command line: intremap=off console=ttyS0,115200 nokaslr root=/dev/vda1 crashkernel=1G-:2G
[    0.000000] KERNEL supported cpus:
[    0.000000]   Intel GenuineIntel
[    0.000000]   AMD AuthenticAMD
[    0.000000]   Hygon HygonGenuine
[    0.000000]   Centaur CentaurHauls
[    0.000000]   zhaoxin   Shanghai  
[    0.000000] BIOS-provided physical RAM map:
[    0.000000] BIOS-e820: [mem 0x0000000000000000-0x000000000009fbff] usable
[    0.000000] BIOS-e820: [mem 0x000000000009fc00-0x000000000009ffff] reserved
[    0.000000] BIOS-e820: [mem 0x00000000000f0000-0x00000000000fffff] reserved
[    0.000000] BIOS-e820: [mem 0x0000000000100000-0x000000007ffd9fff] usable
[    0.000000] BIOS-e820: [mem 0x000000007ffda000-0x000000007fffffff] reserved
[    0.000000] BIOS-e820: [mem 0x00000000b0000000-0x00000000bfffffff] reserved
[    0.000000] BIOS-e820: [mem 0x00000000fed1c000-0x00000000fed1ffff] reserved
[    0.000000] BIOS-e820: [mem 0x00000000feffc000-0x00000000feffffff] reserved
[    0.000000] BIOS-e820: [mem 0x00000000fffc0000-0x00000000ffffffff] reserved
[    0.000000] BIOS-e820: [mem 0x0000000100000000-0x000000037fffffff] usable
[    0.000000] NX (Execute Disable) protection: active
[    0.000000] APIC: Static calls initialized
[    0.000000] SMBIOS 2.8 present.
[    0.000000] DMI: QEMU Standard PC (Q35 + ICH9, 2009), BIOS rel-1.16.3-0-ga6ed6b701f0a-prebuilt.qemu.org 04/01/2014
[    0.000000] DMI: Memory slots populated: 1/1
[    0.000000] Hypervisor detected: KVM
[    0.000000] kvm-clock: Using msrs 4b564d01 and 4b564d00
[    0.000008] kvm-clock: using sched offset of 8555800607 cycles
[    0.000022] clocksource: kvm-clock: mask: 0xffffffffffffffff max_cycles: 0x1cd42e4dffb, max_idle_ns: 881590591483 ns
[    0.000066] tsc: Detected 2933.436 MHz processor
[    0.002460] e820: update [mem 0x00000000-0x00000fff] usable ==> reserved
[    0.002469] e820: remove [mem 0x000a0000-0x000fffff] usable
[    0.002482] last_pfn = 0x380000 max_arch_pfn = 0x400000000
[    0.003095] MTRR map: 4 entries (3 fixed + 1 variable; max 19), built from 8 variable MTRRs
[    0.003129] x86/PAT: Configuration [0-7]: WB  WC  UC- UC  WB  WP  UC- WT  
[    0.003854] last_pfn = 0x7ffda max_arch_pfn = 0x400000000
[    0.015498] found SMP MP-table at [mem 0x000f5450-0x000f545f]
[    0.015614] Using GB pages for direct mapping
[    0.017463] RAMDISK: [mem 0x79e18000-0x7ffcffff]
[    0.017548] ACPI: Early table checksum verification disabled
[    0.017677] ACPI: RSDP 0x00000000000F5220 000014 (v00 BOCHS )
[    0.017729] ACPI: RSDT 0x000000007FFE3D96 000040 (v01 BOCHS  BXPC     00000001 BXPC 00000001)
[    0.017775] ACPI: FACP 0x000000007FFE25E7 0000F4 (v03 BOCHS  BXPC     00000001 BXPC 00000001)
[    0.017804] ACPI: DSDT 0x000000007FFDF040 0035A7 (v01 BOCHS  BXPC     00000001 BXPC 00000001)
[    0.017821] ACPI: FACS 0x000000007FFDF000 000040
[    0.017831] ACPI: APIC 0x000000007FFE26DB 000170 (v03 BOCHS  BXPC     00000001 BXPC 00000001)
[    0.017841] ACPI: HPET 0x000000007FFE284B 000038 (v01 BOCHS  BXPC     00000001 BXPC 00000001)
[    0.017851] ACPI: SRAT 0x000000007FFE2883 0002D0 (v01 BOCHS  BXPC     00000001 BXPC 00000001)
[    0.017861] ACPI: MCFG 0x000000007FFE2B53 00003C (v01 BOCHS  BXPC     00000001 BXPC 00000001)
[    0.017871] ACPI: SSDT 0x000000007FFE2B8F 0011DF (v01 BOCHS  NVDIMM   00000001 BXPC 00000001)
[    0.017882] ACPI: WAET 0x000000007FFE3D6E 000028 (v01 BOCHS  BXPC     00000001 BXPC 00000001)
[    0.017889] ACPI: Reserving FACP table memory at [mem 0x7ffe25e7-0x7ffe26da]
[    0.017893] ACPI: Reserving DSDT table memory at [mem 0x7ffdf040-0x7ffe25e6]
[    0.017895] ACPI: Reserving FACS table memory at [mem 0x7ffdf000-0x7ffdf03f]
[    0.017898] ACPI: Reserving APIC table memory at [mem 0x7ffe26db-0x7ffe284a]
[    0.017900] ACPI: Reserving HPET table memory at [mem 0x7ffe284b-0x7ffe2882]
[    0.017903] ACPI: Reserving SRAT table memory at [mem 0x7ffe2883-0x7ffe2b52]
[    0.017905] ACPI: Reserving MCFG table memory at [mem 0x7ffe2b53-0x7ffe2b8e]
[    0.017907] ACPI: Reserving SSDT table memory at [mem 0x7ffe2b8f-0x7ffe3d6d]
[    0.017910] ACPI: Reserving WAET table memory at [mem 0x7ffe3d6e-0x7ffe3d95]
[    0.018365] ACPI: SRAT: Node 0 PXM 0 [mem 0x00000000-0x0009ffff]
[    0.018372] ACPI: SRAT: Node 0 PXM 0 [mem 0x00100000-0x7fffffff]
[    0.018375] ACPI: SRAT: Node 0 PXM 0 [mem 0x100000000-0x37fffffff]
[    0.018378] ACPI: SRAT: Node 0 PXM 0 [mem 0x380000000-0x1bffffffff] hotplug
[    0.018393] NUMA: Node 0 [mem 0x00001000-0x0009ffff] + [mem 0x00100000-0x7fffffff] -> [mem 0x00001000-0x7fffffff]
[    0.018398] NUMA: Node 0 [mem 0x00001000-0x7fffffff] + [mem 0x100000000-0x37fffffff] -> [mem 0x00001000-0x37fffffff]
[    0.018427] NODE_DATA(0) allocated [mem 0x37ffd3700-0x37fffdfff]
[    0.018853] crashkernel low memory reserved: 0x69000000 - 0x79000000 (256 MB)
[    0.018859] crashkernel reserved: 0x00000002ff000000 - 0x000000037f000000 (2048 MB)
[    0.019052] Zone ranges:
[    0.019055]   DMA      [mem 0x0000000000001000-0x0000000000ffffff]
[    0.019060]   DMA32    [mem 0x0000000001000000-0x00000000ffffffff]
[    0.019063]   Normal   [mem 0x0000000100000000-0x000000037fffffff]
[    0.019066]   Device   empty
[    0.019068] Movable zone start for each node
[    0.019072] Early memory node ranges
[    0.019073]   node   0: [mem 0x0000000000001000-0x000000000009efff]
[    0.019080]   node   0: [mem 0x0000000000100000-0x000000007ffd9fff]
[    0.019083]   node   0: [mem 0x0000000100000000-0x000000037fffffff]
[    0.019088] Initmem setup node 0 [mem 0x0000000000001000-0x000000037fffffff]
[    0.021039] On node 0, zone DMA: 1 pages in unavailable ranges
[    0.021359] On node 0, zone DMA: 97 pages in unavailable ranges
[    0.347316] On node 0, zone Normal: 38 pages in unavailable ranges
[    2.169953] kasan: KernelAddressSanitizer initialized
[    2.177699] ACPI: PM-Timer IO Port: 0x608
[    2.177820] ACPI: LAPIC_NMI (acpi_id[0xff] dfl dfl lint[0x1])
[    2.178260] IOAPIC[0]: apic_id 0, version 17, address 0xfec00000, GSI 0-23
[    2.178278] ACPI: INT_SRC_OVR (bus 0 bus_irq 0 global_irq 2 dfl dfl)
[    2.178284] ACPI: INT_SRC_OVR (bus 0 bus_irq 5 global_irq 5 high level)
[    2.178287] ACPI: INT_SRC_OVR (bus 0 bus_irq 9 global_irq 9 high level)
[    2.178298] ACPI: INT_SRC_OVR (bus 0 bus_irq 10 global_irq 10 high level)
[    2.178301] ACPI: INT_SRC_OVR (bus 0 bus_irq 11 global_irq 11 high level)
[    2.178316] ACPI: Using ACPI (MADT) for SMP configuration information
[    2.178320] ACPI: HPET id: 0x8086a201 base: 0xfed00000
[    2.178339] TSC deadline timer available
[    2.178353] CPU topo: Max. logical packages:   2
[    2.178355] CPU topo: Max. logical dies:       2
[    2.178357] CPU topo: Max. dies per package:   1
[    2.178364] CPU topo: Max. threads per core:   2
[    2.178366] CPU topo: Num. cores per package:     8
[    2.178368] CPU topo: Num. threads per package:  16
[    2.178370] CPU topo: Allowing 32 present CPUs plus 0 hotplug CPUs
[    2.178515] kvm-guest: APIC: eoi() replaced with kvm_guest_apic_eoi_write()
[    2.178637] kvm-guest: KVM setup pv remote TLB flush
[    2.178696] kvm-guest: setup PV sched yield
[    2.178861] PM: hibernation: Registered nosave memory: [mem 0x00000000-0x00000fff]
[    2.178869] PM: hibernation: Registered nosave memory: [mem 0x0009f000-0x0009ffff]
[    2.178871] PM: hibernation: Registered nosave memory: [mem 0x000a0000-0x000effff]
[    2.178874] PM: hibernation: Registered nosave memory: [mem 0x000f0000-0x000fffff]
[    2.178879] PM: hibernation: Registered nosave memory: [mem 0x7ffda000-0x7fffffff]
[    2.178881] PM: hibernation: Registered nosave memory: [mem 0x80000000-0xafffffff]
[    2.178883] PM: hibernation: Registered nosave memory: [mem 0xb0000000-0xbfffffff]
[    2.178885] PM: hibernation: Registered nosave memory: [mem 0xc0000000-0xfed1bfff]
[    2.178887] PM: hibernation: Registered nosave memory: [mem 0xfed1c000-0xfed1ffff]
[    2.178889] PM: hibernation: Registered nosave memory: [mem 0xfed20000-0xfeffbfff]
[    2.178891] PM: hibernation: Registered nosave memory: [mem 0xfeffc000-0xfeffffff]
[    2.178893] PM: hibernation: Registered nosave memory: [mem 0xff000000-0xfffbffff]
[    2.178895] PM: hibernation: Registered nosave memory: [mem 0xfffc0000-0xffffffff]
[    2.178909] [mem 0xc0000000-0xfed1bfff] available for PCI devices
[    2.178917] Booting paravirtualized kernel on KVM
[    2.178935] clocksource: refined-jiffies: mask: 0xffffffff max_cycles: 0xffffffff, max_idle_ns: 7645519600211568 ns
[    2.179026] setup_percpu: NR_CPUS:8192 nr_cpumask_bits:32 nr_cpu_ids:32 nr_node_ids:1
[    2.335654] percpu: Embedded 532 pages/cpu s2142208 r8192 d28672 u4194304
[    2.335713] pcpu-alloc: s2142208 r8192 d28672 u4194304 alloc=2*2097152
[    2.335721] pcpu-alloc: [0] 00 [0] 01 [0] 02 [0] 03 [0] 04 [0] 05 [0] 06 [0] 07 
[    2.335740] pcpu-alloc: [0] 08 [0] 09 [0] 10 [0] 11 [0] 12 [0] 13 [0] 14 [0] 15 
[    2.335759] pcpu-alloc: [0] 16 [0] 17 [0] 18 [0] 19 [0] 20 [0] 21 [0] 22 [0] 23 
[    2.335778] pcpu-alloc: [0] 24 [0] 25 [0] 26 [0] 27 [0] 28 [0] 29 [0] 30 [0] 31 
[    2.336143] kvm-guest: PV spinlocks enabled
[    2.336165] PV qspinlock hash table entries: 256 (order: 0, 4096 bytes, linear)
[    2.336182] Kernel command line: intremap=off console=ttyS0,115200 nokaslr root=/dev/vda1 crashkernel=1G-:2G
[    2.336429] Unknown kernel command line parameters "nokaslr", will be passed to user space.
[    2.336462] printk: log buffer data + meta data: 262144 + 917504 = 1179648 bytes
[    2.355592] Dentry cache hash table entries: 2097152 (order: 12, 16777216 bytes, linear)
[    2.364163] Inode-cache hash table entries: 1048576 (order: 11, 8388608 bytes, linear)
[    2.368776] Fallback order for Node 0: 0 
[    2.368808] Built 1 zonelists, mobility grouping on.  Total pages: 3145592
[    2.368812] Policy zone: Normal
[    2.368876] mem auto-init: stack:off, heap alloc:on, heap free:off
[    2.368888] stackdepot: allocating hash table via alloc_large_system_hash
[    2.368899] stackdepot hash table entries: 1048576 (order: 12, 16777216 bytes, linear)
[    2.384859] software IO TLB: area num 32.
[    3.163991] SLUB: HWalign=64, Order=0-3, MinObjects=0, CPUs=32, Nodes=1
[    3.165375] Kernel/User page tables isolation: enabled
[    3.166293] ftrace: allocating 52416 entries in 205 pages
[    3.484722] ftrace: allocated 205 pages with 5 groups
[    3.493606] Dynamic Preempt: voluntary
[    3.501141] Running RCU self tests
[    3.501144] Running RCU synchronous self tests
[    3.501207] rcu: Preemptible hierarchical RCU implementation.
[    3.501209] rcu: 	RCU lockdep checking is enabled.
[    3.501210] rcu: 	RCU restricting CPUs from NR_CPUS=8192 to nr_cpu_ids=32.
[    3.501215] 	Trampoline variant of Tasks RCU enabled.
[    3.501216] 	Rude variant of Tasks RCU enabled.
[    3.501217] 	Tracing variant of Tasks RCU enabled.
[    3.501219] rcu: RCU calculated value of scheduler-enlistment delay is 25 jiffies.
[    3.501221] rcu: Adjusting geometry for rcu_fanout_leaf=16, nr_cpu_ids=32
[    3.501952] Running RCU synchronous self tests
[    3.501986] RCU Tasks: Setting shift to 5 and lim to 1 rcu_task_cb_adjust=1 rcu_task_cpu_ids=32.
[    3.502014] RCU Tasks Rude: Setting shift to 5 and lim to 1 rcu_task_cb_adjust=1 rcu_task_cpu_ids=32.
[    3.502040] RCU Tasks Trace: Setting shift to 5 and lim to 1 rcu_task_cb_adjust=1 rcu_task_cpu_ids=32.
[    3.556810] NR_IRQS: 524544, nr_irqs: 680, preallocated irqs: 16
[    3.558848] rcu: srcu_init: Setting srcu_struct sizes based on contention.
[    3.664188] Console: colour VGA+ 80x25
[    3.664622] printk: legacy console [ttyS0] enabled
[    5.183946] Lock dependency validator: Copyright (c) 2006 Red Hat, Inc., Ingo Molnar
[    5.194975] ... MAX_LOCKDEP_SUBCLASSES:  8
[    5.200863] ... MAX_LOCK_DEPTH:          48
[    5.206863] ... MAX_LOCKDEP_KEYS:        8192
[    5.213143] ... CLASSHASH_SIZE:          4096
[    5.219404] ... MAX_LOCKDEP_ENTRIES:     32768
[    5.225755] ... MAX_LOCKDEP_CHAINS:      65536
[    5.232270] ... CHAINHASH_SIZE:          32768
[    5.238686]  memory used by lock dependency info: 6941 kB
[    5.246448]  memory used for stack traces: 4224 kB
[    5.253288]  per task-struct memory footprint: 2688 bytes
[    5.261871] ACPI: Core revision 20240827
[    5.269737] clocksource: hpet: mask: 0xffffffff max_cycles: 0xffffffff, max_idle_ns: 19112604467 ns
[    5.281572] APIC: Switch to symmetric I/O mode setup
[    5.291188] x2apic enabled
[    5.298605] APIC: Switched APIC routing to: physical x2apic
[    5.305196] kvm-guest: APIC: send_IPI_mask() replaced with kvm_send_ipi_mask()
[    5.313643] kvm-guest: APIC: send_IPI_mask_allbutself() replaced with kvm_send_ipi_mask_allbutself()
[    5.325740] kvm-guest: setup PV IPIs
[    5.347063] ..TIMER: vector=0x30 apic1=0 pin1=2 apic2=-1 pin2=-1
[    5.356992] clocksource: tsc-early: mask: 0xffffffffffffffff max_cycles: 0x2a48a50322c, max_idle_ns: 440795287943 ns
[    5.373693] Calibrating delay loop (skipped) preset value.. 5866.87 BogoMIPS (lpj=11733744)
[    5.379459] x86/cpu: User Mode Instruction Prevention (UMIP) activated
[    5.383503] Last level iTLB entries: 4KB 0, 2MB 0, 4MB 0
[    5.385661] Last level dTLB entries: 4KB 0, 2MB 0, 4MB 0, 1GB 0
[    5.389759] Spectre V1 : Mitigation: usercopy/swapgs barriers and __user pointer sanitization
[    5.393663] Spectre V2 : Mitigation: Retpolines
[    5.397660] Spectre V2 : Spectre v2 / SpectreRSB mitigation: Filling RSB on context switch
[    5.401660] Spectre V2 : Spectre v2 / SpectreRSB : Filling RSB on VMEXIT
[    5.405661] Spectre V2 : Enabling Restricted Speculation for firmware calls
[    5.409683] Spectre V2 : mitigation: Enabling conditional Indirect Branch Prediction Barrier
[    5.413661] Spectre V2 : User space: Mitigation: STIBP via prctl
[    5.417661] Speculative Store Bypass: Mitigation: Speculative Store Bypass disabled via prctl
[    5.421662] MDS: Vulnerable: Clear CPU buffers attempted, no microcode
[    5.425660] MMIO Stale Data: Unknown: No mitigations
[    5.429684] x86/fpu: x87 FPU will use FXSAVE
[    5.494666] Freeing SMP alternatives memory: 40K
[    5.497669] pid_max: default: 32768 minimum: 301
[    5.508315] LSM: initializing lsm=lockdown,capability,landlock,yama,apparmor,ima,evm
[    5.514012] landlock: Up and running.
[    5.517663] Yama: becoming mindful.
[    5.526542] AppArmor: AppArmor initialized
[    5.535970] Mount-cache hash table entries: 32768 (order: 6, 262144 bytes, linear)
[    5.537890] Mountpoint-cache hash table entries: 32768 (order: 6, 262144 bytes, linear)
[    5.552594] Running RCU synchronous self tests
[    5.553669] Running RCU synchronous self tests
[    5.560533] smpboot: CPU0: Intel Westmere E56xx/L56xx/X56xx (IBRS update) (family: 0x6, model: 0x2c, stepping: 0x1)
[    5.580210] Running RCU Tasks wait API self tests
[    5.685830] Running RCU Tasks Rude wait API self tests
[    5.689688] Running RCU Tasks Trace wait API self tests
[    5.693885] Performance Events: unsupported p6 CPU model 44 no PMU driver, software events only.
[    5.698205] signal: max sigframe size: 1440
[    5.701774] Callback from call_rcu_tasks_trace() invoked.
[    5.706454] rcu: Hierarchical SRCU implementation.
[    5.709691] rcu: 	Max phase no-delay instances is 1000.
[    5.715038] Timer migration: 2 hierarchy levels; 8 children per group; 2 crossnode level
[    5.729883] NMI watchdog: Perf NMI watchdog permanently disabled
[    5.745764] smp: Bringing up secondary CPUs ...
[    5.762511] smpboot: x86: Booting SMP configuration:
[    5.765714] .... node  #0, CPUs:        #2  #4  #6  #8 #10 #12 #14 #16 #18 #20 #22 #24 #26 #28 #30
[    5.893935] Callback from call_rcu_tasks() invoked.
[    5.994432]   #1  #3  #5  #7  #9 #11 #13 #15 #17 #19 #21 #23 #25 #27 #29 #31
[    6.154112] MDS CPU bug present and SMT on, data leak possible. See https://www.kernel.org/doc/html/latest/admin-guide/hw-vuln/mds.html for more details.
[    6.241707] smp: Brought up 1 node, 32 CPUs
[    6.245702] smpboot: Total of 32 processors activated (187739.90 BogoMIPS)
[    6.275326] Memory: 7998176K/12582368K available (53248K kernel code, 16294K rwdata, 13000K rodata, 9908K init, 22736K bss, 4537656K reserved, 0K cma-reserved)
[    6.309673] devtmpfs: initialized
[    6.314995] x86/mm: Memory block size: 128MB
[    6.407796] Running RCU synchronous self tests
[    6.413936] Running RCU synchronous self tests
[    6.424206] clocksource: jiffies: mask: 0xffffffff max_cycles: 0xffffffff, max_idle_ns: 7645041785100000 ns
[    6.438967] futex hash table entries: 8192 (order: 8, 1048576 bytes, linear)
[    6.453795] pinctrl core: initialized pinctrl subsystem
[    6.465765] PM: RTC time: 13:05:27, date: 2025-01-11
[    6.490347] NET: Registered PF_NETLINK/PF_ROUTE protocol family
[    6.503090] DMA: preallocated 1024 KiB GFP_KERNEL pool for atomic allocations
[    6.514052] DMA: preallocated 1024 KiB GFP_KERNEL|GFP_DMA pool for atomic allocations
[    6.530109] DMA: preallocated 1024 KiB GFP_KERNEL|GFP_DMA32 pool for atomic allocations
[    6.542399] audit: initializing netlink subsys (disabled)
[    6.554108] audit: type=2000 audit(1736600725.716:1): state=initialized audit_enabled=0 res=1
[    6.556615] thermal_sys: Registered thermal governor 'fair_share'
[    6.569717] thermal_sys: Registered thermal governor 'bang_bang'
[    6.577692] thermal_sys: Registered thermal governor 'step_wise'
[    6.589694] thermal_sys: Registered thermal governor 'user_space'
[    6.597697] thermal_sys: Registered thermal governor 'power_allocator'
[    6.606074] EISA bus registered
[    6.625897] cpuidle: using governor ladder
[    6.633676] cpuidle: using governor menu
[    6.639824] acpiphp: ACPI Hot Plug PCI Controller Driver version: 0.5
[    6.653567] PCI: ECAM [mem 0xb0000000-0xbfffffff] (base 0xb0000000) for domain 0000 [bus 00-ff]
[    6.673720] PCI: ECAM [mem 0xb0000000-0xbfffffff] reserved as E820 entry
[    6.774623] PCI: Using configuration type 1 for base access
[    6.786749] kprobes: kprobe jump-optimization is enabled. All kprobes are optimized if possible.
[    6.811510] HugeTLB: registered 1.00 GiB page size, pre-allocated 0 pages
[    6.821707] HugeTLB: 16380 KiB vmemmap can be freed for a 1.00 GiB page
[    6.833697] HugeTLB: registered 2.00 MiB page size, pre-allocated 0 pages
[    6.845690] HugeTLB: 28 KiB vmemmap can be freed for a 2.00 MiB page
[    6.942341] ACPI: Added _OSI(Module Device)
[    6.945694] ACPI: Added _OSI(Processor Device)
[    6.949693] ACPI: Added _OSI(3.0 _SCP Extensions)
[    6.953693] ACPI: Added _OSI(Processor Aggregator Device)
[    7.184960] ACPI: 2 ACPI AML tables successfully acquired and loaded
[    7.235098] ACPI: Interpreter enabled
[    7.238961] ACPI: PM: (supports S0 S3 S4 S5)
[    7.241716] ACPI: Using IOAPIC for interrupt routing
[    7.246823] PCI: Using host bridge windows from ACPI; if necessary, use "pci=nocrs" and report a bug
[    7.249730] PCI: Using E820 reservations for host bridge windows
[    7.263533] ACPI: Enabled 4 GPEs in block 00 to 3F
[    7.733650] ACPI: PCI Root Bridge [PCI0] (domain 0000 [bus 00-ff])
[    7.741753] acpi PNP0A08:00: _OSC: OS supports [ExtendedConfig ASPM ClockPM Segments MSI EDR HPX-Type3]
[    7.762077] acpi PNP0A08:00: _OSC: platform does not support [PCIeHotplug LTR DPC]
[    7.783748] acpi PNP0A08:00: _OSC: OS now controls [SHPCHotplug PME AER PCIeCapability]
[    7.801694] PCI host bridge to bus 0000:00
[    7.809987] pci_bus 0000:00: root bus resource [io  0x0000-0x0cf7 window]
[    7.821719] pci_bus 0000:00: root bus resource [io  0x0d00-0xffff window]
[    7.837710] pci_bus 0000:00: root bus resource [mem 0x000a0000-0x000bffff window]
[    7.849716] pci_bus 0000:00: root bus resource [mem 0x80000000-0xafffffff window]
[    7.865710] pci_bus 0000:00: root bus resource [mem 0xc0000000-0xfebfffff window]
[    7.877741] pci_bus 0000:00: root bus resource [mem 0x1c00000000-0x23ffffffff window]
[    7.889724] pci_bus 0000:00: root bus resource [bus 00-ff]
[    7.902454] pci 0000:00:00.0: [8086:29c0] type 00 class 0x060000 conventional PCI endpoint
[    7.927191] pci 0000:00:01.0: [1234:1111] type 00 class 0x030000 conventional PCI endpoint
[    7.956891] pci 0000:00:01.0: BAR 0 [mem 0xfd000000-0xfdffffff pref]
[    7.997727] pci 0000:00:01.0: BAR 2 [mem 0xfea50000-0xfea50fff]
[    8.049722] pci 0000:00:01.0: ROM [mem 0xfea40000-0xfea4ffff pref]
[    8.064828] pci 0000:00:01.0: Video device with shadowed ROM at [mem 0x000c0000-0x000dffff]
[    8.077699] pci 0000:00:01.0: pci_fixup_video+0x0/0x2d0 took 15625 usecs
[    8.105476] pci 0000:00:02.0: [1af4:1000] type 00 class 0x020000 conventional PCI endpoint
[    8.121736] pci 0000:00:02.0: BAR 0 [io  0xc040-0xc05f]
[    8.137293] pci 0000:00:02.0: BAR 1 [mem 0xfea51000-0xfea51fff]
[    8.155939] pci 0000:00:02.0: BAR 4 [mem 0xfe200000-0xfe203fff 64bit pref]
[    8.171814] pci 0000:00:02.0: ROM [mem 0xfea00000-0xfea3ffff pref]
[    8.193690] pci 0000:00:03.0: [1b36:000c] type 01 class 0x060400 PCIe Root Port
[    8.212753] pci 0000:00:03.0: BAR 0 [mem 0xfea52000-0xfea52fff]
[    8.234206] pci 0000:00:03.0: PCI bridge to [bus 01]
[    8.242203] pci 0000:00:03.0:   bridge window [mem 0xfe800000-0xfe9fffff]
[    8.262096] pci 0000:00:03.0:   bridge window [mem 0xfe000000-0xfe1fffff 64bit pref]
[    8.288931] pci 0000:00:04.0: [1af4:105b] type 00 class 0x00ff00 conventional PCI endpoint
[    8.313720] pci 0000:00:04.0: BAR 4 [mem 0xfe204000-0xfe207fff 64bit pref]
[    8.472059] pci 0000:00:1f.0: [8086:2918] type 00 class 0x060100 conventional PCI endpoint
[    8.491485] pci 0000:00:1f.0: quirk: [io  0x0600-0x067f] claimed by ICH6 ACPI/GPIO/TCO
[    8.506206] pci 0000:00:1f.0: quirk_ich7_lpc+0x0/0x1d0 took 15625 usecs
[    8.523061] pci 0000:00:1f.2: [8086:2922] type 00 class 0x010601 conventional PCI endpoint
[    8.557736] pci 0000:00:1f.2: BAR 4 [io  0xc060-0xc07f]
[    8.567445] pci 0000:00:1f.2: BAR 5 [mem 0xfea53000-0xfea53fff]
[    8.587289] pci 0000:00:1f.3: [8086:2930] type 00 class 0x0c0500 conventional PCI endpoint
[    8.608152] pci 0000:00:1f.3: BAR 4 [io  0x0700-0x073f]
[    8.628634] acpiphp: Slot [0] registered
[    8.640111] pci 0000:01:00.0: [1af4:1042] type 00 class 0x010000 PCIe Endpoint
[    8.665784] pci 0000:01:00.0: BAR 1 [mem 0xfe800000-0xfe800fff]
[    8.697687] pci 0000:01:00.0: BAR 4 [mem 0xfe000000-0xfe003fff 64bit pref]
[    8.804503] pci 0000:00:03.0: PCI bridge to [bus 01]
[    8.836604] ACPI: PCI: Interrupt link LNKA configured for IRQ 10
[    8.850976] ACPI: PCI: Interrupt link LNKB configured for IRQ 10
[    8.871686] ACPI: PCI: Interrupt link LNKC configured for IRQ 11
[    8.886616] ACPI: PCI: Interrupt link LNKD configured for IRQ 11
[    8.902827] ACPI: PCI: Interrupt link LNKE configured for IRQ 10
[    8.919461] ACPI: PCI: Interrupt link LNKF configured for IRQ 10
[    8.936485] ACPI: PCI: Interrupt link LNKG configured for IRQ 11
[    8.954703] ACPI: PCI: Interrupt link LNKH configured for IRQ 11
[    8.967552] ACPI: PCI: Interrupt link GSIA configured for IRQ 16
[    8.982893] ACPI: PCI: Interrupt link GSIB configured for IRQ 17
[    8.994616] ACPI: PCI: Interrupt link GSIC configured for IRQ 18
[    9.006443] ACPI: PCI: Interrupt link GSID configured for IRQ 19
[    9.018344] ACPI: PCI: Interrupt link GSIE configured for IRQ 20
[    9.026279] ACPI: PCI: Interrupt link GSIF configured for IRQ 21
[    9.038363] ACPI: PCI: Interrupt link GSIG configured for IRQ 22
[    9.050248] ACPI: PCI: Interrupt link GSIH configured for IRQ 23
[    9.203639] iommu: Default domain type: Translated
[    9.209694] iommu: DMA domain TLB invalidation policy: lazy mode
[    9.237850] SCSI subsystem initialized
[    9.251063] libata version 3.00 loaded.
[    9.252224] ACPI: bus type USB registered
[    9.262737] usbcore: registered new interface driver usbfs
[    9.274083] usbcore: registered new interface driver hub
[    9.282387] usbcore: registered new device driver usb
[    9.295107] pps_core: LinuxPPS API ver. 1 registered
[    9.305707] pps_core: Software ver. 5.3.6 - Copyright 2005-2007 Rodolfo Giometti <giometti@linux.it>
[    9.321889] PTP clock support registered
[    9.334921] EDAC MC: Ver: 3.0.0
[    9.362325] NetLabel: Initializing
[    9.369690] NetLabel:  domain hash size = 128
[    9.377695] NetLabel:  protocols = UNLABELED CIPSOv4 CALIPSO
[    9.390603] NetLabel:  unlabeled traffic allowed by default
[    9.406346] PCI: Using ACPI for IRQ routing
[   11.397153] PCI: pci_cache_line_size set to 64 bytes
[   11.399155] e820: reserve RAM buffer [mem 0x0009fc00-0x0009ffff]
[   11.399422] e820: reserve RAM buffer [mem 0x7ffda000-0x7fffffff]
[   11.402693] pci 0000:00:01.0: vgaarb: setting as boot VGA device
[   11.405650] pci 0000:00:01.0: vgaarb: bridge control possible
[   11.405650] pci 0000:00:01.0: vgaarb: VGA device added: decodes=io+mem,owns=io+mem,locks=none
[   11.437770] vgaarb: loaded
[   11.443347] hpet0: at MMIO 0xfed00000, IRQs 2, 8, 0
[   11.449700] hpet0: 3 comparators, 64-bit 100.000000 MHz counter
[   11.478175] clocksource: Switched to clocksource kvm-clock
[   11.525939] VFS: Disk quotas dquot_6.6.0
[   11.532809] VFS: Dquot-cache hash table entries: 512 (order 0, 4096 bytes)
[   11.552859] AppArmor: AppArmor Filesystem Enabled
[   11.561438] pnp: PnP ACPI init
[   11.575041] system 00:05: [mem 0xb0000000-0xbfffffff window] has been reserved
[   11.624151] pnp: PnP ACPI: found 6 devices
[   11.712858] clocksource: acpi_pm: mask: 0xffffff max_cycles: 0xffffff, max_idle_ns: 2085701024 ns
[   11.732542] NET: Registered PF_INET protocol family
[   11.750969] IP idents hash table entries: 262144 (order: 9, 2097152 bytes, linear)
[   11.778357] tcp_listen_portaddr_hash hash table entries: 8192 (order: 7, 655360 bytes, linear)
[   11.795873] Table-perturb hash table entries: 65536 (order: 6, 262144 bytes, linear)
[   11.813117] TCP established hash table entries: 131072 (order: 8, 1048576 bytes, linear)
[   11.847087] TCP bind hash table entries: 65536 (order: 11, 10485760 bytes, vmalloc hugepage)
[   11.865784] TCP: Hash tables configured (established 131072 bind 65536)
[   11.884009] MPTCP token hash table entries: 16384 (order: 8, 1572864 bytes, linear)
[   11.903022] UDP hash table entries: 8192 (order: 9, 2490368 bytes, linear)
[   11.921706] UDP-Lite hash table entries: 8192 (order: 9, 2490368 bytes, linear)
[   11.938417] NET: Registered PF_UNIX/PF_LOCAL protocol family
[   11.948296] NET: Registered PF_XDP protocol family
[   11.956294] pci 0000:00:03.0: bridge window [io  0x1000-0x0fff] to [bus 01] add_size 1000
[   11.969276] pci 0000:00:03.0: bridge window [io  0x1000-0x1fff]: assigned
[   11.980182] pci 0000:00:03.0: PCI bridge to [bus 01]
[   11.988459] pci 0000:00:03.0:   bridge window [io  0x1000-0x1fff]
[   12.000433] pci 0000:00:03.0:   bridge window [mem 0xfe800000-0xfe9fffff]
[   12.012648] pci 0000:00:03.0:   bridge window [mem 0xfe000000-0xfe1fffff 64bit pref]
[   12.027790] pci_bus 0000:00: resource 4 [io  0x0000-0x0cf7 window]
[   12.037891] pci_bus 0000:00: resource 5 [io  0x0d00-0xffff window]
[   12.047628] pci_bus 0000:00: resource 6 [mem 0x000a0000-0x000bffff window]
[   12.058398] pci_bus 0000:00: resource 7 [mem 0x80000000-0xafffffff window]
[   12.068466] pci_bus 0000:00: resource 8 [mem 0xc0000000-0xfebfffff window]
[   12.079309] pci_bus 0000:00: resource 9 [mem 0x1c00000000-0x23ffffffff window]
[   12.090854] pci_bus 0000:01: resource 0 [io  0x1000-0x1fff]
[   12.099894] pci_bus 0000:01: resource 1 [mem 0xfe800000-0xfe9fffff]
[   12.109023] pci_bus 0000:01: resource 2 [mem 0xfe000000-0xfe1fffff 64bit pref]
[   12.121969] PCI: CLS 0 bytes, default 64
[   12.129375] PCI-DMA: Using software bounce buffering for IO (SWIOTLB)
[   12.132961] Trying to unpack rootfs image as initramfs...
[   12.139745] software IO TLB: mapped [mem 0x0000000065000000-0x0000000069000000] (64MB)
[   12.163734] clocksource: tsc: mask: 0xffffffffffffffff max_cycles: 0x2a48a50322c, max_idle_ns: 440795287943 ns
[   12.207696] Initialise system trusted keyrings
[   12.215836] Key type blacklist registered
[   12.224660] workingset: timestamp_bits=36 max_order=21 bucket_order=0
[   12.235099] zbud: loaded
[   12.253028] squashfs: version 4.0 (2009/01/31) Phillip Lougher
[   12.267929] fuse: init (API version 7.41)
[   12.280385] integrity: Platform Keyring initialized
[   12.310713] Key type asymmetric registered
[   12.317576] Asymmetric key parser 'x509' registered
[   12.326608] Block layer SCSI generic (bsg) driver version 0.4 loaded (major 243)
[   12.341106] io scheduler mq-deadline registered
[   12.378978] ledtrig-cpu: registered to indicate activity on CPUs
[   12.424115] ACPI: \_SB_.GSIH: Enabled at IRQ 23
[   12.447376] pcieport 0000:00:03.0: PME: Signaling with IRQ 24
[   12.462017] pcieport 0000:00:03.0: AER: enabled with IRQ 24
[   12.476572] shpchp: Standard Hot Plug PCI Controller Driver version: 0.4
[   12.494044] input: Power Button as /devices/LNXSYSTM:00/LNXPWRBN:00/input/input0
[   12.508979] ACPI: button: Power Button [PWRF]
[   12.644310] ACPI: \_SB_.GSIG: Enabled at IRQ 22
[   12.718603] ACPI: \_SB_.GSIE: Enabled at IRQ 20
[   12.810142] Serial: 8250/16550 driver, 32 ports, IRQ sharing enabled
[   12.882648] 00:03: ttyS0 at I/O 0x3f8 (irq = 4, base_baud = 115200) is a 16550A
[   13.037780] Linux agpgart interface v0.103
[   13.249720] loop: module loaded
[   13.272147] tun: Universal TUN/TAP device driver, 1.6
[   13.281936] PPP generic driver version 2.4.2
[   13.293995] VFIO - User Level meta-driver version: 0.3
[   13.308766] i8042: PNP: PS/2 Controller [PNP0303:KBD,PNP0f13:MOU] at 0x60,0x64 irq 1,12
[   13.332493] serio: i8042 KBD port at 0x60,0x64 irq 1
[   13.342408] serio: i8042 AUX port at 0x60,0x64 irq 12
[   13.356186] mousedev: PS/2 mouse device common for all mice
[   13.379198] rtc_cmos 00:04: RTC can wake from S4
[   13.396328] input: AT Translated Set 2 keyboard as /devices/platform/i8042/serio0/input/input1
[   13.407509] rtc_cmos 00:04: registered as rtc0
[   13.420767] rtc_cmos 00:04: setting system clock to 2025-01-11T13:05:34 UTC (1736600734)
[   13.436509] rtc_cmos 00:04: alarms up to one day, y3k, 242 bytes nvram, hpet irqs
[   13.450643] i2c_dev: i2c /dev entries driver
[   13.459341] device-mapper: core: CONFIG_IMA_DISABLE_HTABLE is disabled. Duplicate IMA measurements will not be recorded in the IMA log.
[   13.481754] device-mapper: uevent: version 1.0.3
[   13.493021] device-mapper: ioctl: 4.48.0-ioctl (2023-03-01) initialised: dm-devel@lists.linux.dev
[   13.508664] platform eisa.0: Probing EISA bus 0
[   13.516697] platform eisa.0: EISA: Cannot allocate resource for mainboard
[   13.528478] platform eisa.0: Cannot allocate resource for EISA slot 1
[   13.539864] platform eisa.0: Cannot allocate resource for EISA slot 2
[   13.551001] platform eisa.0: Cannot allocate resource for EISA slot 3
[   13.562191] platform eisa.0: Cannot allocate resource for EISA slot 4
[   13.573260] platform eisa.0: Cannot allocate resource for EISA slot 5
[   13.584406] platform eisa.0: Cannot allocate resource for EISA slot 6
[   13.595641] platform eisa.0: Cannot allocate resource for EISA slot 7
[   13.606930] platform eisa.0: Cannot allocate resource for EISA slot 8
[   13.618175] platform eisa.0: EISA: Detected 0 cards
[   13.626736] intel_pstate: CPU model not supported
[   13.637864] drop_monitor: Initializing network drop monitor service
[   13.651487] NET: Registered PF_INET6 protocol family
[   16.475578] Freeing initrd memory: 100064K
[   16.596711] Segment Routing with IPv6
[   16.603548] In-situ OAM (IOAM) with IPv6
[   16.610748] NET: Registered PF_PACKET protocol family
[   16.620864] Key type dns_resolver registered
[   16.684080] IPI shorthand broadcast: enabled
[   16.788333] registered taskstats version 1
[   16.823174] Loading compiled-in X.509 certificates
[   16.983048] Demotion targets for Node 0: null
[   16.992417] kmemleak: Kernel memory leak detector initialized (mem pool available: 14031)
[   16.992509] kmemleak: Automatic memory scanning thread started
[   17.011926] Key type .fscrypt registered
[   17.023082] Key type fscrypt-provisioning registered
[   17.112826] cryptd: module verification failed: signature and/or required key missing - tainting kernel
[   17.138388] cryptd: max_cpu_qlen set to 1000
[   17.339717] Key type encrypted registered
[   17.346156] AppArmor: AppArmor sha256 policy hashing enabled
[   17.357173] ima: No TPM chip found, activating TPM-bypass!
[   17.368877] Loading compiled-in module X.509 certificates
[   17.380122] ima: Allocated hash algorithm: sha1
[   17.390350] ima: No architecture policies found
[   17.400000] evm: Initialising EVM extended attributes:
[   17.409127] evm: security.selinux
[   17.414656] evm: security.SMACK64
[   17.420116] evm: security.SMACK64EXEC
[   17.426154] evm: security.SMACK64TRANSMUTE
[   17.432832] evm: security.SMACK64MMAP
[   17.438917] evm: security.apparmor
[   17.444504] evm: security.ima
[   17.449497] evm: security.capability
[   17.455352] evm: HMAC attrs: 0x1
[   17.473274] PM:   Magic number: 9:685:78
[   17.484072] RAS: Correctable Errors collector initialized.
[   17.498662] Unstable clock detected, switching default tracing clock to "global"
               If you want to keep using the local clock, then add:
                 "trace_clock=local"
               on the kernel command line
[   17.551807] clk: Disabling unused clocks
[   17.631655] Freeing unused decrypted memory: 2036K
[   17.666737] Freeing unused kernel image (initmem) memory: 9908K
[   17.676308] Write protecting the kernel read-only data: 67584k
[   17.692867] Freeing unused kernel image (rodata/data gap) memory: 1336K
[   17.767882] x86/mm: Checked W+X mappings: passed, no W+X pages found.
[   17.775454] x86/mm: Checking user space page tables
[   17.841713] x86/mm: Checked W+X mappings: passed, no W+X pages found.
[   17.849430] Run /init as init process
[   17.853913]   with arguments:
[   17.853942]     /init
[   17.853954]     nokaslr
[   17.853968]   with environment:
[   17.853980]     HOME=/
[   17.853990]     TERM=linux
[   20.769118] lpc_ich 0000:00:1f.0: I/O space for GPIO uninitialized
[   20.908182] virtio_blk virtio2: 32/0/0 default/read/poll queues
[   20.917162] ahci 0000:00:1f.2: version 3.0
[   20.966037] input: VirtualPS/2 VMware VMMouse as /devices/platform/i8042/serio1/input/input4
[   21.013278] ACPI: \_SB_.GSIA: Enabled at IRQ 16
[   21.042003] i801_smbus 0000:00:1f.3: SMBus using PCI interrupt
[   21.054347] input: VirtualPS/2 VMware VMMouse as /devices/platform/i8042/serio1/input/input3
[   21.074375] ahci 0000:00:1f.2: AHCI vers 0001.0000, 32 command slots, 1.5 Gbps, SATA mode
[   21.089836] ahci 0000:00:1f.2: 6/6 ports implemented (port mask 0x3f)
[   21.098924] ahci 0000:00:1f.2: flags: 64bit ncq only 
[   21.122858] i2c i2c-0: Memory type 0x07 not supported yet, not instantiating SPD
[   21.258400] scsi host0: ahci
[   21.280852] scsi host1: ahci
[   21.295795] scsi host2: ahci
[   21.310391] scsi host3: ahci
[   21.321462] virtio_blk virtio2: [vda] 209715200 512-byte logical blocks (107 GB/100 GiB)
[   21.329948] scsi host4: ahci
[   21.371444] scsi host5: ahci
[   21.378704] ata1: SATA max UDMA/133 abar m4096@0xfea53000 port 0xfea53100 irq 37 lpm-pol 0
[   21.389909] ata2: SATA max UDMA/133 abar m4096@0xfea53000 port 0xfea53180 irq 37 lpm-pol 0
[   21.399754] ata3: SATA max UDMA/133 abar m4096@0xfea53000 port 0xfea53200 irq 37 lpm-pol 0
[   21.409851] ata4: SATA max UDMA/133 abar m4096@0xfea53000 port 0xfea53280 irq 37 lpm-pol 0
[   21.420022] ata5: SATA max UDMA/133 abar m4096@0xfea53000 port 0xfea53300 irq 37 lpm-pol 0
[   21.430038] ata6: SATA max UDMA/133 abar m4096@0xfea53000 port 0xfea53380 irq 37 lpm-pol 0
[   21.448380]  vda: vda1 vda14 vda15
[   21.601928] virtio_net virtio0 enp0s2: renamed from eth0
[   21.762619] ata4: SATA link up 1.5 Gbps (SStatus 113 SControl 300)
[   21.785280] ata5: SATA link down (SStatus 0 SControl 300)
[   21.798301] ata2: SATA link up 1.5 Gbps (SStatus 113 SControl 300)
[   21.814415] ata1: SATA link up 1.5 Gbps (SStatus 113 SControl 300)
[   21.831216] ata3: SATA link up 1.5 Gbps (SStatus 113 SControl 300)
[   21.847045] ata6: SATA link down (SStatus 0 SControl 300)
[   21.859057] ata1.00: ATA-7: QEMU HARDDISK, 2.5+, max UDMA/100
[   21.877861] ata1.00: 20971520 sectors, multi 16: LBA48 NCQ (depth 32)
[   21.890982] ata1.00: applying bridge limits
[   21.900165] ata4.00: ATA-7: QEMU HARDDISK, 2.5+, max UDMA/100
[   21.918156] ata4.00: 20971520 sectors, multi 16: LBA48 NCQ (depth 32)
[   21.938852] ata4.00: applying bridge limits
[   21.952932] ata3.00: ATA-7: QEMU HARDDISK, 2.5+, max UDMA/100
[   21.964978] ata3.00: 20971520 sectors, multi 16: LBA48 NCQ (depth 32)
[   21.978323] ata3.00: applying bridge limits
[   21.987455] ata1.00: configured for UDMA/100
[   21.994200] ata2.00: ATA-7: QEMU HARDDISK, 2.5+, max UDMA/100
[   22.000676] scsi 0:0:0:0: Direct-Access     ATA      QEMU HARDDISK    2.5+ PQ: 0 ANSI: 5
[   22.010021] ata2.00: 20971520 sectors, multi 16: LBA48 NCQ (depth 32)
[   22.017426] ata2.00: applying bridge limits
[   22.022259] sd 0:0:0:0: Attached scsi generic sg0 type 0
[   22.023368] sd 0:0:0:0: [sda] 20971520 512-byte logical blocks: (10.7 GB/10.0 GiB)
[   22.024802] ata2.00: configured for UDMA/100
[   22.025399] ata4.00: configured for UDMA/100
[   22.025620] ata3.00: configured for UDMA/100
[   22.034114] scsi 1:0:0:0: Direct-Access     ATA      QEMU HARDDISK    2.5+ PQ: 0 ANSI: 5
[   22.039506] sd 0:0:0:0: [sda] Write Protect is off
[   22.052034] sd 1:0:0:0: Attached scsi generic sg1 type 0
[   22.055324] sd 1:0:0:0: [sdb] 20971520 512-byte logical blocks: (10.7 GB/10.0 GiB)
[   22.055478] sd 1:0:0:0: [sdb] Write Protect is off
[   22.055511] sd 1:0:0:0: [sdb] Mode Sense: 00 3a 00 00
[   22.055742] sd 1:0:0:0: [sdb] Write cache: enabled, read cache: enabled, doesn't support DPO or FUA
[   22.056349] sd 1:0:0:0: [sdb] Preferred minimum I/O size 512 bytes
[   22.056934] sd 0:0:0:0: [sda] Mode Sense: 00 3a 00 00
[   22.071415] scsi 2:0:0:0: Direct-Access     ATA      QEMU HARDDISK    2.5+ PQ: 0 ANSI: 5
[   22.074285] sd 0:0:0:0: [sda] Write cache: enabled, read cache: enabled, doesn't support DPO or FUA
[   22.091201] sd 2:0:0:0: Attached scsi generic sg2 type 0
[   22.092728] sd 0:0:0:0: [sda] Preferred minimum I/O size 512 bytes
[   22.094353] sd 2:0:0:0: [sdc] 20971520 512-byte logical blocks: (10.7 GB/10.0 GiB)
[   22.094716] sd 2:0:0:0: [sdc] Write Protect is off
[   22.094748] sd 2:0:0:0: [sdc] Mode Sense: 00 3a 00 00
[   22.095624] sd 2:0:0:0: [sdc] Write cache: enabled, read cache: enabled, doesn't support DPO or FUA
[   22.096888] sd 2:0:0:0: [sdc] Preferred minimum I/O size 512 bytes
[   22.102767] scsi 3:0:0:0: Direct-Access     ATA      QEMU HARDDISK    2.5+ PQ: 0 ANSI: 5
[   22.209866] sd 3:0:0:0: Attached scsi generic sg3 type 0
[   22.209908] sd 3:0:0:0: [sdd] 20971520 512-byte logical blocks: (10.7 GB/10.0 GiB)
[   22.214373] sd 1:0:0:0: [sdb] Attached SCSI disk
[   22.236384] sd 2:0:0:0: [sdc] Attached SCSI disk
[   22.237211] sd 3:0:0:0: [sdd] Write Protect is off
[   22.249441] sd 3:0:0:0: [sdd] Mode Sense: 00 3a 00 00
[   22.249690] sd 3:0:0:0: [sdd] Write cache: enabled, read cache: enabled, doesn't support DPO or FUA
[   22.256560] sd 0:0:0:0: [sda] Attached SCSI disk
[   22.262440] sd 3:0:0:0: [sdd] Preferred minimum I/O size 512 bytes
[   22.359712] sd 3:0:0:0: [sdd] Attached SCSI disk
[   22.411627] nd_pmem namespace0.0: unable to guarantee persistence of writes
[   26.090897] raid6: sse2x4   gen()  9229 MB/s
[   26.162925] raid6: sse2x2   gen() 10192 MB/s
[   26.234893] raid6: sse2x1   gen()  8130 MB/s
[   26.239983] raid6: using algorithm sse2x2 gen() 10192 MB/s
[   26.310926] raid6: .... xor() 5603 MB/s, rmw enabled
[   26.316711] raid6: using ssse3x2 recovery algorithm
[   26.334673] xor: measuring software checksum speed
[   26.341436]    prefetch64-sse  : 12765 MB/sec
[   26.346941]    generic_sse     :  8228 MB/sec
[   26.352058] xor: using function: prefetch64-sse (12765 MB/sec)
[   26.366323] async_tx: api initialized (async)
[   27.735751] Btrfs loaded, zoned=yes, fsverity=yes
[   28.703652] EXT4-fs (vda1): mounted filesystem 26c50908-598b-4e8e-871e-35718a3a1426 ro with ordered data mode. Quota mode: none.
[   29.971226] systemd[1]: Inserted module 'autofs4'
[   30.171242] systemd[1]: systemd 249.11-0ubuntu3.10 running in system mode (+PAM +AUDIT +SELINUX +APPARMOR +IMA +SMACK +SECCOMP +GCRYPT +GNUTLS +OPENSSL +ACL +BLKID +CURL +ELFUTILS +FIDO2 +IDN2 -IDN +IPTC +KMOD +LIBCRYPTSETUP +LIBFDISK +PCRE2 -PWQUALITY -P11KIT -QRENCODE +BZIP2 +LZ4 +XZ +ZLIB +ZSTD -XKBCOMMON +UTMP +SYSVINIT default-hierarchy=unified)
[   30.220676] systemd[1]: Detected virtualization kvm.
[   30.227052] systemd[1]: Detected architecture x86-64.
[   30.249754] systemd[1]: Hostname set to <qemu-2>.
[   30.893668] block vda: the capability attribute has been deprecated.
[   31.070560] random: crng init done
[   32.190480] systemd[1]: Queued start job for default target Graphical Interface.
[   32.295479] systemd[1]: Created slice Slice /system/modprobe.
[   32.327202] systemd[1]: Created slice Slice /system/serial-getty.
[   32.356564] systemd[1]: Created slice Slice /system/systemd-fsck.
[   32.385795] systemd[1]: Created slice User and Session Slice.
[   32.402633] systemd[1]: Started Forward Password Requests to Wall Directory Watch.
[   32.429051] systemd[1]: Set up automount Arbitrary Executable File Formats File System Automount Point.
[   32.453820] systemd[1]: Reached target Slice Units.
[   32.468594] systemd[1]: Reached target Mounting snaps.
[   32.483963] systemd[1]: Reached target Swaps.
[   32.497147] systemd[1]: Reached target Local Verity Protected Volumes.
[   32.516895] systemd[1]: Listening on Device-mapper event daemon FIFOs.
[   32.537880] systemd[1]: Listening on LVM2 poll daemon socket.
[   32.554878] systemd[1]: Listening on multipathd control socket.
[   32.711086] systemd[1]: Listening on RPCbind Server Activation Socket.
[   32.731539] systemd[1]: Listening on Syslog Socket.
[   32.750516] systemd[1]: Listening on fsck to fsckd communication Socket.
[   32.771481] systemd[1]: Listening on initctl Compatibility Named Pipe.
[   32.793349] systemd[1]: Listening on Journal Audit Socket.
[   32.811636] systemd[1]: Listening on Journal Socket (/dev/log).
[   32.831626] systemd[1]: Listening on Journal Socket.
[   32.848207] systemd[1]: Listening on Network Service Netlink Socket.
[   32.868967] systemd[1]: Listening on udev Control Socket.
[   32.885786] systemd[1]: Listening on udev Kernel Socket.
[   32.968141] systemd[1]: Mounting Huge Pages File System...
[   33.013136] systemd[1]: Mounting POSIX Message Queue File System...
[   33.061230] systemd[1]: Mounting Kernel Debug File System...
[   33.105603] systemd[1]: Mounting Kernel Trace File System...
[   33.218065] systemd[1]: Starting Journal Service...
[   33.230606] systemd[1]: Condition check resulted in Kernel Module supporting RPCSEC_GSS being skipped.
[   33.268300] systemd[1]: Starting Set the console keyboard layout...
[   33.393678] systemd[1]: Starting Create List of Static Device Nodes...
[   33.456496] systemd[1]: Starting Monitoring of LVM2 mirrors, snapshots etc. using dmeventd or progress polling...
[   33.480586] systemd[1]: Condition check resulted in LXD - agent being skipped.
[   33.537131] systemd[1]: Starting Load Kernel Module configfs...
[   33.582516] systemd[1]: Starting Load Kernel Module drm...
[   33.624743] systemd[1]: Starting Load Kernel Module efi_pstore...
[   33.679723] systemd[1]: Starting Load Kernel Module fuse...
[   33.700339] systemd[1]: Condition check resulted in OpenVSwitch configuration for cleanup being skipped.
[   33.716045] systemd[1]: Condition check resulted in File System Check on Root Device being skipped.
[   33.812546] systemd[1]: Starting Load Kernel Modules...
[   33.861082] systemd[1]: Starting Remount Root and Kernel File Systems...
[   33.935193] ACPI: bus type drm_connector registered
[   33.942764] systemd[1]: Starting Coldplug All udev Devices...
[   34.010269] systemd[1]: Mounted Huge Pages File System.
[   34.029208] systemd[1]: Started Journal Service.
[   34.085393] EXT4-fs (vda1): re-mounted 26c50908-598b-4e8e-871e-35718a3a1426 r/w. Quota mode: none.
[   34.623320] alua: device handler registered
[   34.657813] emc: device handler registered
[   34.680160] rdac: device handler registered
[   34.707877] systemd-journald[591]: Received client request to flush runtime journal.
[   34.749954] systemd-journald[591]: File /var/log/journal/02c9a06a7911097a3b638c9756cf2e6e/system.journal corrupted or uncleanly shut down, renaming and replacing.
[   35.678230] loop0: detected capacity change from 0 to 130888
[   35.737843] loop1: detected capacity change from 0 to 130448
[   35.807812] loop2: detected capacity change from 0 to 229272
[   35.862729] loop3: detected capacity change from 0 to 178256
[   35.912060] loop4: detected capacity change from 0 to 82800
[   35.964151] loop5: detected capacity change from 0 to 79520
[   38.041892] parport_pc 00:02: reported by Plug and Play ACPI
[   38.049320] parport0: PC-style at 0x378, irq 7 [PCSPP,TRISTATE]
[   42.445426] ppdev: user-space parallel port driver
[   42.641869] kvm_intel: VM_EXIT_LOAD_IA32_PERF_GLOBAL_CTRL does not work properly. Using workaround
[   43.106232] audit: type=1400 audit(1736600764.180:2): apparmor="STATUS" operation="profile_load" profile="unconfined" name="lsb_release" pid=1280 comm="apparmor_parser"
[   43.114241] audit: type=1400 audit(1736600764.188:3): apparmor="STATUS" operation="profile_load" profile="unconfined" name="/usr/bin/man" pid=1283 comm="apparmor_parser"
[   43.114600] audit: type=1400 audit(1736600764.188:4): apparmor="STATUS" operation="profile_load" profile="unconfined" name="man_filter" pid=1283 comm="apparmor_parser"
[   43.114972] audit: type=1400 audit(1736600764.188:5): apparmor="STATUS" operation="profile_load" profile="unconfined" name="man_groff" pid=1283 comm="apparmor_parser"
[   43.118536] audit: type=1400 audit(1736600764.192:6): apparmor="STATUS" operation="profile_load" profile="unconfined" name="swtpm" pid=1284 comm="apparmor_parser"
[   43.123982] audit: type=1400 audit(1736600764.200:7): apparmor="STATUS" operation="profile_load" profile="unconfined" name="nvidia_modprobe" pid=1281 comm="apparmor_parser"
[   43.124238] audit: type=1400 audit(1736600764.200:8): apparmor="STATUS" operation="profile_load" profile="unconfined" name="nvidia_modprobe//kmod" pid=1281 comm="apparmor_parser"
[   43.135440] audit: type=1400 audit(1736600764.212:9): apparmor="STATUS" operation="profile_load" profile="unconfined" name="tcpdump" pid=1285 comm="apparmor_parser"
[   43.138623] audit: type=1400 audit(1736600764.212:10): apparmor="STATUS" operation="profile_load" profile="unconfined" name="virt-aa-helper" pid=1286 comm="apparmor_parser"
[   43.153935] audit: type=1400 audit(1736600764.228:11): apparmor="STATUS" operation="profile_load" profile="unconfined" name="libvirtd" pid=1289 comm="apparmor_parser"
[   44.798410] RPC: Registered named UNIX socket transport module.
[   44.798443] RPC: Registered udp transport module.
[   44.798451] RPC: Registered tcp transport module.
[   44.798459] RPC: Registered tcp-with-tls transport module.
[   44.798468] RPC: Registered tcp NFSv4.1 backchannel transport module.
[   49.499167] loop6: detected capacity change from 0 to 8
[   58.418726] netfs: FS-Cache loaded
[   59.720994] NFS: Registering the id_resolver key type
[   59.721152] Key type id_resolver registered
[   59.721163] Key type id_legacy registered
[   83.312317] cbd: loading out-of-tree module taints kernel.
[   89.996194] cbd: backend_validate:554 cbd_transport0: duplicated backend path: /dev/sda with backend_id: 0
[   92.131326] cbd: backend_validate:544 cbd_transport0: found backend_id: 0 for host_id: 1, path: /dev/sda
[   92.143891] cbd: cbd_backend_init:394 cbd_transport0: attach backend to backend_id: 0
[  132.535149] cbd: cache_validate:304 cbd_transport0: n_paral 1 requires cache size (167772160), more than current (16777216).
[  136.659587] cbd: backend_open_bdev:284 cbd_transport0: backend0: failed to open bdev: -2
[  139.452949] cbd: cache_validate:311 cbd_transport0: too large cache_segs: 32768, segment_num: 1405
[  148.308987] ==== end /root/avocado/job-results/job-2025-01-09T22.24-1680aba/test-results/240-._cbdctrl.py_CbdctrlTest.test_run-cache_data_crc-disable-cache_for_xfstests-no_cache-channel_crc-channel_data_crc-enable-host_mode-multi_host-multihost-test_script-backend-4c1f ==== 
