[    0.000000] Linux version 6.13.0-rc5+ (root@ubuntu-22-04-server) (gcc (Ubuntu 11.4.0-1ubuntu1~22.04) 11.4.0, GNU ld (GNU Binutils for Ubuntu) 2.38) #2 SMP PREEMPT_DYNAMIC Fri Jan  3 15:43:06 CST 2025
[    0.000000] Command line: intremap=off console=ttyS0,115200 nokaslr root=/dev/vda1 crashkernel=1G-:2G
[    0.000000] KERNEL supported cpus:
[    0.000000]   Intel GenuineIntel
[    0.000000]   AMD AuthenticAMD
[    0.000000]   Hygon HygonGenuine
[    0.000000]   Centaur CentaurHauls
[    0.000000]   zhaoxin   Shanghai  
[    0.000000] BIOS-provided physical RAM map:
[    0.000000] BIOS-e820: [mem 0x0000000000000000-0x000000000009fbff] usable
[    0.000000] BIOS-e820: [mem 0x000000000009fc00-0x000000000009ffff] reserved
[    0.000000] BIOS-e820: [mem 0x00000000000f0000-0x00000000000fffff] reserved
[    0.000000] BIOS-e820: [mem 0x0000000000100000-0x000000007ffd9fff] usable
[    0.000000] BIOS-e820: [mem 0x000000007ffda000-0x000000007fffffff] reserved
[    0.000000] BIOS-e820: [mem 0x00000000b0000000-0x00000000bfffffff] reserved
[    0.000000] BIOS-e820: [mem 0x00000000fed1c000-0x00000000fed1ffff] reserved
[    0.000000] BIOS-e820: [mem 0x00000000feffc000-0x00000000feffffff] reserved
[    0.000000] BIOS-e820: [mem 0x00000000fffc0000-0x00000000ffffffff] reserved
[    0.000000] BIOS-e820: [mem 0x0000000100000000-0x000000037fffffff] usable
[    0.000000] NX (Execute Disable) protection: active
[    0.000000] APIC: Static calls initialized
[    0.000000] SMBIOS 2.8 present.
[    0.000000] DMI: QEMU Standard PC (Q35 + ICH9, 2009), BIOS rel-1.16.3-0-ga6ed6b701f0a-prebuilt.qemu.org 04/01/2014
[    0.000000] DMI: Memory slots populated: 1/1
[    0.000000] Hypervisor detected: KVM
[    0.000000] kvm-clock: Using msrs 4b564d01 and 4b564d00
[    0.000008] kvm-clock: using sched offset of 3494020305 cycles
[    0.000022] clocksource: kvm-clock: mask: 0xffffffffffffffff max_cycles: 0x1cd42e4dffb, max_idle_ns: 881590591483 ns
[    0.000074] tsc: Detected 2933.436 MHz processor
[    0.002456] e820: update [mem 0x00000000-0x00000fff] usable ==> reserved
[    0.002465] e820: remove [mem 0x000a0000-0x000fffff] usable
[    0.002479] last_pfn = 0x380000 max_arch_pfn = 0x400000000
[    0.003082] MTRR map: 4 entries (3 fixed + 1 variable; max 19), built from 8 variable MTRRs
[    0.003117] x86/PAT: Configuration [0-7]: WB  WC  UC- UC  WB  WP  UC- WT  
[    0.003884] last_pfn = 0x7ffda max_arch_pfn = 0x400000000
[    0.015504] found SMP MP-table at [mem 0x000f5450-0x000f545f]
[    0.015626] Using GB pages for direct mapping
[    0.018949] RAMDISK: [mem 0x79e18000-0x7ffcffff]
[    0.019037] ACPI: Early table checksum verification disabled
[    0.019151] ACPI: RSDP 0x00000000000F5220 000014 (v00 BOCHS )
[    0.019204] ACPI: RSDT 0x000000007FFE3D96 000040 (v01 BOCHS  BXPC     00000001 BXPC 00000001)
[    0.019258] ACPI: FACP 0x000000007FFE25E7 0000F4 (v03 BOCHS  BXPC     00000001 BXPC 00000001)
[    0.019288] ACPI: DSDT 0x000000007FFDF040 0035A7 (v01 BOCHS  BXPC     00000001 BXPC 00000001)
[    0.019306] ACPI: FACS 0x000000007FFDF000 000040
[    0.019315] ACPI: APIC 0x000000007FFE26DB 000170 (v03 BOCHS  BXPC     00000001 BXPC 00000001)
[    0.019326] ACPI: HPET 0x000000007FFE284B 000038 (v01 BOCHS  BXPC     00000001 BXPC 00000001)
[    0.019336] ACPI: SRAT 0x000000007FFE2883 0002D0 (v01 BOCHS  BXPC     00000001 BXPC 00000001)
[    0.019346] ACPI: MCFG 0x000000007FFE2B53 00003C (v01 BOCHS  BXPC     00000001 BXPC 00000001)
[    0.019367] ACPI: SSDT 0x000000007FFE2B8F 0011DF (v01 BOCHS  NVDIMM   00000001 BXPC 00000001)
[    0.019377] ACPI: WAET 0x000000007FFE3D6E 000028 (v01 BOCHS  BXPC     00000001 BXPC 00000001)
[    0.019385] ACPI: Reserving FACP table memory at [mem 0x7ffe25e7-0x7ffe26da]
[    0.019389] ACPI: Reserving DSDT table memory at [mem 0x7ffdf040-0x7ffe25e6]
[    0.019392] ACPI: Reserving FACS table memory at [mem 0x7ffdf000-0x7ffdf03f]
[    0.019395] ACPI: Reserving APIC table memory at [mem 0x7ffe26db-0x7ffe284a]
[    0.019397] ACPI: Reserving HPET table memory at [mem 0x7ffe284b-0x7ffe2882]
[    0.019400] ACPI: Reserving SRAT table memory at [mem 0x7ffe2883-0x7ffe2b52]
[    0.019402] ACPI: Reserving MCFG table memory at [mem 0x7ffe2b53-0x7ffe2b8e]
[    0.019405] ACPI: Reserving SSDT table memory at [mem 0x7ffe2b8f-0x7ffe3d6d]
[    0.019407] ACPI: Reserving WAET table memory at [mem 0x7ffe3d6e-0x7ffe3d95]
[    0.019906] ACPI: SRAT: Node 0 PXM 0 [mem 0x00000000-0x0009ffff]
[    0.019913] ACPI: SRAT: Node 0 PXM 0 [mem 0x00100000-0x7fffffff]
[    0.019916] ACPI: SRAT: Node 0 PXM 0 [mem 0x100000000-0x37fffffff]
[    0.019920] ACPI: SRAT: Node 0 PXM 0 [mem 0x380000000-0x1bffffffff] hotplug
[    0.019934] NUMA: Node 0 [mem 0x00001000-0x0009ffff] + [mem 0x00100000-0x7fffffff] -> [mem 0x00001000-0x7fffffff]
[    0.019939] NUMA: Node 0 [mem 0x00001000-0x7fffffff] + [mem 0x100000000-0x37fffffff] -> [mem 0x00001000-0x37fffffff]
[    0.019969] NODE_DATA(0) allocated [mem 0x37ffd3700-0x37fffdfff]
[    0.020451] crashkernel low memory reserved: 0x69000000 - 0x79000000 (256 MB)
[    0.020458] crashkernel reserved: 0x00000002ff000000 - 0x000000037f000000 (2048 MB)
[    0.020640] Zone ranges:
[    0.020643]   DMA      [mem 0x0000000000001000-0x0000000000ffffff]
[    0.020647]   DMA32    [mem 0x0000000001000000-0x00000000ffffffff]
[    0.020651]   Normal   [mem 0x0000000100000000-0x000000037fffffff]
[    0.020654]   Device   empty
[    0.020656] Movable zone start for each node
[    0.020660] Early memory node ranges
[    0.020661]   node   0: [mem 0x0000000000001000-0x000000000009efff]
[    0.020669]   node   0: [mem 0x0000000000100000-0x000000007ffd9fff]
[    0.020673]   node   0: [mem 0x0000000100000000-0x000000037fffffff]
[    0.020678] Initmem setup node 0 [mem 0x0000000000001000-0x000000037fffffff]
[    0.021224] On node 0, zone DMA: 1 pages in unavailable ranges
[    0.021563] On node 0, zone DMA: 97 pages in unavailable ranges
[    0.323953] On node 0, zone Normal: 38 pages in unavailable ranges
[    1.885603] kasan: KernelAddressSanitizer initialized
[    1.893852] ACPI: PM-Timer IO Port: 0x608
[    1.893976] ACPI: LAPIC_NMI (acpi_id[0xff] dfl dfl lint[0x1])
[    1.894421] IOAPIC[0]: apic_id 0, version 17, address 0xfec00000, GSI 0-23
[    1.894439] ACPI: INT_SRC_OVR (bus 0 bus_irq 0 global_irq 2 dfl dfl)
[    1.894445] ACPI: INT_SRC_OVR (bus 0 bus_irq 5 global_irq 5 high level)
[    1.894449] ACPI: INT_SRC_OVR (bus 0 bus_irq 9 global_irq 9 high level)
[    1.894460] ACPI: INT_SRC_OVR (bus 0 bus_irq 10 global_irq 10 high level)
[    1.894464] ACPI: INT_SRC_OVR (bus 0 bus_irq 11 global_irq 11 high level)
[    1.894479] ACPI: Using ACPI (MADT) for SMP configuration information
[    1.894483] ACPI: HPET id: 0x8086a201 base: 0xfed00000
[    1.894503] TSC deadline timer available
[    1.894517] CPU topo: Max. logical packages:   2
[    1.894520] CPU topo: Max. logical dies:       2
[    1.894522] CPU topo: Max. dies per package:   1
[    1.894530] CPU topo: Max. threads per core:   2
[    1.894532] CPU topo: Num. cores per package:     8
[    1.894534] CPU topo: Num. threads per package:  16
[    1.894536] CPU topo: Allowing 32 present CPUs plus 0 hotplug CPUs
[    1.894685] kvm-guest: APIC: eoi() replaced with kvm_guest_apic_eoi_write()
[    1.894811] kvm-guest: KVM setup pv remote TLB flush
[    1.894869] kvm-guest: setup PV sched yield
[    1.895056] PM: hibernation: Registered nosave memory: [mem 0x00000000-0x00000fff]
[    1.895064] PM: hibernation: Registered nosave memory: [mem 0x0009f000-0x0009ffff]
[    1.895067] PM: hibernation: Registered nosave memory: [mem 0x000a0000-0x000effff]
[    1.895069] PM: hibernation: Registered nosave memory: [mem 0x000f0000-0x000fffff]
[    1.895073] PM: hibernation: Registered nosave memory: [mem 0x7ffda000-0x7fffffff]
[    1.895076] PM: hibernation: Registered nosave memory: [mem 0x80000000-0xafffffff]
[    1.895078] PM: hibernation: Registered nosave memory: [mem 0xb0000000-0xbfffffff]
[    1.895080] PM: hibernation: Registered nosave memory: [mem 0xc0000000-0xfed1bfff]
[    1.895082] PM: hibernation: Registered nosave memory: [mem 0xfed1c000-0xfed1ffff]
[    1.895085] PM: hibernation: Registered nosave memory: [mem 0xfed20000-0xfeffbfff]
[    1.895087] PM: hibernation: Registered nosave memory: [mem 0xfeffc000-0xfeffffff]
[    1.895089] PM: hibernation: Registered nosave memory: [mem 0xff000000-0xfffbffff]
[    1.895091] PM: hibernation: Registered nosave memory: [mem 0xfffc0000-0xffffffff]
[    1.895104] [mem 0xc0000000-0xfed1bfff] available for PCI devices
[    1.895113] Booting paravirtualized kernel on KVM
[    1.895123] clocksource: refined-jiffies: mask: 0xffffffff max_cycles: 0xffffffff, max_idle_ns: 7645519600211568 ns
[    1.895200] setup_percpu: NR_CPUS:8192 nr_cpumask_bits:32 nr_cpu_ids:32 nr_node_ids:1
[    2.028291] percpu: Embedded 532 pages/cpu s2142208 r8192 d28672 u4194304
[    2.028369] pcpu-alloc: s2142208 r8192 d28672 u4194304 alloc=2*2097152
[    2.028378] pcpu-alloc: [0] 00 [0] 01 [0] 02 [0] 03 [0] 04 [0] 05 [0] 06 [0] 07 
[    2.028398] pcpu-alloc: [0] 08 [0] 09 [0] 10 [0] 11 [0] 12 [0] 13 [0] 14 [0] 15 
[    2.028418] pcpu-alloc: [0] 16 [0] 17 [0] 18 [0] 19 [0] 20 [0] 21 [0] 22 [0] 23 
[    2.028437] pcpu-alloc: [0] 24 [0] 25 [0] 26 [0] 27 [0] 28 [0] 29 [0] 30 [0] 31 
[    2.028799] kvm-guest: PV spinlocks enabled
[    2.028820] PV qspinlock hash table entries: 256 (order: 0, 4096 bytes, linear)
[    2.028837] Kernel command line: intremap=off console=ttyS0,115200 nokaslr root=/dev/vda1 crashkernel=1G-:2G
[    2.029123] Unknown kernel command line parameters "nokaslr", will be passed to user space.
[    2.029173] printk: log buffer data + meta data: 262144 + 917504 = 1179648 bytes
[    2.045411] Dentry cache hash table entries: 2097152 (order: 12, 16777216 bytes, linear)
[    2.053353] Inode-cache hash table entries: 1048576 (order: 11, 8388608 bytes, linear)
[    2.057896] Fallback order for Node 0: 0 
[    2.057928] Built 1 zonelists, mobility grouping on.  Total pages: 3145592
[    2.057932] Policy zone: Normal
[    2.057996] mem auto-init: stack:off, heap alloc:on, heap free:off
[    2.058009] stackdepot: allocating hash table via alloc_large_system_hash
[    2.058020] stackdepot hash table entries: 1048576 (order: 12, 16777216 bytes, linear)
[    2.074386] software IO TLB: area num 32.
[    2.877624] SLUB: HWalign=64, Order=0-3, MinObjects=0, CPUs=32, Nodes=1
[    2.879006] Kernel/User page tables isolation: enabled
[    2.879911] ftrace: allocating 52416 entries in 205 pages
[    3.198113] ftrace: allocated 205 pages with 5 groups
[    3.205594] Dynamic Preempt: voluntary
[    3.213392] Running RCU self tests
[    3.213396] Running RCU synchronous self tests
[    3.213457] rcu: Preemptible hierarchical RCU implementation.
[    3.213459] rcu: 	RCU lockdep checking is enabled.
[    3.213461] rcu: 	RCU restricting CPUs from NR_CPUS=8192 to nr_cpu_ids=32.
[    3.213466] 	Trampoline variant of Tasks RCU enabled.
[    3.213467] 	Rude variant of Tasks RCU enabled.
[    3.213469] 	Tracing variant of Tasks RCU enabled.
[    3.213471] rcu: RCU calculated value of scheduler-enlistment delay is 25 jiffies.
[    3.213473] rcu: Adjusting geometry for rcu_fanout_leaf=16, nr_cpu_ids=32
[    3.214128] Running RCU synchronous self tests
[    3.214161] RCU Tasks: Setting shift to 5 and lim to 1 rcu_task_cb_adjust=1 rcu_task_cpu_ids=32.
[    3.214187] RCU Tasks Rude: Setting shift to 5 and lim to 1 rcu_task_cb_adjust=1 rcu_task_cpu_ids=32.
[    3.214213] RCU Tasks Trace: Setting shift to 5 and lim to 1 rcu_task_cb_adjust=1 rcu_task_cpu_ids=32.
[    3.269607] NR_IRQS: 524544, nr_irqs: 680, preallocated irqs: 16
[    3.271600] rcu: srcu_init: Setting srcu_struct sizes based on contention.
[    3.378970] Console: colour VGA+ 80x25
[    3.379424] printk: legacy console [ttyS0] enabled
[    4.851847] Lock dependency validator: Copyright (c) 2006 Red Hat, Inc., Ingo Molnar
[    4.863178] ... MAX_LOCKDEP_SUBCLASSES:  8
[    4.869283] ... MAX_LOCK_DEPTH:          48
[    4.875511] ... MAX_LOCKDEP_KEYS:        8192
[    4.881934] ... CLASSHASH_SIZE:          4096
[    4.888387] ... MAX_LOCKDEP_ENTRIES:     32768
[    4.894904] ... MAX_LOCKDEP_CHAINS:      65536
[    4.901982] ... CHAINHASH_SIZE:          32768
[    4.908437]  memory used by lock dependency info: 6941 kB
[    4.916193]  memory used for stack traces: 4224 kB
[    4.923109]  per task-struct memory footprint: 2688 bytes
[    4.931743] ACPI: Core revision 20240827
[    4.940603] clocksource: hpet: mask: 0xffffffff max_cycles: 0xffffffff, max_idle_ns: 19112604467 ns
[    4.954751] APIC: Switch to symmetric I/O mode setup
[    4.965824] x2apic enabled
[    4.973839] APIC: Switched APIC routing to: physical x2apic
[    4.981907] kvm-guest: APIC: send_IPI_mask() replaced with kvm_send_ipi_mask()
[    4.992149] kvm-guest: APIC: send_IPI_mask_allbutself() replaced with kvm_send_ipi_mask_allbutself()
[    5.005141] kvm-guest: setup PV IPIs
[    5.026521] ..TIMER: vector=0x30 apic1=0 pin1=2 apic2=-1 pin2=-1
[    5.036486] clocksource: tsc-early: mask: 0xffffffffffffffff max_cycles: 0x2a48a50322c, max_idle_ns: 440795287943 ns
[    5.053117] Calibrating delay loop (skipped) preset value.. 5866.87 BogoMIPS (lpj=11733744)
[    5.062601] x86/cpu: User Mode Instruction Prevention (UMIP) activated
[    5.068413] Last level iTLB entries: 4KB 0, 2MB 0, 4MB 0
[    5.069107] Last level dTLB entries: 4KB 0, 2MB 0, 4MB 0, 1GB 0
[    5.073209] Spectre V1 : Mitigation: usercopy/swapgs barriers and __user pointer sanitization
[    5.077109] Spectre V2 : Mitigation: Retpolines
[    5.085105] Spectre V2 : Spectre v2 / SpectreRSB mitigation: Filling RSB on context switch
[    5.089106] Spectre V2 : Spectre v2 / SpectreRSB : Filling RSB on VMEXIT
[    5.093106] Spectre V2 : Enabling Restricted Speculation for firmware calls
[    5.097125] Spectre V2 : mitigation: Enabling conditional Indirect Branch Prediction Barrier
[    5.101106] Spectre V2 : User space: Mitigation: STIBP via prctl
[    5.105108] Speculative Store Bypass: Mitigation: Speculative Store Bypass disabled via prctl
[    5.109110] MDS: Vulnerable: Clear CPU buffers attempted, no microcode
[    5.113106] MMIO Stale Data: Unknown: No mitigations
[    5.117134] x86/fpu: x87 FPU will use FXSAVE
[    5.178278] Freeing SMP alternatives memory: 40K
[    5.181115] pid_max: default: 32768 minimum: 301
[    5.187784] LSM: initializing lsm=lockdown,capability,landlock,yama,apparmor,ima,evm
[    5.190100] landlock: Up and running.
[    5.193109] Yama: becoming mindful.
[    5.198365] AppArmor: AppArmor initialized
[    5.205232] Mount-cache hash table entries: 32768 (order: 6, 262144 bytes, linear)
[    5.209358] Mountpoint-cache hash table entries: 32768 (order: 6, 262144 bytes, linear)
[    5.222934] Running RCU synchronous self tests
[    5.225114] Running RCU synchronous self tests
[    5.235921] smpboot: CPU0: Intel Westmere E56xx/L56xx/X56xx (IBRS update) (family: 0x6, model: 0x2c, stepping: 0x1)
[    5.247200] Running RCU Tasks wait API self tests
[    5.353284] Running RCU Tasks Rude wait API self tests
[    5.357136] Running RCU Tasks Trace wait API self tests
[    5.361337] Performance Events: unsupported p6 CPU model 44 no PMU driver, software events only.
[    5.365659] signal: max sigframe size: 1440
[    5.369222] Callback from call_rcu_tasks_trace() invoked.
[    5.373879] rcu: Hierarchical SRCU implementation.
[    5.377138] rcu: 	Max phase no-delay instances is 1000.
[    5.382577] Timer migration: 2 hierarchy levels; 8 children per group; 2 crossnode level
[    5.397326] NMI watchdog: Perf NMI watchdog permanently disabled
[    5.410098] smp: Bringing up secondary CPUs ...
[    5.422705] smpboot: x86: Booting SMP configuration:
[    5.425177] .... node  #0, CPUs:        #2  #4  #6  #8 #10 #12 #14 #16 #18 #20 #22 #24 #26 #28 #30
[    5.569229] Callback from call_rcu_tasks() invoked.
[    5.658334]   #1  #3  #5  #7  #9 #11 #13 #15 #17 #19 #21 #23 #25 #27 #29 #31
[    5.778549] MDS CPU bug present and SMT on, data leak possible. See https://www.kernel.org/doc/html/latest/admin-guide/hw-vuln/mds.html for more details.
[    5.870522] smp: Brought up 1 node, 32 CPUs
[    5.873153] smpboot: Total of 32 processors activated (187739.90 BogoMIPS)
[    5.907721] Memory: 7997952K/12582368K available (53248K kernel code, 16294K rwdata, 13000K rodata, 9908K init, 22736K bss, 4537656K reserved, 0K cma-reserved)
[    5.914983] devtmpfs: initialized
[    5.918374] x86/mm: Memory block size: 128MB
[    6.013896] Running RCU synchronous self tests
[    6.017300] Running RCU synchronous self tests
[    6.021659] clocksource: jiffies: mask: 0xffffffff max_cycles: 0xffffffff, max_idle_ns: 7645041785100000 ns
[    6.026496] futex hash table entries: 8192 (order: 8, 1048576 bytes, linear)
[    6.033095] pinctrl core: initialized pinctrl subsystem
[    6.036634] PM: RTC time: 01:06:18, date: 2025-01-11
[    6.046708] NET: Registered PF_NETLINK/PF_ROUTE protocol family
[    6.055034] DMA: preallocated 1024 KiB GFP_KERNEL pool for atomic allocations
[    6.057467] DMA: preallocated 1024 KiB GFP_KERNEL|GFP_DMA pool for atomic allocations
[    6.061441] DMA: preallocated 1024 KiB GFP_KERNEL|GFP_DMA32 pool for atomic allocations
[    6.065915] audit: initializing netlink subsys (disabled)
[    6.070185] audit: type=2000 audit(1736557577.395:1): state=initialized audit_enabled=0 res=1
[    6.075088] thermal_sys: Registered thermal governor 'fair_share'
[    6.077218] thermal_sys: Registered thermal governor 'bang_bang'
[    6.081138] thermal_sys: Registered thermal governor 'step_wise'
[    6.085146] thermal_sys: Registered thermal governor 'user_space'
[    6.089137] thermal_sys: Registered thermal governor 'power_allocator'
[    6.093601] EISA bus registered
[    6.101355] cpuidle: using governor ladder
[    6.105404] cpuidle: using governor menu
[    6.111145] acpiphp: ACPI Hot Plug PCI Controller Driver version: 0.5
[    6.116960] PCI: ECAM [mem 0xb0000000-0xbfffffff] (base 0xb0000000) for domain 0000 [bus 00-ff]
[    6.117144] PCI: ECAM [mem 0xb0000000-0xbfffffff] reserved as E820 entry
[    6.204271] PCI: Using configuration type 1 for base access
[    6.207600] kprobes: kprobe jump-optimization is enabled. All kprobes are optimized if possible.
[    6.218870] HugeTLB: registered 1.00 GiB page size, pre-allocated 0 pages
[    6.221140] HugeTLB: 16380 KiB vmemmap can be freed for a 1.00 GiB page
[    6.225154] HugeTLB: registered 2.00 MiB page size, pre-allocated 0 pages
[    6.229146] HugeTLB: 28 KiB vmemmap can be freed for a 2.00 MiB page
[    6.322106] ACPI: Added _OSI(Module Device)
[    6.329183] ACPI: Added _OSI(Processor Device)
[    6.337136] ACPI: Added _OSI(3.0 _SCP Extensions)
[    6.345137] ACPI: Added _OSI(Processor Aggregator Device)
[    6.584467] ACPI: 2 ACPI AML tables successfully acquired and loaded
[    6.649345] ACPI: Interpreter enabled
[    6.653573] ACPI: PM: (supports S0 S3 S4 S5)
[    6.657526] ACPI: Using IOAPIC for interrupt routing
[    6.662075] PCI: Using host bridge windows from ACPI; if necessary, use "pci=nocrs" and report a bug
[    6.665474] PCI: Using E820 reservations for host bridge windows
[    6.679386] ACPI: Enabled 4 GPEs in block 00 to 3F
[    7.208898] ACPI: PCI Root Bridge [PCI0] (domain 0000 [bus 00-ff])
[    7.209202] acpi PNP0A08:00: _OSC: OS supports [ExtendedConfig ASPM ClockPM Segments MSI EDR HPX-Type3]
[    7.217350] acpi PNP0A08:00: _OSC: platform does not support [PCIeHotplug LTR DPC]
[    7.229631] acpi PNP0A08:00: _OSC: OS now controls [SHPCHotplug PME AER PCIeCapability]
[    7.241621] PCI host bridge to bus 0000:00
[    7.245479] pci_bus 0000:00: root bus resource [io  0x0000-0x0cf7 window]
[    7.249150] pci_bus 0000:00: root bus resource [io  0x0d00-0xffff window]
[    7.254219] pci_bus 0000:00: root bus resource [mem 0x000a0000-0x000bffff window]
[    7.257155] pci_bus 0000:00: root bus resource [mem 0x80000000-0xafffffff window]
[    7.261150] pci_bus 0000:00: root bus resource [mem 0xc0000000-0xfebfffff window]
[    7.265153] pci_bus 0000:00: root bus resource [mem 0x1c00000000-0x23ffffffff window]
[    7.269704] pci_bus 0000:00: root bus resource [bus 00-ff]
[    7.273921] pci 0000:00:00.0: [8086:29c0] type 00 class 0x060000 conventional PCI endpoint
[    7.286088] pci 0000:00:01.0: [1234:1111] type 00 class 0x030000 conventional PCI endpoint
[    7.297095] pci 0000:00:01.0: BAR 0 [mem 0xfd000000-0xfdffffff pref]
[    7.313095] pci 0000:00:01.0: BAR 2 [mem 0xfea50000-0xfea50fff]
[    7.341095] pci 0000:00:01.0: ROM [mem 0xfea40000-0xfea4ffff pref]
[    7.348688] pci 0000:00:01.0: Video device with shadowed ROM at [mem 0x000c0000-0x000dffff]
[    7.365636] pci 0000:00:01.0: pci_fixup_video+0x0/0x2d0 took 15625 usecs
[    7.392023] pci 0000:00:02.0: [1af4:1000] type 00 class 0x020000 conventional PCI endpoint
[    7.413138] pci 0000:00:02.0: BAR 0 [io  0xc040-0xc05f]
[    7.425215] pci 0000:00:02.0: BAR 1 [mem 0xfea51000-0xfea51fff]
[    7.445144] pci 0000:00:02.0: BAR 4 [mem 0xfe200000-0xfe203fff 64bit pref]
[    7.459145] pci 0000:00:02.0: ROM [mem 0xfea00000-0xfea3ffff pref]
[    7.480544] pci 0000:00:03.0: [1b36:000c] type 01 class 0x060400 PCIe Root Port
[    7.500920] pci 0000:00:03.0: BAR 0 [mem 0xfea52000-0xfea52fff]
[    7.529131] pci 0000:00:03.0: PCI bridge to [bus 01]
[    7.537587] pci 0000:00:03.0:   bridge window [mem 0xfe800000-0xfe9fffff]
[    7.557504] pci 0000:00:03.0:   bridge window [mem 0xfe000000-0xfe1fffff 64bit pref]
[    7.585875] pci 0000:00:04.0: [1af4:105b] type 00 class 0x00ff00 conventional PCI endpoint
[    7.608379] pci 0000:00:04.0: BAR 4 [mem 0xfe204000-0xfe207fff 64bit pref]
[    7.768806] pci 0000:00:1f.0: [8086:2918] type 00 class 0x060100 conventional PCI endpoint
[    7.787074] pci 0000:00:1f.0: quirk: [io  0x0600-0x067f] claimed by ICH6 ACPI/GPIO/TCO
[    7.801660] pci 0000:00:1f.0: quirk_ich7_lpc+0x0/0x1d0 took 11718 usecs
[    7.818898] pci 0000:00:1f.2: [8086:2922] type 00 class 0x010601 conventional PCI endpoint
[    7.845858] pci 0000:00:1f.2: BAR 4 [io  0xc060-0xc07f]
[    7.858922] pci 0000:00:1f.2: BAR 5 [mem 0xfea53000-0xfea53fff]
[    7.880288] pci 0000:00:1f.3: [8086:2930] type 00 class 0x0c0500 conventional PCI endpoint
[    7.888863] pci 0000:00:1f.3: BAR 4 [io  0x0700-0x073f]
[    7.902784] acpiphp: Slot [0] registered
[    7.907379] pci 0000:01:00.0: [1af4:1042] type 00 class 0x010000 PCIe Endpoint
[    7.920675] pci 0000:01:00.0: BAR 1 [mem 0xfe800000-0xfe800fff]
[    7.937132] pci 0000:01:00.0: BAR 4 [mem 0xfe000000-0xfe003fff 64bit pref]
[    8.036040] pci 0000:00:03.0: PCI bridge to [bus 01]
[    8.055795] ACPI: PCI: Interrupt link LNKA configured for IRQ 10
[    8.061869] ACPI: PCI: Interrupt link LNKB configured for IRQ 10
[    8.070210] ACPI: PCI: Interrupt link LNKC configured for IRQ 11
[    8.077727] ACPI: PCI: Interrupt link LNKD configured for IRQ 11
[    8.085455] ACPI: PCI: Interrupt link LNKE configured for IRQ 10
[    8.094212] ACPI: PCI: Interrupt link LNKF configured for IRQ 10
[    8.101529] ACPI: PCI: Interrupt link LNKG configured for IRQ 11
[    8.110256] ACPI: PCI: Interrupt link LNKH configured for IRQ 11
[    8.114282] ACPI: PCI: Interrupt link GSIA configured for IRQ 16
[    8.117873] ACPI: PCI: Interrupt link GSIB configured for IRQ 17
[    8.122078] ACPI: PCI: Interrupt link GSIC configured for IRQ 18
[    8.125892] ACPI: PCI: Interrupt link GSID configured for IRQ 19
[    8.134000] ACPI: PCI: Interrupt link GSIE configured for IRQ 20
[    8.145723] ACPI: PCI: Interrupt link GSIF configured for IRQ 21
[    8.153944] ACPI: PCI: Interrupt link GSIG configured for IRQ 22
[    8.165809] ACPI: PCI: Interrupt link GSIH configured for IRQ 23
[    8.323959] iommu: Default domain type: Translated
[    8.329418] iommu: DMA domain TLB invalidation policy: lazy mode
[    8.360290] SCSI subsystem initialized
[    8.363069] libata version 3.00 loaded.
[    8.365511] ACPI: bus type USB registered
[    8.369957] usbcore: registered new interface driver usbfs
[    8.373546] usbcore: registered new interface driver hub
[    8.377924] usbcore: registered new device driver usb
[    8.382442] pps_core: LinuxPPS API ver. 1 registered
[    8.385154] pps_core: Software ver. 5.3.6 - Copyright 2005-2007 Rodolfo Giometti <giometti@linux.it>
[    8.389307] PTP clock support registered
[    8.395081] EDAC MC: Ver: 3.0.0
[    8.418564] NetLabel: Initializing
[    8.421135] NetLabel:  domain hash size = 128
[    8.425135] NetLabel:  protocols = UNLABELED CIPSOv4 CALIPSO
[    8.430629] NetLabel:  unlabeled traffic allowed by default
[    8.437627] PCI: Using ACPI for IRQ routing
[   10.508881] PCI: pci_cache_line_size set to 64 bytes
[   10.510909] e820: reserve RAM buffer [mem 0x0009fc00-0x0009ffff]
[   10.511041] e820: reserve RAM buffer [mem 0x7ffda000-0x7fffffff]
[   10.512596] pci 0000:00:01.0: vgaarb: setting as boot VGA device
[   10.513095] pci 0000:00:01.0: vgaarb: bridge control possible
[   10.513095] pci 0000:00:01.0: vgaarb: VGA device added: decodes=io+mem,owns=io+mem,locks=none
[   10.513158] vgaarb: loaded
[   10.521254] hpet0: at MMIO 0xfed00000, IRQs 2, 8, 0
[   10.525135] hpet0: 3 comparators, 64-bit 100.000000 MHz counter
[   10.557564] clocksource: Switched to clocksource kvm-clock
[   10.579123] VFS: Disk quotas dquot_6.6.0
[   10.585811] VFS: Dquot-cache hash table entries: 512 (order 0, 4096 bytes)
[   10.605670] AppArmor: AppArmor Filesystem Enabled
[   10.614067] pnp: PnP ACPI init
[   10.627569] system 00:05: [mem 0xb0000000-0xbfffffff window] has been reserved
[   10.670022] pnp: PnP ACPI: found 6 devices
[   10.756977] clocksource: acpi_pm: mask: 0xffffff max_cycles: 0xffffff, max_idle_ns: 2085701024 ns
[   10.773698] NET: Registered PF_INET protocol family
[   10.784698] IP idents hash table entries: 262144 (order: 9, 2097152 bytes, linear)
[   10.808404] tcp_listen_portaddr_hash hash table entries: 8192 (order: 7, 655360 bytes, linear)
[   10.822577] Table-perturb hash table entries: 65536 (order: 6, 262144 bytes, linear)
[   10.837976] TCP established hash table entries: 131072 (order: 8, 1048576 bytes, linear)
[   10.864552] TCP bind hash table entries: 65536 (order: 11, 10485760 bytes, vmalloc hugepage)
[   10.882604] TCP: Hash tables configured (established 131072 bind 65536)
[   10.899059] MPTCP token hash table entries: 16384 (order: 8, 1572864 bytes, linear)
[   10.916817] UDP hash table entries: 8192 (order: 9, 2490368 bytes, linear)
[   10.933651] UDP-Lite hash table entries: 8192 (order: 9, 2490368 bytes, linear)
[   10.950023] NET: Registered PF_UNIX/PF_LOCAL protocol family
[   10.959496] NET: Registered PF_XDP protocol family
[   10.967153] pci 0000:00:03.0: bridge window [io  0x1000-0x0fff] to [bus 01] add_size 1000
[   10.980229] pci 0000:00:03.0: bridge window [io  0x1000-0x1fff]: assigned
[   10.991316] pci 0000:00:03.0: PCI bridge to [bus 01]
[   10.999357] pci 0000:00:03.0:   bridge window [io  0x1000-0x1fff]
[   11.011321] pci 0000:00:03.0:   bridge window [mem 0xfe800000-0xfe9fffff]
[   11.023152] pci 0000:00:03.0:   bridge window [mem 0xfe000000-0xfe1fffff 64bit pref]
[   11.038102] pci_bus 0000:00: resource 4 [io  0x0000-0x0cf7 window]
[   11.047777] pci_bus 0000:00: resource 5 [io  0x0d00-0xffff window]
[   11.057746] pci_bus 0000:00: resource 6 [mem 0x000a0000-0x000bffff window]
[   11.068591] pci_bus 0000:00: resource 7 [mem 0x80000000-0xafffffff window]
[   11.079387] pci_bus 0000:00: resource 8 [mem 0xc0000000-0xfebfffff window]
[   11.090280] pci_bus 0000:00: resource 9 [mem 0x1c00000000-0x23ffffffff window]
[   11.101769] pci_bus 0000:01: resource 0 [io  0x1000-0x1fff]
[   11.111090] pci_bus 0000:01: resource 1 [mem 0xfe800000-0xfe9fffff]
[   11.120363] pci_bus 0000:01: resource 2 [mem 0xfe000000-0xfe1fffff 64bit pref]
[   11.132703] PCI: CLS 0 bytes, default 64
[   11.140022] PCI-DMA: Using software bounce buffering for IO (SWIOTLB)
[   11.143364] Trying to unpack rootfs image as initramfs...
[   11.150465] software IO TLB: mapped [mem 0x0000000065000000-0x0000000069000000] (64MB)
[   11.174110] clocksource: tsc: mask: 0xffffffffffffffff max_cycles: 0x2a48a50322c, max_idle_ns: 440795287943 ns
[   11.215614] Initialise system trusted keyrings
[   11.223828] Key type blacklist registered
[   11.231932] workingset: timestamp_bits=36 max_order=21 bucket_order=0
[   11.242603] zbud: loaded
[   11.261028] squashfs: version 4.0 (2009/01/31) Phillip Lougher
[   11.276730] fuse: init (API version 7.41)
[   11.288173] integrity: Platform Keyring initialized
[   11.319815] Key type asymmetric registered
[   11.327210] Asymmetric key parser 'x509' registered
[   11.336974] Block layer SCSI generic (bsg) driver version 0.4 loaded (major 243)
[   11.352401] io scheduler mq-deadline registered
[   11.397686] ledtrig-cpu: registered to indicate activity on CPUs
[   11.442643] ACPI: \_SB_.GSIH: Enabled at IRQ 23
[   11.462032] pcieport 0000:00:03.0: PME: Signaling with IRQ 24
[   11.477028] pcieport 0000:00:03.0: AER: enabled with IRQ 24
[   11.495676] shpchp: Standard Hot Plug PCI Controller Driver version: 0.4
[   11.513234] input: Power Button as /devices/LNXSYSTM:00/LNXPWRBN:00/input/input0
[   11.529123] ACPI: button: Power Button [PWRF]
[   11.640514] ACPI: \_SB_.GSIG: Enabled at IRQ 22
[   11.690595] ACPI: \_SB_.GSIE: Enabled at IRQ 20
[   11.751013] Serial: 8250/16550 driver, 32 ports, IRQ sharing enabled
[   11.816423] 00:03: ttyS0 at I/O 0x3f8 (irq = 4, base_baud = 115200) is a 16550A
[   11.956379] Linux agpgart interface v0.103
[   12.164038] loop: module loaded
[   12.181540] tun: Universal TUN/TAP device driver, 1.6
[   12.193225] PPP generic driver version 2.4.2
[   12.207576] VFIO - User Level meta-driver version: 0.3
[   12.222208] i8042: PNP: PS/2 Controller [PNP0303:KBD,PNP0f13:MOU] at 0x60,0x64 irq 1,12
[   12.247466] serio: i8042 KBD port at 0x60,0x64 irq 1
[   12.258068] serio: i8042 AUX port at 0x60,0x64 irq 12
[   12.274317] mousedev: PS/2 mouse device common for all mice
[   12.290325] rtc_cmos 00:04: RTC can wake from S4
[   12.303213] input: AT Translated Set 2 keyboard as /devices/platform/i8042/serio0/input/input1
[   12.315207] rtc_cmos 00:04: registered as rtc0
[   12.330571] rtc_cmos 00:04: setting system clock to 2025-01-11T01:06:26 UTC (1736557586)
[   12.349011] rtc_cmos 00:04: alarms up to one day, y3k, 242 bytes nvram, hpet irqs
[   12.364838] i2c_dev: i2c /dev entries driver
[   12.374210] device-mapper: core: CONFIG_IMA_DISABLE_HTABLE is disabled. Duplicate IMA measurements will not be recorded in the IMA log.
[   12.398794] device-mapper: uevent: version 1.0.3
[   12.410915] device-mapper: ioctl: 4.48.0-ioctl (2023-03-01) initialised: dm-devel@lists.linux.dev
[   12.429278] platform eisa.0: Probing EISA bus 0
[   12.438608] platform eisa.0: EISA: Cannot allocate resource for mainboard
[   12.452517] platform eisa.0: Cannot allocate resource for EISA slot 1
[   12.465641] platform eisa.0: Cannot allocate resource for EISA slot 2
[   12.477629] platform eisa.0: Cannot allocate resource for EISA slot 3
[   12.488161] platform eisa.0: Cannot allocate resource for EISA slot 4
[   12.498660] platform eisa.0: Cannot allocate resource for EISA slot 5
[   12.509063] platform eisa.0: Cannot allocate resource for EISA slot 6
[   12.519504] platform eisa.0: Cannot allocate resource for EISA slot 7
[   12.529949] platform eisa.0: Cannot allocate resource for EISA slot 8
[   12.540361] platform eisa.0: EISA: Detected 0 cards
[   12.548369] intel_pstate: CPU model not supported
[   12.561012] drop_monitor: Initializing network drop monitor service
[   12.573274] NET: Registered PF_INET6 protocol family
[   15.093782] Freeing initrd memory: 100064K
[   15.210124] Segment Routing with IPv6
[   15.215669] In-situ OAM (IOAM) with IPv6
[   15.222370] NET: Registered PF_PACKET protocol family
[   15.231972] Key type dns_resolver registered
[   15.295965] IPI shorthand broadcast: enabled
[   15.402713] registered taskstats version 1
[   15.438682] Loading compiled-in X.509 certificates
[   15.602389] Demotion targets for Node 0: null
[   15.614356] kmemleak: Kernel memory leak detector initialized (mem pool available: 14031)
[   15.614554] kmemleak: Automatic memory scanning thread started
[   15.634470] Key type .fscrypt registered
[   15.645708] Key type fscrypt-provisioning registered
[   15.731166] cryptd: module verification failed: signature and/or required key missing - tainting kernel
[   15.767469] cryptd: max_cpu_qlen set to 1000
[   15.968122] Key type encrypted registered
[   15.975489] AppArmor: AppArmor sha256 policy hashing enabled
[   15.985040] ima: No TPM chip found, activating TPM-bypass!
[   15.994127] Loading compiled-in module X.509 certificates
[   16.002956] ima: Allocated hash algorithm: sha1
[   16.011090] ima: No architecture policies found
[   16.019337] evm: Initialising EVM extended attributes:
[   16.027810] evm: security.selinux
[   16.033398] evm: security.SMACK64
[   16.038902] evm: security.SMACK64EXEC
[   16.046039] evm: security.SMACK64TRANSMUTE
[   16.054708] evm: security.SMACK64MMAP
[   16.061434] evm: security.apparmor
[   16.068500] evm: security.ima
[   16.074621] evm: security.capability
[   16.082027] evm: HMAC attrs: 0x1
[   16.101439] PM:   Magic number: 9:960:103
[   16.114198] RAS: Correctable Errors collector initialized.
[   16.126980] Unstable clock detected, switching default tracing clock to "global"
               If you want to keep using the local clock, then add:
                 "trace_clock=local"
               on the kernel command line
[   16.170328] clk: Disabling unused clocks
[   16.245567] Freeing unused decrypted memory: 2036K
[   16.280229] Freeing unused kernel image (initmem) memory: 9908K
[   16.292195] Write protecting the kernel read-only data: 67584k
[   16.305211] Freeing unused kernel image (rodata/data gap) memory: 1336K
[   16.379220] x86/mm: Checked W+X mappings: passed, no W+X pages found.
[   16.386559] x86/mm: Checking user space page tables
[   16.453637] x86/mm: Checked W+X mappings: passed, no W+X pages found.
[   16.461627] Run /init as init process
[   16.466148]   with arguments:
[   16.466166]     /init
[   16.466173]     nokaslr
[   16.466179]   with environment:
[   16.466185]     HOME=/
[   16.466191]     TERM=linux
[   19.339548] virtio_blk virtio2: 32/0/0 default/read/poll queues
[   19.357423] lpc_ich 0000:00:1f.0: I/O space for GPIO uninitialized
[   19.414132] ahci 0000:00:1f.2: version 3.0
[   19.419925] input: VirtualPS/2 VMware VMMouse as /devices/platform/i8042/serio1/input/input4
[   19.475897] input: VirtualPS/2 VMware VMMouse as /devices/platform/i8042/serio1/input/input3
[   19.490961] ACPI: \_SB_.GSIA: Enabled at IRQ 16
[   19.505100] i801_smbus 0000:00:1f.3: SMBus using PCI interrupt
[   19.519587] ahci 0000:00:1f.2: AHCI vers 0001.0000, 32 command slots, 1.5 Gbps, SATA mode
[   19.532295] ahci 0000:00:1f.2: 6/6 ports implemented (port mask 0x3f)
[   19.542448] ahci 0000:00:1f.2: flags: 64bit ncq only 
[   19.579748] i2c i2c-0: Memory type 0x07 not supported yet, not instantiating SPD
[   19.649818] scsi host0: ahci
[   19.676628] scsi host1: ahci
[   19.690998] scsi host2: ahci
[   19.694388] virtio_blk virtio2: [vda] 209715200 512-byte logical blocks (107 GB/100 GiB)
[   19.710754] scsi host3: ahci
[   19.766611] scsi host4: ahci
[   19.782762] scsi host5: ahci
[   19.792691] ata1: SATA max UDMA/133 abar m4096@0xfea53000 port 0xfea53100 irq 52 lpm-pol 0
[   19.808561] ata2: SATA max UDMA/133 abar m4096@0xfea53000 port 0xfea53180 irq 52 lpm-pol 0
[   19.821824] ata3: SATA max UDMA/133 abar m4096@0xfea53000 port 0xfea53200 irq 52 lpm-pol 0
[   19.837658] ata4: SATA max UDMA/133 abar m4096@0xfea53000 port 0xfea53280 irq 52 lpm-pol 0
[   19.842656]  vda: vda1 vda14 vda15
[   19.854319] ata5: SATA max UDMA/133 abar m4096@0xfea53000 port 0xfea53300 irq 52 lpm-pol 0
[   19.870971] ata6: SATA max UDMA/133 abar m4096@0xfea53000 port 0xfea53380 irq 52 lpm-pol 0
[   19.954927] virtio_net virtio0 enp0s2: renamed from eth0
[   20.209918] ata1: SATA link up 1.5 Gbps (SStatus 113 SControl 300)
[   20.218512] ata2: SATA link up 1.5 Gbps (SStatus 113 SControl 300)
[   20.228077] ata4: SATA link up 1.5 Gbps (SStatus 113 SControl 300)
[   20.237098] ata3: SATA link up 1.5 Gbps (SStatus 113 SControl 300)
[   20.247912] ata6: SATA link down (SStatus 0 SControl 300)
[   20.258094] ata4.00: ATA-7: QEMU HARDDISK, 2.5+, max UDMA/100
[   20.269069] ata4.00: 20971520 sectors, multi 16: LBA48 NCQ (depth 32)
[   20.277095] ata4.00: applying bridge limits
[   20.283156] ata3.00: ATA-7: QEMU HARDDISK, 2.5+, max UDMA/100
[   20.290652] ata3.00: 20971520 sectors, multi 16: LBA48 NCQ (depth 32)
[   20.300489] ata3.00: applying bridge limits
[   20.308020] ata5: SATA link down (SStatus 0 SControl 300)
[   20.318293] ata1.00: ATA-7: QEMU HARDDISK, 2.5+, max UDMA/100
[   20.325514] ata1.00: 20971520 sectors, multi 16: LBA48 NCQ (depth 32)
[   20.333230] ata1.00: applying bridge limits
[   20.338549] ata4.00: configured for UDMA/100
[   20.344374] ata2.00: ATA-7: QEMU HARDDISK, 2.5+, max UDMA/100
[   20.351867] ata2.00: 20971520 sectors, multi 16: LBA48 NCQ (depth 32)
[   20.359216] ata2.00: applying bridge limits
[   20.364308] ata3.00: configured for UDMA/100
[   20.370028] ata1.00: configured for UDMA/100
[   20.375801] ata2.00: configured for UDMA/100
[   20.384560] scsi 0:0:0:0: Direct-Access     ATA      QEMU HARDDISK    2.5+ PQ: 0 ANSI: 5
[   20.405807] sd 0:0:0:0: Attached scsi generic sg0 type 0
[   20.407443] sd 0:0:0:0: [sda] 20971520 512-byte logical blocks: (10.7 GB/10.0 GiB)
[   20.417335] scsi 1:0:0:0: Direct-Access     ATA      QEMU HARDDISK    2.5+ PQ: 0 ANSI: 5
[   20.424879] sd 0:0:0:0: [sda] Write Protect is off
[   20.440548] sd 0:0:0:0: [sda] Mode Sense: 00 3a 00 00
[   20.440785] sd 0:0:0:0: [sda] Write cache: enabled, read cache: enabled, doesn't support DPO or FUA
[   20.441262] sd 1:0:0:0: Attached scsi generic sg1 type 0
[   20.442382] sd 1:0:0:0: [sdb] 20971520 512-byte logical blocks: (10.7 GB/10.0 GiB)
[   20.442568] sd 1:0:0:0: [sdb] Write Protect is off
[   20.442612] sd 1:0:0:0: [sdb] Mode Sense: 00 3a 00 00
[   20.443001] sd 1:0:0:0: [sdb] Write cache: enabled, read cache: enabled, doesn't support DPO or FUA
[   20.443538] sd 1:0:0:0: [sdb] Preferred minimum I/O size 512 bytes
[   20.455125] sd 0:0:0:0: [sda] Preferred minimum I/O size 512 bytes
[   20.464731] scsi 2:0:0:0: Direct-Access     ATA      QEMU HARDDISK    2.5+ PQ: 0 ANSI: 5
[   20.520224] sd 2:0:0:0: Attached scsi generic sg2 type 0
[   20.520484] sd 2:0:0:0: [sdc] 20971520 512-byte logical blocks: (10.7 GB/10.0 GiB)
[   20.530151] scsi 3:0:0:0: Direct-Access     ATA      QEMU HARDDISK    2.5+ PQ: 0 ANSI: 5
[   20.535377] sd 2:0:0:0: [sdc] Write Protect is off
[   20.553093] sd 2:0:0:0: [sdc] Mode Sense: 00 3a 00 00
[   20.553345] sd 2:0:0:0: [sdc] Write cache: enabled, read cache: enabled, doesn't support DPO or FUA
[   20.555639] sd 3:0:0:0: Attached scsi generic sg3 type 0
[   20.555675] sd 3:0:0:0: [sdd] 20971520 512-byte logical blocks: (10.7 GB/10.0 GiB)
[   20.555783] sd 3:0:0:0: [sdd] Write Protect is off
[   20.555809] sd 3:0:0:0: [sdd] Mode Sense: 00 3a 00 00
[   20.555987] sd 3:0:0:0: [sdd] Write cache: enabled, read cache: enabled, doesn't support DPO or FUA
[   20.556316] sd 3:0:0:0: [sdd] Preferred minimum I/O size 512 bytes
[   20.563076] sd 1:0:0:0: [sdb] Attached SCSI disk
[   20.565939] sd 2:0:0:0: [sdc] Preferred minimum I/O size 512 bytes
[   20.570593] sd 0:0:0:0: [sda] Attached SCSI disk
[   20.658209] sd 3:0:0:0: [sdd] Attached SCSI disk
[   20.686108] sd 2:0:0:0: [sdc] Attached SCSI disk
[   20.741273] nd_pmem namespace0.0: unable to guarantee persistence of writes
[   24.313626] raid6: sse2x4   gen()  9459 MB/s
[   24.385623] raid6: sse2x2   gen() 10559 MB/s
[   24.457626] raid6: sse2x1   gen()  8422 MB/s
[   24.463716] raid6: using algorithm sse2x2 gen() 10559 MB/s
[   24.537640] raid6: .... xor() 6542 MB/s, rmw enabled
[   24.543412] raid6: using ssse3x2 recovery algorithm
[   24.558086] xor: measuring software checksum speed
[   24.564384]    prefetch64-sse  : 15064 MB/sec
[   24.570930]    generic_sse     : 13791 MB/sec
[   24.577370] xor: using function: prefetch64-sse (15064 MB/sec)
[   24.595290] async_tx: api initialized (async)
[   25.938989] Btrfs loaded, zoned=yes, fsverity=yes
[   26.840612] EXT4-fs (vda1): mounted filesystem 26c50908-598b-4e8e-871e-35718a3a1426 ro with ordered data mode. Quota mode: none.
[   28.079018] systemd[1]: Inserted module 'autofs4'
[   28.266601] systemd[1]: systemd 249.11-0ubuntu3.10 running in system mode (+PAM +AUDIT +SELINUX +APPARMOR +IMA +SMACK +SECCOMP +GCRYPT +GNUTLS +OPENSSL +ACL +BLKID +CURL +ELFUTILS +FIDO2 +IDN2 -IDN +IPTC +KMOD +LIBCRYPTSETUP +LIBFDISK +PCRE2 -PWQUALITY -P11KIT -QRENCODE +BZIP2 +LZ4 +XZ +ZLIB +ZSTD -XKBCOMMON +UTMP +SYSVINIT default-hierarchy=unified)
[   28.310063] systemd[1]: Detected virtualization kvm.
[   28.317931] systemd[1]: Detected architecture x86-64.
[   28.343397] systemd[1]: Hostname set to <qemu-2>.
[   28.976776] block vda: the capability attribute has been deprecated.
[   29.206560] random: crng init done
[   30.286350] systemd[1]: Queued start job for default target Graphical Interface.
[   30.382793] systemd[1]: Created slice Slice /system/modprobe.
[   30.416504] systemd[1]: Created slice Slice /system/serial-getty.
[   30.451303] systemd[1]: Created slice Slice /system/systemd-fsck.
[   30.484564] systemd[1]: Created slice User and Session Slice.
[   30.506615] systemd[1]: Started Forward Password Requests to Wall Directory Watch.
[   30.537827] systemd[1]: Set up automount Arbitrary Executable File Formats File System Automount Point.
[   30.566222] systemd[1]: Reached target Slice Units.
[   30.583896] systemd[1]: Reached target Mounting snaps.
[   30.602351] systemd[1]: Reached target Swaps.
[   30.618531] systemd[1]: Reached target Local Verity Protected Volumes.
[   30.639441] systemd[1]: Listening on Device-mapper event daemon FIFOs.
[   30.660277] systemd[1]: Listening on LVM2 poll daemon socket.
[   30.679403] systemd[1]: Listening on multipathd control socket.
[   30.840382] systemd[1]: Listening on RPCbind Server Activation Socket.
[   30.865141] systemd[1]: Listening on Syslog Socket.
[   30.882428] systemd[1]: Listening on fsck to fsckd communication Socket.
[   30.904129] systemd[1]: Listening on initctl Compatibility Named Pipe.
[   30.929043] systemd[1]: Listening on Journal Audit Socket.
[   30.948578] systemd[1]: Listening on Journal Socket (/dev/log).
[   30.970632] systemd[1]: Listening on Journal Socket.
[   30.988249] systemd[1]: Listening on Network Service Netlink Socket.
[   31.012145] systemd[1]: Listening on udev Control Socket.
[   31.031727] systemd[1]: Listening on udev Kernel Socket.
[   31.111209] systemd[1]: Mounting Huge Pages File System...
[   31.157401] systemd[1]: Mounting POSIX Message Queue File System...
[   31.238765] systemd[1]: Mounting Kernel Debug File System...
[   31.285341] systemd[1]: Mounting Kernel Trace File System...
[   31.352080] systemd[1]: Starting Journal Service...
[   31.366845] systemd[1]: Condition check resulted in Kernel Module supporting RPCSEC_GSS being skipped.
[   31.447302] systemd[1]: Starting Set the console keyboard layout...
[   31.503816] systemd[1]: Starting Create List of Static Device Nodes...
[   31.619510] systemd[1]: Starting Monitoring of LVM2 mirrors, snapshots etc. using dmeventd or progress polling...
[   31.644169] systemd[1]: Condition check resulted in LXD - agent being skipped.
[   31.682215] systemd[1]: Starting Load Kernel Module configfs...
[   31.729650] systemd[1]: Starting Load Kernel Module drm...
[   31.779246] systemd[1]: Starting Load Kernel Module efi_pstore...
[   31.833345] systemd[1]: Starting Load Kernel Module fuse...
[   31.853210] systemd[1]: Condition check resulted in OpenVSwitch configuration for cleanup being skipped.
[   31.867183] systemd[1]: Condition check resulted in File System Check on Root Device being skipped.
[   31.921039] systemd[1]: Starting Load Kernel Modules...
[   31.970279] systemd[1]: Starting Remount Root and Kernel File Systems...
[   32.025695] ACPI: bus type drm_connector registered
[   32.036398] systemd[1]: Starting Coldplug All udev Devices...
[   32.100826] systemd[1]: Mounted Huge Pages File System.
[   32.122350] systemd[1]: Mounted POSIX Message Queue File System.
[   32.143042] systemd[1]: Mounted Kernel Debug File System.
[   32.161355] systemd[1]: Started Journal Service.
[   32.220514] EXT4-fs (vda1): re-mounted 26c50908-598b-4e8e-871e-35718a3a1426 r/w. Quota mode: none.
[   32.686939] alua: device handler registered
[   32.705631] emc: device handler registered
[   32.728526] rdac: device handler registered
[   32.765349] systemd-journald[595]: Received client request to flush runtime journal.
[   32.812297] systemd-journald[595]: File /var/log/journal/02c9a06a7911097a3b638c9756cf2e6e/system.journal corrupted or uncleanly shut down, renaming and replacing.
[   33.674308] loop0: detected capacity change from 0 to 130888
[   33.734401] loop1: detected capacity change from 0 to 130448
[   33.801099] loop2: detected capacity change from 0 to 229272
[   33.859854] loop3: detected capacity change from 0 to 178256
[   33.909023] loop4: detected capacity change from 0 to 82800
[   33.991559] loop5: detected capacity change from 0 to 79520
[   35.956899] parport_pc 00:02: reported by Plug and Play ACPI
[   35.962925] parport0: PC-style at 0x378, irq 7 [PCSPP,TRISTATE]
[   38.399724] ppdev: user-space parallel port driver
[   40.286115] kvm_intel: VM_EXIT_LOAD_IA32_PERF_GLOBAL_CTRL does not work properly. Using workaround
[   40.985986] audit: type=1400 audit(1736557615.148:2): apparmor="STATUS" operation="profile_load" profile="unconfined" name="swtpm" pid=1280 comm="apparmor_parser"
[   40.991375] audit: type=1400 audit(1736557615.156:3): apparmor="STATUS" operation="profile_load" profile="unconfined" name="nvidia_modprobe" pid=1277 comm="apparmor_parser"
[   40.991543] audit: type=1400 audit(1736557615.156:4): apparmor="STATUS" operation="profile_load" profile="unconfined" name="nvidia_modprobe//kmod" pid=1277 comm="apparmor_parser"
[   40.994906] audit: type=1400 audit(1736557615.160:5): apparmor="STATUS" operation="profile_load" profile="unconfined" name="lsb_release" pid=1276 comm="apparmor_parser"
[   40.999114] audit: type=1400 audit(1736557615.164:6): apparmor="STATUS" operation="profile_load" profile="unconfined" name="/usr/bin/man" pid=1279 comm="apparmor_parser"
[   40.999224] audit: type=1400 audit(1736557615.164:7): apparmor="STATUS" operation="profile_load" profile="unconfined" name="man_filter" pid=1279 comm="apparmor_parser"
[   40.999305] audit: type=1400 audit(1736557615.164:8): apparmor="STATUS" operation="profile_load" profile="unconfined" name="man_groff" pid=1279 comm="apparmor_parser"
[   41.001453] audit: type=1400 audit(1736557615.164:9): apparmor="STATUS" operation="profile_load" profile="unconfined" name="virt-aa-helper" pid=1282 comm="apparmor_parser"
[   41.015882] audit: type=1400 audit(1736557615.180:10): apparmor="STATUS" operation="profile_load" profile="unconfined" name="libvirtd" pid=1284 comm="apparmor_parser"
[   41.016051] audit: type=1400 audit(1736557615.180:11): apparmor="STATUS" operation="profile_load" profile="unconfined" name="libvirtd//qemu_bridge_helper" pid=1284 comm="apparmor_parser"
[   42.618204] RPC: Registered named UNIX socket transport module.
[   42.618232] RPC: Registered udp transport module.
[   42.618241] RPC: Registered tcp transport module.
[   42.618248] RPC: Registered tcp-with-tls transport module.
[   42.618255] RPC: Registered tcp NFSv4.1 backchannel transport module.
[   46.962048] loop6: detected capacity change from 0 to 8
[   55.939766] netfs: FS-Cache loaded
[   57.280348] NFS: Registering the id_resolver key type
[   57.280803] Key type id_resolver registered
[   57.280815] Key type id_legacy registered
[   76.840751] cbd: loading out-of-tree module taints kernel.
[   83.118157] cbd: backend_validate:554 cbd_transport0: duplicated backend path: /dev/sda with backend_id: 0
[   84.841418] cbd: backend_validate:544 cbd_transport0: found backend_id: 0 for host_id: 1, path: /dev/sda
[   84.847372] cbd: cbd_backend_init:394 cbd_transport0: attach backend to backend_id: 0
[  120.902297] cbd: cache_validate:304 cbd_transport0: n_paral 1 requires cache size (167772160), more than current (16777216).
[  126.506165] cbd: backend_open_bdev:284 cbd_transport0: backend0: failed to open bdev: -2
[  129.254815] cbd: cache_validate:311 cbd_transport0: too large cache_segs: 32768, segment_num: 1405
[  138.242519] ==== end /root/avocado/job-results/job-2025-01-09T22.24-1680aba/test-results/182-._cbdctrl.py_CbdctrlTest.test_run-cache_data_crc-enable-cache_for_xfstests-cache-channel_crc-disable-channel_data_crc-host_mode-multi_host-multihost-test_script-backend-253d ==== 
