[    0.000000] Linux version 6.13.0-rc5+ (root@ubuntu-22-04-server) (gcc (Ubuntu 11.4.0-1ubuntu1~22.04) 11.4.0, GNU ld (GNU Binutils for Ubuntu) 2.38) #2 SMP PREEMPT_DYNAMIC Fri Jan  3 15:43:06 CST 2025
[    0.000000] Command line: intremap=off console=ttyS0,115200 nokaslr root=/dev/vda1 crashkernel=1G-:2G
[    0.000000] KERNEL supported cpus:
[    0.000000]   Intel GenuineIntel
[    0.000000]   AMD AuthenticAMD
[    0.000000]   Hygon HygonGenuine
[    0.000000]   Centaur CentaurHauls
[    0.000000]   zhaoxin   Shanghai  
[    0.000000] BIOS-provided physical RAM map:
[    0.000000] BIOS-e820: [mem 0x0000000000000000-0x000000000009fbff] usable
[    0.000000] BIOS-e820: [mem 0x000000000009fc00-0x000000000009ffff] reserved
[    0.000000] BIOS-e820: [mem 0x00000000000f0000-0x00000000000fffff] reserved
[    0.000000] BIOS-e820: [mem 0x0000000000100000-0x000000007ffd9fff] usable
[    0.000000] BIOS-e820: [mem 0x000000007ffda000-0x000000007fffffff] reserved
[    0.000000] BIOS-e820: [mem 0x00000000b0000000-0x00000000bfffffff] reserved
[    0.000000] BIOS-e820: [mem 0x00000000fed1c000-0x00000000fed1ffff] reserved
[    0.000000] BIOS-e820: [mem 0x00000000feffc000-0x00000000feffffff] reserved
[    0.000000] BIOS-e820: [mem 0x00000000fffc0000-0x00000000ffffffff] reserved
[    0.000000] BIOS-e820: [mem 0x0000000100000000-0x000000037fffffff] usable
[    0.000000] NX (Execute Disable) protection: active
[    0.000000] APIC: Static calls initialized
[    0.000000] SMBIOS 2.8 present.
[    0.000000] DMI: QEMU Standard PC (Q35 + ICH9, 2009), BIOS rel-1.16.3-0-ga6ed6b701f0a-prebuilt.qemu.org 04/01/2014
[    0.000000] DMI: Memory slots populated: 1/1
[    0.000000] Hypervisor detected: KVM
[    0.000000] kvm-clock: Using msrs 4b564d01 and 4b564d00
[    0.000008] kvm-clock: using sched offset of 3410059304 cycles
[    0.000024] clocksource: kvm-clock: mask: 0xffffffffffffffff max_cycles: 0x1cd42e4dffb, max_idle_ns: 881590591483 ns
[    0.000072] tsc: Detected 2933.436 MHz processor
[    0.002430] e820: update [mem 0x00000000-0x00000fff] usable ==> reserved
[    0.002439] e820: remove [mem 0x000a0000-0x000fffff] usable
[    0.002453] last_pfn = 0x380000 max_arch_pfn = 0x400000000
[    0.003095] MTRR map: 4 entries (3 fixed + 1 variable; max 19), built from 8 variable MTRRs
[    0.003130] x86/PAT: Configuration [0-7]: WB  WC  UC- UC  WB  WP  UC- WT  
[    0.003863] last_pfn = 0x7ffda max_arch_pfn = 0x400000000
[    0.015486] found SMP MP-table at [mem 0x000f5450-0x000f545f]
[    0.015619] Using GB pages for direct mapping
[    0.017394] RAMDISK: [mem 0x79e18000-0x7ffcffff]
[    0.017477] ACPI: Early table checksum verification disabled
[    0.017601] ACPI: RSDP 0x00000000000F5220 000014 (v00 BOCHS )
[    0.017661] ACPI: RSDT 0x000000007FFE3D96 000040 (v01 BOCHS  BXPC     00000001 BXPC 00000001)
[    0.017710] ACPI: FACP 0x000000007FFE25E7 0000F4 (v03 BOCHS  BXPC     00000001 BXPC 00000001)
[    0.017741] ACPI: DSDT 0x000000007FFDF040 0035A7 (v01 BOCHS  BXPC     00000001 BXPC 00000001)
[    0.017759] ACPI: FACS 0x000000007FFDF000 000040
[    0.017769] ACPI: APIC 0x000000007FFE26DB 000170 (v03 BOCHS  BXPC     00000001 BXPC 00000001)
[    0.017779] ACPI: HPET 0x000000007FFE284B 000038 (v01 BOCHS  BXPC     00000001 BXPC 00000001)
[    0.017789] ACPI: SRAT 0x000000007FFE2883 0002D0 (v01 BOCHS  BXPC     00000001 BXPC 00000001)
[    0.017799] ACPI: MCFG 0x000000007FFE2B53 00003C (v01 BOCHS  BXPC     00000001 BXPC 00000001)
[    0.017810] ACPI: SSDT 0x000000007FFE2B8F 0011DF (v01 BOCHS  NVDIMM   00000001 BXPC 00000001)
[    0.017820] ACPI: WAET 0x000000007FFE3D6E 000028 (v01 BOCHS  BXPC     00000001 BXPC 00000001)
[    0.017827] ACPI: Reserving FACP table memory at [mem 0x7ffe25e7-0x7ffe26da]
[    0.017831] ACPI: Reserving DSDT table memory at [mem 0x7ffdf040-0x7ffe25e6]
[    0.017834] ACPI: Reserving FACS table memory at [mem 0x7ffdf000-0x7ffdf03f]
[    0.017836] ACPI: Reserving APIC table memory at [mem 0x7ffe26db-0x7ffe284a]
[    0.017839] ACPI: Reserving HPET table memory at [mem 0x7ffe284b-0x7ffe2882]
[    0.017841] ACPI: Reserving SRAT table memory at [mem 0x7ffe2883-0x7ffe2b52]
[    0.017844] ACPI: Reserving MCFG table memory at [mem 0x7ffe2b53-0x7ffe2b8e]
[    0.017846] ACPI: Reserving SSDT table memory at [mem 0x7ffe2b8f-0x7ffe3d6d]
[    0.017848] ACPI: Reserving WAET table memory at [mem 0x7ffe3d6e-0x7ffe3d95]
[    0.018307] ACPI: SRAT: Node 0 PXM 0 [mem 0x00000000-0x0009ffff]
[    0.018314] ACPI: SRAT: Node 0 PXM 0 [mem 0x00100000-0x7fffffff]
[    0.018318] ACPI: SRAT: Node 0 PXM 0 [mem 0x100000000-0x37fffffff]
[    0.018321] ACPI: SRAT: Node 0 PXM 0 [mem 0x380000000-0x1bffffffff] hotplug
[    0.018336] NUMA: Node 0 [mem 0x00001000-0x0009ffff] + [mem 0x00100000-0x7fffffff] -> [mem 0x00001000-0x7fffffff]
[    0.018341] NUMA: Node 0 [mem 0x00001000-0x7fffffff] + [mem 0x100000000-0x37fffffff] -> [mem 0x00001000-0x37fffffff]
[    0.018371] NODE_DATA(0) allocated [mem 0x37ffd3700-0x37fffdfff]
[    0.018860] crashkernel low memory reserved: 0x69000000 - 0x79000000 (256 MB)
[    0.018867] crashkernel reserved: 0x00000002ff000000 - 0x000000037f000000 (2048 MB)
[    0.019046] Zone ranges:
[    0.019049]   DMA      [mem 0x0000000000001000-0x0000000000ffffff]
[    0.019054]   DMA32    [mem 0x0000000001000000-0x00000000ffffffff]
[    0.019057]   Normal   [mem 0x0000000100000000-0x000000037fffffff]
[    0.019061]   Device   empty
[    0.019063] Movable zone start for each node
[    0.019067] Early memory node ranges
[    0.019068]   node   0: [mem 0x0000000000001000-0x000000000009efff]
[    0.019076]   node   0: [mem 0x0000000000100000-0x000000007ffd9fff]
[    0.019079]   node   0: [mem 0x0000000100000000-0x000000037fffffff]
[    0.019084] Initmem setup node 0 [mem 0x0000000000001000-0x000000037fffffff]
[    0.019685] On node 0, zone DMA: 1 pages in unavailable ranges
[    0.020014] On node 0, zone DMA: 97 pages in unavailable ranges
[    0.289045] On node 0, zone Normal: 38 pages in unavailable ranges
[    1.642409] kasan: KernelAddressSanitizer initialized
[    1.651498] ACPI: PM-Timer IO Port: 0x608
[    1.651647] ACPI: LAPIC_NMI (acpi_id[0xff] dfl dfl lint[0x1])
[    1.652078] IOAPIC[0]: apic_id 0, version 17, address 0xfec00000, GSI 0-23
[    1.652097] ACPI: INT_SRC_OVR (bus 0 bus_irq 0 global_irq 2 dfl dfl)
[    1.652103] ACPI: INT_SRC_OVR (bus 0 bus_irq 5 global_irq 5 high level)
[    1.652107] ACPI: INT_SRC_OVR (bus 0 bus_irq 9 global_irq 9 high level)
[    1.652120] ACPI: INT_SRC_OVR (bus 0 bus_irq 10 global_irq 10 high level)
[    1.652124] ACPI: INT_SRC_OVR (bus 0 bus_irq 11 global_irq 11 high level)
[    1.652139] ACPI: Using ACPI (MADT) for SMP configuration information
[    1.652144] ACPI: HPET id: 0x8086a201 base: 0xfed00000
[    1.652164] TSC deadline timer available
[    1.652179] CPU topo: Max. logical packages:   2
[    1.652182] CPU topo: Max. logical dies:       2
[    1.652184] CPU topo: Max. dies per package:   1
[    1.652191] CPU topo: Max. threads per core:   2
[    1.652194] CPU topo: Num. cores per package:     8
[    1.652196] CPU topo: Num. threads per package:  16
[    1.652197] CPU topo: Allowing 32 present CPUs plus 0 hotplug CPUs
[    1.652349] kvm-guest: APIC: eoi() replaced with kvm_guest_apic_eoi_write()
[    1.652477] kvm-guest: KVM setup pv remote TLB flush
[    1.652542] kvm-guest: setup PV sched yield
[    1.652717] PM: hibernation: Registered nosave memory: [mem 0x00000000-0x00000fff]
[    1.652724] PM: hibernation: Registered nosave memory: [mem 0x0009f000-0x0009ffff]
[    1.652727] PM: hibernation: Registered nosave memory: [mem 0x000a0000-0x000effff]
[    1.652729] PM: hibernation: Registered nosave memory: [mem 0x000f0000-0x000fffff]
[    1.652735] PM: hibernation: Registered nosave memory: [mem 0x7ffda000-0x7fffffff]
[    1.652737] PM: hibernation: Registered nosave memory: [mem 0x80000000-0xafffffff]
[    1.652740] PM: hibernation: Registered nosave memory: [mem 0xb0000000-0xbfffffff]
[    1.652742] PM: hibernation: Registered nosave memory: [mem 0xc0000000-0xfed1bfff]
[    1.652744] PM: hibernation: Registered nosave memory: [mem 0xfed1c000-0xfed1ffff]
[    1.652746] PM: hibernation: Registered nosave memory: [mem 0xfed20000-0xfeffbfff]
[    1.652748] PM: hibernation: Registered nosave memory: [mem 0xfeffc000-0xfeffffff]
[    1.652750] PM: hibernation: Registered nosave memory: [mem 0xff000000-0xfffbffff]
[    1.652752] PM: hibernation: Registered nosave memory: [mem 0xfffc0000-0xffffffff]
[    1.652765] [mem 0xc0000000-0xfed1bfff] available for PCI devices
[    1.652773] Booting paravirtualized kernel on KVM
[    1.652783] clocksource: refined-jiffies: mask: 0xffffffff max_cycles: 0xffffffff, max_idle_ns: 7645519600211568 ns
[    1.652875] setup_percpu: NR_CPUS:8192 nr_cpumask_bits:32 nr_cpu_ids:32 nr_node_ids:1
[    1.763956] percpu: Embedded 532 pages/cpu s2142208 r8192 d28672 u4194304
[    1.764022] pcpu-alloc: s2142208 r8192 d28672 u4194304 alloc=2*2097152
[    1.764031] pcpu-alloc: [0] 00 [0] 01 [0] 02 [0] 03 [0] 04 [0] 05 [0] 06 [0] 07 
[    1.764050] pcpu-alloc: [0] 08 [0] 09 [0] 10 [0] 11 [0] 12 [0] 13 [0] 14 [0] 15 
[    1.764069] pcpu-alloc: [0] 16 [0] 17 [0] 18 [0] 19 [0] 20 [0] 21 [0] 22 [0] 23 
[    1.764088] pcpu-alloc: [0] 24 [0] 25 [0] 26 [0] 27 [0] 28 [0] 29 [0] 30 [0] 31 
[    1.764479] kvm-guest: PV spinlocks enabled
[    1.764501] PV qspinlock hash table entries: 256 (order: 0, 4096 bytes, linear)
[    1.764532] Kernel command line: intremap=off console=ttyS0,115200 nokaslr root=/dev/vda1 crashkernel=1G-:2G
[    1.764795] Unknown kernel command line parameters "nokaslr", will be passed to user space.
[    1.764830] printk: log buffer data + meta data: 262144 + 917504 = 1179648 bytes
[    1.783062] Dentry cache hash table entries: 2097152 (order: 12, 16777216 bytes, linear)
[    1.788989] Inode-cache hash table entries: 1048576 (order: 11, 8388608 bytes, linear)
[    1.793661] Fallback order for Node 0: 0 
[    1.793697] Built 1 zonelists, mobility grouping on.  Total pages: 3145592
[    1.793701] Policy zone: Normal
[    1.793769] mem auto-init: stack:off, heap alloc:on, heap free:off
[    1.793782] stackdepot: allocating hash table via alloc_large_system_hash
[    1.793793] stackdepot hash table entries: 1048576 (order: 12, 16777216 bytes, linear)
[    1.804817] software IO TLB: area num 32.
[    2.590528] SLUB: HWalign=64, Order=0-3, MinObjects=0, CPUs=32, Nodes=1
[    2.592011] Kernel/User page tables isolation: enabled
[    2.592929] ftrace: allocating 52416 entries in 205 pages
[    2.921856] ftrace: allocated 205 pages with 5 groups
[    2.929723] Dynamic Preempt: voluntary
[    2.938995] Running RCU self tests
[    2.939000] Running RCU synchronous self tests
[    2.939072] rcu: Preemptible hierarchical RCU implementation.
[    2.939075] rcu: 	RCU lockdep checking is enabled.
[    2.939076] rcu: 	RCU restricting CPUs from NR_CPUS=8192 to nr_cpu_ids=32.
[    2.939082] 	Trampoline variant of Tasks RCU enabled.
[    2.939083] 	Rude variant of Tasks RCU enabled.
[    2.939085] 	Tracing variant of Tasks RCU enabled.
[    2.939087] rcu: RCU calculated value of scheduler-enlistment delay is 25 jiffies.
[    2.939089] rcu: Adjusting geometry for rcu_fanout_leaf=16, nr_cpu_ids=32
[    2.939791] Running RCU synchronous self tests
[    2.939827] RCU Tasks: Setting shift to 5 and lim to 1 rcu_task_cb_adjust=1 rcu_task_cpu_ids=32.
[    2.939856] RCU Tasks Rude: Setting shift to 5 and lim to 1 rcu_task_cb_adjust=1 rcu_task_cpu_ids=32.
[    2.939885] RCU Tasks Trace: Setting shift to 5 and lim to 1 rcu_task_cb_adjust=1 rcu_task_cpu_ids=32.
[    2.993656] NR_IRQS: 524544, nr_irqs: 680, preallocated irqs: 16
[    2.995803] rcu: srcu_init: Setting srcu_struct sizes based on contention.
[    3.103869] Console: colour VGA+ 80x25
[    3.104363] printk: legacy console [ttyS0] enabled
[    4.607146] Lock dependency validator: Copyright (c) 2006 Red Hat, Inc., Ingo Molnar
[    4.619283] ... MAX_LOCKDEP_SUBCLASSES:  8
[    4.625774] ... MAX_LOCK_DEPTH:          48
[    4.632346] ... MAX_LOCKDEP_KEYS:        8192
[    4.639152] ... CLASSHASH_SIZE:          4096
[    4.645915] ... MAX_LOCKDEP_ENTRIES:     32768
[    4.652917] ... MAX_LOCKDEP_CHAINS:      65536
[    4.659903] ... CHAINHASH_SIZE:          32768
[    4.666960]  memory used by lock dependency info: 6941 kB
[    4.675598]  memory used for stack traces: 4224 kB
[    4.683129]  per task-struct memory footprint: 2688 bytes
[    4.692380] ACPI: Core revision 20240827
[    4.701829] clocksource: hpet: mask: 0xffffffff max_cycles: 0xffffffff, max_idle_ns: 19112604467 ns
[    4.717107] APIC: Switch to symmetric I/O mode setup
[    4.728416] x2apic enabled
[    4.736630] APIC: Switched APIC routing to: physical x2apic
[    4.744436] kvm-guest: APIC: send_IPI_mask() replaced with kvm_send_ipi_mask()
[    4.755768] kvm-guest: APIC: send_IPI_mask_allbutself() replaced with kvm_send_ipi_mask_allbutself()
[    4.769952] kvm-guest: setup PV IPIs
[    4.791099] ..TIMER: vector=0x30 apic1=0 pin1=2 apic2=-1 pin2=-1
[    4.801819] clocksource: tsc-early: mask: 0xffffffffffffffff max_cycles: 0x2a48a50322c, max_idle_ns: 440795287943 ns
[    4.820529] Calibrating delay loop (skipped) preset value.. 5866.87 BogoMIPS (lpj=11733744)
[    4.828744] x86/cpu: User Mode Instruction Prevention (UMIP) activated
[    4.837640] Last level iTLB entries: 4KB 0, 2MB 0, 4MB 0
[    4.840520] Last level dTLB entries: 4KB 0, 2MB 0, 4MB 0, 1GB 0
[    4.844617] Spectre V1 : Mitigation: usercopy/swapgs barriers and __user pointer sanitization
[    4.848523] Spectre V2 : Mitigation: Retpolines
[    4.852521] Spectre V2 : Spectre v2 / SpectreRSB mitigation: Filling RSB on context switch
[    4.856520] Spectre V2 : Spectre v2 / SpectreRSB : Filling RSB on VMEXIT
[    4.860520] Spectre V2 : Enabling Restricted Speculation for firmware calls
[    4.864529] Spectre V2 : mitigation: Enabling conditional Indirect Branch Prediction Barrier
[    4.868520] Spectre V2 : User space: Mitigation: STIBP via prctl
[    4.872521] Speculative Store Bypass: Mitigation: Speculative Store Bypass disabled via prctl
[    4.876523] MDS: Vulnerable: Clear CPU buffers attempted, no microcode
[    4.880531] MMIO Stale Data: Unknown: No mitigations
[    4.884543] x86/fpu: x87 FPU will use FXSAVE
[    4.943733] Freeing SMP alternatives memory: 40K
[    4.944528] pid_max: default: 32768 minimum: 301
[    4.951108] LSM: initializing lsm=lockdown,capability,landlock,yama,apparmor,ima,evm
[    4.953463] landlock: Up and running.
[    4.956523] Yama: becoming mindful.
[    4.965082] AppArmor: AppArmor initialized
[    4.970968] Mount-cache hash table entries: 32768 (order: 6, 262144 bytes, linear)
[    4.972580] Mountpoint-cache hash table entries: 32768 (order: 6, 262144 bytes, linear)
[    4.986043] Running RCU synchronous self tests
[    4.988527] Running RCU synchronous self tests
[    4.997085] smpboot: CPU0: Intel Westmere E56xx/L56xx/X56xx (IBRS update) (family: 0x6, model: 0x2c, stepping: 0x1)
[    5.013868] Running RCU Tasks wait API self tests
[    5.120694] Running RCU Tasks Rude wait API self tests
[    5.124548] Running RCU Tasks Trace wait API self tests
[    5.128806] Performance Events: unsupported p6 CPU model 44 no PMU driver, software events only.
[    5.133032] signal: max sigframe size: 1440
[    5.136634] Callback from call_rcu_tasks_trace() invoked.
[    5.141233] rcu: Hierarchical SRCU implementation.
[    5.144550] rcu: 	Max phase no-delay instances is 1000.
[    5.149902] Timer migration: 2 hierarchy levels; 8 children per group; 2 crossnode level
[    5.164726] NMI watchdog: Perf NMI watchdog permanently disabled
[    5.180623] smp: Bringing up secondary CPUs ...
[    5.197441] smpboot: x86: Booting SMP configuration:
[    5.200586] .... node  #0, CPUs:        #2  #4  #6  #8 #10 #12 #14 #16 #18 #20 #22 #24 #26 #28 #30
[    5.336728] Callback from call_rcu_tasks() invoked.
[    5.429747]   #1  #3  #5  #7  #9 #11 #13 #15 #17 #19 #21 #23 #25 #27 #29 #31
[    5.549798] MDS CPU bug present and SMT on, data leak possible. See https://www.kernel.org/doc/html/latest/admin-guide/hw-vuln/mds.html for more details.
[    5.634004] smp: Brought up 1 node, 32 CPUs
[    5.636567] smpboot: Total of 32 processors activated (187739.90 BogoMIPS)
[    5.670901] Memory: 7997952K/12582368K available (53248K kernel code, 16294K rwdata, 13000K rodata, 9908K init, 22736K bss, 4537656K reserved, 0K cma-reserved)
[    5.678697] devtmpfs: initialized
[    5.682167] x86/mm: Memory block size: 128MB
[    5.774297] Running RCU synchronous self tests
[    5.784710] Running RCU synchronous self tests
[    5.793285] clocksource: jiffies: mask: 0xffffffff max_cycles: 0xffffffff, max_idle_ns: 7645041785100000 ns
[    5.809573] futex hash table entries: 8192 (order: 8, 1048576 bytes, linear)
[    5.829491] pinctrl core: initialized pinctrl subsystem
[    5.844553] PM: RTC time: 23:56:37, date: 2025-01-10
[    5.863337] NET: Registered PF_NETLINK/PF_ROUTE protocol family
[    5.881707] DMA: preallocated 1024 KiB GFP_KERNEL pool for atomic allocations
[    5.892955] DMA: preallocated 1024 KiB GFP_KERNEL|GFP_DMA pool for atomic allocations
[    5.908910] DMA: preallocated 1024 KiB GFP_KERNEL|GFP_DMA32 pool for atomic allocations
[    5.921235] audit: initializing netlink subsys (disabled)
[    5.933603] audit: type=2000 audit(1736553396.308:1): state=initialized audit_enabled=0 res=1
[    5.938634] thermal_sys: Registered thermal governor 'fair_share'
[    5.948557] thermal_sys: Registered thermal governor 'bang_bang'
[    5.960560] thermal_sys: Registered thermal governor 'step_wise'
[    5.972575] thermal_sys: Registered thermal governor 'user_space'
[    5.984555] thermal_sys: Registered thermal governor 'power_allocator'
[    5.992908] EISA bus registered
[    6.014514] cpuidle: using governor ladder
[    6.023464] cpuidle: using governor menu
[    6.030950] acpiphp: ACPI Hot Plug PCI Controller Driver version: 0.5
[    6.044706] PCI: ECAM [mem 0xb0000000-0xbfffffff] (base 0xb0000000) for domain 0000 [bus 00-ff]
[    6.063194] PCI: ECAM [mem 0xb0000000-0xbfffffff] reserved as E820 entry
[    6.127546] PCI: Using configuration type 1 for base access
[    6.144916] kprobes: kprobe jump-optimization is enabled. All kprobes are optimized if possible.
[    6.170704] HugeTLB: registered 1.00 GiB page size, pre-allocated 0 pages
[    6.180622] HugeTLB: 16380 KiB vmemmap can be freed for a 1.00 GiB page
[    6.192596] HugeTLB: registered 2.00 MiB page size, pre-allocated 0 pages
[    6.204549] HugeTLB: 28 KiB vmemmap can be freed for a 2.00 MiB page
[    6.280642] ACPI: Added _OSI(Module Device)
[    6.284614] ACPI: Added _OSI(Processor Device)
[    6.288552] ACPI: Added _OSI(3.0 _SCP Extensions)
[    6.292552] ACPI: Added _OSI(Processor Aggregator Device)
[    6.530781] ACPI: 2 ACPI AML tables successfully acquired and loaded
[    6.590194] ACPI: Interpreter enabled
[    6.597757] ACPI: PM: (supports S0 S3 S4 S5)
[    6.605475] ACPI: Using IOAPIC for interrupt routing
[    6.613818] PCI: Using host bridge windows from ACPI; if necessary, use "pci=nocrs" and report a bug
[    6.632611] PCI: Using E820 reservations for host bridge windows
[    6.653379] ACPI: Enabled 4 GPEs in block 00 to 3F
[    7.136363] ACPI: PCI Root Bridge [PCI0] (domain 0000 [bus 00-ff])
[    7.147189] acpi PNP0A08:00: _OSC: OS supports [ExtendedConfig ASPM ClockPM Segments MSI EDR HPX-Type3]
[    7.152947] acpi PNP0A08:00: _OSC: platform does not support [PCIeHotplug LTR DPC]
[    7.164008] acpi PNP0A08:00: _OSC: OS now controls [SHPCHotplug PME AER PCIeCapability]
[    7.172157] PCI host bridge to bus 0000:00
[    7.172871] pci_bus 0000:00: root bus resource [io  0x0000-0x0cf7 window]
[    7.176570] pci_bus 0000:00: root bus resource [io  0x0d00-0xffff window]
[    7.180567] pci_bus 0000:00: root bus resource [mem 0x000a0000-0x000bffff window]
[    7.184617] pci_bus 0000:00: root bus resource [mem 0x80000000-0xafffffff window]
[    7.188568] pci_bus 0000:00: root bus resource [mem 0xc0000000-0xfebfffff window]
[    7.192567] pci_bus 0000:00: root bus resource [mem 0x1c00000000-0x23ffffffff window]
[    7.196572] pci_bus 0000:00: root bus resource [bus 00-ff]
[    7.201234] pci 0000:00:00.0: [8086:29c0] type 00 class 0x060000 conventional PCI endpoint
[    7.214695] pci 0000:00:01.0: [1234:1111] type 00 class 0x030000 conventional PCI endpoint
[    7.227894] pci 0000:00:01.0: BAR 0 [mem 0xfd000000-0xfdffffff pref]
[    7.247638] pci 0000:00:01.0: BAR 2 [mem 0xfea50000-0xfea50fff]
[    7.287093] pci 0000:00:01.0: ROM [mem 0xfea40000-0xfea4ffff pref]
[    7.292335] pci 0000:00:01.0: Video device with shadowed ROM at [mem 0x000c0000-0x000dffff]
[    7.309128] pci 0000:00:01.0: pci_fixup_video+0x0/0x2d0 took 15625 usecs
[    7.341719] pci 0000:00:02.0: [1af4:1000] type 00 class 0x020000 conventional PCI endpoint
[    7.364555] pci 0000:00:02.0: BAR 0 [io  0xc040-0xc05f]
[    7.380547] pci 0000:00:02.0: BAR 1 [mem 0xfea51000-0xfea51fff]
[    7.402518] pci 0000:00:02.0: BAR 4 [mem 0xfe200000-0xfe203fff 64bit pref]
[    7.418585] pci 0000:00:02.0: ROM [mem 0xfea00000-0xfea3ffff pref]
[    7.444159] pci 0000:00:03.0: [1b36:000c] type 01 class 0x060400 PCIe Root Port
[    7.468376] pci 0000:00:03.0: BAR 0 [mem 0xfea52000-0xfea52fff]
[    7.493153] pci 0000:00:03.0: PCI bridge to [bus 01]
[    7.505102] pci 0000:00:03.0:   bridge window [mem 0xfe800000-0xfe9fffff]
[    7.524926] pci 0000:00:03.0:   bridge window [mem 0xfe000000-0xfe1fffff 64bit pref]
[    7.556117] pci 0000:00:04.0: [1af4:105b] type 00 class 0x00ff00 conventional PCI endpoint
[    7.583959] pci 0000:00:04.0: BAR 4 [mem 0xfe204000-0xfe207fff 64bit pref]
[    7.750402] pci 0000:00:1f.0: [8086:2918] type 00 class 0x060100 conventional PCI endpoint
[    7.770644] pci 0000:00:1f.0: quirk: [io  0x0600-0x067f] claimed by ICH6 ACPI/GPIO/TCO
[    7.789159] pci 0000:00:1f.0: quirk_ich7_lpc+0x0/0x1d0 took 15625 usecs
[    7.806377] pci 0000:00:1f.2: [8086:2922] type 00 class 0x010601 conventional PCI endpoint
[    7.836650] pci 0000:00:1f.2: BAR 4 [io  0xc060-0xc07f]
[    7.850206] pci 0000:00:1f.2: BAR 5 [mem 0xfea53000-0xfea53fff]
[    7.874105] pci 0000:00:1f.3: [8086:2930] type 00 class 0x0c0500 conventional PCI endpoint
[    7.895271] pci 0000:00:1f.3: BAR 4 [io  0x0700-0x073f]
[    7.923096] acpiphp: Slot [0] registered
[    7.931002] pci 0000:01:00.0: [1af4:1042] type 00 class 0x010000 PCIe Endpoint
[    7.960086] pci 0000:01:00.0: BAR 1 [mem 0xfe800000-0xfe800fff]
[    7.992546] pci 0000:01:00.0: BAR 4 [mem 0xfe000000-0xfe003fff 64bit pref]
[    8.104935] pci 0000:00:03.0: PCI bridge to [bus 01]
[    8.127938] ACPI: PCI: Interrupt link LNKA configured for IRQ 10
[    8.133437] ACPI: PCI: Interrupt link LNKB configured for IRQ 10
[    8.141415] ACPI: PCI: Interrupt link LNKC configured for IRQ 11
[    8.150052] ACPI: PCI: Interrupt link LNKD configured for IRQ 11
[    8.157669] ACPI: PCI: Interrupt link LNKE configured for IRQ 10
[    8.165768] ACPI: PCI: Interrupt link LNKF configured for IRQ 10
[    8.173238] ACPI: PCI: Interrupt link LNKG configured for IRQ 11
[    8.181562] ACPI: PCI: Interrupt link LNKH configured for IRQ 11
[    8.186636] ACPI: PCI: Interrupt link GSIA configured for IRQ 16
[    8.189214] ACPI: PCI: Interrupt link GSIB configured for IRQ 17
[    8.194004] ACPI: PCI: Interrupt link GSIC configured for IRQ 18
[    8.197266] ACPI: PCI: Interrupt link GSID configured for IRQ 19
[    8.201097] ACPI: PCI: Interrupt link GSIE configured for IRQ 20
[    8.205146] ACPI: PCI: Interrupt link GSIF configured for IRQ 21
[    8.209651] ACPI: PCI: Interrupt link GSIG configured for IRQ 22
[    8.213104] ACPI: PCI: Interrupt link GSIH configured for IRQ 23
[    8.355290] iommu: Default domain type: Translated
[    8.356556] iommu: DMA domain TLB invalidation policy: lazy mode
[    8.376156] SCSI subsystem initialized
[    8.377931] libata version 3.00 loaded.
[    8.380584] ACPI: bus type USB registered
[    8.385446] usbcore: registered new interface driver usbfs
[    8.388952] usbcore: registered new interface driver hub
[    8.393214] usbcore: registered new device driver usb
[    8.397900] pps_core: LinuxPPS API ver. 1 registered
[    8.400551] pps_core: Software ver. 5.3.6 - Copyright 2005-2007 Rodolfo Giometti <giometti@linux.it>
[    8.404694] PTP clock support registered
[    8.412736] EDAC MC: Ver: 3.0.0
[    8.440316] NetLabel: Initializing
[    8.440551] NetLabel:  domain hash size = 128
[    8.444550] NetLabel:  protocols = UNLABELED CIPSOv4 CALIPSO
[    8.449608] NetLabel:  unlabeled traffic allowed by default
[    8.466461] PCI: Using ACPI for IRQ routing
[   10.524961] PCI: pci_cache_line_size set to 64 bytes
[   10.526859] e820: reserve RAM buffer [mem 0x0009fc00-0x0009ffff]
[   10.527038] e820: reserve RAM buffer [mem 0x7ffda000-0x7fffffff]
[   10.529034] pci 0000:00:01.0: vgaarb: setting as boot VGA device
[   10.532510] pci 0000:00:01.0: vgaarb: bridge control possible
[   10.532510] pci 0000:00:01.0: vgaarb: VGA device added: decodes=io+mem,owns=io+mem,locks=none
[   10.568591] vgaarb: loaded
[   10.578514] hpet0: at MMIO 0xfed00000, IRQs 2, 8, 0
[   10.588572] hpet0: 3 comparators, 64-bit 100.000000 MHz counter
[   10.621077] clocksource: Switched to clocksource kvm-clock
[   10.671755] VFS: Disk quotas dquot_6.6.0
[   10.678687] VFS: Dquot-cache hash table entries: 512 (order 0, 4096 bytes)
[   10.698991] AppArmor: AppArmor Filesystem Enabled
[   10.707671] pnp: PnP ACPI init
[   10.721274] system 00:05: [mem 0xb0000000-0xbfffffff window] has been reserved
[   10.765792] pnp: PnP ACPI: found 6 devices
[   10.854847] clocksource: acpi_pm: mask: 0xffffff max_cycles: 0xffffff, max_idle_ns: 2085701024 ns
[   10.874638] NET: Registered PF_INET protocol family
[   10.889218] IP idents hash table entries: 262144 (order: 9, 2097152 bytes, linear)
[   10.916184] tcp_listen_portaddr_hash hash table entries: 8192 (order: 7, 655360 bytes, linear)
[   10.932811] Table-perturb hash table entries: 65536 (order: 6, 262144 bytes, linear)
[   10.949696] TCP established hash table entries: 131072 (order: 8, 1048576 bytes, linear)
[   10.979763] TCP bind hash table entries: 65536 (order: 11, 10485760 bytes, vmalloc hugepage)
[   11.001507] TCP: Hash tables configured (established 131072 bind 65536)
[   11.021360] MPTCP token hash table entries: 16384 (order: 8, 1572864 bytes, linear)
[   11.042493] UDP hash table entries: 8192 (order: 9, 2490368 bytes, linear)
[   11.061989] UDP-Lite hash table entries: 8192 (order: 9, 2490368 bytes, linear)
[   11.080608] NET: Registered PF_UNIX/PF_LOCAL protocol family
[   11.090564] NET: Registered PF_XDP protocol family
[   11.098848] pci 0000:00:03.0: bridge window [io  0x1000-0x0fff] to [bus 01] add_size 1000
[   11.112527] pci 0000:00:03.0: bridge window [io  0x1000-0x1fff]: assigned
[   11.123681] pci 0000:00:03.0: PCI bridge to [bus 01]
[   11.131916] pci 0000:00:03.0:   bridge window [io  0x1000-0x1fff]
[   11.143625] pci 0000:00:03.0:   bridge window [mem 0xfe800000-0xfe9fffff]
[   11.156085] pci 0000:00:03.0:   bridge window [mem 0xfe000000-0xfe1fffff 64bit pref]
[   11.171711] pci_bus 0000:00: resource 4 [io  0x0000-0x0cf7 window]
[   11.182196] pci_bus 0000:00: resource 5 [io  0x0d00-0xffff window]
[   11.194110] pci_bus 0000:00: resource 6 [mem 0x000a0000-0x000bffff window]
[   11.207551] pci_bus 0000:00: resource 7 [mem 0x80000000-0xafffffff window]
[   11.220814] pci_bus 0000:00: resource 8 [mem 0xc0000000-0xfebfffff window]
[   11.234590] pci_bus 0000:00: resource 9 [mem 0x1c00000000-0x23ffffffff window]
[   11.248114] pci_bus 0000:01: resource 0 [io  0x1000-0x1fff]
[   11.259109] pci_bus 0000:01: resource 1 [mem 0xfe800000-0xfe9fffff]
[   11.271257] pci_bus 0000:01: resource 2 [mem 0xfe000000-0xfe1fffff 64bit pref]
[   11.286943] PCI: CLS 0 bytes, default 64
[   11.295753] PCI-DMA: Using software bounce buffering for IO (SWIOTLB)
[   11.298863] Trying to unpack rootfs image as initramfs...
[   11.308854] software IO TLB: mapped [mem 0x0000000065000000-0x0000000069000000] (64MB)
[   11.334135] clocksource: tsc: mask: 0xffffffffffffffff max_cycles: 0x2a48a50322c, max_idle_ns: 440795287943 ns
[   11.388145] Initialise system trusted keyrings
[   11.399698] Key type blacklist registered
[   11.408420] workingset: timestamp_bits=36 max_order=21 bucket_order=0
[   11.420012] zbud: loaded
[   11.440260] squashfs: version 4.0 (2009/01/31) Phillip Lougher
[   11.455837] fuse: init (API version 7.41)
[   11.466303] integrity: Platform Keyring initialized
[   11.496387] Key type asymmetric registered
[   11.503292] Asymmetric key parser 'x509' registered
[   11.512307] Block layer SCSI generic (bsg) driver version 0.4 loaded (major 243)
[   11.527033] io scheduler mq-deadline registered
[   11.568826] ledtrig-cpu: registered to indicate activity on CPUs
[   11.610855] ACPI: \_SB_.GSIH: Enabled at IRQ 23
[   11.630152] pcieport 0000:00:03.0: PME: Signaling with IRQ 24
[   11.645693] pcieport 0000:00:03.0: AER: enabled with IRQ 24
[   11.663352] shpchp: Standard Hot Plug PCI Controller Driver version: 0.4
[   11.682679] input: Power Button as /devices/LNXSYSTM:00/LNXPWRBN:00/input/input0
[   11.702017] ACPI: button: Power Button [PWRF]
[   11.819329] ACPI: \_SB_.GSIG: Enabled at IRQ 22
[   11.871782] ACPI: \_SB_.GSIE: Enabled at IRQ 20
[   11.939599] Serial: 8250/16550 driver, 32 ports, IRQ sharing enabled
[   12.007316] 00:03: ttyS0 at I/O 0x3f8 (irq = 4, base_baud = 115200) is a 16550A
[   12.152574] Linux agpgart interface v0.103
[   12.383529] loop: module loaded
[   12.405603] tun: Universal TUN/TAP device driver, 1.6
[   12.416032] PPP generic driver version 2.4.2
[   12.429710] VFIO - User Level meta-driver version: 0.3
[   12.443384] i8042: PNP: PS/2 Controller [PNP0303:KBD,PNP0f13:MOU] at 0x60,0x64 irq 1,12
[   12.465611] serio: i8042 KBD port at 0x60,0x64 irq 1
[   12.474439] serio: i8042 AUX port at 0x60,0x64 irq 12
[   12.488898] mousedev: PS/2 mouse device common for all mice
[   12.504118] rtc_cmos 00:04: RTC can wake from S4
[   12.516486] input: AT Translated Set 2 keyboard as /devices/platform/i8042/serio0/input/input1
[   12.525546] rtc_cmos 00:04: registered as rtc0
[   12.542375] rtc_cmos 00:04: setting system clock to 2025-01-10T23:56:45 UTC (1736553405)
[   12.562364] rtc_cmos 00:04: alarms up to one day, y3k, 242 bytes nvram, hpet irqs
[   12.575514] i2c_dev: i2c /dev entries driver
[   12.583251] device-mapper: core: CONFIG_IMA_DISABLE_HTABLE is disabled. Duplicate IMA measurements will not be recorded in the IMA log.
[   12.603034] device-mapper: uevent: version 1.0.3
[   12.613560] device-mapper: ioctl: 4.48.0-ioctl (2023-03-01) initialised: dm-devel@lists.linux.dev
[   12.628643] platform eisa.0: Probing EISA bus 0
[   12.636149] platform eisa.0: EISA: Cannot allocate resource for mainboard
[   12.647292] platform eisa.0: Cannot allocate resource for EISA slot 1
[   12.657851] platform eisa.0: Cannot allocate resource for EISA slot 2
[   12.668419] platform eisa.0: Cannot allocate resource for EISA slot 3
[   12.678919] platform eisa.0: Cannot allocate resource for EISA slot 4
[   12.689607] platform eisa.0: Cannot allocate resource for EISA slot 5
[   12.700165] platform eisa.0: Cannot allocate resource for EISA slot 6
[   12.710611] platform eisa.0: Cannot allocate resource for EISA slot 7
[   12.721224] platform eisa.0: Cannot allocate resource for EISA slot 8
[   12.731866] platform eisa.0: EISA: Detected 0 cards
[   12.740102] intel_pstate: CPU model not supported
[   12.751358] drop_monitor: Initializing network drop monitor service
[   12.763700] NET: Registered PF_INET6 protocol family
[   15.351697] Freeing initrd memory: 100064K
[   15.477524] Segment Routing with IPv6
[   15.485134] In-situ OAM (IOAM) with IPv6
[   15.493426] NET: Registered PF_PACKET protocol family
[   15.504655] Key type dns_resolver registered
[   15.568978] IPI shorthand broadcast: enabled
[   15.675977] registered taskstats version 1
[   15.710765] Loading compiled-in X.509 certificates
[   15.874600] Demotion targets for Node 0: null
[   15.885388] kmemleak: Kernel memory leak detector initialized (mem pool available: 14031)
[   15.885521] kmemleak: Automatic memory scanning thread started
[   15.909839] Key type .fscrypt registered
[   15.924946] Key type fscrypt-provisioning registered
[   16.011977] cryptd: module verification failed: signature and/or required key missing - tainting kernel
[   16.038626] cryptd: max_cpu_qlen set to 1000
[   16.241369] Key type encrypted registered
[   16.247932] AppArmor: AppArmor sha256 policy hashing enabled
[   16.257687] ima: No TPM chip found, activating TPM-bypass!
[   16.266878] Loading compiled-in module X.509 certificates
[   16.275891] ima: Allocated hash algorithm: sha1
[   16.284540] ima: No architecture policies found
[   16.292963] evm: Initialising EVM extended attributes:
[   16.301572] evm: security.selinux
[   16.307285] evm: security.SMACK64
[   16.312961] evm: security.SMACK64EXEC
[   16.319266] evm: security.SMACK64TRANSMUTE
[   16.326157] evm: security.SMACK64MMAP
[   16.332161] evm: security.apparmor
[   16.337973] evm: security.ima
[   16.343132] evm: security.capability
[   16.349293] evm: HMAC attrs: 0x1
[   16.367269] PM:   Magic number: 9:53:959
[   16.374613] memory memory10: hash matches
[   16.385966] RAS: Correctable Errors collector initialized.
[   16.399073] Unstable clock detected, switching default tracing clock to "global"
               If you want to keep using the local clock, then add:
                 "trace_clock=local"
               on the kernel command line
[   16.446747] clk: Disabling unused clocks
[   16.524129] Freeing unused decrypted memory: 2036K
[   16.558836] Freeing unused kernel image (initmem) memory: 9908K
[   16.569848] Write protecting the kernel read-only data: 67584k
[   16.583403] Freeing unused kernel image (rodata/data gap) memory: 1336K
[   16.658294] x86/mm: Checked W+X mappings: passed, no W+X pages found.
[   16.666509] x86/mm: Checking user space page tables
[   16.732743] x86/mm: Checked W+X mappings: passed, no W+X pages found.
[   16.741274] Run /init as init process
[   16.747102]   with arguments:
[   16.747119]     /init
[   16.747125]     nokaslr
[   16.747132]   with environment:
[   16.747137]     HOME=/
[   16.747143]     TERM=linux
[   19.585622] lpc_ich 0000:00:1f.0: I/O space for GPIO uninitialized
[   19.670408] virtio_blk virtio2: 32/0/0 default/read/poll queues
[   19.730549] ahci 0000:00:1f.2: version 3.0
[   19.737605] input: VirtualPS/2 VMware VMMouse as /devices/platform/i8042/serio1/input/input4
[   19.808953] ACPI: \_SB_.GSIA: Enabled at IRQ 16
[   19.849533] input: VirtualPS/2 VMware VMMouse as /devices/platform/i8042/serio1/input/input3
[   19.850724] i801_smbus 0000:00:1f.3: SMBus using PCI interrupt
[   19.875203] ahci 0000:00:1f.2: AHCI vers 0001.0000, 32 command slots, 1.5 Gbps, SATA mode
[   19.890031] ahci 0000:00:1f.2: 6/6 ports implemented (port mask 0x3f)
[   19.899207] ahci 0000:00:1f.2: flags: 64bit ncq only 
[   19.944439] i2c i2c-0: Memory type 0x07 not supported yet, not instantiating SPD
[   20.085146] scsi host0: ahci
[   20.109816] scsi host1: ahci
[   20.145028] scsi host2: ahci
[   20.167800] virtio_blk virtio2: [vda] 209715200 512-byte logical blocks (107 GB/100 GiB)
[   20.171836] scsi host3: ahci
[   20.238301] scsi host4: ahci
[   20.272002] scsi host5: ahci
[   20.285558] ata1: SATA max UDMA/133 abar m4096@0xfea53000 port 0xfea53100 irq 42 lpm-pol 0
[   20.296638] ata2: SATA max UDMA/133 abar m4096@0xfea53000 port 0xfea53180 irq 42 lpm-pol 0
[   20.307682] ata3: SATA max UDMA/133 abar m4096@0xfea53000 port 0xfea53200 irq 42 lpm-pol 0
[   20.318710] ata4: SATA max UDMA/133 abar m4096@0xfea53000 port 0xfea53280 irq 42 lpm-pol 0
[   20.334653] ata5: SATA max UDMA/133 abar m4096@0xfea53000 port 0xfea53300 irq 42 lpm-pol 0
[   20.345726] ata6: SATA max UDMA/133 abar m4096@0xfea53000 port 0xfea53380 irq 42 lpm-pol 0
[   20.352897]  vda: vda1 vda14 vda15
[   20.503301] virtio_net virtio0 enp0s2: renamed from eth0
[   20.680240] ata3: SATA link up 1.5 Gbps (SStatus 113 SControl 300)
[   20.690653] ata1: SATA link up 1.5 Gbps (SStatus 113 SControl 300)
[   20.700232] ata2: SATA link up 1.5 Gbps (SStatus 113 SControl 300)
[   20.710364] ata4: SATA link up 1.5 Gbps (SStatus 113 SControl 300)
[   20.720611] ata5: SATA link down (SStatus 0 SControl 300)
[   20.728918] ata6: SATA link down (SStatus 0 SControl 300)
[   20.737442] ata1.00: ATA-7: QEMU HARDDISK, 2.5+, max UDMA/100
[   20.745181] ata1.00: 20971520 sectors, multi 16: LBA48 NCQ (depth 32)
[   20.753467] ata1.00: applying bridge limits
[   20.759348] ata2.00: ATA-7: QEMU HARDDISK, 2.5+, max UDMA/100
[   20.766227] ata2.00: 20971520 sectors, multi 16: LBA48 NCQ (depth 32)
[   20.773785] ata2.00: applying bridge limits
[   20.779105] ata3.00: ATA-7: QEMU HARDDISK, 2.5+, max UDMA/100
[   20.786202] ata3.00: 20971520 sectors, multi 16: LBA48 NCQ (depth 32)
[   20.793676] ata3.00: applying bridge limits
[   20.800594] ata1.00: configured for UDMA/100
[   20.806374] ata4.00: ATA-7: QEMU HARDDISK, 2.5+, max UDMA/100
[   20.813140] ata4.00: 20971520 sectors, multi 16: LBA48 NCQ (depth 32)
[   20.816928] scsi 0:0:0:0: Direct-Access     ATA      QEMU HARDDISK    2.5+ PQ: 0 ANSI: 5
[   20.820134] ata4.00: applying bridge limits
[   20.835559] ata2.00: configured for UDMA/100
[   20.841944] ata4.00: configured for UDMA/100
[   20.845596] sd 0:0:0:0: Attached scsi generic sg0 type 0
[   20.845663] sd 0:0:0:0: [sda] 20971520 512-byte logical blocks: (10.7 GB/10.0 GiB)
[   20.845946] sd 0:0:0:0: [sda] Write Protect is off
[   20.845978] sd 0:0:0:0: [sda] Mode Sense: 00 3a 00 00
[   20.846194] sd 0:0:0:0: [sda] Write cache: enabled, read cache: enabled, doesn't support DPO or FUA
[   20.846810] sd 0:0:0:0: [sda] Preferred minimum I/O size 512 bytes
[   20.847101] ata3.00: configured for UDMA/100
[   20.860075] scsi 1:0:0:0: Direct-Access     ATA      QEMU HARDDISK    2.5+ PQ: 0 ANSI: 5
[   20.916838] sd 1:0:0:0: Attached scsi generic sg1 type 0
[   20.917789] sd 1:0:0:0: [sdb] 20971520 512-byte logical blocks: (10.7 GB/10.0 GiB)
[   20.927984] scsi 2:0:0:0: Direct-Access     ATA      QEMU HARDDISK    2.5+ PQ: 0 ANSI: 5
[   20.933836] sd 1:0:0:0: [sdb] Write Protect is off
[   20.947484] sd 0:0:0:0: [sda] Attached SCSI disk
[   20.951299] sd 1:0:0:0: [sdb] Mode Sense: 00 3a 00 00
[   20.952335] sd 2:0:0:0: Attached scsi generic sg2 type 0
[   20.953288] sd 2:0:0:0: [sdc] 20971520 512-byte logical blocks: (10.7 GB/10.0 GiB)
[   20.953509] sd 2:0:0:0: [sdc] Write Protect is off
[   20.953537] sd 2:0:0:0: [sdc] Mode Sense: 00 3a 00 00
[   20.953727] sd 2:0:0:0: [sdc] Write cache: enabled, read cache: enabled, doesn't support DPO or FUA
[   20.954401] sd 2:0:0:0: [sdc] Preferred minimum I/O size 512 bytes
[   20.955468] scsi 3:0:0:0: Direct-Access     ATA      QEMU HARDDISK    2.5+ PQ: 0 ANSI: 5
[   20.963058] sd 3:0:0:0: [sdd] 20971520 512-byte logical blocks: (10.7 GB/10.0 GiB)
[   20.963116] sd 3:0:0:0: Attached scsi generic sg3 type 0
[   20.966015] sd 1:0:0:0: [sdb] Write cache: enabled, read cache: enabled, doesn't support DPO or FUA
[   20.974609] sd 3:0:0:0: [sdd] Write Protect is off
[   20.982792] sd 1:0:0:0: [sdb] Preferred minimum I/O size 512 bytes
[   20.992572] sd 3:0:0:0: [sdd] Mode Sense: 00 3a 00 00
[   20.993106] sd 3:0:0:0: [sdd] Write cache: enabled, read cache: enabled, doesn't support DPO or FUA
[   21.064824] sd 3:0:0:0: [sdd] Preferred minimum I/O size 512 bytes
[   21.074137] sd 2:0:0:0: [sdc] Attached SCSI disk
[   21.109186] sd 1:0:0:0: [sdb] Attached SCSI disk
[   21.141269] sd 3:0:0:0: [sdd] Attached SCSI disk
[   21.186917] nd_pmem namespace0.0: unable to guarantee persistence of writes
[   24.768856] raid6: sse2x4   gen()  8865 MB/s
[   24.840847] raid6: sse2x2   gen()  9028 MB/s
[   24.912846] raid6: sse2x1   gen()  8063 MB/s
[   24.918060] raid6: using algorithm sse2x2 gen() 9028 MB/s
[   24.988784] raid6: .... xor() 6548 MB/s, rmw enabled
[   24.994563] raid6: using ssse3x2 recovery algorithm
[   25.012289] xor: measuring software checksum speed
[   25.018517]    prefetch64-sse  : 15956 MB/sec
[   25.024274]    generic_sse     : 11032 MB/sec
[   25.029872] xor: using function: prefetch64-sse (15956 MB/sec)
[   25.053872] async_tx: api initialized (async)
[   26.469919] Btrfs loaded, zoned=yes, fsverity=yes
[   27.310092] EXT4-fs (vda1): mounted filesystem 26c50908-598b-4e8e-871e-35718a3a1426 ro with ordered data mode. Quota mode: none.
[   28.587950] systemd[1]: Inserted module 'autofs4'
[   28.785600] systemd[1]: systemd 249.11-0ubuntu3.10 running in system mode (+PAM +AUDIT +SELINUX +APPARMOR +IMA +SMACK +SECCOMP +GCRYPT +GNUTLS +OPENSSL +ACL +BLKID +CURL +ELFUTILS +FIDO2 +IDN2 -IDN +IPTC +KMOD +LIBCRYPTSETUP +LIBFDISK +PCRE2 -PWQUALITY -P11KIT -QRENCODE +BZIP2 +LZ4 +XZ +ZLIB +ZSTD -XKBCOMMON +UTMP +SYSVINIT default-hierarchy=unified)
[   28.822288] systemd[1]: Detected virtualization kvm.
[   28.828916] systemd[1]: Detected architecture x86-64.
[   28.852928] systemd[1]: Hostname set to <qemu-2>.
[   29.500903] block vda: the capability attribute has been deprecated.
[   29.705488] random: crng init done
[   30.789836] systemd[1]: Queued start job for default target Graphical Interface.
[   30.893707] systemd[1]: Created slice Slice /system/modprobe.
[   30.930052] systemd[1]: Created slice Slice /system/serial-getty.
[   30.963427] systemd[1]: Created slice Slice /system/systemd-fsck.
[   30.997952] systemd[1]: Created slice User and Session Slice.
[   31.018541] systemd[1]: Started Forward Password Requests to Wall Directory Watch.
[   31.047495] systemd[1]: Set up automount Arbitrary Executable File Formats File System Automount Point.
[   31.073240] systemd[1]: Reached target Slice Units.
[   31.088848] systemd[1]: Reached target Mounting snaps.
[   31.104334] systemd[1]: Reached target Swaps.
[   31.117793] systemd[1]: Reached target Local Verity Protected Volumes.
[   31.138791] systemd[1]: Listening on Device-mapper event daemon FIFOs.
[   31.160656] systemd[1]: Listening on LVM2 poll daemon socket.
[   31.179778] systemd[1]: Listening on multipathd control socket.
[   31.366254] systemd[1]: Listening on RPCbind Server Activation Socket.
[   31.388080] systemd[1]: Listening on Syslog Socket.
[   31.404813] systemd[1]: Listening on fsck to fsckd communication Socket.
[   31.425884] systemd[1]: Listening on initctl Compatibility Named Pipe.
[   31.447888] systemd[1]: Listening on Journal Audit Socket.
[   31.466799] systemd[1]: Listening on Journal Socket (/dev/log).
[   31.487556] systemd[1]: Listening on Journal Socket.
[   31.504080] systemd[1]: Listening on Network Service Netlink Socket.
[   31.527381] systemd[1]: Listening on udev Control Socket.
[   31.546421] systemd[1]: Listening on udev Kernel Socket.
[   31.621853] systemd[1]: Mounting Huge Pages File System...
[   31.665323] systemd[1]: Mounting POSIX Message Queue File System...
[   31.711246] systemd[1]: Mounting Kernel Debug File System...
[   31.758896] systemd[1]: Mounting Kernel Trace File System...
[   31.824144] systemd[1]: Starting Journal Service...
[   31.839608] systemd[1]: Condition check resulted in Kernel Module supporting RPCSEC_GSS being skipped.
[   31.926308] systemd[1]: Starting Set the console keyboard layout...
[   31.978238] systemd[1]: Starting Create List of Static Device Nodes...
[   32.031519] systemd[1]: Starting Monitoring of LVM2 mirrors, snapshots etc. using dmeventd or progress polling...
[   32.056988] systemd[1]: Condition check resulted in LXD - agent being skipped.
[   32.092231] systemd[1]: Starting Load Kernel Module configfs...
[   32.143437] systemd[1]: Starting Load Kernel Module drm...
[   32.198709] systemd[1]: Starting Load Kernel Module efi_pstore...
[   32.306930] systemd[1]: Starting Load Kernel Module fuse...
[   32.330213] systemd[1]: Condition check resulted in OpenVSwitch configuration for cleanup being skipped.
[   32.348396] systemd[1]: Condition check resulted in File System Check on Root Device being skipped.
[   32.448468] ACPI: bus type drm_connector registered
[   32.466613] systemd[1]: Starting Load Kernel Modules...
[   32.521043] systemd[1]: Starting Remount Root and Kernel File Systems...
[   32.577126] systemd[1]: Starting Coldplug All udev Devices...
[   32.647111] systemd[1]: Mounted Huge Pages File System.
[   32.671591] systemd[1]: Mounted POSIX Message Queue File System.
[   32.695304] systemd[1]: Mounted Kernel Debug File System.
[   32.713782] systemd[1]: Started Journal Service.
[   32.736176] EXT4-fs (vda1): re-mounted 26c50908-598b-4e8e-871e-35718a3a1426 r/w. Quota mode: none.
[   33.288300] alua: device handler registered
[   33.316624] emc: device handler registered
[   33.338867] rdac: device handler registered
[   33.358573] systemd-journald[593]: Received client request to flush runtime journal.
[   33.395551] systemd-journald[593]: File /var/log/journal/02c9a06a7911097a3b638c9756cf2e6e/system.journal corrupted or uncleanly shut down, renaming and replacing.
[   34.207221] loop0: detected capacity change from 0 to 130888
[   34.256399] loop1: detected capacity change from 0 to 130448
[   34.303389] loop2: detected capacity change from 0 to 229272
[   34.350442] loop3: detected capacity change from 0 to 178256
[   34.412156] loop4: detected capacity change from 0 to 82800
[   34.465294] loop5: detected capacity change from 0 to 79520
[   36.544368] parport_pc 00:02: reported by Plug and Play ACPI
[   36.570244] parport0: PC-style at 0x378, irq 7 [PCSPP,TRISTATE]
[   40.777402] ppdev: user-space parallel port driver
[   41.007676] kvm_intel: VM_EXIT_LOAD_IA32_PERF_GLOBAL_CTRL does not work properly. Using workaround
[   41.963205] audit: type=1400 audit(1736553434.916:2): apparmor="STATUS" operation="profile_load" profile="unconfined" name="lsb_release" pid=1277 comm="apparmor_parser"
[   41.966620] audit: type=1400 audit(1736553434.920:3): apparmor="STATUS" operation="profile_load" profile="unconfined" name="/usr/bin/man" pid=1280 comm="apparmor_parser"
[   41.966744] audit: type=1400 audit(1736553434.920:4): apparmor="STATUS" operation="profile_load" profile="unconfined" name="man_filter" pid=1280 comm="apparmor_parser"
[   41.966829] audit: type=1400 audit(1736553434.920:5): apparmor="STATUS" operation="profile_load" profile="unconfined" name="man_groff" pid=1280 comm="apparmor_parser"
[   41.971387] audit: type=1400 audit(1736553434.924:6): apparmor="STATUS" operation="profile_load" profile="unconfined" name="nvidia_modprobe" pid=1278 comm="apparmor_parser"
[   41.971507] audit: type=1400 audit(1736553434.924:7): apparmor="STATUS" operation="profile_load" profile="unconfined" name="nvidia_modprobe//kmod" pid=1278 comm="apparmor_parser"
[   41.975540] audit: type=1400 audit(1736553434.928:8): apparmor="STATUS" operation="profile_load" profile="unconfined" name="swtpm" pid=1281 comm="apparmor_parser"
[   41.979994] audit: type=1400 audit(1736553434.932:9): apparmor="STATUS" operation="profile_load" profile="unconfined" name="virt-aa-helper" pid=1283 comm="apparmor_parser"
[   41.986199] audit: type=1400 audit(1736553434.940:10): apparmor="STATUS" operation="profile_load" profile="unconfined" name="/usr/lib/snapd/snap-confine" pid=1284 comm="apparmor_parser"
[   41.986362] audit: type=1400 audit(1736553434.940:11): apparmor="STATUS" operation="profile_load" profile="unconfined" name="/usr/lib/snapd/snap-confine//mount-namespace-capture-helper" pid=1284 comm="apparmor_parser"
[   43.681153] RPC: Registered named UNIX socket transport module.
[   43.681182] RPC: Registered udp transport module.
[   43.681190] RPC: Registered tcp transport module.
[   43.681197] RPC: Registered tcp-with-tls transport module.
[   43.681216] RPC: Registered tcp NFSv4.1 backchannel transport module.
[   48.274238] loop6: detected capacity change from 0 to 8
[   57.162118] netfs: FS-Cache loaded
[   58.529573] NFS: Registering the id_resolver key type
[   58.529715] Key type id_resolver registered
[   58.529726] Key type id_legacy registered
[   78.535902] cbd: loading out-of-tree module taints kernel.
[   83.721603] cbd: backend_validate:544 cbd_transport0: found backend_id: 0 for host_id: 1, path: /dev/sda
[   83.727408] cbd: cbd_backend_init:394 cbd_transport0: attach backend to backend_id: 0
[   87.104134] cbd: backend_validate:544 cbd_transport0: found backend_id: 1 for host_id: 1, path: /dev/sdb
[   87.109560] cbd: cbd_backend_init:394 cbd_transport0: attach backend to backend_id: 1
[  109.003181] ==== end /root/avocado/job-results/job-2025-01-09T22.24-1680aba/test-results/152-._cbdctrl.py_CbdctrlTest.test_run-cache_data_crc-enable-cache_for_xfstests-cache-channel_crc-channel_data_crc-disable-host_mode-multi_host-multihost-test_script-xfstests-d062 ==== 
[  128.675257] tid: 0, is not registered
[  338.131716] ==== start /root/avocado/job-results/job-2025-01-09T22.24-1680aba/test-results/153-._cbdctrl.py_CbdctrlTest.test_run-cache_data_crc-enable-cache_for_xfstests-cache-channel_crc-channel_data_crc-disable-host_mode-multi_host-multihost-test_script-register-f888 ==== 
[  376.480922] host id 0 is still alive
[  380.341250] ==== end /root/avocado/job-results/job-2025-01-09T22.24-1680aba/test-results/153-._cbdctrl.py_CbdctrlTest.test_run-cache_data_crc-enable-cache_for_xfstests-cache-channel_crc-channel_data_crc-disable-host_mode-multi_host-multihost-test_script-register-f888 ==== 
[  399.980054] tid: 0, is not registered
[  408.086983] ==== start /root/avocado/job-results/job-2025-01-09T22.24-1680aba/test-results/154-._cbdctrl.py_CbdctrlTest.test_run-cache_data_crc-enable-cache_for_xfstests-cache-channel_crc-channel_data_crc-disable-host_mode-multi_host-multihost-test_script-backend-3c87 ==== 
[  428.743331] host id 0 is still alive
[  432.600490] ==== end /root/avocado/job-results/job-2025-01-09T22.24-1680aba/test-results/154-._cbdctrl.py_CbdctrlTest.test_run-cache_data_crc-enable-cache_for_xfstests-cache-channel_crc-channel_data_crc-disable-host_mode-multi_host-multihost-test_script-backend-3c87 ==== 
[  450.707524] tid: 0, is not registered
[  455.752562] ==== start /root/avocado/job-results/job-2025-01-09T22.24-1680aba/test-results/155-._cbdctrl.py_CbdctrlTest.test_run-cache_data_crc-enable-cache_for_xfstests-cache-channel_crc-channel_data_crc-disable-host_mode-multi_host-multihost-test_script-dev-d58c ==== 
[  479.887166] host id 0 is still alive
[  483.683922] ==== end /root/avocado/job-results/job-2025-01-09T22.24-1680aba/test-results/155-._cbdctrl.py_CbdctrlTest.test_run-cache_data_crc-enable-cache_for_xfstests-cache-channel_crc-channel_data_crc-disable-host_mode-multi_host-multihost-test_script-dev-d58c ==== 
[  501.955558] tid: 0, is not registered
[  506.922986] ==== start /root/avocado/job-results/job-2025-01-09T22.24-1680aba/test-results/156-._cbdctrl.py_CbdctrlTest.test_run-cache_data_crc-enable-cache_for_xfstests-cache-channel_crc-channel_data_crc-disable-host_mode-multi_host-multihost-test_script-xfstests-ddf4 ==== 
[  527.223862] host id 0 is still alive
[  534.535837] ==== end /root/avocado/job-results/job-2025-01-09T22.24-1680aba/test-results/156-._cbdctrl.py_CbdctrlTest.test_run-cache_data_crc-enable-cache_for_xfstests-cache-channel_crc-channel_data_crc-disable-host_mode-multi_host-multihost-test_script-xfstests-ddf4 ==== 
[  552.909349] tid: 0, is not registered
[  557.921687] ==== start /root/avocado/job-results/job-2025-01-09T22.24-1680aba/test-results/157-._cbdctrl.py_CbdctrlTest.test_run-cache_data_crc-disable-cache_for_xfstests-cache-channel_crc-enable-channel_data_crc-host_mode-multi_host-multihost-test_script-register-fb65 ==== 
[  605.778395] ==== end /root/avocado/job-results/job-2025-01-09T22.24-1680aba/test-results/157-._cbdctrl.py_CbdctrlTest.test_run-cache_data_crc-disable-cache_for_xfstests-cache-channel_crc-enable-channel_data_crc-host_mode-multi_host-multihost-test_script-register-fb65 ==== 
