MemTotal:       67749304 kB
MemFree:        65797540 kB
MemAvailable:   65781312 kB
Buffers:           25408 kB
Cached:           545260 kB
SwapCached:            0 kB
Active:           131244 kB
Inactive:         518080 kB
Active(anon):       1236 kB
Inactive(anon):    87896 kB
Active(file):     130008 kB
Inactive(file):   430184 kB
Unevictable:       27648 kB
Mlocked:           27648 kB
SwapTotal:             0 kB
SwapFree:              0 kB
Zswap:                 0 kB
Zswapped:              0 kB
Dirty:               180 kB
Writeback:             8 kB
AnonPages:        106644 kB
Mapped:            62272 kB
Shmem:              1308 kB
KReclaimable:      64764 kB
Slab:             219820 kB
SReclaimable:      64764 kB
SUnreclaim:       155056 kB
KernelStack:       12560 kB
PageTables:         2984 kB
SecPageTables:         0 kB
NFS_Unstable:          0 kB
Bounce:                0 kB
WritebackTmp:          0 kB
CommitLimit:    33874652 kB
Committed_AS:     443048 kB
VmallocTotal:   34359738367 kB
VmallocUsed:      353088 kB
VmallocChunk:          0 kB
Percpu:           154880 kB
HardwareCorrupted:     0 kB
AnonHugePages:         0 kB
ShmemHugePages:        0 kB
ShmemPmdMapped:        0 kB
FileHugePages:         0 kB
FilePmdMapped:         0 kB
Unaccepted:            0 kB
HugePages_Total:       0
HugePages_Free:        0
HugePages_Rsvd:        0
HugePages_Surp:        0
Hugepagesize:       2048 kB
Hugetlb:               0 kB
DirectMap4k:      280444 kB
DirectMap2M:     6010880 kB
DirectMap1G:    96468992 kB
