[    0.000000] Linux version 6.13.0-rc5+ (root@ubuntu-22-04-server) (gcc (Ubuntu 11.4.0-1ubuntu1~22.04) 11.4.0, GNU ld (GNU Binutils for Ubuntu) 2.38) #2 SMP PREEMPT_DYNAMIC Fri Jan  3 15:43:06 CST 2025
[    0.000000] Command line: intremap=off console=ttyS0,115200 nokaslr root=/dev/vda1 crashkernel=1G-:2G
[    0.000000] KERNEL supported cpus:
[    0.000000]   Intel GenuineIntel
[    0.000000]   AMD AuthenticAMD
[    0.000000]   Hygon HygonGenuine
[    0.000000]   Centaur CentaurHauls
[    0.000000]   zhaoxin   Shanghai  
[    0.000000] BIOS-provided physical RAM map:
[    0.000000] BIOS-e820: [mem 0x0000000000000000-0x000000000009fbff] usable
[    0.000000] BIOS-e820: [mem 0x000000000009fc00-0x000000000009ffff] reserved
[    0.000000] BIOS-e820: [mem 0x00000000000f0000-0x00000000000fffff] reserved
[    0.000000] BIOS-e820: [mem 0x0000000000100000-0x000000007ffdafff] usable
[    0.000000] BIOS-e820: [mem 0x000000007ffdb000-0x000000007fffffff] reserved
[    0.000000] BIOS-e820: [mem 0x00000000b0000000-0x00000000bfffffff] reserved
[    0.000000] BIOS-e820: [mem 0x00000000fed1c000-0x00000000fed1ffff] reserved
[    0.000000] BIOS-e820: [mem 0x00000000feffc000-0x00000000feffffff] reserved
[    0.000000] BIOS-e820: [mem 0x00000000fffc0000-0x00000000ffffffff] reserved
[    0.000000] BIOS-e820: [mem 0x0000000100000000-0x0000000dffffffff] usable
[    0.000000] NX (Execute Disable) protection: active
[    0.000000] APIC: Static calls initialized
[    0.000000] SMBIOS 2.8 present.
[    0.000000] DMI: QEMU Standard PC (Q35 + ICH9, 2009), BIOS rel-1.16.3-0-ga6ed6b701f0a-prebuilt.qemu.org 04/01/2014
[    0.000000] DMI: Memory slots populated: 1/1
[    0.000000] Hypervisor detected: KVM
[    0.000000] kvm-clock: Using msrs 4b564d01 and 4b564d00
[    0.000008] kvm-clock: using sched offset of 3659280710 cycles
[    0.000023] clocksource: kvm-clock: mask: 0xffffffffffffffff max_cycles: 0x1cd42e4dffb, max_idle_ns: 881590591483 ns
[    0.000068] tsc: Detected 2933.436 MHz processor
[    0.002544] e820: update [mem 0x00000000-0x00000fff] usable ==> reserved
[    0.002553] e820: remove [mem 0x000a0000-0x000fffff] usable
[    0.002568] last_pfn = 0xe00000 max_arch_pfn = 0x400000000
[    0.003197] MTRR map: 4 entries (3 fixed + 1 variable; max 19), built from 8 variable MTRRs
[    0.003233] x86/PAT: Configuration [0-7]: WB  WC  UC- UC  WB  WP  UC- WT  
[    0.003985] last_pfn = 0x7ffdb max_arch_pfn = 0x400000000
[    0.015953] found SMP MP-table at [mem 0x000f5450-0x000f545f]
[    0.016081] Using GB pages for direct mapping
[    0.019502] RAMDISK: [mem 0x79df5000-0x7ffcffff]
[    0.019588] ACPI: Early table checksum verification disabled
[    0.019706] ACPI: RSDP 0x00000000000F5220 000014 (v00 BOCHS )
[    0.019765] ACPI: RSDT 0x000000007FFE3D96 000040 (v01 BOCHS  BXPC     00000001 BXPC 00000001)
[    0.019813] ACPI: FACP 0x000000007FFE25E7 0000F4 (v03 BOCHS  BXPC     00000001 BXPC 00000001)
[    0.019842] ACPI: DSDT 0x000000007FFDF040 0035A7 (v01 BOCHS  BXPC     00000001 BXPC 00000001)
[    0.019860] ACPI: FACS 0x000000007FFDF000 000040
[    0.019869] ACPI: APIC 0x000000007FFE26DB 000170 (v03 BOCHS  BXPC     00000001 BXPC 00000001)
[    0.019880] ACPI: HPET 0x000000007FFE284B 000038 (v01 BOCHS  BXPC     00000001 BXPC 00000001)
[    0.019890] ACPI: SRAT 0x000000007FFE2883 0002D0 (v01 BOCHS  BXPC     00000001 BXPC 00000001)
[    0.019900] ACPI: MCFG 0x000000007FFE2B53 00003C (v01 BOCHS  BXPC     00000001 BXPC 00000001)
[    0.019911] ACPI: SSDT 0x000000007FFE2B8F 0011DF (v01 BOCHS  NVDIMM   00000001 BXPC 00000001)
[    0.019921] ACPI: WAET 0x000000007FFE3D6E 000028 (v01 BOCHS  BXPC     00000001 BXPC 00000001)
[    0.019929] ACPI: Reserving FACP table memory at [mem 0x7ffe25e7-0x7ffe26da]
[    0.019932] ACPI: Reserving DSDT table memory at [mem 0x7ffdf040-0x7ffe25e6]
[    0.019935] ACPI: Reserving FACS table memory at [mem 0x7ffdf000-0x7ffdf03f]
[    0.019937] ACPI: Reserving APIC table memory at [mem 0x7ffe26db-0x7ffe284a]
[    0.019940] ACPI: Reserving HPET table memory at [mem 0x7ffe284b-0x7ffe2882]
[    0.019942] ACPI: Reserving SRAT table memory at [mem 0x7ffe2883-0x7ffe2b52]
[    0.019945] ACPI: Reserving MCFG table memory at [mem 0x7ffe2b53-0x7ffe2b8e]
[    0.019947] ACPI: Reserving SSDT table memory at [mem 0x7ffe2b8f-0x7ffe3d6d]
[    0.019950] ACPI: Reserving WAET table memory at [mem 0x7ffe3d6e-0x7ffe3d95]
[    0.020406] ACPI: SRAT: Node 0 PXM 0 [mem 0x00000000-0x0009ffff]
[    0.020413] ACPI: SRAT: Node 0 PXM 0 [mem 0x00100000-0x7fffffff]
[    0.020417] ACPI: SRAT: Node 0 PXM 0 [mem 0x100000000-0xdffffffff]
[    0.020420] ACPI: SRAT: Node 0 PXM 0 [mem 0xe00000000-0x1bffffffff] hotplug
[    0.020434] NUMA: Node 0 [mem 0x00001000-0x0009ffff] + [mem 0x00100000-0x7fffffff] -> [mem 0x00001000-0x7fffffff]
[    0.020439] NUMA: Node 0 [mem 0x00001000-0x7fffffff] + [mem 0x100000000-0xdffffffff] -> [mem 0x00001000-0xdffffffff]
[    0.020470] NODE_DATA(0) allocated [mem 0xdfffd3700-0xdffffdfff]
[    0.020918] crashkernel low memory reserved: 0x69000000 - 0x79000000 (256 MB)
[    0.020925] crashkernel reserved: 0x0000000d7f000000 - 0x0000000dff000000 (2048 MB)
[    0.021379] Zone ranges:
[    0.021382]   DMA      [mem 0x0000000000001000-0x0000000000ffffff]
[    0.021387]   DMA32    [mem 0x0000000001000000-0x00000000ffffffff]
[    0.021390]   Normal   [mem 0x0000000100000000-0x0000000dffffffff]
[    0.021394]   Device   empty
[    0.021396] Movable zone start for each node
[    0.021399] Early memory node ranges
[    0.021401]   node   0: [mem 0x0000000000001000-0x000000000009efff]
[    0.021409]   node   0: [mem 0x0000000000100000-0x000000007ffdafff]
[    0.021412]   node   0: [mem 0x0000000100000000-0x0000000dffffffff]
[    0.021422] Initmem setup node 0 [mem 0x0000000000001000-0x0000000dffffffff]
[    0.022039] On node 0, zone DMA: 1 pages in unavailable ranges
[    0.022363] On node 0, zone DMA: 97 pages in unavailable ranges
[    1.062262] On node 0, zone Normal: 37 pages in unavailable ranges
[   10.090840] kasan: KernelAddressSanitizer initialized
[   10.098768] ACPI: PM-Timer IO Port: 0x608
[   10.098906] ACPI: LAPIC_NMI (acpi_id[0xff] dfl dfl lint[0x1])
[   10.099363] IOAPIC[0]: apic_id 0, version 17, address 0xfec00000, GSI 0-23
[   10.099390] ACPI: INT_SRC_OVR (bus 0 bus_irq 0 global_irq 2 dfl dfl)
[   10.099396] ACPI: INT_SRC_OVR (bus 0 bus_irq 5 global_irq 5 high level)
[   10.099400] ACPI: INT_SRC_OVR (bus 0 bus_irq 9 global_irq 9 high level)
[   10.099410] ACPI: INT_SRC_OVR (bus 0 bus_irq 10 global_irq 10 high level)
[   10.099414] ACPI: INT_SRC_OVR (bus 0 bus_irq 11 global_irq 11 high level)
[   10.099429] ACPI: Using ACPI (MADT) for SMP configuration information
[   10.099434] ACPI: HPET id: 0x8086a201 base: 0xfed00000
[   10.099453] TSC deadline timer available
[   10.099466] CPU topo: Max. logical packages:   2
[   10.099469] CPU topo: Max. logical dies:       2
[   10.099471] CPU topo: Max. dies per package:   1
[   10.099478] CPU topo: Max. threads per core:   2
[   10.099480] CPU topo: Num. cores per package:     8
[   10.099482] CPU topo: Num. threads per package:  16
[   10.099484] CPU topo: Allowing 32 present CPUs plus 0 hotplug CPUs
[   10.099633] kvm-guest: APIC: eoi() replaced with kvm_guest_apic_eoi_write()
[   10.099761] kvm-guest: KVM setup pv remote TLB flush
[   10.099822] kvm-guest: setup PV sched yield
[   10.100133] PM: hibernation: Registered nosave memory: [mem 0x00000000-0x00000fff]
[   10.100140] PM: hibernation: Registered nosave memory: [mem 0x0009f000-0x0009ffff]
[   10.100143] PM: hibernation: Registered nosave memory: [mem 0x000a0000-0x000effff]
[   10.100145] PM: hibernation: Registered nosave memory: [mem 0x000f0000-0x000fffff]
[   10.100150] PM: hibernation: Registered nosave memory: [mem 0x7ffdb000-0x7fffffff]
[   10.100153] PM: hibernation: Registered nosave memory: [mem 0x80000000-0xafffffff]
[   10.100155] PM: hibernation: Registered nosave memory: [mem 0xb0000000-0xbfffffff]
[   10.100157] PM: hibernation: Registered nosave memory: [mem 0xc0000000-0xfed1bfff]
[   10.100159] PM: hibernation: Registered nosave memory: [mem 0xfed1c000-0xfed1ffff]
[   10.100161] PM: hibernation: Registered nosave memory: [mem 0xfed20000-0xfeffbfff]
[   10.100163] PM: hibernation: Registered nosave memory: [mem 0xfeffc000-0xfeffffff]
[   10.100165] PM: hibernation: Registered nosave memory: [mem 0xff000000-0xfffbffff]
[   10.100168] PM: hibernation: Registered nosave memory: [mem 0xfffc0000-0xffffffff]
[   10.100181] [mem 0xc0000000-0xfed1bfff] available for PCI devices
[   10.100190] Booting paravirtualized kernel on KVM
[   10.100199] clocksource: refined-jiffies: mask: 0xffffffff max_cycles: 0xffffffff, max_idle_ns: 7645519600211568 ns
[   10.100285] setup_percpu: NR_CPUS:8192 nr_cpumask_bits:32 nr_cpu_ids:32 nr_node_ids:1
[   10.256910] percpu: Embedded 532 pages/cpu s2142208 r8192 d28672 u4194304
[   10.256969] pcpu-alloc: s2142208 r8192 d28672 u4194304 alloc=2*2097152
[   10.256977] pcpu-alloc: [0] 00 [0] 01 [0] 02 [0] 03 [0] 04 [0] 05 [0] 06 [0] 07 
[   10.256997] pcpu-alloc: [0] 08 [0] 09 [0] 10 [0] 11 [0] 12 [0] 13 [0] 14 [0] 15 
[   10.257017] pcpu-alloc: [0] 16 [0] 17 [0] 18 [0] 19 [0] 20 [0] 21 [0] 22 [0] 23 
[   10.257036] pcpu-alloc: [0] 24 [0] 25 [0] 26 [0] 27 [0] 28 [0] 29 [0] 30 [0] 31 
[   10.257405] kvm-guest: PV spinlocks enabled
[   10.257427] PV qspinlock hash table entries: 256 (order: 0, 4096 bytes, linear)
[   10.257445] Kernel command line: intremap=off console=ttyS0,115200 nokaslr root=/dev/vda1 crashkernel=1G-:2G
[   10.257704] Unknown kernel command line parameters "nokaslr", will be passed to user space.
[   10.257738] printk: log buffer data + meta data: 262144 + 917504 = 1179648 bytes
[   10.345587] Dentry cache hash table entries: 8388608 (order: 14, 67108864 bytes, linear)
[   10.383296] Inode-cache hash table entries: 4194304 (order: 13, 33554432 bytes, linear)
[   10.388093] Fallback order for Node 0: 0 
[   10.388124] Built 1 zonelists, mobility grouping on.  Total pages: 14155641
[   10.388128] Policy zone: Normal
[   10.388192] mem auto-init: stack:off, heap alloc:on, heap free:off
[   10.388203] stackdepot: allocating hash table via alloc_large_system_hash
[   10.388214] stackdepot hash table entries: 1048576 (order: 12, 16777216 bytes, linear)
[   10.412807] software IO TLB: area num 32.
[   13.264993] SLUB: HWalign=64, Order=0-3, MinObjects=0, CPUs=32, Nodes=1
[   13.266509] Kernel/User page tables isolation: enabled
[   13.267417] ftrace: allocating 52416 entries in 205 pages
[   13.600301] ftrace: allocated 205 pages with 5 groups
[   13.609389] Dynamic Preempt: voluntary
[   13.618915] Running RCU self tests
[   13.618918] Running RCU synchronous self tests
[   13.618982] rcu: Preemptible hierarchical RCU implementation.
[   13.618984] rcu: 	RCU lockdep checking is enabled.
[   13.618986] rcu: 	RCU restricting CPUs from NR_CPUS=8192 to nr_cpu_ids=32.
[   13.618990] 	Trampoline variant of Tasks RCU enabled.
[   13.618991] 	Rude variant of Tasks RCU enabled.
[   13.618993] 	Tracing variant of Tasks RCU enabled.
[   13.618995] rcu: RCU calculated value of scheduler-enlistment delay is 25 jiffies.
[   13.618997] rcu: Adjusting geometry for rcu_fanout_leaf=16, nr_cpu_ids=32
[   13.619701] Running RCU synchronous self tests
[   13.619732] RCU Tasks: Setting shift to 5 and lim to 1 rcu_task_cb_adjust=1 rcu_task_cpu_ids=32.
[   13.619757] RCU Tasks Rude: Setting shift to 5 and lim to 1 rcu_task_cb_adjust=1 rcu_task_cpu_ids=32.
[   13.619780] RCU Tasks Trace: Setting shift to 5 and lim to 1 rcu_task_cb_adjust=1 rcu_task_cpu_ids=32.
[   13.676714] NR_IRQS: 524544, nr_irqs: 680, preallocated irqs: 16
[   13.678766] rcu: srcu_init: Setting srcu_struct sizes based on contention.
[   13.786942] Console: colour VGA+ 80x25
[   13.787400] printk: legacy console [ttyS0] enabled
[   15.356063] Lock dependency validator: Copyright (c) 2006 Red Hat, Inc., Ingo Molnar
[   15.366770] ... MAX_LOCKDEP_SUBCLASSES:  8
[   15.372481] ... MAX_LOCK_DEPTH:          48
[   15.378300] ... MAX_LOCKDEP_KEYS:        8192
[   15.384397] ... CLASSHASH_SIZE:          4096
[   15.390459] ... MAX_LOCKDEP_ENTRIES:     32768
[   15.396497] ... MAX_LOCKDEP_CHAINS:      65536
[   15.402458] ... CHAINHASH_SIZE:          32768
[   15.408633]  memory used by lock dependency info: 6941 kB
[   15.416118]  memory used for stack traces: 4224 kB
[   15.422827]  per task-struct memory footprint: 2688 bytes
[   15.431198] ACPI: Core revision 20240827
[   15.439936] clocksource: hpet: mask: 0xffffffff max_cycles: 0xffffffff, max_idle_ns: 19112604467 ns
[   15.453602] APIC: Switch to symmetric I/O mode setup
[   15.464300] x2apic enabled
[   15.472127] APIC: Switched APIC routing to: physical x2apic
[   15.479884] kvm-guest: APIC: send_IPI_mask() replaced with kvm_send_ipi_mask()
[   15.489814] kvm-guest: APIC: send_IPI_mask_allbutself() replaced with kvm_send_ipi_mask_allbutself()
[   15.502230] kvm-guest: setup PV IPIs
[   15.523333] ..TIMER: vector=0x30 apic1=0 pin1=2 apic2=-1 pin2=-1
[   15.532811] clocksource: tsc-early: mask: 0xffffffffffffffff max_cycles: 0x2a48a50322c, max_idle_ns: 440795287943 ns
[   15.548833] Calibrating delay loop (skipped) preset value.. 5866.87 BogoMIPS (lpj=11733744)
[   15.554564] x86/cpu: User Mode Instruction Prevention (UMIP) activated
[   15.562002] Last level iTLB entries: 4KB 0, 2MB 0, 4MB 0
[   15.564820] Last level dTLB entries: 4KB 0, 2MB 0, 4MB 0, 1GB 0
[   15.568967] Spectre V1 : Mitigation: usercopy/swapgs barriers and __user pointer sanitization
[   15.572823] Spectre V2 : Mitigation: Retpolines
[   15.576820] Spectre V2 : Spectre v2 / SpectreRSB mitigation: Filling RSB on context switch
[   15.580820] Spectre V2 : Spectre v2 / SpectreRSB : Filling RSB on VMEXIT
[   15.584820] Spectre V2 : Enabling Restricted Speculation for firmware calls
[   15.588830] Spectre V2 : mitigation: Enabling conditional Indirect Branch Prediction Barrier
[   15.596820] Spectre V2 : User space: Mitigation: STIBP via prctl
[   15.600821] Speculative Store Bypass: Mitigation: Speculative Store Bypass disabled via prctl
[   15.604822] MDS: Vulnerable: Clear CPU buffers attempted, no microcode
[   15.608820] MMIO Stale Data: Unknown: No mitigations
[   15.612847] x86/fpu: x87 FPU will use FXSAVE
[   15.675338] Freeing SMP alternatives memory: 40K
[   15.676829] pid_max: default: 32768 minimum: 301
[   15.684969] LSM: initializing lsm=lockdown,capability,landlock,yama,apparmor,ima,evm
[   15.689818] landlock: Up and running.
[   15.692823] Yama: becoming mindful.
[   15.698146] AppArmor: AppArmor initialized
[   15.704939] Mount-cache hash table entries: 131072 (order: 8, 1048576 bytes, linear)
[   15.713496] Mountpoint-cache hash table entries: 131072 (order: 8, 1048576 bytes, linear)
[   15.728886] Running RCU synchronous self tests
[   15.732827] Running RCU synchronous self tests
[   15.742229] smpboot: CPU0: Intel Westmere E56xx/L56xx/X56xx (IBRS update) (family: 0x6, model: 0x2c, stepping: 0x1)
[   15.758217] Running RCU Tasks wait API self tests
[   15.865004] Running RCU Tasks Rude wait API self tests
[   15.868849] Running RCU Tasks Trace wait API self tests
[   15.873049] Performance Events: unsupported p6 CPU model 44 no PMU driver, software events only.
[   15.877388] signal: max sigframe size: 1440
[   15.880938] Callback from call_rcu_tasks_trace() invoked.
[   15.885591] rcu: Hierarchical SRCU implementation.
[   15.888852] rcu: 	Max phase no-delay instances is 1000.
[   15.894248] Timer migration: 2 hierarchy levels; 8 children per group; 2 crossnode level
[   15.909027] NMI watchdog: Perf NMI watchdog permanently disabled
[   15.925311] smp: Bringing up secondary CPUs ...
[   15.933688] smpboot: x86: Booting SMP configuration:
[   15.936883] .... node  #0, CPUs:        #2  #4  #6  #8 #10 #12 #14 #16 #18 #20 #22 #24 #26 #28 #30
[   16.073140] Callback from call_rcu_tasks() invoked.
[   16.169614]   #1  #3  #5  #7  #9 #11 #13 #15 #17 #19 #21 #23 #25 #27 #29 #31
[   16.290744] MDS CPU bug present and SMT on, data leak possible. See https://www.kernel.org/doc/html/latest/admin-guide/hw-vuln/mds.html for more details.
[   16.389646] smp: Brought up 1 node, 32 CPUs
[   16.392867] smpboot: Total of 32 processors activated (187739.90 BogoMIPS)
[   16.433100] Memory: 45769576K/56622564K available (53248K kernel code, 16294K rwdata, 13000K rodata, 9908K init, 22736K bss, 10804692K reserved, 0K cma-reserved)
[   16.454297] devtmpfs: initialized
[   16.458428] x86/mm: Memory block size: 128MB
[   16.741454] Running RCU synchronous self tests
[   16.745060] Running RCU synchronous self tests
[   16.749162] clocksource: jiffies: mask: 0xffffffff max_cycles: 0xffffffff, max_idle_ns: 7645041785100000 ns
[   16.755751] futex hash table entries: 8192 (order: 8, 1048576 bytes, linear)
[   16.760737] pinctrl core: initialized pinctrl subsystem
[   16.764444] PM: RTC time: 23:29:44, date: 2025-01-10
[   16.774392] NET: Registered PF_NETLINK/PF_ROUTE protocol family
[   16.786274] DMA: preallocated 4096 KiB GFP_KERNEL pool for atomic allocations
[   16.789840] DMA: preallocated 4096 KiB GFP_KERNEL|GFP_DMA pool for atomic allocations
[   16.796106] DMA: preallocated 4096 KiB GFP_KERNEL|GFP_DMA32 pool for atomic allocations
[   16.797760] audit: initializing netlink subsys (disabled)
[   16.801943] audit: type=2000 audit(1736551782.584:1): state=initialized audit_enabled=0 res=1
[   16.807493] thermal_sys: Registered thermal governor 'fair_share'
[   16.808937] thermal_sys: Registered thermal governor 'bang_bang'
[   16.812852] thermal_sys: Registered thermal governor 'step_wise'
[   16.816861] thermal_sys: Registered thermal governor 'user_space'
[   16.820869] thermal_sys: Registered thermal governor 'power_allocator'
[   16.825263] EISA bus registered
[   16.833109] cpuidle: using governor ladder
[   16.837091] cpuidle: using governor menu
[   16.843047] acpiphp: ACPI Hot Plug PCI Controller Driver version: 0.5
[   16.848695] PCI: ECAM [mem 0xb0000000-0xbfffffff] (base 0xb0000000) for domain 0000 [bus 00-ff]
[   16.848857] PCI: ECAM [mem 0xb0000000-0xbfffffff] reserved as E820 entry
[   16.941677] PCI: Using configuration type 1 for base access
[   16.947297] kprobes: kprobe jump-optimization is enabled. All kprobes are optimized if possible.
[   16.961205] HugeTLB: registered 1.00 GiB page size, pre-allocated 0 pages
[   16.964849] HugeTLB: 16380 KiB vmemmap can be freed for a 1.00 GiB page
[   16.968851] HugeTLB: registered 2.00 MiB page size, pre-allocated 0 pages
[   16.972861] HugeTLB: 28 KiB vmemmap can be freed for a 2.00 MiB page
[   17.077850] ACPI: Added _OSI(Module Device)
[   17.084881] ACPI: Added _OSI(Processor Device)
[   17.088850] ACPI: Added _OSI(3.0 _SCP Extensions)
[   17.096851] ACPI: Added _OSI(Processor Aggregator Device)
[   17.348869] ACPI: 2 ACPI AML tables successfully acquired and loaded
[   17.412213] ACPI: Interpreter enabled
[   17.413658] ACPI: PM: (supports S0 S3 S4 S5)
[   17.417457] ACPI: Using IOAPIC for interrupt routing
[   17.423040] PCI: Using host bridge windows from ACPI; if necessary, use "pci=nocrs" and report a bug
[   17.424848] PCI: Using E820 reservations for host bridge windows
[   17.437575] ACPI: Enabled 4 GPEs in block 00 to 3F
[   17.988063] ACPI: PCI Root Bridge [PCI0] (domain 0000 [bus 00-ff])
[   18.000926] acpi PNP0A08:00: _OSC: OS supports [ExtendedConfig ASPM ClockPM Segments MSI EDR HPX-Type3]
[   18.026275] acpi PNP0A08:00: _OSC: platform does not support [PCIeHotplug LTR DPC]
[   18.055680] acpi PNP0A08:00: _OSC: OS now controls [SHPCHotplug PME AER PCIeCapability]
[   18.082426] PCI host bridge to bus 0000:00
[   18.089521] pci_bus 0000:00: root bus resource [io  0x0000-0x0cf7 window]
[   18.100872] pci_bus 0000:00: root bus resource [io  0x0d00-0xffff window]
[   18.112876] pci_bus 0000:00: root bus resource [mem 0x000a0000-0x000bffff window]
[   18.124868] pci_bus 0000:00: root bus resource [mem 0x80000000-0xafffffff window]
[   18.140890] pci_bus 0000:00: root bus resource [mem 0xc0000000-0xfebfffff window]
[   18.152871] pci_bus 0000:00: root bus resource [mem 0x1c00000000-0x23ffffffff window]
[   18.168873] pci_bus 0000:00: root bus resource [bus 00-ff]
[   18.177565] pci 0000:00:00.0: [8086:29c0] type 00 class 0x060000 conventional PCI endpoint
[   18.202760] pci 0000:00:01.0: [1234:1111] type 00 class 0x030000 conventional PCI endpoint
[   18.237522] pci 0000:00:01.0: BAR 0 [mem 0xfd000000-0xfdffffff pref]
[   18.280856] pci 0000:00:01.0: BAR 2 [mem 0xfea50000-0xfea50fff]
[   18.351016] pci 0000:00:01.0: ROM [mem 0xfea40000-0xfea4ffff pref]
[   18.369201] pci 0000:00:01.0: Video device with shadowed ROM at [mem 0x000c0000-0x000dffff]
[   18.380922] pci 0000:00:01.0: pci_fixup_video+0x0/0x2d0 took 11718 usecs
[   18.407735] pci 0000:00:02.0: [1af4:1000] type 00 class 0x020000 conventional PCI endpoint
[   18.428896] pci 0000:00:02.0: BAR 0 [io  0xc040-0xc05f]
[   18.444691] pci 0000:00:02.0: BAR 1 [mem 0xfea51000-0xfea51fff]
[   18.463986] pci 0000:00:02.0: BAR 4 [mem 0xfe200000-0xfe203fff 64bit pref]
[   18.478812] pci 0000:00:02.0: ROM [mem 0xfea00000-0xfea3ffff pref]
[   18.499638] pci 0000:00:03.0: [1b36:000c] type 01 class 0x060400 PCIe Root Port
[   18.524872] pci 0000:00:03.0: BAR 0 [mem 0xfea52000-0xfea52fff]
[   18.548868] pci 0000:00:03.0: PCI bridge to [bus 01]
[   18.561374] pci 0000:00:03.0:   bridge window [mem 0xfe800000-0xfe9fffff]
[   18.581233] pci 0000:00:03.0:   bridge window [mem 0xfe000000-0xfe1fffff 64bit pref]
[   18.608351] pci 0000:00:04.0: [1af4:105b] type 00 class 0x00ff00 conventional PCI endpoint
[   18.631497] pci 0000:00:04.0: BAR 4 [mem 0xfe204000-0xfe207fff 64bit pref]
[   18.792791] pci 0000:00:1f.0: [8086:2918] type 00 class 0x060100 conventional PCI endpoint
[   18.810784] pci 0000:00:1f.0: quirk: [io  0x0600-0x067f] claimed by ICH6 ACPI/GPIO/TCO
[   18.825394] pci 0000:00:1f.0: quirk_ich7_lpc+0x0/0x1d0 took 11718 usecs
[   18.846410] pci 0000:00:1f.2: [8086:2922] type 00 class 0x010601 conventional PCI endpoint
[   18.873458] pci 0000:00:1f.2: BAR 4 [io  0xc060-0xc07f]
[   18.886473] pci 0000:00:1f.2: BAR 5 [mem 0xfea53000-0xfea53fff]
[   18.908000] pci 0000:00:1f.3: [8086:2930] type 00 class 0x0c0500 conventional PCI endpoint
[   18.931395] pci 0000:00:1f.3: BAR 4 [io  0x0700-0x073f]
[   18.954836] acpiphp: Slot [0] registered
[   18.963271] pci 0000:01:00.0: [1af4:1042] type 00 class 0x010000 PCIe Endpoint
[   18.992542] pci 0000:01:00.0: BAR 1 [mem 0xfe800000-0xfe800fff]
[   19.024440] pci 0000:01:00.0: BAR 4 [mem 0xfe000000-0xfe003fff 64bit pref]
[   19.132394] pci 0000:00:03.0: PCI bridge to [bus 01]
[   19.168987] ACPI: PCI: Interrupt link LNKA configured for IRQ 10
[   19.182623] ACPI: PCI: Interrupt link LNKB configured for IRQ 10
[   19.198062] ACPI: PCI: Interrupt link LNKC configured for IRQ 11
[   19.213859] ACPI: PCI: Interrupt link LNKD configured for IRQ 11
[   19.229619] ACPI: PCI: Interrupt link LNKE configured for IRQ 10
[   19.245761] ACPI: PCI: Interrupt link LNKF configured for IRQ 10
[   19.264809] ACPI: PCI: Interrupt link LNKG configured for IRQ 11
[   19.281719] ACPI: PCI: Interrupt link LNKH configured for IRQ 11
[   19.294247] ACPI: PCI: Interrupt link GSIA configured for IRQ 16
[   19.305880] ACPI: PCI: Interrupt link GSIB configured for IRQ 17
[   19.317441] ACPI: PCI: Interrupt link GSIC configured for IRQ 18
[   19.329444] ACPI: PCI: Interrupt link GSID configured for IRQ 19
[   19.341459] ACPI: PCI: Interrupt link GSIE configured for IRQ 20
[   19.353681] ACPI: PCI: Interrupt link GSIF configured for IRQ 21
[   19.369121] ACPI: PCI: Interrupt link GSIG configured for IRQ 22
[   19.381422] ACPI: PCI: Interrupt link GSIH configured for IRQ 23
[   19.556809] iommu: Default domain type: Translated
[   19.565176] iommu: DMA domain TLB invalidation policy: lazy mode
[   19.590813] SCSI subsystem initialized
[   19.605710] libata version 3.00 loaded.
[   19.607491] ACPI: bus type USB registered
[   19.614239] usbcore: registered new interface driver usbfs
[   19.629408] usbcore: registered new interface driver hub
[   19.637702] usbcore: registered new device driver usb
[   19.650578] pps_core: LinuxPPS API ver. 1 registered
[   19.660858] pps_core: Software ver. 5.3.6 - Copyright 2005-2007 Rodolfo Giometti <giometti@linux.it>
[   19.681110] PTP clock support registered
[   19.695093] EDAC MC: Ver: 3.0.0
[   19.727059] NetLabel: Initializing
[   19.732855] NetLabel:  domain hash size = 128
[   19.744860] NetLabel:  protocols = UNLABELED CIPSOv4 CALIPSO
[   19.753973] NetLabel:  unlabeled traffic allowed by default
[   19.773403] PCI: Using ACPI for IRQ routing
[   21.915523] PCI: pci_cache_line_size set to 64 bytes
[   21.917491] e820: reserve RAM buffer [mem 0x0009fc00-0x0009ffff]
[   21.917686] e820: reserve RAM buffer [mem 0x7ffdb000-0x7fffffff]
[   21.921279] pci 0000:00:01.0: vgaarb: setting as boot VGA device
[   21.924809] pci 0000:00:01.0: vgaarb: bridge control possible
[   21.924809] pci 0000:00:01.0: vgaarb: VGA device added: decodes=io+mem,owns=io+mem,locks=none
[   21.960900] vgaarb: loaded
[   21.971039] hpet0: at MMIO 0xfed00000, IRQs 2, 8, 0
[   21.976854] hpet0: 3 comparators, 64-bit 100.000000 MHz counter
[   22.026608] clocksource: Switched to clocksource kvm-clock
[   22.087805] VFS: Disk quotas dquot_6.6.0
[   22.095225] VFS: Dquot-cache hash table entries: 512 (order 0, 4096 bytes)
[   22.116802] AppArmor: AppArmor Filesystem Enabled
[   22.126115] pnp: PnP ACPI init
[   22.140067] system 00:05: [mem 0xb0000000-0xbfffffff window] has been reserved
[   22.186311] pnp: PnP ACPI: found 6 devices
[   22.280465] clocksource: acpi_pm: mask: 0xffffff max_cycles: 0xffffff, max_idle_ns: 2085701024 ns
[   22.298795] NET: Registered PF_INET protocol family
[   22.312416] IP idents hash table entries: 262144 (order: 9, 2097152 bytes, linear)
[   22.347538] tcp_listen_portaddr_hash hash table entries: 32768 (order: 9, 2621440 bytes, linear)
[   22.364377] Table-perturb hash table entries: 65536 (order: 6, 262144 bytes, linear)
[   22.384493] TCP established hash table entries: 524288 (order: 10, 4194304 bytes, linear)
[   22.416477] TCP bind hash table entries: 65536 (order: 11, 10485760 bytes, vmalloc hugepage)
[   22.436427] TCP: Hash tables configured (established 524288 bind 65536)
[   22.464340] MPTCP token hash table entries: 65536 (order: 10, 6291456 bytes, vmalloc hugepage)
[   22.498269] UDP hash table entries: 32768 (order: 11, 9961472 bytes, vmalloc hugepage)
[   22.531731] UDP-Lite hash table entries: 32768 (order: 11, 9961472 bytes, vmalloc hugepage)
[   22.554987] NET: Registered PF_UNIX/PF_LOCAL protocol family
[   22.565624] NET: Registered PF_XDP protocol family
[   22.574420] pci 0000:00:03.0: bridge window [io  0x1000-0x0fff] to [bus 01] add_size 1000
[   22.589144] pci 0000:00:03.0: bridge window [io  0x1000-0x1fff]: assigned
[   22.601347] pci 0000:00:03.0: PCI bridge to [bus 01]
[   22.610371] pci 0000:00:03.0:   bridge window [io  0x1000-0x1fff]
[   22.623516] pci 0000:00:03.0:   bridge window [mem 0xfe800000-0xfe9fffff]
[   22.636762] pci 0000:00:03.0:   bridge window [mem 0xfe000000-0xfe1fffff 64bit pref]
[   22.653171] pci_bus 0000:00: resource 4 [io  0x0000-0x0cf7 window]
[   22.664018] pci_bus 0000:00: resource 5 [io  0x0d00-0xffff window]
[   22.674624] pci_bus 0000:00: resource 6 [mem 0x000a0000-0x000bffff window]
[   22.686535] pci_bus 0000:00: resource 7 [mem 0x80000000-0xafffffff window]
[   22.698284] pci_bus 0000:00: resource 8 [mem 0xc0000000-0xfebfffff window]
[   22.710321] pci_bus 0000:00: resource 9 [mem 0x1c00000000-0x23ffffffff window]
[   22.722705] pci_bus 0000:01: resource 0 [io  0x1000-0x1fff]
[   22.732386] pci_bus 0000:01: resource 1 [mem 0xfe800000-0xfe9fffff]
[   22.743157] pci_bus 0000:01: resource 2 [mem 0xfe000000-0xfe1fffff 64bit pref]
[   22.757021] PCI: CLS 0 bytes, default 64
[   22.765205] PCI-DMA: Using software bounce buffering for IO (SWIOTLB)
[   22.768460] Trying to unpack rootfs image as initramfs...
[   22.776139] software IO TLB: mapped [mem 0x0000000065000000-0x0000000069000000] (64MB)
[   22.798784] clocksource: tsc: mask: 0xffffffffffffffff max_cycles: 0x2a48a50322c, max_idle_ns: 440795287943 ns
[   22.842675] Initialise system trusted keyrings
[   22.852785] Key type blacklist registered
[   22.862856] workingset: timestamp_bits=36 max_order=24 bucket_order=0
[   22.876448] zbud: loaded
[   22.896073] squashfs: version 4.0 (2009/01/31) Phillip Lougher
[   22.913694] fuse: init (API version 7.41)
[   22.927347] integrity: Platform Keyring initialized
[   22.958528] Key type asymmetric registered
[   22.965474] Asymmetric key parser 'x509' registered
[   22.975530] Block layer SCSI generic (bsg) driver version 0.4 loaded (major 243)
[   22.990381] io scheduler mq-deadline registered
[   23.029033] ledtrig-cpu: registered to indicate activity on CPUs
[   23.072861] ACPI: \_SB_.GSIH: Enabled at IRQ 23
[   23.092504] pcieport 0000:00:03.0: PME: Signaling with IRQ 24
[   23.108188] pcieport 0000:00:03.0: AER: enabled with IRQ 24
[   23.124184] shpchp: Standard Hot Plug PCI Controller Driver version: 0.4
[   23.146297] input: Power Button as /devices/LNXSYSTM:00/LNXPWRBN:00/input/input0
[   23.163144] ACPI: button: Power Button [PWRF]
[   23.295161] ACPI: \_SB_.GSIG: Enabled at IRQ 22
[   23.350498] ACPI: \_SB_.GSIE: Enabled at IRQ 20
[   23.419943] Serial: 8250/16550 driver, 32 ports, IRQ sharing enabled
[   23.487701] 00:03: ttyS0 at I/O 0x3f8 (irq = 4, base_baud = 115200) is a 16550A
[   23.643285] Linux agpgart interface v0.103
[   23.871494] loop: module loaded
[   23.888817] tun: Universal TUN/TAP device driver, 1.6
[   23.900155] PPP generic driver version 2.4.2
[   23.913489] VFIO - User Level meta-driver version: 0.3
[   23.927423] i8042: PNP: PS/2 Controller [PNP0303:KBD,PNP0f13:MOU] at 0x60,0x64 irq 1,12
[   23.949950] serio: i8042 KBD port at 0x60,0x64 irq 1
[   23.958603] serio: i8042 AUX port at 0x60,0x64 irq 12
[   23.972274] mousedev: PS/2 mouse device common for all mice
[   23.986559] rtc_cmos 00:04: RTC can wake from S4
[   23.989615] input: AT Translated Set 2 keyboard as /devices/platform/i8042/serio0/input/input1
[   24.009497] rtc_cmos 00:04: registered as rtc0
[   24.023808] rtc_cmos 00:04: setting system clock to 2025-01-10T23:29:53 UTC (1736551793)
[   24.041589] rtc_cmos 00:04: alarms up to one day, y3k, 242 bytes nvram, hpet irqs
[   24.055255] i2c_dev: i2c /dev entries driver
[   24.063401] device-mapper: core: CONFIG_IMA_DISABLE_HTABLE is disabled. Duplicate IMA measurements will not be recorded in the IMA log.
[   24.085052] device-mapper: uevent: version 1.0.3
[   24.096133] device-mapper: ioctl: 4.48.0-ioctl (2023-03-01) initialised: dm-devel@lists.linux.dev
[   24.112671] platform eisa.0: Probing EISA bus 0
[   24.120892] platform eisa.0: EISA: Cannot allocate resource for mainboard
[   24.133077] platform eisa.0: Cannot allocate resource for EISA slot 1
[   24.144950] platform eisa.0: Cannot allocate resource for EISA slot 2
[   24.156447] platform eisa.0: Cannot allocate resource for EISA slot 3
[   24.167968] platform eisa.0: Cannot allocate resource for EISA slot 4
[   24.179264] platform eisa.0: Cannot allocate resource for EISA slot 5
[   24.190769] platform eisa.0: Cannot allocate resource for EISA slot 6
[   24.202328] platform eisa.0: Cannot allocate resource for EISA slot 7
[   24.213756] platform eisa.0: Cannot allocate resource for EISA slot 8
[   24.225124] platform eisa.0: EISA: Detected 0 cards
[   24.233844] intel_pstate: CPU model not supported
[   24.245630] drop_monitor: Initializing network drop monitor service
[   24.259842] NET: Registered PF_INET6 protocol family
[   27.000455] Freeing initrd memory: 100204K
[   27.125901] Segment Routing with IPv6
[   27.132408] In-situ OAM (IOAM) with IPv6
[   27.140497] NET: Registered PF_PACKET protocol family
[   27.151033] Key type dns_resolver registered
[   27.220817] IPI shorthand broadcast: enabled
[   27.332505] registered taskstats version 1
[   27.387492] Loading compiled-in X.509 certificates
[   27.559853] Demotion targets for Node 0: null
[   27.569010] kmemleak: Kernel memory leak detector initialized (mem pool available: 14409)
[   27.569113] kmemleak: Automatic memory scanning thread started
[   27.589067] Key type .fscrypt registered
[   27.602781] Key type fscrypt-provisioning registered
[   27.736842] cryptd: module verification failed: signature and/or required key missing - tainting kernel
[   27.767222] cryptd: max_cpu_qlen set to 1000
[   28.052449] Key type encrypted registered
[   28.059909] AppArmor: AppArmor sha256 policy hashing enabled
[   28.071454] ima: No TPM chip found, activating TPM-bypass!
[   28.082579] Loading compiled-in module X.509 certificates
[   28.093024] ima: Allocated hash algorithm: sha1
[   28.102774] ima: No architecture policies found
[   28.113145] evm: Initialising EVM extended attributes:
[   28.123310] evm: security.selinux
[   28.129586] evm: security.SMACK64
[   28.136351] evm: security.SMACK64EXEC
[   28.143926] evm: security.SMACK64TRANSMUTE
[   28.152059] evm: security.SMACK64MMAP
[   28.158658] evm: security.apparmor
[   28.165288] evm: security.ima
[   28.170664] evm: security.capability
[   28.177099] evm: HMAC attrs: 0x1
[   28.195785] PM:   Magic number: 9:88:504
[   28.207689] RAS: Correctable Errors collector initialized.
[   28.222809] Unstable clock detected, switching default tracing clock to "global"
               If you want to keep using the local clock, then add:
                 "trace_clock=local"
               on the kernel command line
[   28.271515] clk: Disabling unused clocks
[   28.357149] Freeing unused decrypted memory: 2036K
[   28.392108] Freeing unused kernel image (initmem) memory: 9908K
[   28.401403] Write protecting the kernel read-only data: 67584k
[   28.417714] Freeing unused kernel image (rodata/data gap) memory: 1336K
[   28.503504] x86/mm: Checked W+X mappings: passed, no W+X pages found.
[   28.516819] x86/mm: Checking user space page tables
[   28.589289] x86/mm: Checked W+X mappings: passed, no W+X pages found.
[   28.602249] Run /init as init process
[   28.608788]   with arguments:
[   28.608806]     /init
[   28.608813]     nokaslr
[   28.608819]   with environment:
[   28.608825]     HOME=/
[   28.608831]     TERM=linux
[   33.541702] lpc_ich 0000:00:1f.0: I/O space for GPIO uninitialized
[   33.549437] virtio_blk virtio2: 32/0/0 default/read/poll queues
[   33.613164] input: VirtualPS/2 VMware VMMouse as /devices/platform/i8042/serio1/input/input4
[   33.629746] ACPI: \_SB_.GSIA: Enabled at IRQ 16
[   33.644995] i801_smbus 0000:00:1f.3: SMBus using PCI interrupt
[   33.652838] input: VirtualPS/2 VMware VMMouse as /devices/platform/i8042/serio1/input/input3
[   33.695922] ahci 0000:00:1f.2: version 3.0
[   33.779957] i2c i2c-0: Memory type 0x07 not supported yet, not instantiating SPD
[   33.782573] ahci 0000:00:1f.2: AHCI vers 0001.0000, 32 command slots, 1.5 Gbps, SATA mode
[   33.787353] virtio_blk virtio2: [vda] 209715200 512-byte logical blocks (107 GB/100 GiB)
[   33.829642] ahci 0000:00:1f.2: 6/6 ports implemented (port mask 0x3f)
[   33.842613] ahci 0000:00:1f.2: flags: 64bit ncq only 
[   33.940770]  vda: vda1 vda14 vda15
[   33.960323] scsi host0: ahci
[   33.982915] scsi host1: ahci
[   33.996473] scsi host2: ahci
[   34.017436] scsi host3: ahci
[   34.034647] scsi host4: ahci
[   34.049458] scsi host5: ahci
[   34.059093] ata1: SATA max UDMA/133 abar m4096@0xfea53000 port 0xfea53100 irq 61 lpm-pol 0
[   34.072463] ata2: SATA max UDMA/133 abar m4096@0xfea53000 port 0xfea53180 irq 61 lpm-pol 0
[   34.085704] ata3: SATA max UDMA/133 abar m4096@0xfea53000 port 0xfea53200 irq 61 lpm-pol 0
[   34.098581] ata4: SATA max UDMA/133 abar m4096@0xfea53000 port 0xfea53280 irq 61 lpm-pol 0
[   34.112170] ata5: SATA max UDMA/133 abar m4096@0xfea53000 port 0xfea53300 irq 61 lpm-pol 0
[   34.125018] ata6: SATA max UDMA/133 abar m4096@0xfea53000 port 0xfea53380 irq 61 lpm-pol 0
[   34.460350] ata6: SATA link down (SStatus 0 SControl 300)
[   34.469881] ata4: SATA link down (SStatus 0 SControl 300)
[   34.479025] ata5: SATA link down (SStatus 0 SControl 300)
[   34.499633] ata2: SATA link up 1.5 Gbps (SStatus 113 SControl 300)
[   34.510610] ata3: SATA link up 1.5 Gbps (SStatus 113 SControl 300)
[   34.521792] ata1: SATA link up 1.5 Gbps (SStatus 113 SControl 300)
[   34.536469] ata3.00: ATAPI: QEMU DVD-ROM, 2.5+, max UDMA/100
[   34.542906] ata3.00: applying bridge limits
[   34.549040] ata2.00: ATA-7: QEMU HARDDISK, 2.5+, max UDMA/100
[   34.561365] ata2.00: 20971520 sectors, multi 16: LBA48 NCQ (depth 32)
[   34.574978] ata2.00: applying bridge limits
[   34.586261] ata2.00: configured for UDMA/100
[   34.601841] ata3.00: configured for UDMA/100
[   34.610457] ata1.00: ATA-7: QEMU HARDDISK, 2.5+, max UDMA/100
[   34.619221] ata1.00: 20971520 sectors, multi 16: LBA48 NCQ (depth 32)
[   34.803041] ata1.00: applying bridge limits
[   34.918891] ata1.00: configured for UDMA/100
[   34.955787] scsi 0:0:0:0: Direct-Access     ATA      QEMU HARDDISK    2.5+ PQ: 0 ANSI: 5
[   35.020631] sd 0:0:0:0: Attached scsi generic sg0 type 0
[   35.021142] sd 0:0:0:0: [sda] 20971520 512-byte logical blocks: (10.7 GB/10.0 GiB)
[   35.043225] sd 0:0:0:0: [sda] Write Protect is off
[   35.044669] scsi 1:0:0:0: Direct-Access     ATA      QEMU HARDDISK    2.5+ PQ: 0 ANSI: 5
[   35.050933] sd 0:0:0:0: [sda] Mode Sense: 00 3a 00 00
[   35.051736] sd 0:0:0:0: [sda] Write cache: enabled, read cache: enabled, doesn't support DPO or FUA
[   35.091613] sd 0:0:0:0: [sda] Preferred minimum I/O size 512 bytes
[   35.158607] sd 1:0:0:0: Attached scsi generic sg1 type 0
[   35.159151] sd 1:0:0:0: [sdb] 20971520 512-byte logical blocks: (10.7 GB/10.0 GiB)
[   35.180888] sd 1:0:0:0: [sdb] Write Protect is off
[   35.181081] scsi 2:0:0:0: CD-ROM            QEMU     QEMU DVD-ROM     2.5+ PQ: 0 ANSI: 5
[   35.189038] sd 1:0:0:0: [sdb] Mode Sense: 00 3a 00 00
[   35.208582] sd 1:0:0:0: [sdb] Write cache: enabled, read cache: enabled, doesn't support DPO or FUA
[   35.222827] virtio_net virtio0 enp0s2: renamed from eth0
[   35.224238] sd 1:0:0:0: [sdb] Preferred minimum I/O size 512 bytes
[   35.255003] sd 0:0:0:0: [sda] Attached SCSI disk
[   35.331074] sd 1:0:0:0: [sdb] Attached SCSI disk
[   35.404933] sr 2:0:0:0: [sr0] scsi3-mmc drive: 4x/4x cd/rw xa/form2 tray
[   35.412963] cdrom: Uniform CD-ROM driver Revision: 3.20
[   35.504789] sr 2:0:0:0: Attached scsi CD-ROM sr0
[   35.508255] sr 2:0:0:0: Attached scsi generic sg2 type 5
[   35.576801] nd_pmem namespace0.0: unable to guarantee persistence of writes
[   39.618116] raid6: sse2x4   gen()  8611 MB/s
[   39.690107] raid6: sse2x2   gen()  9742 MB/s
[   39.762107] raid6: sse2x1   gen()  7683 MB/s
[   39.767164] raid6: using algorithm sse2x2 gen() 9742 MB/s
[   39.838108] raid6: .... xor() 6388 MB/s, rmw enabled
[   39.843986] raid6: using ssse3x2 recovery algorithm
[   39.862342] xor: measuring software checksum speed
[   39.868539]    prefetch64-sse  : 13664 MB/sec
[   39.873993]    generic_sse     : 11052 MB/sec
[   39.879098] xor: using function: prefetch64-sse (13664 MB/sec)
[   39.895347] async_tx: api initialized (async)
[   41.511370] Btrfs loaded, zoned=yes, fsverity=yes
[   43.104057] EXT4-fs (vda1): mounted filesystem 26c50908-598b-4e8e-871e-35718a3a1426 ro with ordered data mode. Quota mode: none.
[   44.563222] systemd[1]: Inserted module 'autofs4'
[   44.783758] systemd[1]: systemd 249.11-0ubuntu3.12 running in system mode (+PAM +AUDIT +SELINUX +APPARMOR +IMA +SMACK +SECCOMP +GCRYPT +GNUTLS +OPENSSL +ACL +BLKID +CURL +ELFUTILS +FIDO2 +IDN2 -IDN +IPTC +KMOD +LIBCRYPTSETUP +LIBFDISK +PCRE2 -PWQUALITY -P11KIT -QRENCODE +BZIP2 +LZ4 +XZ +ZLIB +ZSTD -XKBCOMMON +UTMP +SYSVINIT default-hierarchy=unified)
[   44.831126] systemd[1]: Detected virtualization kvm.
[   44.837579] systemd[1]: Detected architecture x86-64.
[   44.862737] systemd[1]: Hostname set to <qemu-1>.
[   45.512964] block vda: the capability attribute has been deprecated.
[   45.978697] random: crng init done
[   47.053627] systemd[1]: Queued start job for default target Graphical Interface.
[   47.155061] systemd[1]: Created slice Slice /system/modprobe.
[   47.188543] systemd[1]: Created slice Slice /system/serial-getty.
[   47.218741] systemd[1]: Created slice Slice /system/systemd-fsck.
[   47.248870] systemd[1]: Created slice User and Session Slice.
[   47.265901] systemd[1]: Started Forward Password Requests to Wall Directory Watch.
[   47.290748] systemd[1]: Set up automount Arbitrary Executable File Formats File System Automount Point.
[   47.313797] systemd[1]: Reached target Slice Units.
[   47.327586] systemd[1]: Reached target Mounting snaps.
[   47.341918] systemd[1]: Reached target Swaps.
[   47.354459] systemd[1]: Reached target Local Verity Protected Volumes.
[   47.373644] systemd[1]: Listening on Device-mapper event daemon FIFOs.
[   47.394620] systemd[1]: Listening on LVM2 poll daemon socket.
[   47.412825] systemd[1]: Listening on multipathd control socket.
[   47.690199] systemd[1]: Listening on RPCbind Server Activation Socket.
[   47.715223] systemd[1]: Listening on Syslog Socket.
[   47.735822] systemd[1]: Listening on fsck to fsckd communication Socket.
[   47.761827] systemd[1]: Listening on initctl Compatibility Named Pipe.
[   47.788507] systemd[1]: Listening on Journal Audit Socket.
[   47.809685] systemd[1]: Listening on Journal Socket (/dev/log).
[   47.832460] systemd[1]: Listening on Journal Socket.
[   47.852308] systemd[1]: Listening on Network Service Netlink Socket.
[   47.876912] systemd[1]: Listening on udev Control Socket.
[   47.897564] systemd[1]: Listening on udev Kernel Socket.
[   47.959311] systemd[1]: Mounting Huge Pages File System...
[   48.005648] systemd[1]: Mounting POSIX Message Queue File System...
[   48.095067] systemd[1]: Mounting Kernel Debug File System...
[   48.141425] systemd[1]: Mounting Kernel Trace File System...
[   48.247931] systemd[1]: Starting Journal Service...
[   48.261765] systemd[1]: Condition check resulted in Kernel Module supporting RPCSEC_GSS being skipped.
[   48.302806] systemd[1]: Starting Set the console keyboard layout...
[   48.376914] systemd[1]: Starting Create List of Static Device Nodes...
[   48.489310] systemd[1]: Starting Monitoring of LVM2 mirrors, snapshots etc. using dmeventd or progress polling...
[   48.519532] systemd[1]: Condition check resulted in LXD - agent being skipped.
[   48.562204] systemd[1]: Starting Load Kernel Module configfs...
[   48.615059] systemd[1]: Starting Load Kernel Module drm...
[   48.666839] systemd[1]: Starting Load Kernel Module efi_pstore...
[   48.722745] systemd[1]: Starting Load Kernel Module fuse...
[   48.751256] systemd[1]: Condition check resulted in OpenVSwitch configuration for cleanup being skipped.
[   48.769889] systemd[1]: Condition check resulted in File System Check on Root Device being skipped.
[   48.882164] systemd[1]: Starting Load Kernel Modules...
[   48.961757] ACPI: bus type drm_connector registered
[   48.965218] systemd[1]: Starting Remount Root and Kernel File Systems...
[   49.028310] systemd[1]: Starting Coldplug All udev Devices...
[   49.094770] systemd[1]: Mounted Huge Pages File System.
[   49.117713] systemd[1]: Mounted POSIX Message Queue File System.
[   49.141979] systemd[1]: Mounted Kernel Debug File System.
[   49.164379] systemd[1]: Mounted Kernel Trace File System.
[   49.219249] systemd[1]: Finished Set the console keyboard layout.
[   49.226197] EXT4-fs (vda1): re-mounted 26c50908-598b-4e8e-871e-35718a3a1426 r/w. Quota mode: none.
[   49.276325] systemd[1]: Started Journal Service.
[   49.809318] alua: device handler registered
[   49.845015] emc: device handler registered
[   49.866411] rdac: device handler registered
[   49.884946] systemd-journald[607]: Received client request to flush runtime journal.
[   49.929623] systemd-journald[607]: File /var/log/journal/02c9a06a7911097a3b638c9756cf2e6e/system.journal corrupted or uncleanly shut down, renaming and replacing.
[   51.036159] loop0: detected capacity change from 0 to 131016
[   51.095885] loop1: detected capacity change from 0 to 130448
[   51.115305] loop2: detected capacity change from 0 to 229272
[   51.315066] loop3: detected capacity change from 0 to 178256
[   51.393826] loop4: detected capacity change from 0 to 82800
[   51.467803] loop5: detected capacity change from 0 to 79520
[   55.004915] parport_pc 00:02: reported by Plug and Play ACPI
[   55.011752] parport0: PC-style at 0x378, irq 7 [PCSPP,TRISTATE]
[   58.357712] ppdev: user-space parallel port driver
[   60.813419] kvm_intel: VM_EXIT_LOAD_IA32_PERF_GLOBAL_CTRL does not work properly. Using workaround
[   62.033961] audit: type=1400 audit(1736551831.504:2): apparmor="STATUS" operation="profile_load" profile="unconfined" name="lsb_release" pid=1269 comm="apparmor_parser"
[   62.037699] audit: type=1400 audit(1736551831.508:3): apparmor="STATUS" operation="profile_load" profile="unconfined" name="/usr/bin/man" pid=1272 comm="apparmor_parser"
[   62.037839] audit: type=1400 audit(1736551831.508:4): apparmor="STATUS" operation="profile_load" profile="unconfined" name="man_filter" pid=1272 comm="apparmor_parser"
[   62.037972] audit: type=1400 audit(1736551831.508:5): apparmor="STATUS" operation="profile_load" profile="unconfined" name="man_groff" pid=1272 comm="apparmor_parser"
[   62.043053] audit: type=1400 audit(1736551831.516:6): apparmor="STATUS" operation="profile_load" profile="unconfined" name="nvidia_modprobe" pid=1270 comm="apparmor_parser"
[   62.043209] audit: type=1400 audit(1736551831.516:7): apparmor="STATUS" operation="profile_load" profile="unconfined" name="nvidia_modprobe//kmod" pid=1270 comm="apparmor_parser"
[   62.046264] audit: type=1400 audit(1736551831.516:8): apparmor="STATUS" operation="profile_load" profile="unconfined" name="swtpm" pid=1273 comm="apparmor_parser"
[   62.050585] audit: type=1400 audit(1736551831.520:9): apparmor="STATUS" operation="profile_load" profile="unconfined" name="virt-aa-helper" pid=1276 comm="apparmor_parser"
[   62.054960] audit: type=1400 audit(1736551831.528:10): apparmor="STATUS" operation="profile_load" profile="unconfined" name="libvirtd" pid=1278 comm="apparmor_parser"
[   62.055056] audit: type=1400 audit(1736551831.528:11): apparmor="STATUS" operation="profile_load" profile="unconfined" name="libvirtd//qemu_bridge_helper" pid=1278 comm="apparmor_parser"
[   63.898769] RPC: Registered named UNIX socket transport module.
[   63.898800] RPC: Registered udp transport module.
[   63.898808] RPC: Registered tcp transport module.
[   63.898815] RPC: Registered tcp-with-tls transport module.
[   63.898822] RPC: Registered tcp NFSv4.1 backchannel transport module.
[   72.005576] loop6: detected capacity change from 0 to 8
[   77.199613] netfs: FS-Cache loaded
[   78.841528] NFS: Registering the id_resolver key type
[   78.841698] Key type id_resolver registered
[   78.841710] Key type id_legacy registered
[  102.269082] cbd: loading out-of-tree module taints kernel.
[  123.989047] SGI XFS with ACLs, security attributes, realtime, quota, no debug enabled
[  124.106648] XFS (cbd0): Mounting V5 Filesystem 234913e8-89c7-4bcb-bb82-7a9f19edc9f8
[  124.209103] XFS (cbd0): Starting recovery (logdev: internal)
[  124.367796] XFS (cbd0): Ending recovery (logdev: internal)
[  124.445899] xfs filesystem being mounted at /media supports timestamps until 2038-01-19 (0x7fffffff)
[  131.748668] XFS (cbd0): Unmounting Filesystem 234913e8-89c7-4bcb-bb82-7a9f19edc9f8
[  152.805265] ==== end /root/avocado/job-results/job-2025-01-09T22.24-1680aba/test-results/143-._cbdctrl.py_CbdctrlTest.test_run-cache_data_crc-disable-cache_for_xfstests-cache-channel_crc-enable-channel_data_crc-host_mode-multi_host-multihost-test_script-dev-5235 ==== 
[  174.146627] tid: 0, is not registered
[  176.521659] ==== start /root/avocado/job-results/job-2025-01-09T22.24-1680aba/test-results/144-._cbdctrl.py_CbdctrlTest.test_run-cache_data_crc-disable-cache_for_xfstests-cache-channel_crc-enable-channel_data_crc-host_mode-multi_host-multihost-test_script-xfstests-e581 ==== 
[  316.419531] XFS (cbd0): Mounting V5 Filesystem b35c83de-6030-4881-a9aa-dec6c08c421d
[  316.499273] XFS (cbd0): Ending clean mount
[  316.519104] xfs filesystem being mounted at /mnt/test supports timestamps until 2038-01-19 (0x7fffffff)
[  317.166953] kmemleak: Automatic memory scanning thread ended
[  379.084756] XFS (cbd1): Mounting V5 Filesystem d43544c2-19c5-4d7d-b787-146c59f0087f
[  379.136656] XFS (cbd1): Ending clean mount
[  379.151917] xfs filesystem being mounted at /mnt/scratch supports timestamps until 2038-01-19 (0x7fffffff)
[  379.197675] XFS (cbd1): Unmounting Filesystem d43544c2-19c5-4d7d-b787-146c59f0087f
[  379.691784] XFS (cbd0): Unmounting Filesystem b35c83de-6030-4881-a9aa-dec6c08c421d
[  380.992020] XFS (cbd0): Mounting V5 Filesystem b35c83de-6030-4881-a9aa-dec6c08c421d
[  381.034446] XFS (cbd0): Ending clean mount
[  381.043681] xfs filesystem being mounted at /mnt/test supports timestamps until 2038-01-19 (0x7fffffff)
[  381.361711] run fstests generic/031 at 2025-01-10 23:35:50
[  388.038863] XFS (cbd1): Mounting V5 Filesystem 467f003c-356e-4f15-b843-5addea2084e6
[  388.095008] XFS (cbd1): Ending clean mount
[  388.104792] xfs filesystem being mounted at /mnt/scratch supports timestamps until 2038-01-19 (0x7fffffff)
[  388.356233] XFS (cbd1): Unmounting Filesystem 467f003c-356e-4f15-b843-5addea2084e6
[  388.459250] XFS (cbd1): Mounting V5 Filesystem 467f003c-356e-4f15-b843-5addea2084e6
[  388.524592] XFS (cbd1): Ending clean mount
[  388.535008] xfs filesystem being mounted at /mnt/scratch supports timestamps until 2038-01-19 (0x7fffffff)
[  388.701362] XFS (cbd0): Unmounting Filesystem b35c83de-6030-4881-a9aa-dec6c08c421d
[  389.141649] XFS (cbd1): Unmounting Filesystem 467f003c-356e-4f15-b843-5addea2084e6
[  390.352743] XFS (cbd1): Mounting V5 Filesystem 467f003c-356e-4f15-b843-5addea2084e6
[  390.401268] XFS (cbd1): Ending clean mount
[  390.411934] xfs filesystem being mounted at /mnt/scratch supports timestamps until 2038-01-19 (0x7fffffff)
[  390.495371] XFS (cbd1): Unmounting Filesystem 467f003c-356e-4f15-b843-5addea2084e6
[  501.946838] ==== end /root/avocado/job-results/job-2025-01-09T22.24-1680aba/test-results/144-._cbdctrl.py_CbdctrlTest.test_run-cache_data_crc-disable-cache_for_xfstests-cache-channel_crc-enable-channel_data_crc-host_mode-multi_host-multihost-test_script-xfstests-e581 ==== 
[  523.564578] tid: 0, is not registered
[  624.289535] ==== start /root/avocado/job-results/job-2025-01-09T22.24-1680aba/test-results/145-._cbdctrl.py_CbdctrlTest.test_run-cache_data_crc-disable-cache_for_xfstests-cache-channel_crc-enable-channel_data_crc-host_mode-multi_host-multihost-test_script-register-3215 ==== 
[  643.178818] cbd: module verification failed: signature and/or required key missing - tainting kernel
[  647.773430] cbd: transport_info_validate:855 cbd_transport0: transport expects CBD_MULTIHOST enabled.
[  667.346366] ==== end /root/avocado/job-results/job-2025-01-09T22.24-1680aba/test-results/145-._cbdctrl.py_CbdctrlTest.test_run-cache_data_crc-disable-cache_for_xfstests-cache-channel_crc-enable-channel_data_crc-host_mode-multi_host-multihost-test_script-register-3215 ==== 
