[    0.000000] Linux version 6.13.0-rc5+ (root@ubuntu-22-04-server) (gcc (Ubuntu 11.4.0-1ubuntu1~22.04) 11.4.0, GNU ld (GNU Binutils for Ubuntu) 2.38) #2 SMP PREEMPT_DYNAMIC Fri Jan  3 15:43:06 CST 2025
[    0.000000] Command line: intremap=off console=ttyS0,115200 nokaslr root=/dev/vda1 crashkernel=1G-:2G
[    0.000000] KERNEL supported cpus:
[    0.000000]   Intel GenuineIntel
[    0.000000]   AMD AuthenticAMD
[    0.000000]   Hygon HygonGenuine
[    0.000000]   Centaur CentaurHauls
[    0.000000]   zhaoxin   Shanghai  
[    0.000000] BIOS-provided physical RAM map:
[    0.000000] BIOS-e820: [mem 0x0000000000000000-0x000000000009fbff] usable
[    0.000000] BIOS-e820: [mem 0x000000000009fc00-0x000000000009ffff] reserved
[    0.000000] BIOS-e820: [mem 0x00000000000f0000-0x00000000000fffff] reserved
[    0.000000] BIOS-e820: [mem 0x0000000000100000-0x000000007ffd9fff] usable
[    0.000000] BIOS-e820: [mem 0x000000007ffda000-0x000000007fffffff] reserved
[    0.000000] BIOS-e820: [mem 0x00000000b0000000-0x00000000bfffffff] reserved
[    0.000000] BIOS-e820: [mem 0x00000000fed1c000-0x00000000fed1ffff] reserved
[    0.000000] BIOS-e820: [mem 0x00000000feffc000-0x00000000feffffff] reserved
[    0.000000] BIOS-e820: [mem 0x00000000fffc0000-0x00000000ffffffff] reserved
[    0.000000] BIOS-e820: [mem 0x0000000100000000-0x000000037fffffff] usable
[    0.000000] NX (Execute Disable) protection: active
[    0.000000] APIC: Static calls initialized
[    0.000000] SMBIOS 2.8 present.
[    0.000000] DMI: QEMU Standard PC (Q35 + ICH9, 2009), BIOS rel-1.16.3-0-ga6ed6b701f0a-prebuilt.qemu.org 04/01/2014
[    0.000000] DMI: Memory slots populated: 1/1
[    0.000000] Hypervisor detected: KVM
[    0.000000] kvm-clock: Using msrs 4b564d01 and 4b564d00
[    0.000008] kvm-clock: using sched offset of 3542299773 cycles
[    0.000023] clocksource: kvm-clock: mask: 0xffffffffffffffff max_cycles: 0x1cd42e4dffb, max_idle_ns: 881590591483 ns
[    0.000068] tsc: Detected 2933.436 MHz processor
[    0.002462] e820: update [mem 0x00000000-0x00000fff] usable ==> reserved
[    0.002472] e820: remove [mem 0x000a0000-0x000fffff] usable
[    0.002485] last_pfn = 0x380000 max_arch_pfn = 0x400000000
[    0.003094] MTRR map: 4 entries (3 fixed + 1 variable; max 19), built from 8 variable MTRRs
[    0.003128] x86/PAT: Configuration [0-7]: WB  WC  UC- UC  WB  WP  UC- WT  
[    0.003867] last_pfn = 0x7ffda max_arch_pfn = 0x400000000
[    0.015630] found SMP MP-table at [mem 0x000f5450-0x000f545f]
[    0.015763] Using GB pages for direct mapping
[    0.017537] RAMDISK: [mem 0x79e18000-0x7ffcffff]
[    0.017629] ACPI: Early table checksum verification disabled
[    0.017747] ACPI: RSDP 0x00000000000F5220 000014 (v00 BOCHS )
[    0.017800] ACPI: RSDT 0x000000007FFE3D96 000040 (v01 BOCHS  BXPC     00000001 BXPC 00000001)
[    0.017848] ACPI: FACP 0x000000007FFE25E7 0000F4 (v03 BOCHS  BXPC     00000001 BXPC 00000001)
[    0.017877] ACPI: DSDT 0x000000007FFDF040 0035A7 (v01 BOCHS  BXPC     00000001 BXPC 00000001)
[    0.017895] ACPI: FACS 0x000000007FFDF000 000040
[    0.017905] ACPI: APIC 0x000000007FFE26DB 000170 (v03 BOCHS  BXPC     00000001 BXPC 00000001)
[    0.017915] ACPI: HPET 0x000000007FFE284B 000038 (v01 BOCHS  BXPC     00000001 BXPC 00000001)
[    0.017925] ACPI: SRAT 0x000000007FFE2883 0002D0 (v01 BOCHS  BXPC     00000001 BXPC 00000001)
[    0.017935] ACPI: MCFG 0x000000007FFE2B53 00003C (v01 BOCHS  BXPC     00000001 BXPC 00000001)
[    0.017945] ACPI: SSDT 0x000000007FFE2B8F 0011DF (v01 BOCHS  NVDIMM   00000001 BXPC 00000001)
[    0.017955] ACPI: WAET 0x000000007FFE3D6E 000028 (v01 BOCHS  BXPC     00000001 BXPC 00000001)
[    0.017963] ACPI: Reserving FACP table memory at [mem 0x7ffe25e7-0x7ffe26da]
[    0.017966] ACPI: Reserving DSDT table memory at [mem 0x7ffdf040-0x7ffe25e6]
[    0.017969] ACPI: Reserving FACS table memory at [mem 0x7ffdf000-0x7ffdf03f]
[    0.017972] ACPI: Reserving APIC table memory at [mem 0x7ffe26db-0x7ffe284a]
[    0.017974] ACPI: Reserving HPET table memory at [mem 0x7ffe284b-0x7ffe2882]
[    0.017977] ACPI: Reserving SRAT table memory at [mem 0x7ffe2883-0x7ffe2b52]
[    0.017979] ACPI: Reserving MCFG table memory at [mem 0x7ffe2b53-0x7ffe2b8e]
[    0.017982] ACPI: Reserving SSDT table memory at [mem 0x7ffe2b8f-0x7ffe3d6d]
[    0.017984] ACPI: Reserving WAET table memory at [mem 0x7ffe3d6e-0x7ffe3d95]
[    0.018495] ACPI: SRAT: Node 0 PXM 0 [mem 0x00000000-0x0009ffff]
[    0.018502] ACPI: SRAT: Node 0 PXM 0 [mem 0x00100000-0x7fffffff]
[    0.018505] ACPI: SRAT: Node 0 PXM 0 [mem 0x100000000-0x37fffffff]
[    0.018509] ACPI: SRAT: Node 0 PXM 0 [mem 0x380000000-0x1bffffffff] hotplug
[    0.018522] NUMA: Node 0 [mem 0x00001000-0x0009ffff] + [mem 0x00100000-0x7fffffff] -> [mem 0x00001000-0x7fffffff]
[    0.018527] NUMA: Node 0 [mem 0x00001000-0x7fffffff] + [mem 0x100000000-0x37fffffff] -> [mem 0x00001000-0x37fffffff]
[    0.018557] NODE_DATA(0) allocated [mem 0x37ffd3700-0x37fffdfff]
[    0.018990] crashkernel low memory reserved: 0x69000000 - 0x79000000 (256 MB)
[    0.018996] crashkernel reserved: 0x00000002ff000000 - 0x000000037f000000 (2048 MB)
[    0.019170] Zone ranges:
[    0.019172]   DMA      [mem 0x0000000000001000-0x0000000000ffffff]
[    0.019177]   DMA32    [mem 0x0000000001000000-0x00000000ffffffff]
[    0.019180]   Normal   [mem 0x0000000100000000-0x000000037fffffff]
[    0.019183]   Device   empty
[    0.019186] Movable zone start for each node
[    0.019189] Early memory node ranges
[    0.019191]   node   0: [mem 0x0000000000001000-0x000000000009efff]
[    0.019198]   node   0: [mem 0x0000000000100000-0x000000007ffd9fff]
[    0.019201]   node   0: [mem 0x0000000100000000-0x000000037fffffff]
[    0.019206] Initmem setup node 0 [mem 0x0000000000001000-0x000000037fffffff]
[    0.019753] On node 0, zone DMA: 1 pages in unavailable ranges
[    0.019926] On node 0, zone DMA: 97 pages in unavailable ranges
[    0.320671] On node 0, zone Normal: 38 pages in unavailable ranges
[    1.961031] kasan: KernelAddressSanitizer initialized
[    1.969503] ACPI: PM-Timer IO Port: 0x608
[    1.969635] ACPI: LAPIC_NMI (acpi_id[0xff] dfl dfl lint[0x1])
[    1.970066] IOAPIC[0]: apic_id 0, version 17, address 0xfec00000, GSI 0-23
[    1.970084] ACPI: INT_SRC_OVR (bus 0 bus_irq 0 global_irq 2 dfl dfl)
[    1.970090] ACPI: INT_SRC_OVR (bus 0 bus_irq 5 global_irq 5 high level)
[    1.970093] ACPI: INT_SRC_OVR (bus 0 bus_irq 9 global_irq 9 high level)
[    1.970104] ACPI: INT_SRC_OVR (bus 0 bus_irq 10 global_irq 10 high level)
[    1.970108] ACPI: INT_SRC_OVR (bus 0 bus_irq 11 global_irq 11 high level)
[    1.970123] ACPI: Using ACPI (MADT) for SMP configuration information
[    1.970127] ACPI: HPET id: 0x8086a201 base: 0xfed00000
[    1.970146] TSC deadline timer available
[    1.970159] CPU topo: Max. logical packages:   2
[    1.970161] CPU topo: Max. logical dies:       2
[    1.970163] CPU topo: Max. dies per package:   1
[    1.970170] CPU topo: Max. threads per core:   2
[    1.970173] CPU topo: Num. cores per package:     8
[    1.970174] CPU topo: Num. threads per package:  16
[    1.970176] CPU topo: Allowing 32 present CPUs plus 0 hotplug CPUs
[    1.970368] kvm-guest: APIC: eoi() replaced with kvm_guest_apic_eoi_write()
[    1.970492] kvm-guest: KVM setup pv remote TLB flush
[    1.970551] kvm-guest: setup PV sched yield
[    1.970722] PM: hibernation: Registered nosave memory: [mem 0x00000000-0x00000fff]
[    1.970729] PM: hibernation: Registered nosave memory: [mem 0x0009f000-0x0009ffff]
[    1.970732] PM: hibernation: Registered nosave memory: [mem 0x000a0000-0x000effff]
[    1.970734] PM: hibernation: Registered nosave memory: [mem 0x000f0000-0x000fffff]
[    1.970739] PM: hibernation: Registered nosave memory: [mem 0x7ffda000-0x7fffffff]
[    1.970742] PM: hibernation: Registered nosave memory: [mem 0x80000000-0xafffffff]
[    1.970744] PM: hibernation: Registered nosave memory: [mem 0xb0000000-0xbfffffff]
[    1.970746] PM: hibernation: Registered nosave memory: [mem 0xc0000000-0xfed1bfff]
[    1.970748] PM: hibernation: Registered nosave memory: [mem 0xfed1c000-0xfed1ffff]
[    1.970750] PM: hibernation: Registered nosave memory: [mem 0xfed20000-0xfeffbfff]
[    1.970752] PM: hibernation: Registered nosave memory: [mem 0xfeffc000-0xfeffffff]
[    1.970754] PM: hibernation: Registered nosave memory: [mem 0xff000000-0xfffbffff]
[    1.970756] PM: hibernation: Registered nosave memory: [mem 0xfffc0000-0xffffffff]
[    1.970769] [mem 0xc0000000-0xfed1bfff] available for PCI devices
[    1.970777] Booting paravirtualized kernel on KVM
[    1.970787] clocksource: refined-jiffies: mask: 0xffffffff max_cycles: 0xffffffff, max_idle_ns: 7645519600211568 ns
[    1.970873] setup_percpu: NR_CPUS:8192 nr_cpumask_bits:32 nr_cpu_ids:32 nr_node_ids:1
[    2.125198] percpu: Embedded 532 pages/cpu s2142208 r8192 d28672 u4194304
[    2.125261] pcpu-alloc: s2142208 r8192 d28672 u4194304 alloc=2*2097152
[    2.125269] pcpu-alloc: [0] 00 [0] 01 [0] 02 [0] 03 [0] 04 [0] 05 [0] 06 [0] 07 
[    2.125289] pcpu-alloc: [0] 08 [0] 09 [0] 10 [0] 11 [0] 12 [0] 13 [0] 14 [0] 15 
[    2.125307] pcpu-alloc: [0] 16 [0] 17 [0] 18 [0] 19 [0] 20 [0] 21 [0] 22 [0] 23 
[    2.125326] pcpu-alloc: [0] 24 [0] 25 [0] 26 [0] 27 [0] 28 [0] 29 [0] 30 [0] 31 
[    2.125686] kvm-guest: PV spinlocks enabled
[    2.125708] PV qspinlock hash table entries: 256 (order: 0, 4096 bytes, linear)
[    2.125724] Kernel command line: intremap=off console=ttyS0,115200 nokaslr root=/dev/vda1 crashkernel=1G-:2G
[    2.125979] Unknown kernel command line parameters "nokaslr", will be passed to user space.
[    2.126013] printk: log buffer data + meta data: 262144 + 917504 = 1179648 bytes
[    2.142207] Dentry cache hash table entries: 2097152 (order: 12, 16777216 bytes, linear)
[    2.151029] Inode-cache hash table entries: 1048576 (order: 11, 8388608 bytes, linear)
[    2.155610] Fallback order for Node 0: 0 
[    2.155651] Built 1 zonelists, mobility grouping on.  Total pages: 3145592
[    2.155655] Policy zone: Normal
[    2.155718] mem auto-init: stack:off, heap alloc:on, heap free:off
[    2.155730] stackdepot: allocating hash table via alloc_large_system_hash
[    2.155741] stackdepot hash table entries: 1048576 (order: 12, 16777216 bytes, linear)
[    2.170175] software IO TLB: area num 32.
[    2.943121] SLUB: HWalign=64, Order=0-3, MinObjects=0, CPUs=32, Nodes=1
[    2.944529] Kernel/User page tables isolation: enabled
[    2.945390] ftrace: allocating 52416 entries in 205 pages
[    3.266255] ftrace: allocated 205 pages with 5 groups
[    3.273545] Dynamic Preempt: voluntary
[    3.281231] Running RCU self tests
[    3.281235] Running RCU synchronous self tests
[    3.281287] rcu: Preemptible hierarchical RCU implementation.
[    3.281290] rcu: 	RCU lockdep checking is enabled.
[    3.281291] rcu: 	RCU restricting CPUs from NR_CPUS=8192 to nr_cpu_ids=32.
[    3.281296] 	Trampoline variant of Tasks RCU enabled.
[    3.281297] 	Rude variant of Tasks RCU enabled.
[    3.281299] 	Tracing variant of Tasks RCU enabled.
[    3.281301] rcu: RCU calculated value of scheduler-enlistment delay is 25 jiffies.
[    3.281303] rcu: Adjusting geometry for rcu_fanout_leaf=16, nr_cpu_ids=32
[    3.281973] Running RCU synchronous self tests
[    3.282002] RCU Tasks: Setting shift to 5 and lim to 1 rcu_task_cb_adjust=1 rcu_task_cpu_ids=32.
[    3.282026] RCU Tasks Rude: Setting shift to 5 and lim to 1 rcu_task_cb_adjust=1 rcu_task_cpu_ids=32.
[    3.282049] RCU Tasks Trace: Setting shift to 5 and lim to 1 rcu_task_cb_adjust=1 rcu_task_cpu_ids=32.
[    3.336475] NR_IRQS: 524544, nr_irqs: 680, preallocated irqs: 16
[    3.338465] rcu: srcu_init: Setting srcu_struct sizes based on contention.
[    3.443983] Console: colour VGA+ 80x25
[    3.444424] printk: legacy console [ttyS0] enabled
[    4.892338] Lock dependency validator: Copyright (c) 2006 Red Hat, Inc., Ingo Molnar
[    4.903577] ... MAX_LOCKDEP_SUBCLASSES:  8
[    4.909585] ... MAX_LOCK_DEPTH:          48
[    4.915739] ... MAX_LOCKDEP_KEYS:        8192
[    4.922132] ... CLASSHASH_SIZE:          4096
[    4.928573] ... MAX_LOCKDEP_ENTRIES:     32768
[    4.935144] ... MAX_LOCKDEP_CHAINS:      65536
[    4.941677] ... CHAINHASH_SIZE:          32768
[    4.948203]  memory used by lock dependency info: 6941 kB
[    4.956156]  memory used for stack traces: 4224 kB
[    4.963209]  per task-struct memory footprint: 2688 bytes
[    4.971952] ACPI: Core revision 20240827
[    4.981411] clocksource: hpet: mask: 0xffffffff max_cycles: 0xffffffff, max_idle_ns: 19112604467 ns
[    4.995803] APIC: Switch to symmetric I/O mode setup
[    5.006906] x2apic enabled
[    5.015037] APIC: Switched APIC routing to: physical x2apic
[    5.023180] kvm-guest: APIC: send_IPI_mask() replaced with kvm_send_ipi_mask()
[    5.033602] kvm-guest: APIC: send_IPI_mask_allbutself() replaced with kvm_send_ipi_mask_allbutself()
[    5.046730] kvm-guest: setup PV IPIs
[    5.068016] ..TIMER: vector=0x30 apic1=0 pin1=2 apic2=-1 pin2=-1
[    5.078029] clocksource: tsc-early: mask: 0xffffffffffffffff max_cycles: 0x2a48a50322c, max_idle_ns: 440795287943 ns
[    5.095026] Calibrating delay loop (skipped) preset value.. 5866.87 BogoMIPS (lpj=11733744)
[    5.100771] x86/cpu: User Mode Instruction Prevention (UMIP) activated
[    5.104835] Last level iTLB entries: 4KB 0, 2MB 0, 4MB 0
[    5.111015] Last level dTLB entries: 4KB 0, 2MB 0, 4MB 0, 1GB 0
[    5.115126] Spectre V1 : Mitigation: usercopy/swapgs barriers and __user pointer sanitization
[    5.119018] Spectre V2 : Mitigation: Retpolines
[    5.123015] Spectre V2 : Spectre v2 / SpectreRSB mitigation: Filling RSB on context switch
[    5.127015] Spectre V2 : Spectre v2 / SpectreRSB : Filling RSB on VMEXIT
[    5.131015] Spectre V2 : Enabling Restricted Speculation for firmware calls
[    5.135024] Spectre V2 : mitigation: Enabling conditional Indirect Branch Prediction Barrier
[    5.139015] Spectre V2 : User space: Mitigation: STIBP via prctl
[    5.143016] Speculative Store Bypass: Mitigation: Speculative Store Bypass disabled via prctl
[    5.147028] MDS: Vulnerable: Clear CPU buffers attempted, no microcode
[    5.151015] MMIO Stale Data: Unknown: No mitigations
[    5.155039] x86/fpu: x87 FPU will use FXSAVE
[    5.213930] Freeing SMP alternatives memory: 40K
[    5.215024] pid_max: default: 32768 minimum: 301
[    5.224060] LSM: initializing lsm=lockdown,capability,landlock,yama,apparmor,ima,evm
[    5.227951] landlock: Up and running.
[    5.231018] Yama: becoming mindful.
[    5.236329] AppArmor: AppArmor initialized
[    5.243653] Mount-cache hash table entries: 32768 (order: 6, 262144 bytes, linear)
[    5.247246] Mountpoint-cache hash table entries: 32768 (order: 6, 262144 bytes, linear)
[    5.261002] Running RCU synchronous self tests
[    5.263024] Running RCU synchronous self tests
[    5.269961] smpboot: CPU0: Intel Westmere E56xx/L56xx/X56xx (IBRS update) (family: 0x6, model: 0x2c, stepping: 0x1)
[    5.284323] Running RCU Tasks wait API self tests
[    5.391201] Running RCU Tasks Rude wait API self tests
[    5.395044] Running RCU Tasks Trace wait API self tests
[    5.399243] Performance Events: unsupported p6 CPU model 44 no PMU driver, software events only.
[    5.403547] signal: max sigframe size: 1440
[    5.407131] Callback from call_rcu_tasks_trace() invoked.
[    5.411822] rcu: Hierarchical SRCU implementation.
[    5.415046] rcu: 	Max phase no-delay instances is 1000.
[    5.420367] Timer migration: 2 hierarchy levels; 8 children per group; 2 crossnode level
[    5.435230] NMI watchdog: Perf NMI watchdog permanently disabled
[    5.451118] smp: Bringing up secondary CPUs ...
[    5.464710] smpboot: x86: Booting SMP configuration:
[    5.467085] .... node  #0, CPUs:        #2  #4  #6  #8 #10 #12 #14 #16 #18 #20 #22 #24 #26 #28 #30
[    5.607207] Callback from call_rcu_tasks() invoked.
[    5.696126]   #1  #3  #5  #7  #9 #11 #13 #15 #17 #19 #21 #23 #25 #27 #29 #31
[    5.837777] MDS CPU bug present and SMT on, data leak possible. See https://www.kernel.org/doc/html/latest/admin-guide/hw-vuln/mds.html for more details.
[    5.932369] smp: Brought up 1 node, 32 CPUs
[    5.935056] smpboot: Total of 32 processors activated (187739.90 BogoMIPS)
[    5.967305] Memory: 7997952K/12582368K available (53248K kernel code, 16294K rwdata, 13000K rodata, 9908K init, 22736K bss, 4537656K reserved, 0K cma-reserved)
[    5.979356] devtmpfs: initialized
[    5.984259] x86/mm: Memory block size: 128MB
[    6.089621] Running RCU synchronous self tests
[    6.091119] Running RCU synchronous self tests
[    6.095601] clocksource: jiffies: mask: 0xffffffff max_cycles: 0xffffffff, max_idle_ns: 7645041785100000 ns
[    6.101823] futex hash table entries: 8192 (order: 8, 1048576 bytes, linear)
[    6.107138] pinctrl core: initialized pinctrl subsystem
[    6.115043] PM: RTC time: 00:15:20, date: 2025-01-11
[    6.129566] NET: Registered PF_NETLINK/PF_ROUTE protocol family
[    6.136965] DMA: preallocated 1024 KiB GFP_KERNEL pool for atomic allocations
[    6.139430] DMA: preallocated 1024 KiB GFP_KERNEL|GFP_DMA pool for atomic allocations
[    6.143328] DMA: preallocated 1024 KiB GFP_KERNEL|GFP_DMA32 pool for atomic allocations
[    6.147811] audit: initializing netlink subsys (disabled)
[    6.151958] audit: type=2000 audit(1736554519.755:1): state=initialized audit_enabled=0 res=1
[    6.157474] thermal_sys: Registered thermal governor 'fair_share'
[    6.159089] thermal_sys: Registered thermal governor 'bang_bang'
[    6.163047] thermal_sys: Registered thermal governor 'step_wise'
[    6.167048] thermal_sys: Registered thermal governor 'user_space'
[    6.171047] thermal_sys: Registered thermal governor 'power_allocator'
[    6.175413] EISA bus registered
[    6.183297] cpuidle: using governor ladder
[    6.187364] cpuidle: using governor menu
[    6.193398] acpiphp: ACPI Hot Plug PCI Controller Driver version: 0.5
[    6.198502] PCI: ECAM [mem 0xb0000000-0xbfffffff] (base 0xb0000000) for domain 0000 [bus 00-ff]
[    6.199052] PCI: ECAM [mem 0xb0000000-0xbfffffff] reserved as E820 entry
[    6.289247] PCI: Using configuration type 1 for base access
[    6.293523] kprobes: kprobe jump-optimization is enabled. All kprobes are optimized if possible.
[    6.311620] HugeTLB: registered 1.00 GiB page size, pre-allocated 0 pages
[    6.315053] HugeTLB: 16380 KiB vmemmap can be freed for a 1.00 GiB page
[    6.319045] HugeTLB: registered 2.00 MiB page size, pre-allocated 0 pages
[    6.323043] HugeTLB: 28 KiB vmemmap can be freed for a 2.00 MiB page
[    6.419404] ACPI: Added _OSI(Module Device)
[    6.423045] ACPI: Added _OSI(Processor Device)
[    6.431046] ACPI: Added _OSI(3.0 _SCP Extensions)
[    6.439046] ACPI: Added _OSI(Processor Aggregator Device)
[    6.694309] ACPI: 2 ACPI AML tables successfully acquired and loaded
[    6.763832] ACPI: Interpreter enabled
[    6.768256] ACPI: PM: (supports S0 S3 S4 S5)
[    6.772284] ACPI: Using IOAPIC for interrupt routing
[    6.775977] PCI: Using host bridge windows from ACPI; if necessary, use "pci=nocrs" and report a bug
[    6.779387] PCI: Using E820 reservations for host bridge windows
[    6.792326] ACPI: Enabled 4 GPEs in block 00 to 3F
[    7.318633] ACPI: PCI Root Bridge [PCI0] (domain 0000 [bus 00-ff])
[    7.327195] acpi PNP0A08:00: _OSC: OS supports [ExtendedConfig ASPM ClockPM Segments MSI EDR HPX-Type3]
[    7.348113] acpi PNP0A08:00: _OSC: platform does not support [PCIeHotplug LTR DPC]
[    7.372616] acpi PNP0A08:00: _OSC: OS now controls [SHPCHotplug PME AER PCIeCapability]
[    7.396439] PCI host bridge to bus 0000:00
[    7.403977] pci_bus 0000:00: root bus resource [io  0x0000-0x0cf7 window]
[    7.416171] pci_bus 0000:00: root bus resource [io  0x0d00-0xffff window]
[    7.427625] pci_bus 0000:00: root bus resource [mem 0x000a0000-0x000bffff window]
[    7.443109] pci_bus 0000:00: root bus resource [mem 0x80000000-0xafffffff window]
[    7.455062] pci_bus 0000:00: root bus resource [mem 0xc0000000-0xfebfffff window]
[    7.471072] pci_bus 0000:00: root bus resource [mem 0x1c00000000-0x23ffffffff window]
[    7.487068] pci_bus 0000:00: root bus resource [bus 00-ff]
[    7.495870] pci 0000:00:00.0: [8086:29c0] type 00 class 0x060000 conventional PCI endpoint
[    7.524400] pci 0000:00:01.0: [1234:1111] type 00 class 0x030000 conventional PCI endpoint
[    7.558738] pci 0000:00:01.0: BAR 0 [mem 0xfd000000-0xfdffffff pref]
[    7.599267] pci 0000:00:01.0: BAR 2 [mem 0xfea50000-0xfea50fff]
[    7.643711] pci 0000:00:01.0: ROM [mem 0xfea40000-0xfea4ffff pref]
[    7.660305] pci 0000:00:01.0: Video device with shadowed ROM at [mem 0x000c0000-0x000dffff]
[    7.675058] pci 0000:00:01.0: pci_fixup_video+0x0/0x2d0 took 15625 usecs
[    7.704171] pci 0000:00:02.0: [1af4:1000] type 00 class 0x020000 conventional PCI endpoint
[    7.723087] pci 0000:00:02.0: BAR 0 [io  0xc040-0xc05f]
[    7.734771] pci 0000:00:02.0: BAR 1 [mem 0xfea51000-0xfea51fff]
[    7.759214] pci 0000:00:02.0: BAR 4 [mem 0xfe200000-0xfe203fff 64bit pref]
[    7.777123] pci 0000:00:02.0: ROM [mem 0xfea00000-0xfea3ffff pref]
[    7.798245] pci 0000:00:03.0: [1b36:000c] type 01 class 0x060400 PCIe Root Port
[    7.815090] pci 0000:00:03.0: BAR 0 [mem 0xfea52000-0xfea52fff]
[    7.828844] pci 0000:00:03.0: PCI bridge to [bus 01]
[    7.839919] pci 0000:00:03.0:   bridge window [mem 0xfe800000-0xfe9fffff]
[    7.853694] pci 0000:00:03.0:   bridge window [mem 0xfe000000-0xfe1fffff 64bit pref]
[    7.878565] pci 0000:00:04.0: [1af4:105b] type 00 class 0x00ff00 conventional PCI endpoint
[    7.902296] pci 0000:00:04.0: BAR 4 [mem 0xfe204000-0xfe207fff 64bit pref]
[    8.065341] pci 0000:00:1f.0: [8086:2918] type 00 class 0x060100 conventional PCI endpoint
[    8.085051] pci 0000:00:1f.0: quirk: [io  0x0600-0x067f] claimed by ICH6 ACPI/GPIO/TCO
[    8.099671] pci 0000:00:1f.0: quirk_ich7_lpc+0x0/0x1d0 took 15625 usecs
[    8.112938] pci 0000:00:1f.2: [8086:2922] type 00 class 0x010601 conventional PCI endpoint
[    8.143977] pci 0000:00:1f.2: BAR 4 [io  0xc060-0xc07f]
[    8.152806] pci 0000:00:1f.2: BAR 5 [mem 0xfea53000-0xfea53fff]
[    8.172172] pci 0000:00:1f.3: [8086:2930] type 00 class 0x0c0500 conventional PCI endpoint
[    8.189803] pci 0000:00:1f.3: BAR 4 [io  0x0700-0x073f]
[    8.213749] acpiphp: Slot [0] registered
[    8.225292] pci 0000:01:00.0: [1af4:1042] type 00 class 0x010000 PCIe Endpoint
[    8.251100] pci 0000:01:00.0: BAR 1 [mem 0xfe800000-0xfe800fff]
[    8.283062] pci 0000:01:00.0: BAR 4 [mem 0xfe000000-0xfe003fff 64bit pref]
[    8.393028] pci 0000:00:03.0: PCI bridge to [bus 01]
[    8.425777] ACPI: PCI: Interrupt link LNKA configured for IRQ 10
[    8.440269] ACPI: PCI: Interrupt link LNKB configured for IRQ 10
[    8.455843] ACPI: PCI: Interrupt link LNKC configured for IRQ 11
[    8.473451] ACPI: PCI: Interrupt link LNKD configured for IRQ 11
[    8.480046] ACPI: PCI: Interrupt link LNKE configured for IRQ 10
[    8.487809] ACPI: PCI: Interrupt link LNKF configured for IRQ 10
[    8.495836] ACPI: PCI: Interrupt link LNKG configured for IRQ 11
[    8.504268] ACPI: PCI: Interrupt link LNKH configured for IRQ 11
[    8.508809] ACPI: PCI: Interrupt link GSIA configured for IRQ 16
[    8.512076] ACPI: PCI: Interrupt link GSIB configured for IRQ 17
[    8.519802] ACPI: PCI: Interrupt link GSIC configured for IRQ 18
[    8.531634] ACPI: PCI: Interrupt link GSID configured for IRQ 19
[    8.539702] ACPI: PCI: Interrupt link GSIE configured for IRQ 20
[    8.551689] ACPI: PCI: Interrupt link GSIF configured for IRQ 21
[    8.559703] ACPI: PCI: Interrupt link GSIG configured for IRQ 22
[    8.571659] ACPI: PCI: Interrupt link GSIH configured for IRQ 23
[    8.720440] iommu: Default domain type: Translated
[    8.731364] iommu: DMA domain TLB invalidation policy: lazy mode
[    8.755442] SCSI subsystem initialized
[    8.764538] libata version 3.00 loaded.
[    8.765552] ACPI: bus type USB registered
[    8.767004] usbcore: registered new interface driver usbfs
[    8.783685] usbcore: registered new interface driver hub
[    8.791669] usbcore: registered new device driver usb
[    8.800665] pps_core: LinuxPPS API ver. 1 registered
[    8.811046] pps_core: Software ver. 5.3.6 - Copyright 2005-2007 Rodolfo Giometti <giometti@linux.it>
[    8.827228] PTP clock support registered
[    8.837162] EDAC MC: Ver: 3.0.0
[    8.865460] NetLabel: Initializing
[    8.871045] NetLabel:  domain hash size = 128
[    8.879045] NetLabel:  protocols = UNLABELED CIPSOv4 CALIPSO
[    8.888209] NetLabel:  unlabeled traffic allowed by default
[    8.903004] PCI: Using ACPI for IRQ routing
[   11.006840] PCI: pci_cache_line_size set to 64 bytes
[   11.008823] e820: reserve RAM buffer [mem 0x0009fc00-0x0009ffff]
[   11.008995] e820: reserve RAM buffer [mem 0x7ffda000-0x7fffffff]
[   11.011407] pci 0000:00:01.0: vgaarb: setting as boot VGA device
[   11.015004] pci 0000:00:01.0: vgaarb: bridge control possible
[   11.015004] pci 0000:00:01.0: vgaarb: VGA device added: decodes=io+mem,owns=io+mem,locks=none
[   11.043080] vgaarb: loaded
[   11.048548] hpet0: at MMIO 0xfed00000, IRQs 2, 8, 0
[   11.055053] hpet0: 3 comparators, 64-bit 100.000000 MHz counter
[   11.087825] clocksource: Switched to clocksource kvm-clock
[   11.142025] VFS: Disk quotas dquot_6.6.0
[   11.148893] VFS: Dquot-cache hash table entries: 512 (order 0, 4096 bytes)
[   11.168471] AppArmor: AppArmor Filesystem Enabled
[   11.177270] pnp: PnP ACPI init
[   11.190786] system 00:05: [mem 0xb0000000-0xbfffffff window] has been reserved
[   11.235429] pnp: PnP ACPI: found 6 devices
[   11.330607] clocksource: acpi_pm: mask: 0xffffff max_cycles: 0xffffff, max_idle_ns: 2085701024 ns
[   11.348075] NET: Registered PF_INET protocol family
[   11.359565] IP idents hash table entries: 262144 (order: 9, 2097152 bytes, linear)
[   11.386281] tcp_listen_portaddr_hash hash table entries: 8192 (order: 7, 655360 bytes, linear)
[   11.400899] Table-perturb hash table entries: 65536 (order: 6, 262144 bytes, linear)
[   11.414988] TCP established hash table entries: 131072 (order: 8, 1048576 bytes, linear)
[   11.446348] TCP bind hash table entries: 65536 (order: 11, 10485760 bytes, vmalloc hugepage)
[   11.465293] TCP: Hash tables configured (established 131072 bind 65536)
[   11.482109] MPTCP token hash table entries: 16384 (order: 8, 1572864 bytes, linear)
[   11.500159] UDP hash table entries: 8192 (order: 9, 2490368 bytes, linear)
[   11.517411] UDP-Lite hash table entries: 8192 (order: 9, 2490368 bytes, linear)
[   11.534072] NET: Registered PF_UNIX/PF_LOCAL protocol family
[   11.543849] NET: Registered PF_XDP protocol family
[   11.552006] pci 0000:00:03.0: bridge window [io  0x1000-0x0fff] to [bus 01] add_size 1000
[   11.565361] pci 0000:00:03.0: bridge window [io  0x1000-0x1fff]: assigned
[   11.576682] pci 0000:00:03.0: PCI bridge to [bus 01]
[   11.585081] pci 0000:00:03.0:   bridge window [io  0x1000-0x1fff]
[   11.596816] pci 0000:00:03.0:   bridge window [mem 0xfe800000-0xfe9fffff]
[   11.613383] pci 0000:00:03.0:   bridge window [mem 0xfe000000-0xfe1fffff 64bit pref]
[   11.635085] pci_bus 0000:00: resource 4 [io  0x0000-0x0cf7 window]
[   11.645201] pci_bus 0000:00: resource 5 [io  0x0d00-0xffff window]
[   11.654793] pci_bus 0000:00: resource 6 [mem 0x000a0000-0x000bffff window]
[   11.665953] pci_bus 0000:00: resource 7 [mem 0x80000000-0xafffffff window]
[   11.677133] pci_bus 0000:00: resource 8 [mem 0xc0000000-0xfebfffff window]
[   11.688611] pci_bus 0000:00: resource 9 [mem 0x1c00000000-0x23ffffffff window]
[   11.700956] pci_bus 0000:01: resource 0 [io  0x1000-0x1fff]
[   11.710067] pci_bus 0000:01: resource 1 [mem 0xfe800000-0xfe9fffff]
[   11.720316] pci_bus 0000:01: resource 2 [mem 0xfe000000-0xfe1fffff 64bit pref]
[   11.733268] PCI: CLS 0 bytes, default 64
[   11.742715] PCI-DMA: Using software bounce buffering for IO (SWIOTLB)
[   11.745789] Trying to unpack rootfs image as initramfs...
[   11.753312] software IO TLB: mapped [mem 0x0000000065000000-0x0000000069000000] (64MB)
[   11.775786] clocksource: tsc: mask: 0xffffffffffffffff max_cycles: 0x2a48a50322c, max_idle_ns: 440795287943 ns
[   11.821603] Initialise system trusted keyrings
[   11.830567] Key type blacklist registered
[   11.839935] workingset: timestamp_bits=36 max_order=21 bucket_order=0
[   11.852091] zbud: loaded
[   11.871558] squashfs: version 4.0 (2009/01/31) Phillip Lougher
[   11.888002] fuse: init (API version 7.41)
[   11.899404] integrity: Platform Keyring initialized
[   11.931839] Key type asymmetric registered
[   11.939630] Asymmetric key parser 'x509' registered
[   11.950004] Block layer SCSI generic (bsg) driver version 0.4 loaded (major 243)
[   11.965799] io scheduler mq-deadline registered
[   12.005566] ledtrig-cpu: registered to indicate activity on CPUs
[   12.051135] ACPI: \_SB_.GSIH: Enabled at IRQ 23
[   12.073352] pcieport 0000:00:03.0: PME: Signaling with IRQ 24
[   12.089240] pcieport 0000:00:03.0: AER: enabled with IRQ 24
[   12.104991] shpchp: Standard Hot Plug PCI Controller Driver version: 0.4
[   12.122385] input: Power Button as /devices/LNXSYSTM:00/LNXPWRBN:00/input/input0
[   12.137185] ACPI: button: Power Button [PWRF]
[   12.288204] ACPI: \_SB_.GSIG: Enabled at IRQ 22
[   12.339611] ACPI: \_SB_.GSIE: Enabled at IRQ 20
[   12.407319] Serial: 8250/16550 driver, 32 ports, IRQ sharing enabled
[   12.474740] 00:03: ttyS0 at I/O 0x3f8 (irq = 4, base_baud = 115200) is a 16550A
[   12.629592] Linux agpgart interface v0.103
[   12.853683] loop: module loaded
[   12.872133] tun: Universal TUN/TAP device driver, 1.6
[   12.885268] PPP generic driver version 2.4.2
[   12.899322] VFIO - User Level meta-driver version: 0.3
[   12.915188] i8042: PNP: PS/2 Controller [PNP0303:KBD,PNP0f13:MOU] at 0x60,0x64 irq 1,12
[   12.941113] serio: i8042 KBD port at 0x60,0x64 irq 1
[   12.952133] serio: i8042 AUX port at 0x60,0x64 irq 12
[   12.969644] mousedev: PS/2 mouse device common for all mice
[   12.984985] rtc_cmos 00:04: RTC can wake from S4
[   13.009327] input: AT Translated Set 2 keyboard as /devices/platform/i8042/serio0/input/input1
[   13.009542] rtc_cmos 00:04: registered as rtc0
[   13.037704] rtc_cmos 00:04: setting system clock to 2025-01-11T00:15:28 UTC (1736554528)
[   13.056965] rtc_cmos 00:04: alarms up to one day, y3k, 242 bytes nvram, hpet irqs
[   13.073311] i2c_dev: i2c /dev entries driver
[   13.083899] device-mapper: core: CONFIG_IMA_DISABLE_HTABLE is disabled. Duplicate IMA measurements will not be recorded in the IMA log.
[   13.109891] device-mapper: uevent: version 1.0.3
[   13.122653] device-mapper: ioctl: 4.48.0-ioctl (2023-03-01) initialised: dm-devel@lists.linux.dev
[   13.137963] platform eisa.0: Probing EISA bus 0
[   13.145638] platform eisa.0: EISA: Cannot allocate resource for mainboard
[   13.156836] platform eisa.0: Cannot allocate resource for EISA slot 1
[   13.167477] platform eisa.0: Cannot allocate resource for EISA slot 2
[   13.178206] platform eisa.0: Cannot allocate resource for EISA slot 3
[   13.188938] platform eisa.0: Cannot allocate resource for EISA slot 4
[   13.199676] platform eisa.0: Cannot allocate resource for EISA slot 5
[   13.210555] platform eisa.0: Cannot allocate resource for EISA slot 6
[   13.221223] platform eisa.0: Cannot allocate resource for EISA slot 7
[   13.232015] platform eisa.0: Cannot allocate resource for EISA slot 8
[   13.242805] platform eisa.0: EISA: Detected 0 cards
[   13.251033] intel_pstate: CPU model not supported
[   13.262080] drop_monitor: Initializing network drop monitor service
[   13.275710] NET: Registered PF_INET6 protocol family
[   15.763732] Freeing initrd memory: 100064K
[   15.881524] Segment Routing with IPv6
[   15.895018] In-situ OAM (IOAM) with IPv6
[   15.904099] NET: Registered PF_PACKET protocol family
[   15.915616] Key type dns_resolver registered
[   15.983324] IPI shorthand broadcast: enabled
[   16.103047] registered taskstats version 1
[   16.135167] Loading compiled-in X.509 certificates
[   16.301334] Demotion targets for Node 0: null
[   16.310784] kmemleak: Kernel memory leak detector initialized (mem pool available: 14031)
[   16.311048] kmemleak: Automatic memory scanning thread started
[   16.330448] Key type .fscrypt registered
[   16.340064] Key type fscrypt-provisioning registered
[   16.428079] cryptd: module verification failed: signature and/or required key missing - tainting kernel
[   16.460907] cryptd: max_cpu_qlen set to 1000
[   16.747797] Key type encrypted registered
[   16.755099] AppArmor: AppArmor sha256 policy hashing enabled
[   16.767267] ima: No TPM chip found, activating TPM-bypass!
[   16.778690] Loading compiled-in module X.509 certificates
[   16.789770] ima: Allocated hash algorithm: sha1
[   16.799675] ima: No architecture policies found
[   16.810203] evm: Initialising EVM extended attributes:
[   16.821230] evm: security.selinux
[   16.828415] evm: security.SMACK64
[   16.835373] evm: security.SMACK64EXEC
[   16.843307] evm: security.SMACK64TRANSMUTE
[   16.852178] evm: security.SMACK64MMAP
[   16.860007] evm: security.apparmor
[   16.867333] evm: security.ima
[   16.873823] evm: security.capability
[   16.881560] evm: HMAC attrs: 0x1
[   16.902402] PM:   Magic number: 9:510:253
[   16.913631] RAS: Correctable Errors collector initialized.
[   16.924355] Unstable clock detected, switching default tracing clock to "global"
               If you want to keep using the local clock, then add:
                 "trace_clock=local"
               on the kernel command line
[   16.966896] clk: Disabling unused clocks
[   17.041401] Freeing unused decrypted memory: 2036K
[   17.070448] Freeing unused kernel image (initmem) memory: 9908K
[   17.079175] Write protecting the kernel read-only data: 67584k
[   17.097048] Freeing unused kernel image (rodata/data gap) memory: 1336K
[   17.173667] x86/mm: Checked W+X mappings: passed, no W+X pages found.
[   17.183391] x86/mm: Checking user space page tables
[   17.251253] x86/mm: Checked W+X mappings: passed, no W+X pages found.
[   17.261097] Run /init as init process
[   17.265195]   with arguments:
[   17.265213]     /init
[   17.265219]     nokaslr
[   17.265225]   with environment:
[   17.265231]     HOME=/
[   17.265237]     TERM=linux
[   20.316079] lpc_ich 0000:00:1f.0: I/O space for GPIO uninitialized
[   20.469403] virtio_blk virtio2: 32/0/0 default/read/poll queues
[   20.495512] ahci 0000:00:1f.2: version 3.0
[   20.504816] input: VirtualPS/2 VMware VMMouse as /devices/platform/i8042/serio1/input/input4
[   20.577057] ACPI: \_SB_.GSIA: Enabled at IRQ 16
[   20.603534] i801_smbus 0000:00:1f.3: SMBus using PCI interrupt
[   20.632334] input: VirtualPS/2 VMware VMMouse as /devices/platform/i8042/serio1/input/input3
[   20.647216] ahci 0000:00:1f.2: AHCI vers 0001.0000, 32 command slots, 1.5 Gbps, SATA mode
[   20.659212] ahci 0000:00:1f.2: 6/6 ports implemented (port mask 0x3f)
[   20.667432] ahci 0000:00:1f.2: flags: 64bit ncq only 
[   20.684222] i2c i2c-0: Memory type 0x07 not supported yet, not instantiating SPD
[   20.886788] scsi host0: ahci
[   20.916293] scsi host1: ahci
[   20.933716] scsi host2: ahci
[   20.940785] virtio_blk virtio2: [vda] 209715200 512-byte logical blocks (107 GB/100 GiB)
[   20.948193] scsi host3: ahci
[   20.977524] scsi host4: ahci
[   20.995843] scsi host5: ahci
[   21.004249] ata1: SATA max UDMA/133 abar m4096@0xfea53000 port 0xfea53100 irq 35 lpm-pol 0
[   21.013968] ata2: SATA max UDMA/133 abar m4096@0xfea53000 port 0xfea53180 irq 35 lpm-pol 0
[   21.024951] ata3: SATA max UDMA/133 abar m4096@0xfea53000 port 0xfea53200 irq 35 lpm-pol 0
[   21.035886] ata4: SATA max UDMA/133 abar m4096@0xfea53000 port 0xfea53280 irq 35 lpm-pol 0
[   21.048722] ata5: SATA max UDMA/133 abar m4096@0xfea53000 port 0xfea53300 irq 35 lpm-pol 0
[   21.059237] ata6: SATA max UDMA/133 abar m4096@0xfea53000 port 0xfea53380 irq 35 lpm-pol 0
[   21.075405]  vda: vda1 vda14 vda15
[   21.389206] ata4: SATA link up 1.5 Gbps (SStatus 113 SControl 300)
[   21.395984] virtio_net virtio0 enp0s2: renamed from eth0
[   21.411768] ata1: SATA link up 1.5 Gbps (SStatus 113 SControl 300)
[   21.423449] ata3: SATA link up 1.5 Gbps (SStatus 113 SControl 300)
[   21.433141] ata6: SATA link down (SStatus 0 SControl 300)
[   21.439217] ata4.00: ATA-7: QEMU HARDDISK, 2.5+, max UDMA/100
[   21.449273] ata4.00: 20971520 sectors, multi 16: LBA48 NCQ (depth 32)
[   21.460331] ata4.00: applying bridge limits
[   21.469362] ata5: SATA link down (SStatus 0 SControl 300)
[   21.480179] ata2: SATA link up 1.5 Gbps (SStatus 113 SControl 300)
[   21.487689] ata4.00: configured for UDMA/100
[   21.493193] ata1.00: ATA-7: QEMU HARDDISK, 2.5+, max UDMA/100
[   21.502978] ata1.00: 20971520 sectors, multi 16: LBA48 NCQ (depth 32)
[   21.513708] ata1.00: applying bridge limits
[   21.521111] ata2.00: ATA-7: QEMU HARDDISK, 2.5+, max UDMA/100
[   21.528142] ata2.00: 20971520 sectors, multi 16: LBA48 NCQ (depth 32)
[   21.536106] ata2.00: applying bridge limits
[   21.541692] ata3.00: ATA-7: QEMU HARDDISK, 2.5+, max UDMA/100
[   21.548813] ata3.00: 20971520 sectors, multi 16: LBA48 NCQ (depth 32)
[   21.556565] ata3.00: applying bridge limits
[   21.563016] ata2.00: configured for UDMA/100
[   21.568421] ata3.00: configured for UDMA/100
[   21.573818] ata1.00: configured for UDMA/100
[   21.587052] scsi 0:0:0:0: Direct-Access     ATA      QEMU HARDDISK    2.5+ PQ: 0 ANSI: 5
[   21.608060] sd 0:0:0:0: Attached scsi generic sg0 type 0
[   21.609158] sd 0:0:0:0: [sda] 20971520 512-byte logical blocks: (10.7 GB/10.0 GiB)
[   21.618644] scsi 1:0:0:0: Direct-Access     ATA      QEMU HARDDISK    2.5+ PQ: 0 ANSI: 5
[   21.631402] sd 0:0:0:0: [sda] Write Protect is off
[   21.646520] sd 1:0:0:0: Attached scsi generic sg1 type 0
[   21.646944] sd 1:0:0:0: [sdb] 20971520 512-byte logical blocks: (10.7 GB/10.0 GiB)
[   21.647057] sd 1:0:0:0: [sdb] Write Protect is off
[   21.647090] sd 1:0:0:0: [sdb] Mode Sense: 00 3a 00 00
[   21.647284] sd 1:0:0:0: [sdb] Write cache: enabled, read cache: enabled, doesn't support DPO or FUA
[   21.647477] sd 0:0:0:0: [sda] Mode Sense: 00 3a 00 00
[   21.647824] sd 1:0:0:0: [sdb] Preferred minimum I/O size 512 bytes
[   21.657803] scsi 2:0:0:0: Direct-Access     ATA      QEMU HARDDISK    2.5+ PQ: 0 ANSI: 5
[   21.669637] sd 0:0:0:0: [sda] Write cache: enabled, read cache: enabled, doesn't support DPO or FUA
[   21.683886] sd 2:0:0:0: [sdc] 20971520 512-byte logical blocks: (10.7 GB/10.0 GiB)
[   21.684089] sd 2:0:0:0: Attached scsi generic sg2 type 0
[   21.687337] sd 0:0:0:0: [sda] Preferred minimum I/O size 512 bytes
[   21.687512] scsi 3:0:0:0: Direct-Access     ATA      QEMU HARDDISK    2.5+ PQ: 0 ANSI: 5
[   21.694197] sd 3:0:0:0: Attached scsi generic sg3 type 0
[   21.694256] sd 3:0:0:0: [sdd] 20971520 512-byte logical blocks: (10.7 GB/10.0 GiB)
[   21.694370] sd 3:0:0:0: [sdd] Write Protect is off
[   21.694397] sd 3:0:0:0: [sdd] Mode Sense: 00 3a 00 00
[   21.694823] sd 3:0:0:0: [sdd] Write cache: enabled, read cache: enabled, doesn't support DPO or FUA
[   21.695188] sd 3:0:0:0: [sdd] Preferred minimum I/O size 512 bytes
[   21.695557] sd 2:0:0:0: [sdc] Write Protect is off
[   21.725974] sd 1:0:0:0: [sdb] Attached SCSI disk
[   21.735471] sd 2:0:0:0: [sdc] Mode Sense: 00 3a 00 00
[   21.735716] sd 2:0:0:0: [sdc] Write cache: enabled, read cache: enabled, doesn't support DPO or FUA
[   21.845565] sd 2:0:0:0: [sdc] Preferred minimum I/O size 512 bytes
[   21.856947] sd 3:0:0:0: [sdd] Attached SCSI disk
[   21.870441] sd 0:0:0:0: [sda] Attached SCSI disk
[   21.909488] sd 2:0:0:0: [sdc] Attached SCSI disk
[   21.991183] nd_pmem namespace0.0: unable to guarantee persistence of writes
[   25.776673] raid6: sse2x4   gen()  9159 MB/s
[   25.848681] raid6: sse2x2   gen()  8684 MB/s
[   25.920666] raid6: sse2x1   gen()  7979 MB/s
[   25.926186] raid6: using algorithm sse2x4 gen() 9159 MB/s
[   26.000668] raid6: .... xor() 4162 MB/s, rmw enabled
[   26.006811] raid6: using ssse3x2 recovery algorithm
[   26.021449] xor: measuring software checksum speed
[   26.027864]    prefetch64-sse  : 15977 MB/sec
[   26.033583]    generic_sse     : 13737 MB/sec
[   26.039172] xor: using function: prefetch64-sse (15977 MB/sec)
[   26.053444] async_tx: api initialized (async)
[   27.467843] Btrfs loaded, zoned=yes, fsverity=yes
[   28.380636] EXT4-fs (vda1): mounted filesystem 26c50908-598b-4e8e-871e-35718a3a1426 ro with ordered data mode. Quota mode: none.
[   29.697828] systemd[1]: Inserted module 'autofs4'
[   29.909146] systemd[1]: systemd 249.11-0ubuntu3.10 running in system mode (+PAM +AUDIT +SELINUX +APPARMOR +IMA +SMACK +SECCOMP +GCRYPT +GNUTLS +OPENSSL +ACL +BLKID +CURL +ELFUTILS +FIDO2 +IDN2 -IDN +IPTC +KMOD +LIBCRYPTSETUP +LIBFDISK +PCRE2 -PWQUALITY -P11KIT -QRENCODE +BZIP2 +LZ4 +XZ +ZLIB +ZSTD -XKBCOMMON +UTMP +SYSVINIT default-hierarchy=unified)
[   29.947498] systemd[1]: Detected virtualization kvm.
[   29.953660] systemd[1]: Detected architecture x86-64.
[   29.979069] systemd[1]: Hostname set to <qemu-2>.
[   30.615730] block vda: the capability attribute has been deprecated.
[   30.765128] random: crng init done
[   31.894624] systemd[1]: Queued start job for default target Graphical Interface.
[   31.991471] systemd[1]: Created slice Slice /system/modprobe.
[   32.022609] systemd[1]: Created slice Slice /system/serial-getty.
[   32.052196] systemd[1]: Created slice Slice /system/systemd-fsck.
[   32.082435] systemd[1]: Created slice User and Session Slice.
[   32.099722] systemd[1]: Started Forward Password Requests to Wall Directory Watch.
[   32.124283] systemd[1]: Set up automount Arbitrary Executable File Formats File System Automount Point.
[   32.146808] systemd[1]: Reached target Slice Units.
[   32.160694] systemd[1]: Reached target Mounting snaps.
[   32.174794] systemd[1]: Reached target Swaps.
[   32.187079] systemd[1]: Reached target Local Verity Protected Volumes.
[   32.206234] systemd[1]: Listening on Device-mapper event daemon FIFOs.
[   32.226382] systemd[1]: Listening on LVM2 poll daemon socket.
[   32.244200] systemd[1]: Listening on multipathd control socket.
[   32.394974] systemd[1]: Listening on RPCbind Server Activation Socket.
[   32.418582] systemd[1]: Listening on Syslog Socket.
[   32.433805] systemd[1]: Listening on fsck to fsckd communication Socket.
[   32.456145] systemd[1]: Listening on initctl Compatibility Named Pipe.
[   32.481048] systemd[1]: Listening on Journal Audit Socket.
[   32.499201] systemd[1]: Listening on Journal Socket (/dev/log).
[   32.518861] systemd[1]: Listening on Journal Socket.
[   32.534714] systemd[1]: Listening on Network Service Netlink Socket.
[   32.555808] systemd[1]: Listening on udev Control Socket.
[   32.573556] systemd[1]: Listening on udev Kernel Socket.
[   32.657565] systemd[1]: Mounting Huge Pages File System...
[   32.703760] systemd[1]: Mounting POSIX Message Queue File System...
[   32.755824] systemd[1]: Mounting Kernel Debug File System...
[   32.866622] systemd[1]: Mounting Kernel Trace File System...
[   32.938336] systemd[1]: Starting Journal Service...
[   32.954939] systemd[1]: Condition check resulted in Kernel Module supporting RPCSEC_GSS being skipped.
[   33.030858] systemd[1]: Starting Set the console keyboard layout...
[   33.081179] systemd[1]: Starting Create List of Static Device Nodes...
[   33.134786] systemd[1]: Starting Monitoring of LVM2 mirrors, snapshots etc. using dmeventd or progress polling...
[   33.162218] systemd[1]: Condition check resulted in LXD - agent being skipped.
[   33.231854] systemd[1]: Starting Load Kernel Module configfs...
[   33.278900] systemd[1]: Starting Load Kernel Module drm...
[   33.324472] systemd[1]: Starting Load Kernel Module efi_pstore...
[   33.377086] systemd[1]: Starting Load Kernel Module fuse...
[   33.397959] systemd[1]: Condition check resulted in OpenVSwitch configuration for cleanup being skipped.
[   33.411462] systemd[1]: Condition check resulted in File System Check on Root Device being skipped.
[   33.469014] systemd[1]: Starting Load Kernel Modules...
[   33.527556] systemd[1]: Starting Remount Root and Kernel File Systems...
[   33.622159] systemd[1]: Starting Coldplug All udev Devices...
[   33.647206] ACPI: bus type drm_connector registered
[   33.689411] systemd[1]: Mounted Huge Pages File System.
[   33.715037] systemd[1]: Mounted POSIX Message Queue File System.
[   33.735057] systemd[1]: Mounted Kernel Debug File System.
[   33.754926] systemd[1]: Mounted Kernel Trace File System.
[   33.779209] EXT4-fs (vda1): re-mounted 26c50908-598b-4e8e-871e-35718a3a1426 r/w. Quota mode: none.
[   33.791106] systemd[1]: Finished Create List of Static Device Nodes.
[   33.825063] systemd[1]: Started Journal Service.
[   34.350409] alua: device handler registered
[   34.381394] emc: device handler registered
[   34.408454] rdac: device handler registered
[   34.467967] systemd-journald[601]: Received client request to flush runtime journal.
[   34.509938] systemd-journald[601]: File /var/log/journal/02c9a06a7911097a3b638c9756cf2e6e/system.journal corrupted or uncleanly shut down, renaming and replacing.
[   35.471619] loop0: detected capacity change from 0 to 130888
[   35.596328] loop1: detected capacity change from 0 to 130448
[   35.655584] loop2: detected capacity change from 0 to 229272
[   35.757056] loop3: detected capacity change from 0 to 178256
[   35.849080] loop4: detected capacity change from 0 to 82800
[   35.979849] loop5: detected capacity change from 0 to 79520
[   38.186830] parport_pc 00:02: reported by Plug and Play ACPI
[   38.191085] parport0: PC-style at 0x378, irq 7 [PCSPP,TRISTATE]
[   42.713007] ppdev: user-space parallel port driver
[   42.955525] kvm_intel: VM_EXIT_LOAD_IA32_PERF_GLOBAL_CTRL does not work properly. Using workaround
[   43.674470] audit: type=1400 audit(1736554559.132:2): apparmor="STATUS" operation="profile_load" profile="unconfined" name="/usr/bin/man" pid=1291 comm="apparmor_parser"
[   43.674583] audit: type=1400 audit(1736554559.132:3): apparmor="STATUS" operation="profile_load" profile="unconfined" name="man_filter" pid=1291 comm="apparmor_parser"
[   43.674680] audit: type=1400 audit(1736554559.132:4): apparmor="STATUS" operation="profile_load" profile="unconfined" name="man_groff" pid=1291 comm="apparmor_parser"
[   43.677220] audit: type=1400 audit(1736554559.132:5): apparmor="STATUS" operation="profile_load" profile="unconfined" name="swtpm" pid=1292 comm="apparmor_parser"
[   43.682904] audit: type=1400 audit(1736554559.140:6): apparmor="STATUS" operation="profile_load" profile="unconfined" name="virt-aa-helper" pid=1295 comm="apparmor_parser"
[   43.684329] audit: type=1400 audit(1736554559.140:7): apparmor="STATUS" operation="profile_load" profile="unconfined" name="lsb_release" pid=1288 comm="apparmor_parser"
[   43.687845] audit: type=1400 audit(1736554559.144:8): apparmor="STATUS" operation="profile_load" profile="unconfined" name="nvidia_modprobe" pid=1289 comm="apparmor_parser"
[   43.688013] audit: type=1400 audit(1736554559.144:9): apparmor="STATUS" operation="profile_load" profile="unconfined" name="nvidia_modprobe//kmod" pid=1289 comm="apparmor_parser"
[   43.689750] audit: type=1400 audit(1736554559.148:10): apparmor="STATUS" operation="profile_load" profile="unconfined" name="tcpdump" pid=1294 comm="apparmor_parser"
[   43.714981] audit: type=1400 audit(1736554559.172:11): apparmor="STATUS" operation="profile_load" profile="unconfined" name="/usr/lib/NetworkManager/nm-dhcp-client.action" pid=1290 comm="apparmor_parser"
[   45.456612] RPC: Registered named UNIX socket transport module.
[   45.456642] RPC: Registered udp transport module.
[   45.456650] RPC: Registered tcp transport module.
[   45.456668] RPC: Registered tcp-with-tls transport module.
[   45.456675] RPC: Registered tcp NFSv4.1 backchannel transport module.
[   50.543433] loop6: detected capacity change from 0 to 8
[   59.302694] netfs: FS-Cache loaded
[   60.762641] NFS: Registering the id_resolver key type
[   60.762793] Key type id_resolver registered
[   60.762804] Key type id_legacy registered
[   81.508925] cbd: loading out-of-tree module taints kernel.
[   87.353759] cbd: backend_validate:544 cbd_transport0: found backend_id: 0 for host_id: 1, path: /dev/sda
[   87.359724] cbd: cbd_backend_init:394 cbd_transport0: attach backend to backend_id: 0
[   91.202480] cbd: backend_validate:544 cbd_transport0: found backend_id: 1 for host_id: 1, path: /dev/sdb
[   91.206754] cbd: cbd_backend_init:394 cbd_transport0: attach backend to backend_id: 1
[  246.773727] cbd: transport_dax_init:912 cbd_transport1: transport_dax_init: failed blkdev_get_by_path(/dev/pmem0)
[  248.640015] cbd: backend_validate:544 cbd_transport0: found backend_id: 0 for host_id: 1, path: /dev/sda
[  248.644335] cbd: cbd_backend_init:394 cbd_transport0: attach backend to backend_id: 0
[  248.644369] cbd: cbd_backend_info_load:469 cbd_transport0: backend 0 is alive
[  250.391328] cbd: backend_validate:544 cbd_transport0: found backend_id: 1 for host_id: 1, path: /dev/sdb
[  250.396468] cbd: cbd_backend_init:394 cbd_transport0: attach backend to backend_id: 1
[  250.396862] cbd: cbd_backend_info_load:469 cbd_transport0: backend 1 is alive
[  269.861396] ==== end /root/avocado/job-results/job-2025-01-09T22.24-1680aba/test-results/160-._cbdctrl.py_CbdctrlTest.test_run-cache_data_crc-disable-cache_for_xfstests-cache-channel_crc-enable-channel_data_crc-host_mode-multi_host-multihost-test_script-xfstests-4609 ==== 
