[    0.000000] Linux version 6.13.0-rc5+ (root@ubuntu-22-04-server) (gcc (Ubuntu 11.4.0-1ubuntu1~22.04) 11.4.0, GNU ld (GNU Binutils for Ubuntu) 2.38) #2 SMP PREEMPT_DYNAMIC Fri Jan  3 15:43:06 CST 2025
[    0.000000] Command line: intremap=off console=ttyS0,115200 nokaslr root=/dev/vda1 crashkernel=1G-:2G
[    0.000000] KERNEL supported cpus:
[    0.000000]   Intel GenuineIntel
[    0.000000]   AMD AuthenticAMD
[    0.000000]   Hygon HygonGenuine
[    0.000000]   Centaur CentaurHauls
[    0.000000]   zhaoxin   Shanghai  
[    0.000000] BIOS-provided physical RAM map:
[    0.000000] BIOS-e820: [mem 0x0000000000000000-0x000000000009fbff] usable
[    0.000000] BIOS-e820: [mem 0x000000000009fc00-0x000000000009ffff] reserved
[    0.000000] BIOS-e820: [mem 0x00000000000f0000-0x00000000000fffff] reserved
[    0.000000] BIOS-e820: [mem 0x0000000000100000-0x000000007ffdafff] usable
[    0.000000] BIOS-e820: [mem 0x000000007ffdb000-0x000000007fffffff] reserved
[    0.000000] BIOS-e820: [mem 0x00000000b0000000-0x00000000bfffffff] reserved
[    0.000000] BIOS-e820: [mem 0x00000000fed1c000-0x00000000fed1ffff] reserved
[    0.000000] BIOS-e820: [mem 0x00000000feffc000-0x00000000feffffff] reserved
[    0.000000] BIOS-e820: [mem 0x00000000fffc0000-0x00000000ffffffff] reserved
[    0.000000] BIOS-e820: [mem 0x0000000100000000-0x0000000dffffffff] usable
[    0.000000] NX (Execute Disable) protection: active
[    0.000000] APIC: Static calls initialized
[    0.000000] SMBIOS 2.8 present.
[    0.000000] DMI: QEMU Standard PC (Q35 + ICH9, 2009), BIOS rel-1.16.3-0-ga6ed6b701f0a-prebuilt.qemu.org 04/01/2014
[    0.000000] DMI: Memory slots populated: 1/1
[    0.000000] Hypervisor detected: KVM
[    0.000000] kvm-clock: Using msrs 4b564d01 and 4b564d00
[    0.000007] kvm-clock: using sched offset of 3466760631 cycles
[    0.000022] clocksource: kvm-clock: mask: 0xffffffffffffffff max_cycles: 0x1cd42e4dffb, max_idle_ns: 881590591483 ns
[    0.000065] tsc: Detected 2933.436 MHz processor
[    0.002460] e820: update [mem 0x00000000-0x00000fff] usable ==> reserved
[    0.002470] e820: remove [mem 0x000a0000-0x000fffff] usable
[    0.002484] last_pfn = 0xe00000 max_arch_pfn = 0x400000000
[    0.003152] MTRR map: 4 entries (3 fixed + 1 variable; max 19), built from 8 variable MTRRs
[    0.003187] x86/PAT: Configuration [0-7]: WB  WC  UC- UC  WB  WP  UC- WT  
[    0.003951] last_pfn = 0x7ffdb max_arch_pfn = 0x400000000
[    0.013611] found SMP MP-table at [mem 0x000f5450-0x000f545f]
[    0.013725] Using GB pages for direct mapping
[    0.015488] RAMDISK: [mem 0x79df5000-0x7ffcffff]
[    0.015579] ACPI: Early table checksum verification disabled
[    0.015697] ACPI: RSDP 0x00000000000F5220 000014 (v00 BOCHS )
[    0.015756] ACPI: RSDT 0x000000007FFE3D96 000040 (v01 BOCHS  BXPC     00000001 BXPC 00000001)
[    0.015799] ACPI: FACP 0x000000007FFE25E7 0000F4 (v03 BOCHS  BXPC     00000001 BXPC 00000001)
[    0.015827] ACPI: DSDT 0x000000007FFDF040 0035A7 (v01 BOCHS  BXPC     00000001 BXPC 00000001)
[    0.015843] ACPI: FACS 0x000000007FFDF000 000040
[    0.015853] ACPI: APIC 0x000000007FFE26DB 000170 (v03 BOCHS  BXPC     00000001 BXPC 00000001)
[    0.015862] ACPI: HPET 0x000000007FFE284B 000038 (v01 BOCHS  BXPC     00000001 BXPC 00000001)
[    0.015872] ACPI: SRAT 0x000000007FFE2883 0002D0 (v01 BOCHS  BXPC     00000001 BXPC 00000001)
[    0.015881] ACPI: MCFG 0x000000007FFE2B53 00003C (v01 BOCHS  BXPC     00000001 BXPC 00000001)
[    0.015891] ACPI: SSDT 0x000000007FFE2B8F 0011DF (v01 BOCHS  NVDIMM   00000001 BXPC 00000001)
[    0.015900] ACPI: WAET 0x000000007FFE3D6E 000028 (v01 BOCHS  BXPC     00000001 BXPC 00000001)
[    0.015908] ACPI: Reserving FACP table memory at [mem 0x7ffe25e7-0x7ffe26da]
[    0.015911] ACPI: Reserving DSDT table memory at [mem 0x7ffdf040-0x7ffe25e6]
[    0.015914] ACPI: Reserving FACS table memory at [mem 0x7ffdf000-0x7ffdf03f]
[    0.015917] ACPI: Reserving APIC table memory at [mem 0x7ffe26db-0x7ffe284a]
[    0.015919] ACPI: Reserving HPET table memory at [mem 0x7ffe284b-0x7ffe2882]
[    0.015921] ACPI: Reserving SRAT table memory at [mem 0x7ffe2883-0x7ffe2b52]
[    0.015924] ACPI: Reserving MCFG table memory at [mem 0x7ffe2b53-0x7ffe2b8e]
[    0.015926] ACPI: Reserving SSDT table memory at [mem 0x7ffe2b8f-0x7ffe3d6d]
[    0.015928] ACPI: Reserving WAET table memory at [mem 0x7ffe3d6e-0x7ffe3d95]
[    0.016369] ACPI: SRAT: Node 0 PXM 0 [mem 0x00000000-0x0009ffff]
[    0.016376] ACPI: SRAT: Node 0 PXM 0 [mem 0x00100000-0x7fffffff]
[    0.016380] ACPI: SRAT: Node 0 PXM 0 [mem 0x100000000-0xdffffffff]
[    0.016383] ACPI: SRAT: Node 0 PXM 0 [mem 0xe00000000-0x1bffffffff] hotplug
[    0.016397] NUMA: Node 0 [mem 0x00001000-0x0009ffff] + [mem 0x00100000-0x7fffffff] -> [mem 0x00001000-0x7fffffff]
[    0.016402] NUMA: Node 0 [mem 0x00001000-0x7fffffff] + [mem 0x100000000-0xdffffffff] -> [mem 0x00001000-0xdffffffff]
[    0.016431] NODE_DATA(0) allocated [mem 0xdfffd3700-0xdffffdfff]
[    0.016875] crashkernel low memory reserved: 0x69000000 - 0x79000000 (256 MB)
[    0.016881] crashkernel reserved: 0x0000000d7f000000 - 0x0000000dff000000 (2048 MB)
[    0.017307] Zone ranges:
[    0.017309]   DMA      [mem 0x0000000000001000-0x0000000000ffffff]
[    0.017314]   DMA32    [mem 0x0000000001000000-0x00000000ffffffff]
[    0.017317]   Normal   [mem 0x0000000100000000-0x0000000dffffffff]
[    0.017320]   Device   empty
[    0.017323] Movable zone start for each node
[    0.017326] Early memory node ranges
[    0.017327]   node   0: [mem 0x0000000000001000-0x000000000009efff]
[    0.017335]   node   0: [mem 0x0000000000100000-0x000000007ffdafff]
[    0.017338]   node   0: [mem 0x0000000100000000-0x0000000dffffffff]
[    0.017348] Initmem setup node 0 [mem 0x0000000000001000-0x0000000dffffffff]
[    0.017943] On node 0, zone DMA: 1 pages in unavailable ranges
[    0.018116] On node 0, zone DMA: 97 pages in unavailable ranges
[    1.140004] On node 0, zone Normal: 37 pages in unavailable ranges
[    7.792710] kasan: KernelAddressSanitizer initialized
[    7.800478] ACPI: PM-Timer IO Port: 0x608
[    7.800617] ACPI: LAPIC_NMI (acpi_id[0xff] dfl dfl lint[0x1])
[    7.801043] IOAPIC[0]: apic_id 0, version 17, address 0xfec00000, GSI 0-23
[    7.801061] ACPI: INT_SRC_OVR (bus 0 bus_irq 0 global_irq 2 dfl dfl)
[    7.801066] ACPI: INT_SRC_OVR (bus 0 bus_irq 5 global_irq 5 high level)
[    7.801069] ACPI: INT_SRC_OVR (bus 0 bus_irq 9 global_irq 9 high level)
[    7.801079] ACPI: INT_SRC_OVR (bus 0 bus_irq 10 global_irq 10 high level)
[    7.801083] ACPI: INT_SRC_OVR (bus 0 bus_irq 11 global_irq 11 high level)
[    7.801097] ACPI: Using ACPI (MADT) for SMP configuration information
[    7.801101] ACPI: HPET id: 0x8086a201 base: 0xfed00000
[    7.801119] TSC deadline timer available
[    7.801132] CPU topo: Max. logical packages:   2
[    7.801135] CPU topo: Max. logical dies:       2
[    7.801136] CPU topo: Max. dies per package:   1
[    7.801144] CPU topo: Max. threads per core:   2
[    7.801146] CPU topo: Num. cores per package:     8
[    7.801148] CPU topo: Num. threads per package:  16
[    7.801149] CPU topo: Allowing 32 present CPUs plus 0 hotplug CPUs
[    7.801293] kvm-guest: APIC: eoi() replaced with kvm_guest_apic_eoi_write()
[    7.801414] kvm-guest: KVM setup pv remote TLB flush
[    7.801481] kvm-guest: setup PV sched yield
[    7.801766] PM: hibernation: Registered nosave memory: [mem 0x00000000-0x00000fff]
[    7.801774] PM: hibernation: Registered nosave memory: [mem 0x0009f000-0x0009ffff]
[    7.801777] PM: hibernation: Registered nosave memory: [mem 0x000a0000-0x000effff]
[    7.801779] PM: hibernation: Registered nosave memory: [mem 0x000f0000-0x000fffff]
[    7.801783] PM: hibernation: Registered nosave memory: [mem 0x7ffdb000-0x7fffffff]
[    7.801786] PM: hibernation: Registered nosave memory: [mem 0x80000000-0xafffffff]
[    7.801788] PM: hibernation: Registered nosave memory: [mem 0xb0000000-0xbfffffff]
[    7.801790] PM: hibernation: Registered nosave memory: [mem 0xc0000000-0xfed1bfff]
[    7.801792] PM: hibernation: Registered nosave memory: [mem 0xfed1c000-0xfed1ffff]
[    7.801794] PM: hibernation: Registered nosave memory: [mem 0xfed20000-0xfeffbfff]
[    7.801796] PM: hibernation: Registered nosave memory: [mem 0xfeffc000-0xfeffffff]
[    7.801798] PM: hibernation: Registered nosave memory: [mem 0xff000000-0xfffbffff]
[    7.801800] PM: hibernation: Registered nosave memory: [mem 0xfffc0000-0xffffffff]
[    7.801813] [mem 0xc0000000-0xfed1bfff] available for PCI devices
[    7.801821] Booting paravirtualized kernel on KVM
[    7.801829] clocksource: refined-jiffies: mask: 0xffffffff max_cycles: 0xffffffff, max_idle_ns: 7645519600211568 ns
[    7.801912] setup_percpu: NR_CPUS:8192 nr_cpumask_bits:32 nr_cpu_ids:32 nr_node_ids:1
[    7.942146] percpu: Embedded 532 pages/cpu s2142208 r8192 d28672 u4194304
[    7.942207] pcpu-alloc: s2142208 r8192 d28672 u4194304 alloc=2*2097152
[    7.942215] pcpu-alloc: [0] 00 [0] 01 [0] 02 [0] 03 [0] 04 [0] 05 [0] 06 [0] 07 
[    7.942234] pcpu-alloc: [0] 08 [0] 09 [0] 10 [0] 11 [0] 12 [0] 13 [0] 14 [0] 15 
[    7.942252] pcpu-alloc: [0] 16 [0] 17 [0] 18 [0] 19 [0] 20 [0] 21 [0] 22 [0] 23 
[    7.942271] pcpu-alloc: [0] 24 [0] 25 [0] 26 [0] 27 [0] 28 [0] 29 [0] 30 [0] 31 
[    7.942595] kvm-guest: PV spinlocks enabled
[    7.942615] PV qspinlock hash table entries: 256 (order: 0, 4096 bytes, linear)
[    7.942631] Kernel command line: intremap=off console=ttyS0,115200 nokaslr root=/dev/vda1 crashkernel=1G-:2G
[    7.942944] Unknown kernel command line parameters "nokaslr", will be passed to user space.
[    7.942974] printk: log buffer data + meta data: 262144 + 917504 = 1179648 bytes
[    8.010594] Dentry cache hash table entries: 8388608 (order: 14, 67108864 bytes, linear)
[    8.037460] Inode-cache hash table entries: 4194304 (order: 13, 33554432 bytes, linear)
[    8.041866] Fallback order for Node 0: 0 
[    8.041896] Built 1 zonelists, mobility grouping on.  Total pages: 14155641
[    8.041900] Policy zone: Normal
[    8.041961] mem auto-init: stack:off, heap alloc:on, heap free:off
[    8.041973] stackdepot: allocating hash table via alloc_large_system_hash
[    8.041984] stackdepot hash table entries: 1048576 (order: 12, 16777216 bytes, linear)
[    8.057979] software IO TLB: area num 32.
[   10.624328] SLUB: HWalign=64, Order=0-3, MinObjects=0, CPUs=32, Nodes=1
[   10.625692] Kernel/User page tables isolation: enabled
[   10.626531] ftrace: allocating 52416 entries in 205 pages
[   10.879076] ftrace: allocated 205 pages with 5 groups
[   10.886265] Dynamic Preempt: voluntary
[   10.893741] Running RCU self tests
[   10.893745] Running RCU synchronous self tests
[   10.893802] rcu: Preemptible hierarchical RCU implementation.
[   10.893804] rcu: 	RCU lockdep checking is enabled.
[   10.893805] rcu: 	RCU restricting CPUs from NR_CPUS=8192 to nr_cpu_ids=32.
[   10.893810] 	Trampoline variant of Tasks RCU enabled.
[   10.893811] 	Rude variant of Tasks RCU enabled.
[   10.893813] 	Tracing variant of Tasks RCU enabled.
[   10.893815] rcu: RCU calculated value of scheduler-enlistment delay is 25 jiffies.
[   10.893817] rcu: Adjusting geometry for rcu_fanout_leaf=16, nr_cpu_ids=32
[   10.894479] Running RCU synchronous self tests
[   10.894511] RCU Tasks: Setting shift to 5 and lim to 1 rcu_task_cb_adjust=1 rcu_task_cpu_ids=32.
[   10.894536] RCU Tasks Rude: Setting shift to 5 and lim to 1 rcu_task_cb_adjust=1 rcu_task_cpu_ids=32.
[   10.894561] RCU Tasks Trace: Setting shift to 5 and lim to 1 rcu_task_cb_adjust=1 rcu_task_cpu_ids=32.
[   10.948435] NR_IRQS: 524544, nr_irqs: 680, preallocated irqs: 16
[   10.950355] rcu: srcu_init: Setting srcu_struct sizes based on contention.
[   11.057232] Console: colour VGA+ 80x25
[   11.057667] printk: legacy console [ttyS0] enabled
[   12.564405] Lock dependency validator: Copyright (c) 2006 Red Hat, Inc., Ingo Molnar
[   12.575532] ... MAX_LOCKDEP_SUBCLASSES:  8
[   12.581473] ... MAX_LOCK_DEPTH:          48
[   12.587554] ... MAX_LOCKDEP_KEYS:        8192
[   12.593878] ... CLASSHASH_SIZE:          4096
[   12.600183] ... MAX_LOCKDEP_ENTRIES:     32768
[   12.606634] ... MAX_LOCKDEP_CHAINS:      65536
[   12.613108] ... CHAINHASH_SIZE:          32768
[   12.619585]  memory used by lock dependency info: 6941 kB
[   12.627364]  memory used for stack traces: 4224 kB
[   12.634278]  per task-struct memory footprint: 2688 bytes
[   12.642950] ACPI: Core revision 20240827
[   12.651861] clocksource: hpet: mask: 0xffffffff max_cycles: 0xffffffff, max_idle_ns: 19112604467 ns
[   12.665919] APIC: Switch to symmetric I/O mode setup
[   12.676963] x2apic enabled
[   12.684920] APIC: Switched APIC routing to: physical x2apic
[   12.693021] kvm-guest: APIC: send_IPI_mask() replaced with kvm_send_ipi_mask()
[   12.703250] kvm-guest: APIC: send_IPI_mask_allbutself() replaced with kvm_send_ipi_mask_allbutself()
[   12.716240] kvm-guest: setup PV IPIs
[   12.737593] ..TIMER: vector=0x30 apic1=0 pin1=2 apic2=-1 pin2=-1
[   12.747525] clocksource: tsc-early: mask: 0xffffffffffffffff max_cycles: 0x2a48a50322c, max_idle_ns: 440795287943 ns
[   12.765327] Calibrating delay loop (skipped) preset value.. 5866.87 BogoMIPS (lpj=11733744)
[   12.774592] x86/cpu: User Mode Instruction Prevention (UMIP) activated
[   12.779045] Last level iTLB entries: 4KB 0, 2MB 0, 4MB 0
[   12.781315] Last level dTLB entries: 4KB 0, 2MB 0, 4MB 0, 1GB 0
[   12.785427] Spectre V1 : Mitigation: usercopy/swapgs barriers and __user pointer sanitization
[   12.789318] Spectre V2 : Mitigation: Retpolines
[   12.793315] Spectre V2 : Spectre v2 / SpectreRSB mitigation: Filling RSB on context switch
[   12.797319] Spectre V2 : Spectre v2 / SpectreRSB : Filling RSB on VMEXIT
[   12.801315] Spectre V2 : Enabling Restricted Speculation for firmware calls
[   12.805324] Spectre V2 : mitigation: Enabling conditional Indirect Branch Prediction Barrier
[   12.809315] Spectre V2 : User space: Mitigation: STIBP via prctl
[   12.813316] Speculative Store Bypass: Mitigation: Speculative Store Bypass disabled via prctl
[   12.817317] MDS: Vulnerable: Clear CPU buffers attempted, no microcode
[   12.821315] MMIO Stale Data: Unknown: No mitigations
[   12.825340] x86/fpu: x87 FPU will use FXSAVE
[   12.885872] Freeing SMP alternatives memory: 40K
[   12.889324] pid_max: default: 32768 minimum: 301
[   12.898933] LSM: initializing lsm=lockdown,capability,landlock,yama,apparmor,ima,evm
[   12.902259] landlock: Up and running.
[   12.905318] Yama: becoming mindful.
[   12.913828] AppArmor: AppArmor initialized
[   12.922560] Mount-cache hash table entries: 131072 (order: 8, 1048576 bytes, linear)
[   12.925912] Mountpoint-cache hash table entries: 131072 (order: 8, 1048576 bytes, linear)
[   12.939408] Running RCU synchronous self tests
[   12.941323] Running RCU synchronous self tests
[   12.947925] smpboot: CPU0: Intel Westmere E56xx/L56xx/X56xx (IBRS update) (family: 0x6, model: 0x2c, stepping: 0x1)
[   12.955218] Running RCU Tasks wait API self tests
[   13.061491] Running RCU Tasks Rude wait API self tests
[   13.065342] Running RCU Tasks Trace wait API self tests
[   13.069534] Performance Events: unsupported p6 CPU model 44 no PMU driver, software events only.
[   13.073921] signal: max sigframe size: 1440
[   13.077428] Callback from call_rcu_tasks_trace() invoked.
[   13.081996] rcu: Hierarchical SRCU implementation.
[   13.085345] rcu: 	Max phase no-delay instances is 1000.
[   13.090392] Timer migration: 2 hierarchy levels; 8 children per group; 2 crossnode level
[   13.102155] NMI watchdog: Perf NMI watchdog permanently disabled
[   13.117418] smp: Bringing up secondary CPUs ...
[   13.134130] smpboot: x86: Booting SMP configuration:
[   13.137374] .... node  #0, CPUs:        #2  #4  #6  #8 #10 #12 #14 #16 #18 #20 #22 #24 #26 #28 #30
[   13.269753] Callback from call_rcu_tasks() invoked.
[   13.354351]   #1  #3  #5  #7  #9 #11 #13 #15 #17 #19 #21 #23 #25 #27 #29 #31
[   13.502766] MDS CPU bug present and SMT on, data leak possible. See https://www.kernel.org/doc/html/latest/admin-guide/hw-vuln/mds.html for more details.
[   13.599241] smp: Brought up 1 node, 32 CPUs
[   13.601351] smpboot: Total of 32 processors activated (187739.90 BogoMIPS)
[   13.635635] Memory: 45769576K/56622564K available (53248K kernel code, 16294K rwdata, 13000K rodata, 9908K init, 22736K bss, 10804692K reserved, 0K cma-reserved)
[   13.654765] devtmpfs: initialized
[   13.662926] x86/mm: Memory block size: 128MB
[   13.943733] Running RCU synchronous self tests
[   13.957529] Running RCU synchronous self tests
[   13.967853] clocksource: jiffies: mask: 0xffffffff max_cycles: 0xffffffff, max_idle_ns: 7645041785100000 ns
[   13.990309] futex hash table entries: 8192 (order: 8, 1048576 bytes, linear)
[   14.009850] pinctrl core: initialized pinctrl subsystem
[   14.025033] PM: RTC time: 12:01:19, date: 2025-01-09
[   14.046818] NET: Registered PF_NETLINK/PF_ROUTE protocol family
[   14.066408] DMA: preallocated 4096 KiB GFP_KERNEL pool for atomic allocations
[   14.082229] DMA: preallocated 4096 KiB GFP_KERNEL|GFP_DMA pool for atomic allocations
[   14.102438] DMA: preallocated 4096 KiB GFP_KERNEL|GFP_DMA32 pool for atomic allocations
[   14.118034] audit: initializing netlink subsys (disabled)
[   14.129957] audit: type=2000 audit(1736424078.079:1): state=initialized audit_enabled=0 res=1
[   14.135814] thermal_sys: Registered thermal governor 'fair_share'
[   14.149373] thermal_sys: Registered thermal governor 'bang_bang'
[   14.161346] thermal_sys: Registered thermal governor 'step_wise'
[   14.169354] thermal_sys: Registered thermal governor 'user_space'
[   14.181346] thermal_sys: Registered thermal governor 'power_allocator'
[   14.193701] EISA bus registered
[   14.209928] cpuidle: using governor ladder
[   14.217803] cpuidle: using governor menu
[   14.223633] acpiphp: ACPI Hot Plug PCI Controller Driver version: 0.5
[   14.237467] PCI: ECAM [mem 0xb0000000-0xbfffffff] (base 0xb0000000) for domain 0000 [bus 00-ff]
[   14.254862] PCI: ECAM [mem 0xb0000000-0xbfffffff] reserved as E820 entry
[   14.403766] PCI: Using configuration type 1 for base access
[   14.418485] kprobes: kprobe jump-optimization is enabled. All kprobes are optimized if possible.
[   14.446523] HugeTLB: registered 1.00 GiB page size, pre-allocated 0 pages
[   14.457363] HugeTLB: 16380 KiB vmemmap can be freed for a 1.00 GiB page
[   14.469351] HugeTLB: registered 2.00 MiB page size, pre-allocated 0 pages
[   14.485350] HugeTLB: 28 KiB vmemmap can be freed for a 2.00 MiB page
[   14.576649] ACPI: Added _OSI(Module Device)
[   14.577397] ACPI: Added _OSI(Processor Device)
[   14.581344] ACPI: Added _OSI(3.0 _SCP Extensions)
[   14.585403] ACPI: Added _OSI(Processor Aggregator Device)
[   14.823169] ACPI: 2 ACPI AML tables successfully acquired and loaded
[   14.890668] ACPI: Interpreter enabled
[   14.898513] ACPI: PM: (supports S0 S3 S4 S5)
[   14.906324] ACPI: Using IOAPIC for interrupt routing
[   14.914189] PCI: Using host bridge windows from ACPI; if necessary, use "pci=nocrs" and report a bug
[   14.929356] PCI: Using E820 reservations for host bridge windows
[   14.950489] ACPI: Enabled 4 GPEs in block 00 to 3F
[   15.463486] ACPI: PCI Root Bridge [PCI0] (domain 0000 [bus 00-ff])
[   15.465466] acpi PNP0A08:00: _OSC: OS supports [ExtendedConfig ASPM ClockPM Segments MSI EDR HPX-Type3]
[   15.473480] acpi PNP0A08:00: _OSC: platform does not support [PCIeHotplug LTR DPC]
[   15.484496] acpi PNP0A08:00: _OSC: OS now controls [SHPCHotplug PME AER PCIeCapability]
[   15.492819] PCI host bridge to bus 0000:00
[   15.494175] pci_bus 0000:00: root bus resource [io  0x0000-0x0cf7 window]
[   15.498040] pci_bus 0000:00: root bus resource [io  0x0d00-0xffff window]
[   15.502358] pci_bus 0000:00: root bus resource [mem 0x000a0000-0x000bffff window]
[   15.505365] pci_bus 0000:00: root bus resource [mem 0x80000000-0xafffffff window]
[   15.510253] pci_bus 0000:00: root bus resource [mem 0xc0000000-0xfebfffff window]
[   15.513361] pci_bus 0000:00: root bus resource [mem 0x1c00000000-0x23ffffffff window]
[   15.517366] pci_bus 0000:00: root bus resource [bus 00-ff]
[   15.521999] pci 0000:00:00.0: [8086:29c0] type 00 class 0x060000 conventional PCI endpoint
[   15.533935] pci 0000:00:01.0: [1234:1111] type 00 class 0x030000 conventional PCI endpoint
[   15.544800] pci 0000:00:01.0: BAR 0 [mem 0xfd000000-0xfdffffff pref]
[   15.556523] pci 0000:00:01.0: BAR 2 [mem 0xfea50000-0xfea50fff]
[   15.585262] pci 0000:00:01.0: ROM [mem 0xfea40000-0xfea4ffff pref]
[   15.589229] pci 0000:00:01.0: Video device with shadowed ROM at [mem 0x000c0000-0x000dffff]
[   15.605362] pci 0000:00:01.0: pci_fixup_video+0x0/0x2d0 took 15625 usecs
[   15.627649] pci 0000:00:02.0: [1af4:1000] type 00 class 0x020000 conventional PCI endpoint
[   15.645365] pci 0000:00:02.0: BAR 0 [io  0xc040-0xc05f]
[   15.660851] pci 0000:00:02.0: BAR 1 [mem 0xfea51000-0xfea51fff]
[   15.678791] pci 0000:00:02.0: BAR 4 [mem 0xfe200000-0xfe203fff 64bit pref]
[   15.695364] pci 0000:00:02.0: ROM [mem 0xfea00000-0xfea3ffff pref]
[   15.716527] pci 0000:00:03.0: [1b36:000c] type 01 class 0x060400 PCIe Root Port
[   15.737365] pci 0000:00:03.0: BAR 0 [mem 0xfea52000-0xfea52fff]
[   15.765343] pci 0000:00:03.0: PCI bridge to [bus 01]
[   15.773805] pci 0000:00:03.0:   bridge window [mem 0xfe800000-0xfe9fffff]
[   15.789708] pci 0000:00:03.0:   bridge window [mem 0xfe000000-0xfe1fffff 64bit pref]
[   15.818974] pci 0000:00:04.0: [1af4:105b] type 00 class 0x00ff00 conventional PCI endpoint
[   15.828079] pci 0000:00:04.0: BAR 4 [mem 0xfe204000-0xfe207fff 64bit pref]
[   15.975804] pci 0000:00:1f.0: [8086:2918] type 00 class 0x060100 conventional PCI endpoint
[   15.982893] pci 0000:00:1f.0: quirk: [io  0x0600-0x067f] claimed by ICH6 ACPI/GPIO/TCO
[   15.990982] pci 0000:00:1f.2: [8086:2922] type 00 class 0x010601 conventional PCI endpoint
[   16.004257] pci 0000:00:1f.2: BAR 4 [io  0xc060-0xc07f]
[   16.007009] pci 0000:00:1f.2: BAR 5 [mem 0xfea53000-0xfea53fff]
[   16.017831] pci 0000:00:1f.3: [8086:2930] type 00 class 0x0c0500 conventional PCI endpoint
[   16.028101] pci 0000:00:1f.3: BAR 4 [io  0x0700-0x073f]
[   16.042109] acpiphp: Slot [0] registered
[   16.047485] pci 0000:01:00.0: [1af4:1042] type 00 class 0x010000 PCIe Endpoint
[   16.057419] pci 0000:01:00.0: BAR 1 [mem 0xfe800000-0xfe800fff]
[   16.073340] pci 0000:01:00.0: BAR 4 [mem 0xfe000000-0xfe003fff 64bit pref]
[   16.161257] pci 0000:00:03.0: PCI bridge to [bus 01]
[   16.189524] ACPI: PCI: Interrupt link LNKA configured for IRQ 10
[   16.206676] ACPI: PCI: Interrupt link LNKB configured for IRQ 10
[   16.217982] ACPI: PCI: Interrupt link LNKC configured for IRQ 11
[   16.234362] ACPI: PCI: Interrupt link LNKD configured for IRQ 11
[   16.250940] ACPI: PCI: Interrupt link LNKE configured for IRQ 10
[   16.269344] ACPI: PCI: Interrupt link LNKF configured for IRQ 10
[   16.282199] ACPI: PCI: Interrupt link LNKG configured for IRQ 11
[   16.299340] ACPI: PCI: Interrupt link LNKH configured for IRQ 11
[   16.311045] ACPI: PCI: Interrupt link GSIA configured for IRQ 16
[   16.322125] ACPI: PCI: Interrupt link GSIB configured for IRQ 17
[   16.333995] ACPI: PCI: Interrupt link GSIC configured for IRQ 18
[   16.346111] ACPI: PCI: Interrupt link GSID configured for IRQ 19
[   16.362010] ACPI: PCI: Interrupt link GSIE configured for IRQ 20
[   16.374137] ACPI: PCI: Interrupt link GSIF configured for IRQ 21
[   16.390061] ACPI: PCI: Interrupt link GSIG configured for IRQ 22
[   16.401920] ACPI: PCI: Interrupt link GSIH configured for IRQ 23
[   16.589768] iommu: Default domain type: Translated
[   16.593651] iommu: DMA domain TLB invalidation policy: lazy mode
[   16.611483] SCSI subsystem initialized
[   16.614678] libata version 3.00 loaded.
[   16.615472] ACPI: bus type USB registered
[   16.618192] usbcore: registered new interface driver usbfs
[   16.621948] usbcore: registered new interface driver hub
[   16.625931] usbcore: registered new device driver usb
[   16.630603] pps_core: LinuxPPS API ver. 1 registered
[   16.633349] pps_core: Software ver. 5.3.6 - Copyright 2005-2007 Rodolfo Giometti <giometti@linux.it>
[   16.637470] PTP clock support registered
[   16.643291] EDAC MC: Ver: 3.0.0
[   16.667315] NetLabel: Initializing
[   16.669343] NetLabel:  domain hash size = 128
[   16.673454] NetLabel:  protocols = UNLABELED CIPSOv4 CALIPSO
[   16.678145] NetLabel:  unlabeled traffic allowed by default
[   16.685944] PCI: Using ACPI for IRQ routing
[   18.767599] PCI: pci_cache_line_size set to 64 bytes
[   18.769483] e820: reserve RAM buffer [mem 0x0009fc00-0x0009ffff]
[   18.769683] e820: reserve RAM buffer [mem 0x7ffdb000-0x7fffffff]
[   18.773724] pci 0000:00:01.0: vgaarb: setting as boot VGA device
[   18.777304] pci 0000:00:01.0: vgaarb: bridge control possible
[   18.777304] pci 0000:00:01.0: vgaarb: VGA device added: decodes=io+mem,owns=io+mem,locks=none
[   18.805379] vgaarb: loaded
[   18.811893] hpet0: at MMIO 0xfed00000, IRQs 2, 8, 0
[   18.821356] hpet0: 3 comparators, 64-bit 100.000000 MHz counter
[   18.856521] clocksource: Switched to clocksource kvm-clock
[   18.876850] VFS: Disk quotas dquot_6.6.0
[   18.883713] VFS: Dquot-cache hash table entries: 512 (order 0, 4096 bytes)
[   18.904206] AppArmor: AppArmor Filesystem Enabled
[   18.912826] pnp: PnP ACPI init
[   18.926380] system 00:05: [mem 0xb0000000-0xbfffffff window] has been reserved
[   18.969607] pnp: PnP ACPI: found 6 devices
[   19.067007] clocksource: acpi_pm: mask: 0xffffff max_cycles: 0xffffff, max_idle_ns: 2085701024 ns
[   19.093810] NET: Registered PF_INET protocol family
[   19.111324] IP idents hash table entries: 262144 (order: 9, 2097152 bytes, linear)
[   19.143960] tcp_listen_portaddr_hash hash table entries: 32768 (order: 9, 2621440 bytes, linear)
[   19.163980] Table-perturb hash table entries: 65536 (order: 6, 262144 bytes, linear)
[   19.181435] TCP established hash table entries: 524288 (order: 10, 4194304 bytes, linear)
[   19.209931] TCP bind hash table entries: 65536 (order: 11, 10485760 bytes, vmalloc hugepage)
[   19.228748] TCP: Hash tables configured (established 524288 bind 65536)
[   19.250753] MPTCP token hash table entries: 65536 (order: 10, 6291456 bytes, vmalloc hugepage)
[   19.281038] UDP hash table entries: 32768 (order: 11, 9961472 bytes, vmalloc hugepage)
[   19.311424] UDP-Lite hash table entries: 32768 (order: 11, 9961472 bytes, vmalloc hugepage)
[   19.332853] NET: Registered PF_UNIX/PF_LOCAL protocol family
[   19.344558] NET: Registered PF_XDP protocol family
[   19.352759] pci 0000:00:03.0: bridge window [io  0x1000-0x0fff] to [bus 01] add_size 1000
[   19.366192] pci 0000:00:03.0: bridge window [io  0x1000-0x1fff]: assigned
[   19.377245] pci 0000:00:03.0: PCI bridge to [bus 01]
[   19.385646] pci 0000:00:03.0:   bridge window [io  0x1000-0x1fff]
[   19.397884] pci 0000:00:03.0:   bridge window [mem 0xfe800000-0xfe9fffff]
[   19.410335] pci 0000:00:03.0:   bridge window [mem 0xfe000000-0xfe1fffff 64bit pref]
[   19.425736] pci_bus 0000:00: resource 4 [io  0x0000-0x0cf7 window]
[   19.436021] pci_bus 0000:00: resource 5 [io  0x0d00-0xffff window]
[   19.446035] pci_bus 0000:00: resource 6 [mem 0x000a0000-0x000bffff window]
[   19.456959] pci_bus 0000:00: resource 7 [mem 0x80000000-0xafffffff window]
[   19.467991] pci_bus 0000:00: resource 8 [mem 0xc0000000-0xfebfffff window]
[   19.479155] pci_bus 0000:00: resource 9 [mem 0x1c00000000-0x23ffffffff window]
[   19.491176] pci_bus 0000:01: resource 0 [io  0x1000-0x1fff]
[   19.500249] pci_bus 0000:01: resource 1 [mem 0xfe800000-0xfe9fffff]
[   19.510265] pci_bus 0000:01: resource 2 [mem 0xfe000000-0xfe1fffff 64bit pref]
[   19.523819] PCI: CLS 0 bytes, default 64
[   19.531189] PCI-DMA: Using software bounce buffering for IO (SWIOTLB)
[   19.534017] Trying to unpack rootfs image as initramfs...
[   19.543393] software IO TLB: mapped [mem 0x0000000065000000-0x0000000069000000] (64MB)
[   19.544102] clocksource: tsc: mask: 0xffffffffffffffff max_cycles: 0x2a48a50322c, max_idle_ns: 440795287943 ns
[   19.638320] Initialise system trusted keyrings
[   19.650543] Key type blacklist registered
[   19.663284] workingset: timestamp_bits=36 max_order=24 bucket_order=0
[   19.674773] zbud: loaded
[   19.693090] squashfs: version 4.0 (2009/01/31) Phillip Lougher
[   19.713906] fuse: init (API version 7.41)
[   19.724712] integrity: Platform Keyring initialized
[   19.755315] Key type asymmetric registered
[   19.762089] Asymmetric key parser 'x509' registered
[   19.770877] Block layer SCSI generic (bsg) driver version 0.4 loaded (major 243)
[   19.784767] io scheduler mq-deadline registered
[   19.831068] ledtrig-cpu: registered to indicate activity on CPUs
[   19.873242] ACPI: \_SB_.GSIH: Enabled at IRQ 23
[   19.892864] pcieport 0000:00:03.0: PME: Signaling with IRQ 24
[   19.910717] pcieport 0000:00:03.0: AER: enabled with IRQ 24
[   19.925155] shpchp: Standard Hot Plug PCI Controller Driver version: 0.4
[   19.942898] input: Power Button as /devices/LNXSYSTM:00/LNXPWRBN:00/input/input0
[   19.958033] ACPI: button: Power Button [PWRF]
[   20.073907] ACPI: \_SB_.GSIG: Enabled at IRQ 22
[   20.122712] ACPI: \_SB_.GSIE: Enabled at IRQ 20
[   20.182645] Serial: 8250/16550 driver, 32 ports, IRQ sharing enabled
[   20.246887] 00:03: ttyS0 at I/O 0x3f8 (irq = 4, base_baud = 115200) is a 16550A
[   20.389837] Linux agpgart interface v0.103
[   20.600917] loop: module loaded
[   20.618304] tun: Universal TUN/TAP device driver, 1.6
[   20.630557] PPP generic driver version 2.4.2
[   20.645356] VFIO - User Level meta-driver version: 0.3
[   20.659880] i8042: PNP: PS/2 Controller [PNP0303:KBD,PNP0f13:MOU] at 0x60,0x64 irq 1,12
[   20.686342] serio: i8042 KBD port at 0x60,0x64 irq 1
[   20.696919] serio: i8042 AUX port at 0x60,0x64 irq 12
[   20.710755] mousedev: PS/2 mouse device common for all mice
[   20.724550] rtc_cmos 00:04: RTC can wake from S4
[   20.728820] input: AT Translated Set 2 keyboard as /devices/platform/i8042/serio0/input/input1
[   20.746315] rtc_cmos 00:04: registered as rtc0
[   20.756938] rtc_cmos 00:04: setting system clock to 2025-01-09T12:01:27 UTC (1736424087)
[   20.772610] rtc_cmos 00:04: alarms up to one day, y3k, 242 bytes nvram, hpet irqs
[   20.785925] i2c_dev: i2c /dev entries driver
[   20.794033] device-mapper: core: CONFIG_IMA_DISABLE_HTABLE is disabled. Duplicate IMA measurements will not be recorded in the IMA log.
[   20.815220] device-mapper: uevent: version 1.0.3
[   20.826675] device-mapper: ioctl: 4.48.0-ioctl (2023-03-01) initialised: dm-devel@lists.linux.dev
[   20.843028] platform eisa.0: Probing EISA bus 0
[   20.851177] platform eisa.0: EISA: Cannot allocate resource for mainboard
[   20.863110] platform eisa.0: Cannot allocate resource for EISA slot 1
[   20.874475] platform eisa.0: Cannot allocate resource for EISA slot 2
[   20.885946] platform eisa.0: Cannot allocate resource for EISA slot 3
[   20.897621] platform eisa.0: Cannot allocate resource for EISA slot 4
[   20.907769] platform eisa.0: Cannot allocate resource for EISA slot 5
[   20.917781] platform eisa.0: Cannot allocate resource for EISA slot 6
[   20.927905] platform eisa.0: Cannot allocate resource for EISA slot 7
[   20.937883] platform eisa.0: Cannot allocate resource for EISA slot 8
[   20.947178] platform eisa.0: EISA: Detected 0 cards
[   20.955058] intel_pstate: CPU model not supported
[   20.965788] drop_monitor: Initializing network drop monitor service
[   20.977605] NET: Registered PF_INET6 protocol family
[   23.442733] Freeing initrd memory: 100204K
[   23.559386] Segment Routing with IPv6
[   23.566249] In-situ OAM (IOAM) with IPv6
[   23.573610] NET: Registered PF_PACKET protocol family
[   23.583951] Key type dns_resolver registered
[   23.651943] IPI shorthand broadcast: enabled
[   23.750645] registered taskstats version 1
[   23.783976] Loading compiled-in X.509 certificates
[   23.943870] Demotion targets for Node 0: null
[   23.953216] kmemleak: Kernel memory leak detector initialized (mem pool available: 14409)
[   23.953306] kmemleak: Automatic memory scanning thread started
[   23.977360] Key type .fscrypt registered
[   23.990442] Key type fscrypt-provisioning registered
[   24.074232] cryptd: module verification failed: signature and/or required key missing - tainting kernel
[   24.099797] cryptd: max_cpu_qlen set to 1000
[   24.319432] Key type encrypted registered
[   24.329547] AppArmor: AppArmor sha256 policy hashing enabled
[   24.343599] ima: No TPM chip found, activating TPM-bypass!
[   24.356867] Loading compiled-in module X.509 certificates
[   24.369941] ima: Allocated hash algorithm: sha1
[   24.381141] ima: No architecture policies found
[   24.389506] evm: Initialising EVM extended attributes:
[   24.397991] evm: security.selinux
[   24.403475] evm: security.SMACK64
[   24.408998] evm: security.SMACK64EXEC
[   24.415050] evm: security.SMACK64TRANSMUTE
[   24.421884] evm: security.SMACK64MMAP
[   24.427971] evm: security.apparmor
[   24.433648] evm: security.ima
[   24.438582] evm: security.capability
[   24.444540] evm: HMAC attrs: 0x1
[   24.462391] PM:   Magic number: 9:876:25
[   24.469922] memory memory65: hash matches
[   24.480495] RAS: Correctable Errors collector initialized.
[   24.491277] Unstable clock detected, switching default tracing clock to "global"
               If you want to keep using the local clock, then add:
                 "trace_clock=local"
               on the kernel command line
[   24.530771] clk: Disabling unused clocks
[   24.602545] Freeing unused decrypted memory: 2036K
[   24.631773] Freeing unused kernel image (initmem) memory: 9908K
[   24.641129] Write protecting the kernel read-only data: 67584k
[   24.655931] Freeing unused kernel image (rodata/data gap) memory: 1336K
[   24.731334] x86/mm: Checked W+X mappings: passed, no W+X pages found.
[   24.740351] x86/mm: Checking user space page tables
[   24.808577] x86/mm: Checked W+X mappings: passed, no W+X pages found.
[   24.816095] Run /init as init process
[   24.821532]   with arguments:
[   24.821541]     /init
[   24.821547]     nokaslr
[   24.821554]   with environment:
[   24.821560]     HOME=/
[   24.821566]     TERM=linux
[   28.813896] lpc_ich 0000:00:1f.0: I/O space for GPIO uninitialized
[   29.053799] virtio_blk virtio2: 32/0/0 default/read/poll queues
[   29.054516] ahci 0000:00:1f.2: version 3.0
[   29.063549] input: VirtualPS/2 VMware VMMouse as /devices/platform/i8042/serio1/input/input4
[   29.091271] input: VirtualPS/2 VMware VMMouse as /devices/platform/i8042/serio1/input/input3
[   29.163126] ACPI: \_SB_.GSIA: Enabled at IRQ 16
[   29.179737] i801_smbus 0000:00:1f.3: SMBus using PCI interrupt
[   29.201388] ahci 0000:00:1f.2: AHCI vers 0001.0000, 32 command slots, 1.5 Gbps, SATA mode
[   29.223160] ahci 0000:00:1f.2: 6/6 ports implemented (port mask 0x3f)
[   29.229958] i2c i2c-0: Memory type 0x07 not supported yet, not instantiating SPD
[   29.234191] ahci 0000:00:1f.2: flags: 64bit ncq only 
[   29.297548] virtio_blk virtio2: [vda] 209715200 512-byte logical blocks (107 GB/100 GiB)
[   29.565969] scsi host0: ahci
[   29.592204] scsi host1: ahci
[   29.605188] scsi host2: ahci
[   29.628519] scsi host3: ahci
[   29.645043]  vda: vda1 vda14 vda15
[   29.646780] scsi host4: ahci
[   29.694427] scsi host5: ahci
[   29.702073] ata1: SATA max UDMA/133 abar m4096@0xfea53000 port 0xfea53100 irq 61 lpm-pol 0
[   29.712102] ata2: SATA max UDMA/133 abar m4096@0xfea53000 port 0xfea53180 irq 61 lpm-pol 0
[   29.722544] ata3: SATA max UDMA/133 abar m4096@0xfea53000 port 0xfea53200 irq 61 lpm-pol 0
[   29.734393] ata4: SATA max UDMA/133 abar m4096@0xfea53000 port 0xfea53280 irq 61 lpm-pol 0
[   29.746912] ata5: SATA max UDMA/133 abar m4096@0xfea53000 port 0xfea53300 irq 61 lpm-pol 0
[   29.761339] ata6: SATA max UDMA/133 abar m4096@0xfea53000 port 0xfea53380 irq 61 lpm-pol 0
[   29.901483] virtio_net virtio0 enp0s2: renamed from eth0
[   30.093798] ata4: SATA link down (SStatus 0 SControl 300)
[   30.112817] ata3: SATA link up 1.5 Gbps (SStatus 113 SControl 300)
[   30.132701] ata1: SATA link up 1.5 Gbps (SStatus 113 SControl 300)
[   30.148916] ata5: SATA link down (SStatus 0 SControl 300)
[   30.160829] ata2: SATA link up 1.5 Gbps (SStatus 113 SControl 300)
[   30.177647] ata6: SATA link down (SStatus 0 SControl 300)
[   30.192887] ata2.00: ATA-7: QEMU HARDDISK, 2.5+, max UDMA/100
[   30.201480] ata2.00: 20971520 sectors, multi 16: LBA48 NCQ (depth 32)
[   30.211119] ata2.00: applying bridge limits
[   30.218433] ata3.00: ATAPI: QEMU DVD-ROM, 2.5+, max UDMA/100
[   30.226230] ata3.00: applying bridge limits
[   30.232563] ata1.00: ATA-7: QEMU HARDDISK, 2.5+, max UDMA/100
[   30.241666] ata1.00: 20971520 sectors, multi 16: LBA48 NCQ (depth 32)
[   30.253476] ata1.00: applying bridge limits
[   30.261069] ata2.00: configured for UDMA/100
[   30.268408] ata1.00: configured for UDMA/100
[   30.274430] ata3.00: configured for UDMA/100
[   30.280518] scsi 0:0:0:0: Direct-Access     ATA      QEMU HARDDISK    2.5+ PQ: 0 ANSI: 5
[   30.306448] sd 0:0:0:0: Attached scsi generic sg0 type 0
[   30.306669] sd 0:0:0:0: [sda] 20971520 512-byte logical blocks: (10.7 GB/10.0 GiB)
[   30.319406] scsi 1:0:0:0: Direct-Access     ATA      QEMU HARDDISK    2.5+ PQ: 0 ANSI: 5
[   30.323833] sd 0:0:0:0: [sda] Write Protect is off
[   30.343124] sd 0:0:0:0: [sda] Mode Sense: 00 3a 00 00
[   30.343443] sd 0:0:0:0: [sda] Write cache: enabled, read cache: enabled, doesn't support DPO or FUA
[   30.347249] sd 1:0:0:0: [sdb] 20971520 512-byte logical blocks: (10.7 GB/10.0 GiB)
[   30.347687] sd 1:0:0:0: Attached scsi generic sg1 type 0
[   30.355331] scsi 2:0:0:0: CD-ROM            QEMU     QEMU DVD-ROM     2.5+ PQ: 0 ANSI: 5
[   30.365367] sd 0:0:0:0: [sda] Preferred minimum I/O size 512 bytes
[   30.374504] sd 1:0:0:0: [sdb] Write Protect is off
[   30.406124] sd 1:0:0:0: [sdb] Mode Sense: 00 3a 00 00
[   30.406317] sd 1:0:0:0: [sdb] Write cache: enabled, read cache: enabled, doesn't support DPO or FUA
[   30.417374] sd 1:0:0:0: [sdb] Preferred minimum I/O size 512 bytes
[   30.468791] sd 0:0:0:0: [sda] Attached SCSI disk
[   30.503387] sd 1:0:0:0: [sdb] Attached SCSI disk
[   30.557834] sr 2:0:0:0: [sr0] scsi3-mmc drive: 4x/4x cd/rw xa/form2 tray
[   30.572842] cdrom: Uniform CD-ROM driver Revision: 3.20
[   30.694173] sr 2:0:0:0: Attached scsi CD-ROM sr0
[   30.700523] sr 2:0:0:0: Attached scsi generic sg2 type 5
[   30.777475] nd_pmem namespace0.0: unable to guarantee persistence of writes
[   34.583034] raid6: sse2x4   gen()  9188 MB/s
[   34.655031] raid6: sse2x2   gen() 10419 MB/s
[   34.727029] raid6: sse2x1   gen()  8144 MB/s
[   34.732229] raid6: using algorithm sse2x2 gen() 10419 MB/s
[   34.803027] raid6: .... xor() 6512 MB/s, rmw enabled
[   34.809074] raid6: using ssse3x2 recovery algorithm
[   34.825245] xor: measuring software checksum speed
[   34.833202]    prefetch64-sse  : 13813 MB/sec
[   34.840598]    generic_sse     : 10734 MB/sec
[   34.847632] xor: using function: prefetch64-sse (13813 MB/sec)
[   34.864030] async_tx: api initialized (async)
[   36.400518] Btrfs loaded, zoned=yes, fsverity=yes
[   37.583004] EXT4-fs (vda1): mounted filesystem 26c50908-598b-4e8e-871e-35718a3a1426 ro with ordered data mode. Quota mode: none.
[   38.885502] systemd[1]: Inserted module 'autofs4'
[   39.079529] systemd[1]: systemd 249.11-0ubuntu3.12 running in system mode (+PAM +AUDIT +SELINUX +APPARMOR +IMA +SMACK +SECCOMP +GCRYPT +GNUTLS +OPENSSL +ACL +BLKID +CURL +ELFUTILS +FIDO2 +IDN2 -IDN +IPTC +KMOD +LIBCRYPTSETUP +LIBFDISK +PCRE2 -PWQUALITY -P11KIT -QRENCODE +BZIP2 +LZ4 +XZ +ZLIB +ZSTD -XKBCOMMON +UTMP +SYSVINIT default-hierarchy=unified)
[   39.124499] systemd[1]: Detected virtualization kvm.
[   39.131898] systemd[1]: Detected architecture x86-64.
[   39.156823] systemd[1]: Hostname set to <qemu-1>.
[   39.766618] block vda: the capability attribute has been deprecated.
[   40.263410] random: crng init done
[   41.025407] systemd[1]: Queued start job for default target Graphical Interface.
[   41.113275] systemd[1]: Created slice Slice /system/modprobe.
[   41.142883] systemd[1]: Created slice Slice /system/serial-getty.
[   41.172762] systemd[1]: Created slice Slice /system/systemd-fsck.
[   41.203235] systemd[1]: Created slice User and Session Slice.
[   41.221328] systemd[1]: Started Forward Password Requests to Wall Directory Watch.
[   41.245562] systemd[1]: Set up automount Arbitrary Executable File Formats File System Automount Point.
[   41.268280] systemd[1]: Reached target Slice Units.
[   41.281633] systemd[1]: Reached target Mounting snaps.
[   41.296212] systemd[1]: Reached target Swaps.
[   41.308411] systemd[1]: Reached target Local Verity Protected Volumes.
[   41.327084] systemd[1]: Listening on Device-mapper event daemon FIFOs.
[   41.346463] systemd[1]: Listening on LVM2 poll daemon socket.
[   41.364824] systemd[1]: Listening on multipathd control socket.
[   41.519885] systemd[1]: Listening on RPCbind Server Activation Socket.
[   41.542411] systemd[1]: Listening on Syslog Socket.
[   41.560152] systemd[1]: Listening on fsck to fsckd communication Socket.
[   41.581641] systemd[1]: Listening on initctl Compatibility Named Pipe.
[   41.604631] systemd[1]: Listening on Journal Audit Socket.
[   41.623530] systemd[1]: Listening on Journal Socket (/dev/log).
[   41.644382] systemd[1]: Listening on Journal Socket.
[   41.661205] systemd[1]: Listening on Network Service Netlink Socket.
[   41.682781] systemd[1]: Listening on udev Control Socket.
[   41.701129] systemd[1]: Listening on udev Kernel Socket.
[   41.775948] systemd[1]: Mounting Huge Pages File System...
[   41.820467] systemd[1]: Mounting POSIX Message Queue File System...
[   41.865004] systemd[1]: Mounting Kernel Debug File System...
[   41.911073] systemd[1]: Mounting Kernel Trace File System...
[   42.012876] systemd[1]: Starting Journal Service...
[   42.026062] systemd[1]: Condition check resulted in Kernel Module supporting RPCSEC_GSS being skipped.
[   42.063469] systemd[1]: Starting Set the console keyboard layout...
[   42.113164] systemd[1]: Starting Create List of Static Device Nodes...
[   42.163455] systemd[1]: Starting Monitoring of LVM2 mirrors, snapshots etc. using dmeventd or progress polling...
[   42.192177] systemd[1]: Condition check resulted in LXD - agent being skipped.
[   42.273699] systemd[1]: Starting Load Kernel Module configfs...
[   42.320203] systemd[1]: Starting Load Kernel Module drm...
[   42.366028] systemd[1]: Starting Load Kernel Module efi_pstore...
[   42.451629] systemd[1]: Starting Load Kernel Module fuse...
[   42.479584] systemd[1]: Condition check resulted in OpenVSwitch configuration for cleanup being skipped.
[   42.494188] systemd[1]: Condition check resulted in File System Check on Root Device being skipped.
[   42.543678] systemd[1]: Starting Load Kernel Modules...
[   42.604558] systemd[1]: Starting Remount Root and Kernel File Systems...
[   42.612733] ACPI: bus type drm_connector registered
[   42.670869] systemd[1]: Starting Coldplug All udev Devices...
[   42.738265] systemd[1]: Mounted Huge Pages File System.
[   42.764513] systemd[1]: Mounted POSIX Message Queue File System.
[   42.786111] systemd[1]: Mounted Kernel Debug File System.
[   42.804381] systemd[1]: Mounted Kernel Trace File System.
[   42.815481] EXT4-fs (vda1): re-mounted 26c50908-598b-4e8e-871e-35718a3a1426 r/w. Quota mode: none.
[   42.854156] systemd[1]: Finished Set the console keyboard layout.
[   42.895908] systemd[1]: Finished Create List of Static Device Nodes.
[   42.920935] systemd[1]: Started Journal Service.
[   43.454618] alua: device handler registered
[   43.476908] emc: device handler registered
[   43.517070] rdac: device handler registered
[   43.545888] systemd-journald[595]: Received client request to flush runtime journal.
[   43.583901] systemd-journald[595]: File /var/log/journal/02c9a06a7911097a3b638c9756cf2e6e/system.journal corrupted or uncleanly shut down, renaming and replacing.
[   44.411458] loop0: detected capacity change from 0 to 131016
[   44.454869] loop1: detected capacity change from 0 to 130448
[   44.514179] loop2: detected capacity change from 0 to 229272
[   44.578721] loop3: detected capacity change from 0 to 178256
[   44.666354] loop4: detected capacity change from 0 to 82800
[   44.708059] loop5: detected capacity change from 0 to 79520
[   48.001963] parport_pc 00:02: reported by Plug and Play ACPI
[   48.025494] parport0: PC-style at 0x378, irq 7 [PCSPP,TRISTATE]
[   53.080117] ppdev: user-space parallel port driver
[   53.389827] kvm_intel: VM_EXIT_LOAD_IA32_PERF_GLOBAL_CTRL does not work properly. Using workaround
[   54.035379] audit: type=1400 audit(1736424120.772:2): apparmor="STATUS" operation="profile_load" profile="unconfined" name="swtpm" pid=1261 comm="apparmor_parser"
[   54.041789] audit: type=1400 audit(1736424120.780:3): apparmor="STATUS" operation="profile_load" profile="unconfined" name="/usr/bin/man" pid=1260 comm="apparmor_parser"
[   54.041961] audit: type=1400 audit(1736424120.780:4): apparmor="STATUS" operation="profile_load" profile="unconfined" name="man_filter" pid=1260 comm="apparmor_parser"
[   54.042118] audit: type=1400 audit(1736424120.780:5): apparmor="STATUS" operation="profile_load" profile="unconfined" name="man_groff" pid=1260 comm="apparmor_parser"
[   54.047967] audit: type=1400 audit(1736424120.784:6): apparmor="STATUS" operation="profile_load" profile="unconfined" name="nvidia_modprobe" pid=1257 comm="apparmor_parser"
[   54.048139] audit: type=1400 audit(1736424120.784:7): apparmor="STATUS" operation="profile_load" profile="unconfined" name="nvidia_modprobe//kmod" pid=1257 comm="apparmor_parser"
[   54.049795] audit: type=1400 audit(1736424120.788:8): apparmor="STATUS" operation="profile_load" profile="unconfined" name="tcpdump" pid=1262 comm="apparmor_parser"
[   54.054182] audit: type=1400 audit(1736424120.792:9): apparmor="STATUS" operation="profile_load" profile="unconfined" name="lsb_release" pid=1256 comm="apparmor_parser"
[   54.057158] audit: type=1400 audit(1736424120.796:10): apparmor="STATUS" operation="profile_load" profile="unconfined" name="virt-aa-helper" pid=1263 comm="apparmor_parser"
[   54.063703] audit: type=1400 audit(1736424120.804:11): apparmor="STATUS" operation="profile_load" profile="unconfined" name="/usr/lib/snapd/snap-confine" pid=1264 comm="apparmor_parser"
[   55.841470] RPC: Registered named UNIX socket transport module.
[   55.841500] RPC: Registered udp transport module.
[   55.841508] RPC: Registered tcp transport module.
[   55.841516] RPC: Registered tcp-with-tls transport module.
[   55.841524] RPC: Registered tcp NFSv4.1 backchannel transport module.
[   63.293080] loop6: detected capacity change from 0 to 8
[   69.449660] netfs: FS-Cache loaded
[   70.874308] NFS: Registering the id_resolver key type
[   70.874452] Key type id_resolver registered
[   70.874471] Key type id_legacy registered
[   93.993664] cbd: loading out-of-tree module taints kernel.
[  113.291433] SGI XFS with ACLs, security attributes, realtime, quota, no debug enabled
[  113.392479] XFS (cbd0): Mounting V5 Filesystem baeffe3a-ce97-474e-b003-4c830c00de44
[  113.491841] XFS (cbd0): Starting recovery (logdev: internal)
[  113.611654] XFS (cbd0): Ending recovery (logdev: internal)
[  113.705484] xfs filesystem being mounted at /media supports timestamps until 2038-01-19 (0x7fffffff)
[  120.306476] XFS (cbd0): Unmounting Filesystem baeffe3a-ce97-474e-b003-4c830c00de44
[  136.762058] ==== end /root/avocado/job-results/job-2025-01-09T09.29-b69078e/test-results/251-._cbdctrl.py_CbdctrlTest.test_run-cache_data_crc-disable-cache_for_xfstests-no_cache-channel_crc-channel_data_crc-host_mode-multi_host-multihost-enable-test_script-dev-9666 ==== 
[  159.412767] tid: 0, is not registered
[  161.157422] ==== start /root/avocado/job-results/job-2025-01-09T09.29-b69078e/test-results/252-._cbdctrl.py_CbdctrlTest.test_run-cache_data_crc-disable-cache_for_xfstests-no_cache-channel_crc-channel_data_crc-host_mode-multi_host-multihost-enable-test_script-xfstests-41cc ==== 
[  289.777762] XFS (cbd0): Mounting V5 Filesystem 2509a09d-9d23-4e9b-a6b5-3f169c4980f8
[  289.922452] XFS (cbd0): Ending clean mount
[  290.000159] xfs filesystem being mounted at /mnt/test supports timestamps until 2038-01-19 (0x7fffffff)
[  290.723769] kmemleak: Automatic memory scanning thread ended
[  343.377076] XFS (cbd1): Mounting V5 Filesystem 580e6b6e-11c8-4ead-ba3f-239cb5032bdc
[  343.494035] XFS (cbd1): Ending clean mount
[  343.566609] xfs filesystem being mounted at /mnt/scratch supports timestamps until 2038-01-19 (0x7fffffff)
[  343.599555] XFS (cbd1): Unmounting Filesystem 580e6b6e-11c8-4ead-ba3f-239cb5032bdc
[  343.981916] XFS (cbd0): Unmounting Filesystem 2509a09d-9d23-4e9b-a6b5-3f169c4980f8
[  345.145830] XFS (cbd0): Mounting V5 Filesystem 2509a09d-9d23-4e9b-a6b5-3f169c4980f8
[  345.265146] XFS (cbd0): Ending clean mount
[  345.342528] xfs filesystem being mounted at /mnt/test supports timestamps until 2038-01-19 (0x7fffffff)
[  345.605106] run fstests generic/031 at 2025-01-09 12:06:52
[  351.251591] XFS (cbd1): Mounting V5 Filesystem 4aa9ffb4-90a5-427f-b0cd-c1ea2e89eecf
[  351.361675] XFS (cbd1): Ending clean mount
[  351.427534] xfs filesystem being mounted at /mnt/scratch supports timestamps until 2038-01-19 (0x7fffffff)
[  351.682189] XFS (cbd1): Unmounting Filesystem 4aa9ffb4-90a5-427f-b0cd-c1ea2e89eecf
[  351.771749] XFS (cbd1): Mounting V5 Filesystem 4aa9ffb4-90a5-427f-b0cd-c1ea2e89eecf
[  351.881296] XFS (cbd1): Ending clean mount
[  351.947446] xfs filesystem being mounted at /mnt/scratch supports timestamps until 2038-01-19 (0x7fffffff)
[  352.079957] XFS (cbd0): Unmounting Filesystem 2509a09d-9d23-4e9b-a6b5-3f169c4980f8
[  352.462701] XFS (cbd1): Unmounting Filesystem 4aa9ffb4-90a5-427f-b0cd-c1ea2e89eecf
[  353.583528] XFS (cbd1): Mounting V5 Filesystem 4aa9ffb4-90a5-427f-b0cd-c1ea2e89eecf
[  353.700036] XFS (cbd1): Ending clean mount
[  353.772109] xfs filesystem being mounted at /mnt/scratch supports timestamps until 2038-01-19 (0x7fffffff)
[  353.847425] XFS (cbd1): Unmounting Filesystem 4aa9ffb4-90a5-427f-b0cd-c1ea2e89eecf
[  452.646007] ==== end /root/avocado/job-results/job-2025-01-09T09.29-b69078e/test-results/252-._cbdctrl.py_CbdctrlTest.test_run-cache_data_crc-disable-cache_for_xfstests-no_cache-channel_crc-channel_data_crc-host_mode-multi_host-multihost-enable-test_script-xfstests-41cc ==== 
[  473.364084] tid: 0, is not registered
[  521.866872] ==== start /root/avocado/job-results/job-2025-01-09T09.29-b69078e/test-results/253-._cbdctrl.py_CbdctrlTest.test_run-cache_data_crc-disable-cache_for_xfstests-no_cache-channel_crc-channel_data_crc-host_mode-multi_host-multihost-test_script-register-28ed ==== 
[  538.944443] cbd: module verification failed: signature and/or required key missing - tainting kernel
[  543.628358] cbd: transport_info_validate:855 cbd_transport0: transport expects CBD_MULTIHOST enabled.
[  562.402740] ==== end /root/avocado/job-results/job-2025-01-09T09.29-b69078e/test-results/253-._cbdctrl.py_CbdctrlTest.test_run-cache_data_crc-disable-cache_for_xfstests-no_cache-channel_crc-channel_data_crc-host_mode-multi_host-multihost-test_script-register-28ed ==== 
[  588.386284] ==== start /root/avocado/job-results/job-2025-01-09T09.29-b69078e/test-results/254-._cbdctrl.py_CbdctrlTest.test_run-cache_data_crc-disable-cache_for_xfstests-no_cache-channel_crc-channel_data_crc-host_mode-multi_host-multihost-test_script-backend-cf9a ==== 
[  615.425213] ==== end /root/avocado/job-results/job-2025-01-09T09.29-b69078e/test-results/254-._cbdctrl.py_CbdctrlTest.test_run-cache_data_crc-disable-cache_for_xfstests-no_cache-channel_crc-channel_data_crc-host_mode-multi_host-multihost-test_script-backend-cf9a ==== 
[  638.985865] ==== start /root/avocado/job-results/job-2025-01-09T09.29-b69078e/test-results/255-._cbdctrl.py_CbdctrlTest.test_run-cache_data_crc-disable-cache_for_xfstests-no_cache-channel_crc-channel_data_crc-host_mode-multi_host-multihost-test_script-dev-94a2 ==== 
[  664.477151] ==== end /root/avocado/job-results/job-2025-01-09T09.29-b69078e/test-results/255-._cbdctrl.py_CbdctrlTest.test_run-cache_data_crc-disable-cache_for_xfstests-no_cache-channel_crc-channel_data_crc-host_mode-multi_host-multihost-test_script-dev-94a2 ==== 
[  687.937650] ==== start /root/avocado/job-results/job-2025-01-09T09.29-b69078e/test-results/256-._cbdctrl.py_CbdctrlTest.test_run-cache_data_crc-disable-cache_for_xfstests-no_cache-channel_crc-channel_data_crc-host_mode-multi_host-multihost-test_script-xfstests-3da1 ==== 
[  710.234180] ==== end /root/avocado/job-results/job-2025-01-09T09.29-b69078e/test-results/256-._cbdctrl.py_CbdctrlTest.test_run-cache_data_crc-disable-cache_for_xfstests-no_cache-channel_crc-channel_data_crc-host_mode-multi_host-multihost-test_script-xfstests-3da1 ==== 
[ 8585.502488] ==== start /root/avocado/job-results/job-2025-01-09T22.24-1680aba/test-results/001-._cbdctrl.py_CbdctrlTest.test_run-cache_data_crc-enable-cache_for_xfstests-cache-channel_crc-channel_data_crc-host_mode-single_host-multihost-test_script-register-0306 ==== 
[ 8604.272909] cbd: host_register_validate:106 cbd_transport0: host_id: 1024 is too large, host_num: 1
[ 8621.944649] ==== end /root/avocado/job-results/job-2025-01-09T22.24-1680aba/test-results/001-._cbdctrl.py_CbdctrlTest.test_run-cache_data_crc-enable-cache_for_xfstests-cache-channel_crc-channel_data_crc-host_mode-single_host-multihost-test_script-register-0306 ==== 
[ 8639.571938] tid: 0, is not registered
[ 8641.342849] ==== start /root/avocado/job-results/job-2025-01-09T22.24-1680aba/test-results/002-._cbdctrl.py_CbdctrlTest.test_run-cache_data_crc-enable-cache_for_xfstests-cache-channel_crc-channel_data_crc-host_mode-single_host-multihost-test_script-backend-b507 ==== 
[ 8671.159224] cbd: backend_validate:544 cbd_transport0: found backend_id: 0 for host_id: 0, path: /dev/sda
[ 8671.162883] cbd: cbd_backend_init:394 cbd_transport0: attach backend to backend_id: 0
[ 8671.163132] cbd: cbd_backend_info_load:469 cbd_transport0: backend 0 is alive
[ 8676.929681] cbd: blkdev_start_validate:312 cbd_transport0: too many(1) blkdevs connected to backend 0.
[ 8697.400509] cbd: cache_validate:304 cbd_transport0: n_paral 1 requires cache size (167772160), more than current (16777216).
[ 8701.291440] cbd: backend_open_bdev:284 cbd_transport0: backend0: failed to open bdev: -2
[ 8704.000646] cbd: cache_validate:311 cbd_transport0: too large cache_segs: 32768, segment_num: 1405
[ 8706.998499] ==== end /root/avocado/job-results/job-2025-01-09T22.24-1680aba/test-results/002-._cbdctrl.py_CbdctrlTest.test_run-cache_data_crc-enable-cache_for_xfstests-cache-channel_crc-channel_data_crc-host_mode-single_host-multihost-test_script-backend-b507 ==== 
[ 8725.964456] tid: 0, is not registered
[ 8727.704977] ==== start /root/avocado/job-results/job-2025-01-09T22.24-1680aba/test-results/003-._cbdctrl.py_CbdctrlTest.test_run-cache_data_crc-enable-cache_for_xfstests-cache-channel_crc-channel_data_crc-host_mode-single_host-multihost-test_script-dev-8908 ==== 
[ 8759.552312] XFS (cbd0): Mounting V5 Filesystem ffb87b71-a68d-4f6d-9d2f-e9eacbd1f1f6
[ 8759.695912] XFS (cbd0): Ending clean mount
[ 8759.779613] xfs filesystem being mounted at /media supports timestamps until 2038-01-19 (0x7fffffff)
[ 8768.219950] XFS (cbd0): Unmounting Filesystem ffb87b71-a68d-4f6d-9d2f-e9eacbd1f1f6
[ 8780.131327] ==== end /root/avocado/job-results/job-2025-01-09T22.24-1680aba/test-results/003-._cbdctrl.py_CbdctrlTest.test_run-cache_data_crc-enable-cache_for_xfstests-cache-channel_crc-channel_data_crc-host_mode-single_host-multihost-test_script-dev-8908 ==== 
[ 8797.895305] tid: 0, is not registered
[ 8799.645213] ==== start /root/avocado/job-results/job-2025-01-09T22.24-1680aba/test-results/004-._cbdctrl.py_CbdctrlTest.test_run-cache_data_crc-enable-cache_for_xfstests-cache-channel_crc-channel_data_crc-host_mode-single_host-multihost-test_script-xfstests-be4d ==== 
[ 8831.692205] XFS (cbd0): Mounting V5 Filesystem 8ea7181e-23a3-42ee-ada0-c6861d2d31e8
[ 8831.740539] XFS (cbd0): Ending clean mount
[ 8831.749827] xfs filesystem being mounted at /mnt/test supports timestamps until 2038-01-19 (0x7fffffff)
[ 8894.620867] XFS (cbd1): Mounting V5 Filesystem b79bbf1d-109b-459f-bed9-bd54d5c4ce42
[ 8894.664830] XFS (cbd1): Ending clean mount
[ 8894.673887] xfs filesystem being mounted at /mnt/scratch supports timestamps until 2038-01-19 (0x7fffffff)
[ 8894.708691] XFS (cbd1): Unmounting Filesystem b79bbf1d-109b-459f-bed9-bd54d5c4ce42
[ 8895.048693] XFS (cbd0): Unmounting Filesystem 8ea7181e-23a3-42ee-ada0-c6861d2d31e8
[ 8895.918554] XFS (cbd0): Mounting V5 Filesystem 8ea7181e-23a3-42ee-ada0-c6861d2d31e8
[ 8895.966384] XFS (cbd0): Ending clean mount
[ 8895.975909] xfs filesystem being mounted at /mnt/test supports timestamps until 2038-01-19 (0x7fffffff)
[ 8896.239627] run fstests generic/031 at 2025-01-09 14:29:22
[ 8901.518808] XFS (cbd1): Mounting V5 Filesystem 8ea7568f-923f-4c83-8b85-ff1ee9c508ec
[ 8901.564226] XFS (cbd1): Ending clean mount
[ 8901.573802] xfs filesystem being mounted at /mnt/scratch supports timestamps until 2038-01-19 (0x7fffffff)
[ 8901.791693] XFS (cbd1): Unmounting Filesystem 8ea7568f-923f-4c83-8b85-ff1ee9c508ec
[ 8901.884234] XFS (cbd1): Mounting V5 Filesystem 8ea7568f-923f-4c83-8b85-ff1ee9c508ec
[ 8901.939694] XFS (cbd1): Ending clean mount
[ 8901.950145] xfs filesystem being mounted at /mnt/scratch supports timestamps until 2038-01-19 (0x7fffffff)
[ 8902.107299] XFS (cbd0): Unmounting Filesystem 8ea7181e-23a3-42ee-ada0-c6861d2d31e8
[ 8902.471570] XFS (cbd1): Unmounting Filesystem 8ea7568f-923f-4c83-8b85-ff1ee9c508ec
[ 8903.344914] XFS (cbd1): Mounting V5 Filesystem 8ea7568f-923f-4c83-8b85-ff1ee9c508ec
[ 8903.391880] XFS (cbd1): Ending clean mount
[ 8903.401092] xfs filesystem being mounted at /mnt/scratch supports timestamps until 2038-01-19 (0x7fffffff)
[ 8903.473745] XFS (cbd1): Unmounting Filesystem 8ea7568f-923f-4c83-8b85-ff1ee9c508ec
[ 8975.942642] ==== end /root/avocado/job-results/job-2025-01-09T22.24-1680aba/test-results/004-._cbdctrl.py_CbdctrlTest.test_run-cache_data_crc-enable-cache_for_xfstests-cache-channel_crc-channel_data_crc-host_mode-single_host-multihost-test_script-xfstests-be4d ==== 
[ 8993.360579] tid: 0, is not registered
[ 8995.729963] ==== start /root/avocado/job-results/job-2025-01-09T22.24-1680aba/test-results/005-._cbdctrl.py_CbdctrlTest.test_run-cache_data_crc-enable-cache_for_xfstests-cache-channel_crc-channel_data_crc-host_mode-single_host-multihost-disable-test_script-register-e8d6 ==== 
[ 9011.193976] cbd: module verification failed: signature and/or required key missing - tainting kernel
[ 9014.094184] cbd: transport_info_validate:855 cbd_transport0: transport expects CBD_MULTIHOST enabled.
[ 9033.028699] ==== end /root/avocado/job-results/job-2025-01-09T22.24-1680aba/test-results/005-._cbdctrl.py_CbdctrlTest.test_run-cache_data_crc-enable-cache_for_xfstests-cache-channel_crc-channel_data_crc-host_mode-single_host-multihost-disable-test_script-register-e8d6 ==== 
[ 9050.471457] tid: 0, is not registered
[ 9052.234496] ==== start /root/avocado/job-results/job-2025-01-09T22.24-1680aba/test-results/006-._cbdctrl.py_CbdctrlTest.test_run-cache_data_crc-enable-cache_for_xfstests-cache-channel_crc-channel_data_crc-host_mode-single_host-multihost-disable-test_script-backend-d016 ==== 
[ 9079.771704] cbd: backend_validate:544 cbd_transport0: found backend_id: 0 for host_id: 0, path: /dev/sda
[ 9079.774762] cbd: cbd_backend_init:394 cbd_transport0: attach backend to backend_id: 0
[ 9079.774792] cbd: cbd_backend_info_load:469 cbd_transport0: backend 0 is alive
[ 9085.525548] cbd: blkdev_start_validate:312 cbd_transport0: too many(1) blkdevs connected to backend 0.
[ 9107.918888] cbd: cache_validate:304 cbd_transport0: n_paral 1 requires cache size (167772160), more than current (16777216).
[ 9111.729131] cbd: backend_open_bdev:284 cbd_transport0: backend0: failed to open bdev: -2
[ 9114.385417] cbd: cache_validate:311 cbd_transport0: too large cache_segs: 32768, segment_num: 1405
[ 9117.393680] ==== end /root/avocado/job-results/job-2025-01-09T22.24-1680aba/test-results/006-._cbdctrl.py_CbdctrlTest.test_run-cache_data_crc-enable-cache_for_xfstests-cache-channel_crc-channel_data_crc-host_mode-single_host-multihost-disable-test_script-backend-d016 ==== 
[ 9134.589056] tid: 0, is not registered
[ 9136.320017] ==== start /root/avocado/job-results/job-2025-01-09T22.24-1680aba/test-results/007-._cbdctrl.py_CbdctrlTest.test_run-cache_data_crc-enable-cache_for_xfstests-cache-channel_crc-channel_data_crc-host_mode-single_host-multihost-disable-test_script-dev-bbad ==== 
[ 9170.097702] XFS (cbd0): Mounting V5 Filesystem 427b55f6-bf69-4a30-9b42-9e482e3ade3b
[ 9170.236870] XFS (cbd0): Ending clean mount
[ 9170.313958] xfs filesystem being mounted at /media supports timestamps until 2038-01-19 (0x7fffffff)
[ 9178.863861] XFS (cbd0): Unmounting Filesystem 427b55f6-bf69-4a30-9b42-9e482e3ade3b
[ 9189.568138] ==== end /root/avocado/job-results/job-2025-01-09T22.24-1680aba/test-results/007-._cbdctrl.py_CbdctrlTest.test_run-cache_data_crc-enable-cache_for_xfstests-cache-channel_crc-channel_data_crc-host_mode-single_host-multihost-disable-test_script-dev-bbad ==== 
[ 9207.278214] tid: 0, is not registered
[ 9209.128041] ==== start /root/avocado/job-results/job-2025-01-09T22.24-1680aba/test-results/008-._cbdctrl.py_CbdctrlTest.test_run-cache_data_crc-enable-cache_for_xfstests-cache-channel_crc-channel_data_crc-host_mode-single_host-multihost-disable-test_script-xfstests-6521 ==== 
[ 9242.616371] XFS (cbd0): Mounting V5 Filesystem 223d24e9-d7f3-4af4-ad30-4add9708758f
[ 9242.643739] XFS (cbd0): Ending clean mount
[ 9242.654162] xfs filesystem being mounted at /mnt/test supports timestamps until 2038-01-19 (0x7fffffff)
[ 9296.710435] XFS (cbd1): Mounting V5 Filesystem 8152737c-ffb8-42af-8805-8bea314260e7
[ 9296.737869] XFS (cbd1): Ending clean mount
[ 9296.746723] xfs filesystem being mounted at /mnt/scratch supports timestamps until 2038-01-19 (0x7fffffff)
[ 9296.782100] XFS (cbd1): Unmounting Filesystem 8152737c-ffb8-42af-8805-8bea314260e7
[ 9297.119322] XFS (cbd0): Unmounting Filesystem 223d24e9-d7f3-4af4-ad30-4add9708758f
[ 9297.982499] XFS (cbd0): Mounting V5 Filesystem 223d24e9-d7f3-4af4-ad30-4add9708758f
[ 9298.009134] XFS (cbd0): Ending clean mount
[ 9298.018330] xfs filesystem being mounted at /mnt/test supports timestamps until 2038-01-19 (0x7fffffff)
[ 9298.259339] run fstests generic/031 at 2025-01-09 14:36:04
[ 9303.168735] XFS (cbd1): Mounting V5 Filesystem 7d28d0f5-6762-4e43-ab48-55ab742f3ba6
[ 9303.193967] XFS (cbd1): Ending clean mount
[ 9303.202708] xfs filesystem being mounted at /mnt/scratch supports timestamps until 2038-01-19 (0x7fffffff)
[ 9303.412605] XFS (cbd1): Unmounting Filesystem 7d28d0f5-6762-4e43-ab48-55ab742f3ba6
[ 9303.496907] XFS (cbd1): Mounting V5 Filesystem 7d28d0f5-6762-4e43-ab48-55ab742f3ba6
[ 9303.522659] XFS (cbd1): Ending clean mount
[ 9303.532861] xfs filesystem being mounted at /mnt/scratch supports timestamps until 2038-01-19 (0x7fffffff)
[ 9303.660557] XFS (cbd0): Unmounting Filesystem 223d24e9-d7f3-4af4-ad30-4add9708758f
[ 9304.035086] XFS (cbd1): Unmounting Filesystem 7d28d0f5-6762-4e43-ab48-55ab742f3ba6
[ 9304.872461] XFS (cbd1): Mounting V5 Filesystem 7d28d0f5-6762-4e43-ab48-55ab742f3ba6
[ 9304.898566] XFS (cbd1): Ending clean mount
[ 9304.907802] xfs filesystem being mounted at /mnt/scratch supports timestamps until 2038-01-19 (0x7fffffff)
[ 9304.976886] XFS (cbd1): Unmounting Filesystem 7d28d0f5-6762-4e43-ab48-55ab742f3ba6
[ 9368.647355] ==== end /root/avocado/job-results/job-2025-01-09T22.24-1680aba/test-results/008-._cbdctrl.py_CbdctrlTest.test_run-cache_data_crc-enable-cache_for_xfstests-cache-channel_crc-channel_data_crc-host_mode-single_host-multihost-disable-test_script-xfstests-6521 ==== 
[ 9386.020660] tid: 0, is not registered
[ 9387.783228] ==== start /root/avocado/job-results/job-2025-01-09T22.24-1680aba/test-results/009-._cbdctrl.py_CbdctrlTest.test_run-cache_data_crc-disable-cache_for_xfstests-cache-channel_crc-enable-channel_data_crc-host_mode-single_host-multihost-test_script-register-8c56 ==== 
[ 9398.184018] cbd: module verification failed: signature and/or required key missing - tainting kernel
[ 9400.987456] cbd: transport_info_validate:848 cbd_transport0: transport expects CBD_CACHE_DATA_CRC enabled.
[ 9418.156207] ==== end /root/avocado/job-results/job-2025-01-09T22.24-1680aba/test-results/009-._cbdctrl.py_CbdctrlTest.test_run-cache_data_crc-disable-cache_for_xfstests-cache-channel_crc-enable-channel_data_crc-host_mode-single_host-multihost-test_script-register-8c56 ==== 
[ 9437.104653] tid: 0, is not registered
[ 9438.836443] ==== start /root/avocado/job-results/job-2025-01-09T22.24-1680aba/test-results/010-._cbdctrl.py_CbdctrlTest.test_run-cache_data_crc-disable-cache_for_xfstests-cache-channel_crc-enable-channel_data_crc-host_mode-single_host-multihost-test_script-backend-d552 ==== 
[ 9466.732867] cbd: backend_validate:544 cbd_transport0: found backend_id: 0 for host_id: 0, path: /dev/sda
[ 9466.736779] cbd: cbd_backend_init:394 cbd_transport0: attach backend to backend_id: 0
[ 9466.736810] cbd: cbd_backend_info_load:469 cbd_transport0: backend 0 is alive
[ 9472.457279] cbd: blkdev_start_validate:312 cbd_transport0: too many(1) blkdevs connected to backend 0.
[ 9494.466511] cbd: cache_validate:304 cbd_transport0: n_paral 1 requires cache size (167772160), more than current (16777216).
[ 9498.280532] cbd: backend_open_bdev:284 cbd_transport0: backend0: failed to open bdev: -2
[ 9500.968774] cbd: cache_validate:311 cbd_transport0: too large cache_segs: 32768, segment_num: 1405
[ 9503.985467] ==== end /root/avocado/job-results/job-2025-01-09T22.24-1680aba/test-results/010-._cbdctrl.py_CbdctrlTest.test_run-cache_data_crc-disable-cache_for_xfstests-cache-channel_crc-enable-channel_data_crc-host_mode-single_host-multihost-test_script-backend-d552 ==== 
[ 9521.333789] tid: 0, is not registered
[ 9523.079683] ==== start /root/avocado/job-results/job-2025-01-09T22.24-1680aba/test-results/011-._cbdctrl.py_CbdctrlTest.test_run-cache_data_crc-disable-cache_for_xfstests-cache-channel_crc-enable-channel_data_crc-host_mode-single_host-multihost-test_script-dev-0f48 ==== 
[ 9558.534338] XFS (cbd0): Mounting V5 Filesystem 320dc1c5-ca5c-44de-a3cf-326eedf06ffb
[ 9558.676224] XFS (cbd0): Ending clean mount
[ 9558.755939] xfs filesystem being mounted at /media supports timestamps until 2038-01-19 (0x7fffffff)
[ 9567.153613] XFS (cbd0): Unmounting Filesystem 320dc1c5-ca5c-44de-a3cf-326eedf06ffb
[ 9577.956929] ==== end /root/avocado/job-results/job-2025-01-09T22.24-1680aba/test-results/011-._cbdctrl.py_CbdctrlTest.test_run-cache_data_crc-disable-cache_for_xfstests-cache-channel_crc-enable-channel_data_crc-host_mode-single_host-multihost-test_script-dev-0f48 ==== 
[ 9595.529891] tid: 0, is not registered
[ 9597.909216] ==== start /root/avocado/job-results/job-2025-01-09T22.24-1680aba/test-results/012-._cbdctrl.py_CbdctrlTest.test_run-cache_data_crc-disable-cache_for_xfstests-cache-channel_crc-enable-channel_data_crc-host_mode-single_host-multihost-test_script-xfstests-2836 ==== 
[ 9635.718014] XFS (cbd0): Mounting V5 Filesystem 0e1af20b-1e5f-4a4a-8f79-16f1f367ae02
[ 9635.740059] XFS (cbd0): Ending clean mount
[ 9635.749645] xfs filesystem being mounted at /mnt/test supports timestamps until 2038-01-19 (0x7fffffff)
[ 9694.493880] XFS (cbd1): Mounting V5 Filesystem 1049fe29-4ee0-4c9e-9259-0409034f7b43
[ 9694.515576] XFS (cbd1): Ending clean mount
[ 9694.525578] xfs filesystem being mounted at /mnt/scratch supports timestamps until 2038-01-19 (0x7fffffff)
[ 9694.562652] XFS (cbd1): Unmounting Filesystem 1049fe29-4ee0-4c9e-9259-0409034f7b43
[ 9694.930501] XFS (cbd0): Unmounting Filesystem 0e1af20b-1e5f-4a4a-8f79-16f1f367ae02
[ 9695.790286] XFS (cbd0): Mounting V5 Filesystem 0e1af20b-1e5f-4a4a-8f79-16f1f367ae02
[ 9695.812512] XFS (cbd0): Ending clean mount
[ 9695.821417] xfs filesystem being mounted at /mnt/test supports timestamps until 2038-01-19 (0x7fffffff)
[ 9696.071669] run fstests generic/031 at 2025-01-09 14:42:42
[ 9700.966284] XFS (cbd1): Mounting V5 Filesystem 2eacc7b2-c999-449d-87ac-570bb98002c6
[ 9700.994322] XFS (cbd1): Ending clean mount
[ 9701.004577] xfs filesystem being mounted at /mnt/scratch supports timestamps until 2038-01-19 (0x7fffffff)
[ 9701.232486] XFS (cbd1): Unmounting Filesystem 2eacc7b2-c999-449d-87ac-570bb98002c6
[ 9701.309654] XFS (cbd1): Mounting V5 Filesystem 2eacc7b2-c999-449d-87ac-570bb98002c6
[ 9701.330789] XFS (cbd1): Ending clean mount
[ 9701.341046] xfs filesystem being mounted at /mnt/scratch supports timestamps until 2038-01-19 (0x7fffffff)
[ 9701.519848] XFS (cbd0): Unmounting Filesystem 0e1af20b-1e5f-4a4a-8f79-16f1f367ae02
[ 9701.863287] XFS (cbd1): Unmounting Filesystem 2eacc7b2-c999-449d-87ac-570bb98002c6
[ 9702.669576] XFS (cbd1): Mounting V5 Filesystem 2eacc7b2-c999-449d-87ac-570bb98002c6
[ 9702.689238] XFS (cbd1): Ending clean mount
[ 9702.698151] xfs filesystem being mounted at /mnt/scratch supports timestamps until 2038-01-19 (0x7fffffff)
[ 9702.771205] XFS (cbd1): Unmounting Filesystem 2eacc7b2-c999-449d-87ac-570bb98002c6
[ 9765.245162] ==== end /root/avocado/job-results/job-2025-01-09T22.24-1680aba/test-results/012-._cbdctrl.py_CbdctrlTest.test_run-cache_data_crc-disable-cache_for_xfstests-cache-channel_crc-enable-channel_data_crc-host_mode-single_host-multihost-test_script-xfstests-2836 ==== 
[ 9782.605727] tid: 0, is not registered
[ 9784.361222] ==== start /root/avocado/job-results/job-2025-01-09T22.24-1680aba/test-results/013-._cbdctrl.py_CbdctrlTest.test_run-cache_data_crc-disable-cache_for_xfstests-cache-channel_crc-enable-channel_data_crc-host_mode-single_host-multihost-test_script-register-1ccf ==== 
[ 9795.149711] cbd: module verification failed: signature and/or required key missing - tainting kernel
[ 9797.970225] cbd: transport_info_validate:855 cbd_transport0: transport expects CBD_MULTIHOST enabled.
[ 9814.968729] ==== end /root/avocado/job-results/job-2025-01-09T22.24-1680aba/test-results/013-._cbdctrl.py_CbdctrlTest.test_run-cache_data_crc-disable-cache_for_xfstests-cache-channel_crc-enable-channel_data_crc-host_mode-single_host-multihost-test_script-register-1ccf ==== 
[ 9833.989201] tid: 0, is not registered
[ 9835.850240] ==== start /root/avocado/job-results/job-2025-01-09T22.24-1680aba/test-results/014-._cbdctrl.py_CbdctrlTest.test_run-cache_data_crc-disable-cache_for_xfstests-cache-channel_crc-enable-channel_data_crc-host_mode-single_host-multihost-test_script-backend-0339 ==== 
[ 9863.654288] cbd: backend_validate:544 cbd_transport0: found backend_id: 0 for host_id: 0, path: /dev/sda
[ 9863.657797] cbd: cbd_backend_init:394 cbd_transport0: attach backend to backend_id: 0
[ 9863.657829] cbd: cbd_backend_info_load:469 cbd_transport0: backend 0 is alive
[ 9869.533895] cbd: blkdev_start_validate:312 cbd_transport0: too many(1) blkdevs connected to backend 0.
[ 9892.070941] cbd: cache_validate:304 cbd_transport0: n_paral 1 requires cache size (167772160), more than current (16777216).
[ 9896.009470] cbd: backend_open_bdev:284 cbd_transport0: backend0: failed to open bdev: -2
[ 9898.714825] cbd: cache_validate:311 cbd_transport0: too large cache_segs: 32768, segment_num: 1405
[ 9901.794639] ==== end /root/avocado/job-results/job-2025-01-09T22.24-1680aba/test-results/014-._cbdctrl.py_CbdctrlTest.test_run-cache_data_crc-disable-cache_for_xfstests-cache-channel_crc-enable-channel_data_crc-host_mode-single_host-multihost-test_script-backend-0339 ==== 
[ 9919.076722] tid: 0, is not registered
[ 9920.803705] ==== start /root/avocado/job-results/job-2025-01-09T22.24-1680aba/test-results/015-._cbdctrl.py_CbdctrlTest.test_run-cache_data_crc-disable-cache_for_xfstests-cache-channel_crc-enable-channel_data_crc-host_mode-single_host-multihost-test_script-dev-5da5 ==== 
[ 9954.319815] XFS (cbd0): Mounting V5 Filesystem 615fbcb5-6cfd-476b-9e80-7c5edf1e1ca8
[ 9954.461539] XFS (cbd0): Ending clean mount
[ 9954.540315] xfs filesystem being mounted at /media supports timestamps until 2038-01-19 (0x7fffffff)
[ 9962.675500] XFS (cbd0): Unmounting Filesystem 615fbcb5-6cfd-476b-9e80-7c5edf1e1ca8
[ 9973.362267] ==== end /root/avocado/job-results/job-2025-01-09T22.24-1680aba/test-results/015-._cbdctrl.py_CbdctrlTest.test_run-cache_data_crc-disable-cache_for_xfstests-cache-channel_crc-enable-channel_data_crc-host_mode-single_host-multihost-test_script-dev-5da5 ==== 
[ 9990.769201] tid: 0, is not registered
[ 9992.531197] ==== start /root/avocado/job-results/job-2025-01-09T22.24-1680aba/test-results/016-._cbdctrl.py_CbdctrlTest.test_run-cache_data_crc-disable-cache_for_xfstests-cache-channel_crc-enable-channel_data_crc-host_mode-single_host-multihost-test_script-xfstests-8be5 ==== 
[10025.485820] XFS (cbd0): Mounting V5 Filesystem 619ad39f-ba3f-4843-8abc-1cb5bc16f37c
[10025.512674] XFS (cbd0): Ending clean mount
[10025.522180] xfs filesystem being mounted at /mnt/test supports timestamps until 2038-01-19 (0x7fffffff)
[10080.285785] XFS (cbd1): Mounting V5 Filesystem 1a7f3def-9af1-48bf-8be2-d950dc3558f4
[10080.306718] XFS (cbd1): Ending clean mount
[10080.316230] xfs filesystem being mounted at /mnt/scratch supports timestamps until 2038-01-19 (0x7fffffff)
[10080.352752] XFS (cbd1): Unmounting Filesystem 1a7f3def-9af1-48bf-8be2-d950dc3558f4
[10080.722638] XFS (cbd0): Unmounting Filesystem 619ad39f-ba3f-4843-8abc-1cb5bc16f37c
[10081.560465] XFS (cbd0): Mounting V5 Filesystem 619ad39f-ba3f-4843-8abc-1cb5bc16f37c
[10081.584262] XFS (cbd0): Ending clean mount
[10081.593003] xfs filesystem being mounted at /mnt/test supports timestamps until 2038-01-19 (0x7fffffff)
[10081.852942] run fstests generic/031 at 2025-01-09 14:49:08
[10086.786455] XFS (cbd1): Mounting V5 Filesystem 3a9e7824-24ea-4eca-bccf-9a4403907968
[10086.808982] XFS (cbd1): Ending clean mount
[10086.818264] xfs filesystem being mounted at /mnt/scratch supports timestamps until 2038-01-19 (0x7fffffff)
[10087.057243] XFS (cbd1): Unmounting Filesystem 3a9e7824-24ea-4eca-bccf-9a4403907968
[10087.139500] XFS (cbd1): Mounting V5 Filesystem 3a9e7824-24ea-4eca-bccf-9a4403907968
[10087.161264] XFS (cbd1): Ending clean mount
[10087.174062] xfs filesystem being mounted at /mnt/scratch supports timestamps until 2038-01-19 (0x7fffffff)
[10087.314220] XFS (cbd0): Unmounting Filesystem 619ad39f-ba3f-4843-8abc-1cb5bc16f37c
[10087.655739] XFS (cbd1): Unmounting Filesystem 3a9e7824-24ea-4eca-bccf-9a4403907968
[10088.493390] XFS (cbd1): Mounting V5 Filesystem 3a9e7824-24ea-4eca-bccf-9a4403907968
[10088.513550] XFS (cbd1): Ending clean mount
[10088.522576] xfs filesystem being mounted at /mnt/scratch supports timestamps until 2038-01-19 (0x7fffffff)
[10088.591129] XFS (cbd1): Unmounting Filesystem 3a9e7824-24ea-4eca-bccf-9a4403907968
[10153.026116] ==== end /root/avocado/job-results/job-2025-01-09T22.24-1680aba/test-results/016-._cbdctrl.py_CbdctrlTest.test_run-cache_data_crc-disable-cache_for_xfstests-cache-channel_crc-enable-channel_data_crc-host_mode-single_host-multihost-test_script-xfstests-8be5 ==== 
[10170.468544] tid: 0, is not registered
[10172.828155] ==== start /root/avocado/job-results/job-2025-01-09T22.24-1680aba/test-results/017-._cbdctrl.py_CbdctrlTest.test_run-cache_data_crc-enable-cache_for_xfstests-cache-channel_crc-channel_data_crc-disable-host_mode-single_host-multihost-test_script-register-aa26 ==== 
[10188.067650] cbd: module verification failed: signature and/or required key missing - tainting kernel
[10190.840407] cbd: transport_info_validate:841 cbd_transport0: transport expects CBD_CHANNEL_DATA_CRC enabled.
[10209.958245] ==== end /root/avocado/job-results/job-2025-01-09T22.24-1680aba/test-results/017-._cbdctrl.py_CbdctrlTest.test_run-cache_data_crc-enable-cache_for_xfstests-cache-channel_crc-channel_data_crc-disable-host_mode-single_host-multihost-test_script-register-aa26 ==== 
[10227.281286] tid: 0, is not registered
[10229.051959] ==== start /root/avocado/job-results/job-2025-01-09T22.24-1680aba/test-results/018-._cbdctrl.py_CbdctrlTest.test_run-cache_data_crc-enable-cache_for_xfstests-cache-channel_crc-channel_data_crc-disable-host_mode-single_host-multihost-test_script-backend-17e8 ==== 
[10256.811147] cbd: backend_validate:544 cbd_transport0: found backend_id: 0 for host_id: 0, path: /dev/sda
[10256.815497] cbd: cbd_backend_init:394 cbd_transport0: attach backend to backend_id: 0
[10256.815557] cbd: cbd_backend_info_load:469 cbd_transport0: backend 0 is alive
[10262.557991] cbd: blkdev_start_validate:312 cbd_transport0: too many(1) blkdevs connected to backend 0.
[10284.522896] cbd: cache_validate:304 cbd_transport0: n_paral 1 requires cache size (167772160), more than current (16777216).
[10288.336791] cbd: backend_open_bdev:284 cbd_transport0: backend0: failed to open bdev: -2
[10290.996490] cbd: cache_validate:311 cbd_transport0: too large cache_segs: 32768, segment_num: 1405
[10294.034176] ==== end /root/avocado/job-results/job-2025-01-09T22.24-1680aba/test-results/018-._cbdctrl.py_CbdctrlTest.test_run-cache_data_crc-enable-cache_for_xfstests-cache-channel_crc-channel_data_crc-disable-host_mode-single_host-multihost-test_script-backend-17e8 ==== 
[10311.428280] tid: 0, is not registered
[10313.149791] ==== start /root/avocado/job-results/job-2025-01-09T22.24-1680aba/test-results/019-._cbdctrl.py_CbdctrlTest.test_run-cache_data_crc-enable-cache_for_xfstests-cache-channel_crc-channel_data_crc-disable-host_mode-single_host-multihost-test_script-dev-6075 ==== 
[10346.671657] XFS (cbd0): Mounting V5 Filesystem 2de74aaf-ca39-4aca-b9b8-1d984c72ad81
[10346.805563] XFS (cbd0): Ending clean mount
[10346.881195] xfs filesystem being mounted at /media supports timestamps until 2038-01-19 (0x7fffffff)
[10354.309865] XFS (cbd0): Unmounting Filesystem 2de74aaf-ca39-4aca-b9b8-1d984c72ad81
[10364.712856] ==== end /root/avocado/job-results/job-2025-01-09T22.24-1680aba/test-results/019-._cbdctrl.py_CbdctrlTest.test_run-cache_data_crc-enable-cache_for_xfstests-cache-channel_crc-channel_data_crc-disable-host_mode-single_host-multihost-test_script-dev-6075 ==== 
[10382.022563] tid: 0, is not registered
[10383.760305] ==== start /root/avocado/job-results/job-2025-01-09T22.24-1680aba/test-results/020-._cbdctrl.py_CbdctrlTest.test_run-cache_data_crc-enable-cache_for_xfstests-cache-channel_crc-channel_data_crc-disable-host_mode-single_host-multihost-test_script-xfstests-ac13 ==== 
[10416.355062] XFS (cbd0): Mounting V5 Filesystem f91c909a-8e33-44c8-9020-78bcbd1c8913
[10416.381895] XFS (cbd0): Ending clean mount
[10416.392786] xfs filesystem being mounted at /mnt/test supports timestamps until 2038-01-19 (0x7fffffff)
[10474.169714] XFS (cbd1): Mounting V5 Filesystem 31096add-faf3-420f-a471-683d4b55f29a
[10474.192944] XFS (cbd1): Ending clean mount
[10474.201490] xfs filesystem being mounted at /mnt/scratch supports timestamps until 2038-01-19 (0x7fffffff)
[10474.236358] XFS (cbd1): Unmounting Filesystem 31096add-faf3-420f-a471-683d4b55f29a
[10474.607521] XFS (cbd0): Unmounting Filesystem f91c909a-8e33-44c8-9020-78bcbd1c8913
[10475.436132] XFS (cbd0): Mounting V5 Filesystem f91c909a-8e33-44c8-9020-78bcbd1c8913
[10475.460323] XFS (cbd0): Ending clean mount
[10475.469397] xfs filesystem being mounted at /mnt/test supports timestamps until 2038-01-19 (0x7fffffff)
[10475.710159] run fstests generic/031 at 2025-01-09 14:55:42
[10480.573043] XFS (cbd1): Mounting V5 Filesystem eb7de44c-e800-48af-80b7-a7924fa1d35b
[10480.598228] XFS (cbd1): Ending clean mount
[10480.607441] xfs filesystem being mounted at /mnt/scratch supports timestamps until 2038-01-19 (0x7fffffff)
[10480.817315] XFS (cbd1): Unmounting Filesystem eb7de44c-e800-48af-80b7-a7924fa1d35b
[10480.897440] XFS (cbd1): Mounting V5 Filesystem eb7de44c-e800-48af-80b7-a7924fa1d35b
[10480.927768] XFS (cbd1): Ending clean mount
[10480.937178] xfs filesystem being mounted at /mnt/scratch supports timestamps until 2038-01-19 (0x7fffffff)
[10481.075826] XFS (cbd0): Unmounting Filesystem f91c909a-8e33-44c8-9020-78bcbd1c8913
[10481.426276] XFS (cbd1): Unmounting Filesystem eb7de44c-e800-48af-80b7-a7924fa1d35b
[10482.205100] XFS (cbd1): Mounting V5 Filesystem eb7de44c-e800-48af-80b7-a7924fa1d35b
[10482.229718] XFS (cbd1): Ending clean mount
[10482.239417] xfs filesystem being mounted at /mnt/scratch supports timestamps until 2038-01-19 (0x7fffffff)
[10482.309931] XFS (cbd1): Unmounting Filesystem eb7de44c-e800-48af-80b7-a7924fa1d35b
[10546.241595] ==== end /root/avocado/job-results/job-2025-01-09T22.24-1680aba/test-results/020-._cbdctrl.py_CbdctrlTest.test_run-cache_data_crc-enable-cache_for_xfstests-cache-channel_crc-channel_data_crc-disable-host_mode-single_host-multihost-test_script-xfstests-ac13 ==== 
[10563.697642] tid: 0, is not registered
[10565.478838] ==== start /root/avocado/job-results/job-2025-01-09T22.24-1680aba/test-results/021-._cbdctrl.py_CbdctrlTest.test_run-cache_data_crc-enable-cache_for_xfstests-cache-channel_crc-channel_data_crc-disable-host_mode-single_host-multihost-test_script-register-6577 ==== 
[10576.329043] cbd: module verification failed: signature and/or required key missing - tainting kernel
[10579.161908] cbd: transport_info_validate:855 cbd_transport0: transport expects CBD_MULTIHOST enabled.
[10596.472007] ==== end /root/avocado/job-results/job-2025-01-09T22.24-1680aba/test-results/021-._cbdctrl.py_CbdctrlTest.test_run-cache_data_crc-enable-cache_for_xfstests-cache-channel_crc-channel_data_crc-disable-host_mode-single_host-multihost-test_script-register-6577 ==== 
[10615.727636] tid: 0, is not registered
[10617.498608] ==== start /root/avocado/job-results/job-2025-01-09T22.24-1680aba/test-results/022-._cbdctrl.py_CbdctrlTest.test_run-cache_data_crc-enable-cache_for_xfstests-cache-channel_crc-channel_data_crc-disable-host_mode-single_host-multihost-test_script-backend-bb96 ==== 
[10645.714765] cbd: backend_validate:544 cbd_transport0: found backend_id: 0 for host_id: 0, path: /dev/sda
[10645.718473] cbd: cbd_backend_init:394 cbd_transport0: attach backend to backend_id: 0
[10645.718504] cbd: cbd_backend_info_load:469 cbd_transport0: backend 0 is alive
[10651.539070] cbd: blkdev_start_validate:312 cbd_transport0: too many(1) blkdevs connected to backend 0.
[10673.931323] cbd: cache_validate:304 cbd_transport0: n_paral 1 requires cache size (167772160), more than current (16777216).
[10677.802447] cbd: backend_open_bdev:284 cbd_transport0: backend0: failed to open bdev: -2
[10680.498166] cbd: cache_validate:311 cbd_transport0: too large cache_segs: 32768, segment_num: 1405
[10683.626745] ==== end /root/avocado/job-results/job-2025-01-09T22.24-1680aba/test-results/022-._cbdctrl.py_CbdctrlTest.test_run-cache_data_crc-enable-cache_for_xfstests-cache-channel_crc-channel_data_crc-disable-host_mode-single_host-multihost-test_script-backend-bb96 ==== 
[10701.243130] tid: 0, is not registered
[10703.017755] ==== start /root/avocado/job-results/job-2025-01-09T22.24-1680aba/test-results/023-._cbdctrl.py_CbdctrlTest.test_run-cache_data_crc-enable-cache_for_xfstests-cache-channel_crc-channel_data_crc-disable-host_mode-single_host-multihost-test_script-dev-fca2 ==== 
[10737.773607] XFS (cbd0): Mounting V5 Filesystem f408f21a-0063-4a3a-a9c1-8d8a05b9b01f
[10737.913511] XFS (cbd0): Ending clean mount
[10737.992146] xfs filesystem being mounted at /media supports timestamps until 2038-01-19 (0x7fffffff)
[10746.006372] XFS (cbd0): Unmounting Filesystem f408f21a-0063-4a3a-a9c1-8d8a05b9b01f
[10757.262882] ==== end /root/avocado/job-results/job-2025-01-09T22.24-1680aba/test-results/023-._cbdctrl.py_CbdctrlTest.test_run-cache_data_crc-enable-cache_for_xfstests-cache-channel_crc-channel_data_crc-disable-host_mode-single_host-multihost-test_script-dev-fca2 ==== 
[10774.747993] tid: 0, is not registered
[10777.128399] ==== start /root/avocado/job-results/job-2025-01-09T22.24-1680aba/test-results/024-._cbdctrl.py_CbdctrlTest.test_run-cache_data_crc-enable-cache_for_xfstests-cache-channel_crc-channel_data_crc-disable-host_mode-single_host-multihost-test_script-xfstests-39ce ==== 
[10815.213469] XFS (cbd0): Mounting V5 Filesystem 7c294aed-9e23-44ed-be60-328ce88343dd
[10815.240872] XFS (cbd0): Ending clean mount
[10815.250196] xfs filesystem being mounted at /mnt/test supports timestamps until 2038-01-19 (0x7fffffff)
[10873.709142] XFS (cbd1): Mounting V5 Filesystem 7ebeeb53-1473-48c9-b759-4810451f05bf
[10873.735367] XFS (cbd1): Ending clean mount
[10873.744646] xfs filesystem being mounted at /mnt/scratch supports timestamps until 2038-01-19 (0x7fffffff)
[10873.781575] XFS (cbd1): Unmounting Filesystem 7ebeeb53-1473-48c9-b759-4810451f05bf
[10874.205905] XFS (cbd0): Unmounting Filesystem 7c294aed-9e23-44ed-be60-328ce88343dd
[10875.185942] XFS (cbd0): Mounting V5 Filesystem 7c294aed-9e23-44ed-be60-328ce88343dd
[10875.225266] XFS (cbd0): Ending clean mount
[10875.238201] xfs filesystem being mounted at /mnt/test supports timestamps until 2038-01-19 (0x7fffffff)
[10875.503501] run fstests generic/031 at 2025-01-09 15:02:22
[10880.633044] XFS (cbd1): Mounting V5 Filesystem 0f60f16f-382c-4293-a656-2198e10e6940
[10880.658068] XFS (cbd1): Ending clean mount
[10880.668319] xfs filesystem being mounted at /mnt/scratch supports timestamps until 2038-01-19 (0x7fffffff)
[10880.886716] XFS (cbd1): Unmounting Filesystem 0f60f16f-382c-4293-a656-2198e10e6940
[10880.963922] XFS (cbd1): Mounting V5 Filesystem 0f60f16f-382c-4293-a656-2198e10e6940
[10880.990608] XFS (cbd1): Ending clean mount
[10880.999873] xfs filesystem being mounted at /mnt/scratch supports timestamps until 2038-01-19 (0x7fffffff)
[10881.179817] XFS (cbd0): Unmounting Filesystem 7c294aed-9e23-44ed-be60-328ce88343dd
[10881.533080] XFS (cbd1): Unmounting Filesystem 0f60f16f-382c-4293-a656-2198e10e6940
[10882.423156] XFS (cbd1): Mounting V5 Filesystem 0f60f16f-382c-4293-a656-2198e10e6940
[10882.447717] XFS (cbd1): Ending clean mount
[10882.456858] xfs filesystem being mounted at /mnt/scratch supports timestamps until 2038-01-19 (0x7fffffff)
[10882.529839] XFS (cbd1): Unmounting Filesystem 0f60f16f-382c-4293-a656-2198e10e6940
[10946.042834] ==== end /root/avocado/job-results/job-2025-01-09T22.24-1680aba/test-results/024-._cbdctrl.py_CbdctrlTest.test_run-cache_data_crc-enable-cache_for_xfstests-cache-channel_crc-channel_data_crc-disable-host_mode-single_host-multihost-test_script-xfstests-39ce ==== 
[10963.357469] tid: 0, is not registered
[10965.098330] ==== start /root/avocado/job-results/job-2025-01-09T22.24-1680aba/test-results/025-._cbdctrl.py_CbdctrlTest.test_run-cache_data_crc-disable-cache_for_xfstests-cache-channel_crc-enable-channel_data_crc-host_mode-single_host-multihost-test_script-register-a879 ==== 
[10975.529189] cbd: module verification failed: signature and/or required key missing - tainting kernel
[10978.231573] cbd: transport_info_validate:848 cbd_transport0: transport expects CBD_CACHE_DATA_CRC enabled.
[10995.346150] ==== end /root/avocado/job-results/job-2025-01-09T22.24-1680aba/test-results/025-._cbdctrl.py_CbdctrlTest.test_run-cache_data_crc-disable-cache_for_xfstests-cache-channel_crc-enable-channel_data_crc-host_mode-single_host-multihost-test_script-register-a879 ==== 
[11014.474011] tid: 0, is not registered
[11016.212670] ==== start /root/avocado/job-results/job-2025-01-09T22.24-1680aba/test-results/026-._cbdctrl.py_CbdctrlTest.test_run-cache_data_crc-disable-cache_for_xfstests-cache-channel_crc-enable-channel_data_crc-host_mode-single_host-multihost-test_script-backend-bc89 ==== 
[11043.758120] cbd: backend_validate:544 cbd_transport0: found backend_id: 0 for host_id: 0, path: /dev/sda
[11043.761550] cbd: cbd_backend_init:394 cbd_transport0: attach backend to backend_id: 0
[11043.761583] cbd: cbd_backend_info_load:469 cbd_transport0: backend 0 is alive
[11049.515108] cbd: blkdev_start_validate:312 cbd_transport0: too many(1) blkdevs connected to backend 0.
[11071.931596] cbd: cache_validate:304 cbd_transport0: n_paral 1 requires cache size (167772160), more than current (16777216).
[11075.784662] cbd: backend_open_bdev:284 cbd_transport0: backend0: failed to open bdev: -2
[11078.457713] cbd: cache_validate:311 cbd_transport0: too large cache_segs: 32768, segment_num: 1405
[11081.468122] ==== end /root/avocado/job-results/job-2025-01-09T22.24-1680aba/test-results/026-._cbdctrl.py_CbdctrlTest.test_run-cache_data_crc-disable-cache_for_xfstests-cache-channel_crc-enable-channel_data_crc-host_mode-single_host-multihost-test_script-backend-bc89 ==== 
[11098.781852] tid: 0, is not registered
[11100.550711] ==== start /root/avocado/job-results/job-2025-01-09T22.24-1680aba/test-results/027-._cbdctrl.py_CbdctrlTest.test_run-cache_data_crc-disable-cache_for_xfstests-cache-channel_crc-enable-channel_data_crc-host_mode-single_host-multihost-test_script-dev-1ca0 ==== 
[11134.515818] XFS (cbd0): Mounting V5 Filesystem f1e2b0b5-271a-4f06-8b09-981ceb86ecbb
[11134.646467] XFS (cbd0): Ending clean mount
[11134.723559] xfs filesystem being mounted at /media supports timestamps until 2038-01-19 (0x7fffffff)
[11142.129543] XFS (cbd0): Unmounting Filesystem f1e2b0b5-271a-4f06-8b09-981ceb86ecbb
[11152.708361] ==== end /root/avocado/job-results/job-2025-01-09T22.24-1680aba/test-results/027-._cbdctrl.py_CbdctrlTest.test_run-cache_data_crc-disable-cache_for_xfstests-cache-channel_crc-enable-channel_data_crc-host_mode-single_host-multihost-test_script-dev-1ca0 ==== 
[11170.124101] tid: 0, is not registered
[11171.877082] ==== start /root/avocado/job-results/job-2025-01-09T22.24-1680aba/test-results/028-._cbdctrl.py_CbdctrlTest.test_run-cache_data_crc-disable-cache_for_xfstests-cache-channel_crc-enable-channel_data_crc-host_mode-single_host-multihost-test_script-xfstests-8b5c ==== 
[11204.780453] XFS (cbd0): Mounting V5 Filesystem 034f006f-8043-4b7b-a48e-d68ab74aac7f
[11204.799772] XFS (cbd0): Ending clean mount
[11204.811387] xfs filesystem being mounted at /mnt/test supports timestamps until 2038-01-19 (0x7fffffff)
[11258.759953] XFS (cbd1): Mounting V5 Filesystem 4d9e9ea5-74a1-4832-aebf-f8115cb71254
[11258.781192] XFS (cbd1): Ending clean mount
[11258.792640] xfs filesystem being mounted at /mnt/scratch supports timestamps until 2038-01-19 (0x7fffffff)
[11258.826423] XFS (cbd1): Unmounting Filesystem 4d9e9ea5-74a1-4832-aebf-f8115cb71254
[11259.188144] XFS (cbd0): Unmounting Filesystem 034f006f-8043-4b7b-a48e-d68ab74aac7f
[11260.026092] XFS (cbd0): Mounting V5 Filesystem 034f006f-8043-4b7b-a48e-d68ab74aac7f
[11260.046287] XFS (cbd0): Ending clean mount
[11260.055198] xfs filesystem being mounted at /mnt/test supports timestamps until 2038-01-19 (0x7fffffff)
[11260.311547] run fstests generic/031 at 2025-01-09 15:08:47
[11265.235131] XFS (cbd1): Mounting V5 Filesystem 13f9f26d-cc7b-49ab-a606-40c3dcb61051
[11265.254318] XFS (cbd1): Ending clean mount
[11265.265032] xfs filesystem being mounted at /mnt/scratch supports timestamps until 2038-01-19 (0x7fffffff)
[11265.518028] XFS (cbd1): Unmounting Filesystem 13f9f26d-cc7b-49ab-a606-40c3dcb61051
[11265.606134] XFS (cbd1): Mounting V5 Filesystem 13f9f26d-cc7b-49ab-a606-40c3dcb61051
[11265.626387] XFS (cbd1): Ending clean mount
[11265.639389] xfs filesystem being mounted at /mnt/scratch supports timestamps until 2038-01-19 (0x7fffffff)
[11265.771856] XFS (cbd0): Unmounting Filesystem 034f006f-8043-4b7b-a48e-d68ab74aac7f
[11266.135686] XFS (cbd1): Unmounting Filesystem 13f9f26d-cc7b-49ab-a606-40c3dcb61051
[11266.957723] XFS (cbd1): Mounting V5 Filesystem 13f9f26d-cc7b-49ab-a606-40c3dcb61051
[11266.980036] XFS (cbd1): Ending clean mount
[11266.989380] xfs filesystem being mounted at /mnt/scratch supports timestamps until 2038-01-19 (0x7fffffff)
[11267.066608] XFS (cbd1): Unmounting Filesystem 13f9f26d-cc7b-49ab-a606-40c3dcb61051
[11332.168960] ==== end /root/avocado/job-results/job-2025-01-09T22.24-1680aba/test-results/028-._cbdctrl.py_CbdctrlTest.test_run-cache_data_crc-disable-cache_for_xfstests-cache-channel_crc-enable-channel_data_crc-host_mode-single_host-multihost-test_script-xfstests-8b5c ==== 
[11350.535730] tid: 0, is not registered
[11352.964628] ==== start /root/avocado/job-results/job-2025-01-09T22.24-1680aba/test-results/029-._cbdctrl.py_CbdctrlTest.test_run-cache_data_crc-disable-cache_for_xfstests-cache-channel_crc-enable-channel_data_crc-host_mode-single_host-multihost-test_script-register-0e0f ==== 
[11368.151157] cbd: module verification failed: signature and/or required key missing - tainting kernel
[11371.071163] cbd: transport_info_validate:855 cbd_transport0: transport expects CBD_MULTIHOST enabled.
[11390.354714] ==== end /root/avocado/job-results/job-2025-01-09T22.24-1680aba/test-results/029-._cbdctrl.py_CbdctrlTest.test_run-cache_data_crc-disable-cache_for_xfstests-cache-channel_crc-enable-channel_data_crc-host_mode-single_host-multihost-test_script-register-0e0f ==== 
[11407.914312] tid: 0, is not registered
[11409.668405] ==== start /root/avocado/job-results/job-2025-01-09T22.24-1680aba/test-results/030-._cbdctrl.py_CbdctrlTest.test_run-cache_data_crc-disable-cache_for_xfstests-cache-channel_crc-enable-channel_data_crc-host_mode-single_host-multihost-test_script-backend-cc18 ==== 
[11437.422241] cbd: backend_validate:544 cbd_transport0: found backend_id: 0 for host_id: 0, path: /dev/sda
[11437.426078] cbd: cbd_backend_init:394 cbd_transport0: attach backend to backend_id: 0
[11437.426133] cbd: cbd_backend_info_load:469 cbd_transport0: backend 0 is alive
[11443.255854] cbd: blkdev_start_validate:312 cbd_transport0: too many(1) blkdevs connected to backend 0.
[11465.431227] cbd: cache_validate:304 cbd_transport0: n_paral 1 requires cache size (167772160), more than current (16777216).
[11469.283212] cbd: backend_open_bdev:284 cbd_transport0: backend0: failed to open bdev: -2
[11471.982500] cbd: cache_validate:311 cbd_transport0: too large cache_segs: 32768, segment_num: 1405
[11474.993469] ==== end /root/avocado/job-results/job-2025-01-09T22.24-1680aba/test-results/030-._cbdctrl.py_CbdctrlTest.test_run-cache_data_crc-disable-cache_for_xfstests-cache-channel_crc-enable-channel_data_crc-host_mode-single_host-multihost-test_script-backend-cc18 ==== 
[11492.555254] tid: 0, is not registered
[11494.369766] ==== start /root/avocado/job-results/job-2025-01-09T22.24-1680aba/test-results/031-._cbdctrl.py_CbdctrlTest.test_run-cache_data_crc-disable-cache_for_xfstests-cache-channel_crc-enable-channel_data_crc-host_mode-single_host-multihost-test_script-dev-3001 ==== 
[11527.991708] XFS (cbd0): Mounting V5 Filesystem 099e6300-3b49-491a-a0ab-d8842b79c3c7
[11528.134021] XFS (cbd0): Ending clean mount
[11528.213784] xfs filesystem being mounted at /media supports timestamps until 2038-01-19 (0x7fffffff)
[11535.596209] XFS (cbd0): Unmounting Filesystem 099e6300-3b49-491a-a0ab-d8842b79c3c7
[11546.165144] ==== end /root/avocado/job-results/job-2025-01-09T22.24-1680aba/test-results/031-._cbdctrl.py_CbdctrlTest.test_run-cache_data_crc-disable-cache_for_xfstests-cache-channel_crc-enable-channel_data_crc-host_mode-single_host-multihost-test_script-dev-3001 ==== 
[11563.826524] tid: 0, is not registered
[11565.591164] ==== start /root/avocado/job-results/job-2025-01-09T22.24-1680aba/test-results/032-._cbdctrl.py_CbdctrlTest.test_run-cache_data_crc-disable-cache_for_xfstests-cache-channel_crc-enable-channel_data_crc-host_mode-single_host-multihost-test_script-xfstests-ebc5 ==== 
[11598.525769] XFS (cbd0): Mounting V5 Filesystem 85ae617e-a5d0-4ff8-81be-4027a9b5cdf3
[11598.545407] XFS (cbd0): Ending clean mount
[11598.553922] xfs filesystem being mounted at /mnt/test supports timestamps until 2038-01-19 (0x7fffffff)
[11659.008745] XFS (cbd1): Mounting V5 Filesystem d5a46e2b-3177-43b7-bb31-ac80330f8c1a
[11659.031063] XFS (cbd1): Ending clean mount
[11659.041037] xfs filesystem being mounted at /mnt/scratch supports timestamps until 2038-01-19 (0x7fffffff)
[11659.074167] XFS (cbd1): Unmounting Filesystem d5a46e2b-3177-43b7-bb31-ac80330f8c1a
[11659.429992] XFS (cbd0): Unmounting Filesystem 85ae617e-a5d0-4ff8-81be-4027a9b5cdf3
[11660.319684] XFS (cbd0): Mounting V5 Filesystem 85ae617e-a5d0-4ff8-81be-4027a9b5cdf3
[11660.341366] XFS (cbd0): Ending clean mount
[11660.350778] xfs filesystem being mounted at /mnt/test supports timestamps until 2038-01-19 (0x7fffffff)
[11660.611379] run fstests generic/031 at 2025-01-09 15:15:27
[11665.451139] XFS (cbd1): Mounting V5 Filesystem 8867691f-b18c-404e-99a5-25f7d04ccf24
[11665.471670] XFS (cbd1): Ending clean mount
[11665.480823] xfs filesystem being mounted at /mnt/scratch supports timestamps until 2038-01-19 (0x7fffffff)
[11665.704740] XFS (cbd1): Unmounting Filesystem 8867691f-b18c-404e-99a5-25f7d04ccf24
[11665.784082] XFS (cbd1): Mounting V5 Filesystem 8867691f-b18c-404e-99a5-25f7d04ccf24
[11665.803821] XFS (cbd1): Ending clean mount
[11665.815023] xfs filesystem being mounted at /mnt/scratch supports timestamps until 2038-01-19 (0x7fffffff)
[11665.939628] XFS (cbd0): Unmounting Filesystem 85ae617e-a5d0-4ff8-81be-4027a9b5cdf3
[11666.305821] XFS (cbd1): Unmounting Filesystem 8867691f-b18c-404e-99a5-25f7d04ccf24
[11667.147358] XFS (cbd1): Mounting V5 Filesystem 8867691f-b18c-404e-99a5-25f7d04ccf24
[11667.168237] XFS (cbd1): Ending clean mount
[11667.177287] xfs filesystem being mounted at /mnt/scratch supports timestamps until 2038-01-19 (0x7fffffff)
[11667.253372] XFS (cbd1): Unmounting Filesystem 8867691f-b18c-404e-99a5-25f7d04ccf24
[11733.340279] ==== end /root/avocado/job-results/job-2025-01-09T22.24-1680aba/test-results/032-._cbdctrl.py_CbdctrlTest.test_run-cache_data_crc-disable-cache_for_xfstests-cache-channel_crc-enable-channel_data_crc-host_mode-single_host-multihost-test_script-xfstests-ebc5 ==== 
[11750.773856] tid: 0, is not registered
[11752.529033] ==== start /root/avocado/job-results/job-2025-01-09T22.24-1680aba/test-results/033-._cbdctrl.py_CbdctrlTest.test_run-cache_data_crc-enable-cache_for_xfstests-cache-channel_crc-disable-channel_data_crc-host_mode-single_host-multihost-test_script-register-d9da ==== 
[11763.323987] cbd: module verification failed: signature and/or required key missing - tainting kernel
[11766.055863] cbd: transport_info_validate:834 cbd_transport0: transport expects CBD_CHANNEL_CRC enabled.
[11783.265232] ==== end /root/avocado/job-results/job-2025-01-09T22.24-1680aba/test-results/033-._cbdctrl.py_CbdctrlTest.test_run-cache_data_crc-enable-cache_for_xfstests-cache-channel_crc-disable-channel_data_crc-host_mode-single_host-multihost-test_script-register-d9da ==== 
[11802.492161] tid: 0, is not registered
[11804.313276] ==== start /root/avocado/job-results/job-2025-01-09T22.24-1680aba/test-results/034-._cbdctrl.py_CbdctrlTest.test_run-cache_data_crc-enable-cache_for_xfstests-cache-channel_crc-disable-channel_data_crc-host_mode-single_host-multihost-test_script-backend-4c39 ==== 
[11831.954588] cbd: backend_validate:544 cbd_transport0: found backend_id: 0 for host_id: 0, path: /dev/sda
[11831.958367] cbd: cbd_backend_init:394 cbd_transport0: attach backend to backend_id: 0
[11831.958408] cbd: cbd_backend_info_load:469 cbd_transport0: backend 0 is alive
[11837.702549] cbd: blkdev_start_validate:312 cbd_transport0: too many(1) blkdevs connected to backend 0.
[11860.394703] cbd: cache_validate:304 cbd_transport0: n_paral 1 requires cache size (167772160), more than current (16777216).
[11864.241826] cbd: backend_open_bdev:284 cbd_transport0: backend0: failed to open bdev: -2
