[    0.000000] Linux version 6.13.0-rc5+ (root@ubuntu-22-04-server) (gcc (Ubuntu 11.4.0-1ubuntu1~22.04) 11.4.0, GNU ld (GNU Binutils for Ubuntu) 2.38) #2 SMP PREEMPT_DYNAMIC Fri Jan  3 15:43:06 CST 2025
[    0.000000] Command line: intremap=off console=ttyS0,115200 nokaslr root=/dev/vda1 crashkernel=1G-:2G
[    0.000000] KERNEL supported cpus:
[    0.000000]   Intel GenuineIntel
[    0.000000]   AMD AuthenticAMD
[    0.000000]   Hygon HygonGenuine
[    0.000000]   Centaur CentaurHauls
[    0.000000]   zhaoxin   Shanghai  
[    0.000000] BIOS-provided physical RAM map:
[    0.000000] BIOS-e820: [mem 0x0000000000000000-0x000000000009fbff] usable
[    0.000000] BIOS-e820: [mem 0x000000000009fc00-0x000000000009ffff] reserved
[    0.000000] BIOS-e820: [mem 0x00000000000f0000-0x00000000000fffff] reserved
[    0.000000] BIOS-e820: [mem 0x0000000000100000-0x000000007ffd9fff] usable
[    0.000000] BIOS-e820: [mem 0x000000007ffda000-0x000000007fffffff] reserved
[    0.000000] BIOS-e820: [mem 0x00000000b0000000-0x00000000bfffffff] reserved
[    0.000000] BIOS-e820: [mem 0x00000000fed1c000-0x00000000fed1ffff] reserved
[    0.000000] BIOS-e820: [mem 0x00000000feffc000-0x00000000feffffff] reserved
[    0.000000] BIOS-e820: [mem 0x00000000fffc0000-0x00000000ffffffff] reserved
[    0.000000] BIOS-e820: [mem 0x0000000100000000-0x000000037fffffff] usable
[    0.000000] NX (Execute Disable) protection: active
[    0.000000] APIC: Static calls initialized
[    0.000000] SMBIOS 2.8 present.
[    0.000000] DMI: QEMU Standard PC (Q35 + ICH9, 2009), BIOS rel-1.16.3-0-ga6ed6b701f0a-prebuilt.qemu.org 04/01/2014
[    0.000000] DMI: Memory slots populated: 1/1
[    0.000000] Hypervisor detected: KVM
[    0.000000] kvm-clock: Using msrs 4b564d01 and 4b564d00
[    0.000008] kvm-clock: using sched offset of 3432518370 cycles
[    0.000023] clocksource: kvm-clock: mask: 0xffffffffffffffff max_cycles: 0x1cd42e4dffb, max_idle_ns: 881590591483 ns
[    0.000067] tsc: Detected 2933.436 MHz processor
[    0.002462] e820: update [mem 0x00000000-0x00000fff] usable ==> reserved
[    0.002471] e820: remove [mem 0x000a0000-0x000fffff] usable
[    0.002484] last_pfn = 0x380000 max_arch_pfn = 0x400000000
[    0.003107] MTRR map: 4 entries (3 fixed + 1 variable; max 19), built from 8 variable MTRRs
[    0.003141] x86/PAT: Configuration [0-7]: WB  WC  UC- UC  WB  WP  UC- WT  
[    0.003890] last_pfn = 0x7ffda max_arch_pfn = 0x400000000
[    0.015149] found SMP MP-table at [mem 0x000f5450-0x000f545f]
[    0.015267] Using GB pages for direct mapping
[    0.017075] RAMDISK: [mem 0x79e18000-0x7ffcffff]
[    0.017152] ACPI: Early table checksum verification disabled
[    0.017263] ACPI: RSDP 0x00000000000F5220 000014 (v00 BOCHS )
[    0.017321] ACPI: RSDT 0x000000007FFE3D96 000040 (v01 BOCHS  BXPC     00000001 BXPC 00000001)
[    0.017369] ACPI: FACP 0x000000007FFE25E7 0000F4 (v03 BOCHS  BXPC     00000001 BXPC 00000001)
[    0.017398] ACPI: DSDT 0x000000007FFDF040 0035A7 (v01 BOCHS  BXPC     00000001 BXPC 00000001)
[    0.017415] ACPI: FACS 0x000000007FFDF000 000040
[    0.017425] ACPI: APIC 0x000000007FFE26DB 000170 (v03 BOCHS  BXPC     00000001 BXPC 00000001)
[    0.017435] ACPI: HPET 0x000000007FFE284B 000038 (v01 BOCHS  BXPC     00000001 BXPC 00000001)
[    0.017445] ACPI: SRAT 0x000000007FFE2883 0002D0 (v01 BOCHS  BXPC     00000001 BXPC 00000001)
[    0.017455] ACPI: MCFG 0x000000007FFE2B53 00003C (v01 BOCHS  BXPC     00000001 BXPC 00000001)
[    0.017465] ACPI: SSDT 0x000000007FFE2B8F 0011DF (v01 BOCHS  NVDIMM   00000001 BXPC 00000001)
[    0.017475] ACPI: WAET 0x000000007FFE3D6E 000028 (v01 BOCHS  BXPC     00000001 BXPC 00000001)
[    0.017483] ACPI: Reserving FACP table memory at [mem 0x7ffe25e7-0x7ffe26da]
[    0.017487] ACPI: Reserving DSDT table memory at [mem 0x7ffdf040-0x7ffe25e6]
[    0.017489] ACPI: Reserving FACS table memory at [mem 0x7ffdf000-0x7ffdf03f]
[    0.017492] ACPI: Reserving APIC table memory at [mem 0x7ffe26db-0x7ffe284a]
[    0.017494] ACPI: Reserving HPET table memory at [mem 0x7ffe284b-0x7ffe2882]
[    0.017497] ACPI: Reserving SRAT table memory at [mem 0x7ffe2883-0x7ffe2b52]
[    0.017499] ACPI: Reserving MCFG table memory at [mem 0x7ffe2b53-0x7ffe2b8e]
[    0.017502] ACPI: Reserving SSDT table memory at [mem 0x7ffe2b8f-0x7ffe3d6d]
[    0.017504] ACPI: Reserving WAET table memory at [mem 0x7ffe3d6e-0x7ffe3d95]
[    0.017969] ACPI: SRAT: Node 0 PXM 0 [mem 0x00000000-0x0009ffff]
[    0.017976] ACPI: SRAT: Node 0 PXM 0 [mem 0x00100000-0x7fffffff]
[    0.017980] ACPI: SRAT: Node 0 PXM 0 [mem 0x100000000-0x37fffffff]
[    0.017983] ACPI: SRAT: Node 0 PXM 0 [mem 0x380000000-0x1bffffffff] hotplug
[    0.017997] NUMA: Node 0 [mem 0x00001000-0x0009ffff] + [mem 0x00100000-0x7fffffff] -> [mem 0x00001000-0x7fffffff]
[    0.018002] NUMA: Node 0 [mem 0x00001000-0x7fffffff] + [mem 0x100000000-0x37fffffff] -> [mem 0x00001000-0x37fffffff]
[    0.018031] NODE_DATA(0) allocated [mem 0x37ffd3700-0x37fffdfff]
[    0.018461] crashkernel low memory reserved: 0x69000000 - 0x79000000 (256 MB)
[    0.018467] crashkernel reserved: 0x00000002ff000000 - 0x000000037f000000 (2048 MB)
[    0.018640] Zone ranges:
[    0.018643]   DMA      [mem 0x0000000000001000-0x0000000000ffffff]
[    0.018647]   DMA32    [mem 0x0000000001000000-0x00000000ffffffff]
[    0.018651]   Normal   [mem 0x0000000100000000-0x000000037fffffff]
[    0.018654]   Device   empty
[    0.018656] Movable zone start for each node
[    0.018660] Early memory node ranges
[    0.018661]   node   0: [mem 0x0000000000001000-0x000000000009efff]
[    0.018678]   node   0: [mem 0x0000000000100000-0x000000007ffd9fff]
[    0.018682]   node   0: [mem 0x0000000100000000-0x000000037fffffff]
[    0.018687] Initmem setup node 0 [mem 0x0000000000001000-0x000000037fffffff]
[    0.019236] On node 0, zone DMA: 1 pages in unavailable ranges
[    0.019562] On node 0, zone DMA: 97 pages in unavailable ranges
[    0.320467] On node 0, zone Normal: 38 pages in unavailable ranges
[    2.013057] kasan: KernelAddressSanitizer initialized
[    2.020825] ACPI: PM-Timer IO Port: 0x608
[    2.020957] ACPI: LAPIC_NMI (acpi_id[0xff] dfl dfl lint[0x1])
[    2.021392] IOAPIC[0]: apic_id 0, version 17, address 0xfec00000, GSI 0-23
[    2.021410] ACPI: INT_SRC_OVR (bus 0 bus_irq 0 global_irq 2 dfl dfl)
[    2.021416] ACPI: INT_SRC_OVR (bus 0 bus_irq 5 global_irq 5 high level)
[    2.021419] ACPI: INT_SRC_OVR (bus 0 bus_irq 9 global_irq 9 high level)
[    2.021432] ACPI: INT_SRC_OVR (bus 0 bus_irq 10 global_irq 10 high level)
[    2.021436] ACPI: INT_SRC_OVR (bus 0 bus_irq 11 global_irq 11 high level)
[    2.021450] ACPI: Using ACPI (MADT) for SMP configuration information
[    2.021455] ACPI: HPET id: 0x8086a201 base: 0xfed00000
[    2.021474] TSC deadline timer available
[    2.021487] CPU topo: Max. logical packages:   2
[    2.021490] CPU topo: Max. logical dies:       2
[    2.021492] CPU topo: Max. dies per package:   1
[    2.021499] CPU topo: Max. threads per core:   2
[    2.021501] CPU topo: Num. cores per package:     8
[    2.021503] CPU topo: Num. threads per package:  16
[    2.021505] CPU topo: Allowing 32 present CPUs plus 0 hotplug CPUs
[    2.021651] kvm-guest: APIC: eoi() replaced with kvm_guest_apic_eoi_write()
[    2.021785] kvm-guest: KVM setup pv remote TLB flush
[    2.021845] kvm-guest: setup PV sched yield
[    2.022013] PM: hibernation: Registered nosave memory: [mem 0x00000000-0x00000fff]
[    2.022020] PM: hibernation: Registered nosave memory: [mem 0x0009f000-0x0009ffff]
[    2.022023] PM: hibernation: Registered nosave memory: [mem 0x000a0000-0x000effff]
[    2.022026] PM: hibernation: Registered nosave memory: [mem 0x000f0000-0x000fffff]
[    2.022030] PM: hibernation: Registered nosave memory: [mem 0x7ffda000-0x7fffffff]
[    2.022033] PM: hibernation: Registered nosave memory: [mem 0x80000000-0xafffffff]
[    2.022035] PM: hibernation: Registered nosave memory: [mem 0xb0000000-0xbfffffff]
[    2.022038] PM: hibernation: Registered nosave memory: [mem 0xc0000000-0xfed1bfff]
[    2.022040] PM: hibernation: Registered nosave memory: [mem 0xfed1c000-0xfed1ffff]
[    2.022042] PM: hibernation: Registered nosave memory: [mem 0xfed20000-0xfeffbfff]
[    2.022044] PM: hibernation: Registered nosave memory: [mem 0xfeffc000-0xfeffffff]
[    2.022046] PM: hibernation: Registered nosave memory: [mem 0xff000000-0xfffbffff]
[    2.022048] PM: hibernation: Registered nosave memory: [mem 0xfffc0000-0xffffffff]
[    2.022062] [mem 0xc0000000-0xfed1bfff] available for PCI devices
[    2.022070] Booting paravirtualized kernel on KVM
[    2.022080] clocksource: refined-jiffies: mask: 0xffffffff max_cycles: 0xffffffff, max_idle_ns: 7645519600211568 ns
[    2.022162] setup_percpu: NR_CPUS:8192 nr_cpumask_bits:32 nr_cpu_ids:32 nr_node_ids:1
[    2.190879] percpu: Embedded 532 pages/cpu s2142208 r8192 d28672 u4194304
[    2.190939] pcpu-alloc: s2142208 r8192 d28672 u4194304 alloc=2*2097152
[    2.190947] pcpu-alloc: [0] 00 [0] 01 [0] 02 [0] 03 [0] 04 [0] 05 [0] 06 [0] 07 
[    2.190966] pcpu-alloc: [0] 08 [0] 09 [0] 10 [0] 11 [0] 12 [0] 13 [0] 14 [0] 15 
[    2.190985] pcpu-alloc: [0] 16 [0] 17 [0] 18 [0] 19 [0] 20 [0] 21 [0] 22 [0] 23 
[    2.191004] pcpu-alloc: [0] 24 [0] 25 [0] 26 [0] 27 [0] 28 [0] 29 [0] 30 [0] 31 
[    2.191380] kvm-guest: PV spinlocks enabled
[    2.191400] PV qspinlock hash table entries: 256 (order: 0, 4096 bytes, linear)
[    2.191417] Kernel command line: intremap=off console=ttyS0,115200 nokaslr root=/dev/vda1 crashkernel=1G-:2G
[    2.191675] Unknown kernel command line parameters "nokaslr", will be passed to user space.
[    2.191708] printk: log buffer data + meta data: 262144 + 917504 = 1179648 bytes
[    2.211560] Dentry cache hash table entries: 2097152 (order: 12, 16777216 bytes, linear)
[    2.220112] Inode-cache hash table entries: 1048576 (order: 11, 8388608 bytes, linear)
[    2.224634] Fallback order for Node 0: 0 
[    2.224673] Built 1 zonelists, mobility grouping on.  Total pages: 3145592
[    2.224677] Policy zone: Normal
[    2.224798] mem auto-init: stack:off, heap alloc:on, heap free:off
[    2.224810] stackdepot: allocating hash table via alloc_large_system_hash
[    2.224821] stackdepot hash table entries: 1048576 (order: 12, 16777216 bytes, linear)
[    2.242514] software IO TLB: area num 32.
[    3.012312] SLUB: HWalign=64, Order=0-3, MinObjects=0, CPUs=32, Nodes=1
[    3.013744] Kernel/User page tables isolation: enabled
[    3.014605] ftrace: allocating 52416 entries in 205 pages
[    3.328914] ftrace: allocated 205 pages with 5 groups
[    3.336144] Dynamic Preempt: voluntary
[    3.343798] Running RCU self tests
[    3.343802] Running RCU synchronous self tests
[    3.343854] rcu: Preemptible hierarchical RCU implementation.
[    3.343857] rcu: 	RCU lockdep checking is enabled.
[    3.343858] rcu: 	RCU restricting CPUs from NR_CPUS=8192 to nr_cpu_ids=32.
[    3.343863] 	Trampoline variant of Tasks RCU enabled.
[    3.343864] 	Rude variant of Tasks RCU enabled.
[    3.343866] 	Tracing variant of Tasks RCU enabled.
[    3.343868] rcu: RCU calculated value of scheduler-enlistment delay is 25 jiffies.
[    3.343870] rcu: Adjusting geometry for rcu_fanout_leaf=16, nr_cpu_ids=32
[    3.344530] Running RCU synchronous self tests
[    3.344559] RCU Tasks: Setting shift to 5 and lim to 1 rcu_task_cb_adjust=1 rcu_task_cpu_ids=32.
[    3.344583] RCU Tasks Rude: Setting shift to 5 and lim to 1 rcu_task_cb_adjust=1 rcu_task_cpu_ids=32.
[    3.344607] RCU Tasks Trace: Setting shift to 5 and lim to 1 rcu_task_cb_adjust=1 rcu_task_cpu_ids=32.
[    3.399027] NR_IRQS: 524544, nr_irqs: 680, preallocated irqs: 16
[    3.401052] rcu: srcu_init: Setting srcu_struct sizes based on contention.
[    3.508096] Console: colour VGA+ 80x25
[    3.508534] printk: legacy console [ttyS0] enabled
[    4.958623] Lock dependency validator: Copyright (c) 2006 Red Hat, Inc., Ingo Molnar
[    4.969851] ... MAX_LOCKDEP_SUBCLASSES:  8
[    4.975356] ... MAX_LOCK_DEPTH:          48
[    4.981299] ... MAX_LOCKDEP_KEYS:        8192
[    4.987613] ... CLASSHASH_SIZE:          4096
[    4.994037] ... MAX_LOCKDEP_ENTRIES:     32768
[    5.000501] ... MAX_LOCKDEP_CHAINS:      65536
[    5.007139] ... CHAINHASH_SIZE:          32768
[    5.013909]  memory used by lock dependency info: 6941 kB
[    5.021849]  memory used for stack traces: 4224 kB
[    5.028826]  per task-struct memory footprint: 2688 bytes
[    5.037484] ACPI: Core revision 20240827
[    5.046790] clocksource: hpet: mask: 0xffffffff max_cycles: 0xffffffff, max_idle_ns: 19112604467 ns
[    5.061065] APIC: Switch to symmetric I/O mode setup
[    5.072005] x2apic enabled
[    5.079625] APIC: Switched APIC routing to: physical x2apic
[    5.088124] kvm-guest: APIC: send_IPI_mask() replaced with kvm_send_ipi_mask()
[    5.098498] kvm-guest: APIC: send_IPI_mask_allbutself() replaced with kvm_send_ipi_mask_allbutself()
[    5.111800] kvm-guest: setup PV IPIs
[    5.132999] ..TIMER: vector=0x30 apic1=0 pin1=2 apic2=-1 pin2=-1
[    5.142098] clocksource: tsc-early: mask: 0xffffffffffffffff max_cycles: 0x2a48a50322c, max_idle_ns: 440795287943 ns
[    5.158762] Calibrating delay loop (skipped) preset value.. 5866.87 BogoMIPS (lpj=11733744)
[    5.167871] x86/cpu: User Mode Instruction Prevention (UMIP) activated
[    5.175889] Last level iTLB entries: 4KB 0, 2MB 0, 4MB 0
[    5.178752] Last level dTLB entries: 4KB 0, 2MB 0, 4MB 0, 1GB 0
[    5.182849] Spectre V1 : Mitigation: usercopy/swapgs barriers and __user pointer sanitization
[    5.186755] Spectre V2 : Mitigation: Retpolines
[    5.190752] Spectre V2 : Spectre v2 / SpectreRSB mitigation: Filling RSB on context switch
[    5.194752] Spectre V2 : Spectre v2 / SpectreRSB : Filling RSB on VMEXIT
[    5.202751] Spectre V2 : Enabling Restricted Speculation for firmware calls
[    5.206761] Spectre V2 : mitigation: Enabling conditional Indirect Branch Prediction Barrier
[    5.210752] Spectre V2 : User space: Mitigation: STIBP via prctl
[    5.214754] Speculative Store Bypass: Mitigation: Speculative Store Bypass disabled via prctl
[    5.218754] MDS: Vulnerable: Clear CPU buffers attempted, no microcode
[    5.222752] MMIO Stale Data: Unknown: No mitigations
[    5.226778] x86/fpu: x87 FPU will use FXSAVE
[    5.285004] Freeing SMP alternatives memory: 40K
[    5.286759] pid_max: default: 32768 minimum: 301
[    5.295264] LSM: initializing lsm=lockdown,capability,landlock,yama,apparmor,ima,evm
[    5.299629] landlock: Up and running.
[    5.302754] Yama: becoming mindful.
[    5.307962] AppArmor: AppArmor initialized
[    5.313292] Mount-cache hash table entries: 32768 (order: 6, 262144 bytes, linear)
[    5.314970] Mountpoint-cache hash table entries: 32768 (order: 6, 262144 bytes, linear)
[    5.327054] Running RCU synchronous self tests
[    5.330757] Running RCU synchronous self tests
[    5.340325] smpboot: CPU0: Intel Westmere E56xx/L56xx/X56xx (IBRS update) (family: 0x6, model: 0x2c, stepping: 0x1)
[    5.357359] Running RCU Tasks wait API self tests
[    5.462924] Running RCU Tasks Rude wait API self tests
[    5.466780] Running RCU Tasks Trace wait API self tests
[    5.470958] Performance Events: unsupported p6 CPU model 44 no PMU driver, software events only.
[    5.475281] signal: max sigframe size: 1440
[    5.478862] Callback from call_rcu_tasks_trace() invoked.
[    5.483456] rcu: Hierarchical SRCU implementation.
[    5.486783] rcu: 	Max phase no-delay instances is 1000.
[    5.492127] Timer migration: 2 hierarchy levels; 8 children per group; 2 crossnode level
[    5.506950] NMI watchdog: Perf NMI watchdog permanently disabled
[    5.522901] smp: Bringing up secondary CPUs ...
[    5.539595] smpboot: x86: Booting SMP configuration:
[    5.542806] .... node  #0, CPUs:        #2  #4  #6  #8 #10 #12 #14 #16 #18 #20 #22 #24 #26
[    5.671074] Callback from call_rcu_tasks() invoked.
[    5.680236]  #28 #30  #1  #3  #5  #7  #9 #11 #13 #15 #17 #19 #21 #23 #25 #27 #29 #31
[    5.891908] MDS CPU bug present and SMT on, data leak possible. See https://www.kernel.org/doc/html/latest/admin-guide/hw-vuln/mds.html for more details.
[    5.984290] smp: Brought up 1 node, 32 CPUs
[    5.986798] smpboot: Total of 32 processors activated (187739.90 BogoMIPS)
[    6.025613] Memory: 7997952K/12582368K available (53248K kernel code, 16294K rwdata, 13000K rodata, 9908K init, 22736K bss, 4537656K reserved, 0K cma-reserved)
[    6.032087] devtmpfs: initialized
[    6.035916] x86/mm: Memory block size: 128MB
[    6.127386] Running RCU synchronous self tests
[    6.130859] Running RCU synchronous self tests
[    6.135025] clocksource: jiffies: mask: 0xffffffff max_cycles: 0xffffffff, max_idle_ns: 7645041785100000 ns
[    6.140162] futex hash table entries: 8192 (order: 8, 1048576 bytes, linear)
[    6.146903] pinctrl core: initialized pinctrl subsystem
[    6.154422] PM: RTC time: 00:07:48, date: 2025-01-11
[    6.166223] NET: Registered PF_NETLINK/PF_ROUTE protocol family
[    6.171613] DMA: preallocated 1024 KiB GFP_KERNEL pool for atomic allocations
[    6.175090] DMA: preallocated 1024 KiB GFP_KERNEL|GFP_DMA pool for atomic allocations
[    6.179069] DMA: preallocated 1024 KiB GFP_KERNEL|GFP_DMA32 pool for atomic allocations
[    6.183461] audit: initializing netlink subsys (disabled)
[    6.187704] audit: type=2000 audit(1736554067.187:1): state=initialized audit_enabled=0 res=1
[    6.192788] thermal_sys: Registered thermal governor 'fair_share'
[    6.194787] thermal_sys: Registered thermal governor 'bang_bang'
[    6.198783] thermal_sys: Registered thermal governor 'step_wise'
[    6.202789] thermal_sys: Registered thermal governor 'user_space'
[    6.206783] thermal_sys: Registered thermal governor 'power_allocator'
[    6.211137] EISA bus registered
[    6.219050] cpuidle: using governor ladder
[    6.223020] cpuidle: using governor menu
[    6.228852] acpiphp: ACPI Hot Plug PCI Controller Driver version: 0.5
[    6.234409] PCI: ECAM [mem 0xb0000000-0xbfffffff] (base 0xb0000000) for domain 0000 [bus 00-ff]
[    6.234788] PCI: ECAM [mem 0xb0000000-0xbfffffff] reserved as E820 entry
[    6.324396] PCI: Using configuration type 1 for base access
[    6.328920] kprobes: kprobe jump-optimization is enabled. All kprobes are optimized if possible.
[    6.343852] HugeTLB: registered 1.00 GiB page size, pre-allocated 0 pages
[    6.346781] HugeTLB: 16380 KiB vmemmap can be freed for a 1.00 GiB page
[    6.350782] HugeTLB: registered 2.00 MiB page size, pre-allocated 0 pages
[    6.354780] HugeTLB: 28 KiB vmemmap can be freed for a 2.00 MiB page
[    6.446248] ACPI: Added _OSI(Module Device)
[    6.446784] ACPI: Added _OSI(Processor Device)
[    6.450783] ACPI: Added _OSI(3.0 _SCP Extensions)
[    6.454800] ACPI: Added _OSI(Processor Aggregator Device)
[    6.699612] ACPI: 2 ACPI AML tables successfully acquired and loaded
[    6.766247] ACPI: Interpreter enabled
[    6.775248] ACPI: PM: (supports S0 S3 S4 S5)
[    6.778800] ACPI: Using IOAPIC for interrupt routing
[    6.791628] PCI: Using host bridge windows from ACPI; if necessary, use "pci=nocrs" and report a bug
[    6.802782] PCI: Using E820 reservations for host bridge windows
[    6.826157] ACPI: Enabled 4 GPEs in block 00 to 3F
[    7.314288] ACPI: PCI Root Bridge [PCI0] (domain 0000 [bus 00-ff])
[    7.328043] acpi PNP0A08:00: _OSC: OS supports [ExtendedConfig ASPM ClockPM Segments MSI EDR HPX-Type3]
[    7.346741] acpi PNP0A08:00: _OSC: platform does not support [PCIeHotplug LTR DPC]
[    7.366692] acpi PNP0A08:00: _OSC: OS now controls [SHPCHotplug PME AER PCIeCapability]
[    7.391737] PCI host bridge to bus 0000:00
[    7.399125] pci_bus 0000:00: root bus resource [io  0x0000-0x0cf7 window]
[    7.410816] pci_bus 0000:00: root bus resource [io  0x0d00-0xffff window]
[    7.426827] pci_bus 0000:00: root bus resource [mem 0x000a0000-0x000bffff window]
[    7.442810] pci_bus 0000:00: root bus resource [mem 0x80000000-0xafffffff window]
[    7.454800] pci_bus 0000:00: root bus resource [mem 0xc0000000-0xfebfffff window]
[    7.470834] pci_bus 0000:00: root bus resource [mem 0x1c00000000-0x23ffffffff window]
[    7.486860] pci_bus 0000:00: root bus resource [bus 00-ff]
[    7.495464] pci 0000:00:00.0: [8086:29c0] type 00 class 0x060000 conventional PCI endpoint
[    7.519733] pci 0000:00:01.0: [1234:1111] type 00 class 0x030000 conventional PCI endpoint
[    7.550107] pci 0000:00:01.0: BAR 0 [mem 0xfd000000-0xfdffffff pref]
[    7.583443] pci 0000:00:01.0: BAR 2 [mem 0xfea50000-0xfea50fff]
[    7.641364] pci 0000:00:01.0: ROM [mem 0xfea40000-0xfea4ffff pref]
[    7.655718] pci 0000:00:01.0: Video device with shadowed ROM at [mem 0x000c0000-0x000dffff]
[    7.674821] pci 0000:00:01.0: pci_fixup_video+0x0/0x2d0 took 19531 usecs
[    7.702973] pci 0000:00:02.0: [1af4:1000] type 00 class 0x020000 conventional PCI endpoint
[    7.722372] pci 0000:00:02.0: BAR 0 [io  0xc040-0xc05f]
[    7.737986] pci 0000:00:02.0: BAR 1 [mem 0xfea51000-0xfea51fff]
[    7.754105] pci 0000:00:02.0: BAR 4 [mem 0xfe200000-0xfe203fff 64bit pref]
[    7.772842] pci 0000:00:02.0: ROM [mem 0xfea00000-0xfea3ffff pref]
[    7.793581] pci 0000:00:03.0: [1b36:000c] type 01 class 0x060400 PCIe Root Port
[    7.818639] pci 0000:00:03.0: BAR 0 [mem 0xfea52000-0xfea52fff]
[    7.843210] pci 0000:00:03.0: PCI bridge to [bus 01]
[    7.851251] pci 0000:00:03.0:   bridge window [mem 0xfe800000-0xfe9fffff]
[    7.871144] pci 0000:00:03.0:   bridge window [mem 0xfe000000-0xfe1fffff 64bit pref]
[    7.897443] pci 0000:00:04.0: [1af4:105b] type 00 class 0x00ff00 conventional PCI endpoint
[    7.917535] pci 0000:00:04.0: BAR 4 [mem 0xfe204000-0xfe207fff 64bit pref]
[    8.074780] pci 0000:00:1f.0: [8086:2918] type 00 class 0x060100 conventional PCI endpoint
[    8.092834] pci 0000:00:1f.0: quirk: [io  0x0600-0x067f] claimed by ICH6 ACPI/GPIO/TCO
[    8.107281] pci 0000:00:1f.0: quirk_ich7_lpc+0x0/0x1d0 took 11718 usecs
[    8.124246] pci 0000:00:1f.2: [8086:2922] type 00 class 0x010601 conventional PCI endpoint
[    8.146785] pci 0000:00:1f.2: BAR 4 [io  0xc060-0xc07f]
[    8.160593] pci 0000:00:1f.2: BAR 5 [mem 0xfea53000-0xfea53fff]
[    8.178741] pci 0000:00:1f.3: [8086:2930] type 00 class 0x0c0500 conventional PCI endpoint
[    8.197319] pci 0000:00:1f.3: BAR 4 [io  0x0700-0x073f]
[    8.220778] acpiphp: Slot [0] registered
[    8.229762] pci 0000:01:00.0: [1af4:1042] type 00 class 0x010000 PCIe Endpoint
[    8.254105] pci 0000:01:00.0: BAR 1 [mem 0xfe800000-0xfe800fff]
[    8.281909] pci 0000:01:00.0: BAR 4 [mem 0xfe000000-0xfe003fff 64bit pref]
[    8.386484] pci 0000:00:03.0: PCI bridge to [bus 01]
[    8.418355] ACPI: PCI: Interrupt link LNKA configured for IRQ 10
[    8.431937] ACPI: PCI: Interrupt link LNKB configured for IRQ 10
[    8.451328] ACPI: PCI: Interrupt link LNKC configured for IRQ 11
[    8.469427] ACPI: PCI: Interrupt link LNKD configured for IRQ 11
[    8.483591] ACPI: PCI: Interrupt link LNKE configured for IRQ 10
[    8.499237] ACPI: PCI: Interrupt link LNKF configured for IRQ 10
[    8.512660] ACPI: PCI: Interrupt link LNKG configured for IRQ 11
[    8.529623] ACPI: PCI: Interrupt link LNKH configured for IRQ 11
[    8.540003] ACPI: PCI: Interrupt link GSIA configured for IRQ 16
[    8.555415] ACPI: PCI: Interrupt link GSIB configured for IRQ 17
[    8.567455] ACPI: PCI: Interrupt link GSIC configured for IRQ 18
[    8.579366] ACPI: PCI: Interrupt link GSID configured for IRQ 19
[    8.591381] ACPI: PCI: Interrupt link GSIE configured for IRQ 20
[    8.603320] ACPI: PCI: Interrupt link GSIF configured for IRQ 21
[    8.615405] ACPI: PCI: Interrupt link GSIG configured for IRQ 22
[    8.627473] ACPI: PCI: Interrupt link GSIH configured for IRQ 23
[    8.782463] iommu: Default domain type: Translated
[    8.791090] iommu: DMA domain TLB invalidation policy: lazy mode
[    8.816583] SCSI subsystem initialized
[    8.827338] libata version 3.00 loaded.
[    8.828747] ACPI: bus type USB registered
[    8.839803] usbcore: registered new interface driver usbfs
[    8.851160] usbcore: registered new interface driver hub
[    8.859451] usbcore: registered new device driver usb
[    8.872165] pps_core: LinuxPPS API ver. 1 registered
[    8.878781] pps_core: Software ver. 5.3.6 - Copyright 2005-2007 Rodolfo Giometti <giometti@linux.it>
[    8.898927] PTP clock support registered
[    8.911071] EDAC MC: Ver: 3.0.0
[    8.936922] NetLabel: Initializing
[    8.942892] NetLabel:  domain hash size = 128
[    8.954892] NetLabel:  protocols = UNLABELED CIPSOv4 CALIPSO
[    8.963704] NetLabel:  unlabeled traffic allowed by default
[    8.983132] PCI: Using ACPI for IRQ routing
[   11.099650] PCI: pci_cache_line_size set to 64 bytes
[   11.101686] e820: reserve RAM buffer [mem 0x0009fc00-0x0009ffff]
[   11.101829] e820: reserve RAM buffer [mem 0x7ffda000-0x7fffffff]
[   11.104527] pci 0000:00:01.0: vgaarb: setting as boot VGA device
[   11.106741] pci 0000:00:01.0: vgaarb: bridge control possible
[   11.106741] pci 0000:00:01.0: vgaarb: VGA device added: decodes=io+mem,owns=io+mem,locks=none
[   11.138809] vgaarb: loaded
[   11.144353] hpet0: at MMIO 0xfed00000, IRQs 2, 8, 0
[   11.154855] hpet0: 3 comparators, 64-bit 100.000000 MHz counter
[   11.204485] clocksource: Switched to clocksource kvm-clock
[   11.225816] VFS: Disk quotas dquot_6.6.0
[   11.234061] VFS: Dquot-cache hash table entries: 512 (order 0, 4096 bytes)
[   11.256272] AppArmor: AppArmor Filesystem Enabled
[   11.265119] pnp: PnP ACPI init
[   11.279711] system 00:05: [mem 0xb0000000-0xbfffffff window] has been reserved
[   11.329184] pnp: PnP ACPI: found 6 devices
[   11.427095] clocksource: acpi_pm: mask: 0xffffff max_cycles: 0xffffff, max_idle_ns: 2085701024 ns
[   11.447028] NET: Registered PF_INET protocol family
[   11.461880] IP idents hash table entries: 262144 (order: 9, 2097152 bytes, linear)
[   11.488683] tcp_listen_portaddr_hash hash table entries: 8192 (order: 7, 655360 bytes, linear)
[   11.506478] Table-perturb hash table entries: 65536 (order: 6, 262144 bytes, linear)
[   11.524912] TCP established hash table entries: 131072 (order: 8, 1048576 bytes, linear)
[   11.558625] TCP bind hash table entries: 65536 (order: 11, 10485760 bytes, vmalloc hugepage)
[   11.579334] TCP: Hash tables configured (established 131072 bind 65536)
[   11.601144] MPTCP token hash table entries: 16384 (order: 8, 1572864 bytes, linear)
[   11.620786] UDP hash table entries: 8192 (order: 9, 2490368 bytes, linear)
[   11.643334] UDP-Lite hash table entries: 8192 (order: 9, 2490368 bytes, linear)
[   11.663667] NET: Registered PF_UNIX/PF_LOCAL protocol family
[   11.675425] NET: Registered PF_XDP protocol family
[   11.685261] pci 0000:00:03.0: bridge window [io  0x1000-0x0fff] to [bus 01] add_size 1000
[   11.701785] pci 0000:00:03.0: bridge window [io  0x1000-0x1fff]: assigned
[   11.715373] pci 0000:00:03.0: PCI bridge to [bus 01]
[   11.725837] pci 0000:00:03.0:   bridge window [io  0x1000-0x1fff]
[   11.739679] pci 0000:00:03.0:   bridge window [mem 0xfe800000-0xfe9fffff]
[   11.752774] pci 0000:00:03.0:   bridge window [mem 0xfe000000-0xfe1fffff 64bit pref]
[   11.767959] pci_bus 0000:00: resource 4 [io  0x0000-0x0cf7 window]
[   11.778789] pci_bus 0000:00: resource 5 [io  0x0d00-0xffff window]
[   11.788356] pci_bus 0000:00: resource 6 [mem 0x000a0000-0x000bffff window]
[   11.799675] pci_bus 0000:00: resource 7 [mem 0x80000000-0xafffffff window]
[   11.811040] pci_bus 0000:00: resource 8 [mem 0xc0000000-0xfebfffff window]
[   11.822726] pci_bus 0000:00: resource 9 [mem 0x1c00000000-0x23ffffffff window]
[   11.836500] pci_bus 0000:01: resource 0 [io  0x1000-0x1fff]
[   11.847380] pci_bus 0000:01: resource 1 [mem 0xfe800000-0xfe9fffff]
[   11.859782] pci_bus 0000:01: resource 2 [mem 0xfe000000-0xfe1fffff 64bit pref]
[   11.875391] PCI: CLS 0 bytes, default 64
[   11.884445] PCI-DMA: Using software bounce buffering for IO (SWIOTLB)
[   11.887791] Trying to unpack rootfs image as initramfs...
[   11.897417] software IO TLB: mapped [mem 0x0000000065000000-0x0000000069000000] (64MB)
[   11.923110] clocksource: tsc: mask: 0xffffffffffffffff max_cycles: 0x2a48a50322c, max_idle_ns: 440795287943 ns
[   11.969041] Initialise system trusted keyrings
[   11.979121] Key type blacklist registered
[   11.989980] workingset: timestamp_bits=36 max_order=21 bucket_order=0
[   12.003326] zbud: loaded
[   12.025906] squashfs: version 4.0 (2009/01/31) Phillip Lougher
[   12.043149] fuse: init (API version 7.41)
[   12.053443] integrity: Platform Keyring initialized
[   12.083829] Key type asymmetric registered
[   12.090683] Asymmetric key parser 'x509' registered
[   12.100896] Block layer SCSI generic (bsg) driver version 0.4 loaded (major 243)
[   12.116049] io scheduler mq-deadline registered
[   12.155055] ledtrig-cpu: registered to indicate activity on CPUs
[   12.199092] ACPI: \_SB_.GSIH: Enabled at IRQ 23
[   12.218547] pcieport 0000:00:03.0: PME: Signaling with IRQ 24
[   12.233473] pcieport 0000:00:03.0: AER: enabled with IRQ 24
[   12.248980] shpchp: Standard Hot Plug PCI Controller Driver version: 0.4
[   12.266402] input: Power Button as /devices/LNXSYSTM:00/LNXPWRBN:00/input/input0
[   12.281365] ACPI: button: Power Button [PWRF]
[   12.399589] ACPI: \_SB_.GSIG: Enabled at IRQ 22
[   12.451646] ACPI: \_SB_.GSIE: Enabled at IRQ 20
[   12.518003] Serial: 8250/16550 driver, 32 ports, IRQ sharing enabled
[   12.583357] 00:03: ttyS0 at I/O 0x3f8 (irq = 4, base_baud = 115200) is a 16550A
[   12.735869] Linux agpgart interface v0.103
[   12.950134] loop: module loaded
[   12.966960] tun: Universal TUN/TAP device driver, 1.6
[   12.976780] PPP generic driver version 2.4.2
[   12.988871] VFIO - User Level meta-driver version: 0.3
[   13.005857] i8042: PNP: PS/2 Controller [PNP0303:KBD,PNP0f13:MOU] at 0x60,0x64 irq 1,12
[   13.030876] serio: i8042 KBD port at 0x60,0x64 irq 1
[   13.041343] serio: i8042 AUX port at 0x60,0x64 irq 12
[   13.052759] mousedev: PS/2 mouse device common for all mice
[   13.065639] rtc_cmos 00:04: RTC can wake from S4
[   13.072120] input: AT Translated Set 2 keyboard as /devices/platform/i8042/serio0/input/input1
[   13.084736] rtc_cmos 00:04: registered as rtc0
[   13.095888] rtc_cmos 00:04: setting system clock to 2025-01-11T00:07:56 UTC (1736554076)
[   13.112678] rtc_cmos 00:04: alarms up to one day, y3k, 242 bytes nvram, hpet irqs
[   13.124915] i2c_dev: i2c /dev entries driver
[   13.134363] device-mapper: core: CONFIG_IMA_DISABLE_HTABLE is disabled. Duplicate IMA measurements will not be recorded in the IMA log.
[   13.153889] device-mapper: uevent: version 1.0.3
[   13.164126] device-mapper: ioctl: 4.48.0-ioctl (2023-03-01) initialised: dm-devel@lists.linux.dev
[   13.178692] platform eisa.0: Probing EISA bus 0
[   13.186122] platform eisa.0: EISA: Cannot allocate resource for mainboard
[   13.197017] platform eisa.0: Cannot allocate resource for EISA slot 1
[   13.207393] platform eisa.0: Cannot allocate resource for EISA slot 2
[   13.217839] platform eisa.0: Cannot allocate resource for EISA slot 3
[   13.228360] platform eisa.0: Cannot allocate resource for EISA slot 4
[   13.238750] platform eisa.0: Cannot allocate resource for EISA slot 5
[   13.249100] platform eisa.0: Cannot allocate resource for EISA slot 6
[   13.259419] platform eisa.0: Cannot allocate resource for EISA slot 7
[   13.269795] platform eisa.0: Cannot allocate resource for EISA slot 8
[   13.280282] platform eisa.0: EISA: Detected 0 cards
[   13.288224] intel_pstate: CPU model not supported
[   13.298947] drop_monitor: Initializing network drop monitor service
[   13.311330] NET: Registered PF_INET6 protocol family
[   15.881099] Freeing initrd memory: 100064K
[   16.000056] Segment Routing with IPv6
[   16.006444] In-situ OAM (IOAM) with IPv6
[   16.014421] NET: Registered PF_PACKET protocol family
[   16.024957] Key type dns_resolver registered
[   16.090654] IPI shorthand broadcast: enabled
[   16.198249] registered taskstats version 1
[   16.231709] Loading compiled-in X.509 certificates
[   16.393891] Demotion targets for Node 0: null
[   16.402502] kmemleak: Kernel memory leak detector initialized (mem pool available: 14031)
[   16.402677] kmemleak: Automatic memory scanning thread started
[   16.420920] Key type .fscrypt registered
[   16.432955] Key type fscrypt-provisioning registered
[   16.517957] cryptd: module verification failed: signature and/or required key missing - tainting kernel
[   16.542197] cryptd: max_cpu_qlen set to 1000
[   16.741417] Key type encrypted registered
[   16.748485] AppArmor: AppArmor sha256 policy hashing enabled
[   16.758241] ima: No TPM chip found, activating TPM-bypass!
[   16.768164] Loading compiled-in module X.509 certificates
[   16.777041] ima: Allocated hash algorithm: sha1
[   16.785348] ima: No architecture policies found
[   16.793558] evm: Initialising EVM extended attributes:
[   16.802236] evm: security.selinux
[   16.808578] evm: security.SMACK64
[   16.814360] evm: security.SMACK64EXEC
[   16.820649] evm: security.SMACK64TRANSMUTE
[   16.827777] evm: security.SMACK64MMAP
[   16.834146] evm: security.apparmor
[   16.840009] evm: security.ima
[   16.845026] evm: security.capability
[   16.850956] evm: HMAC attrs: 0x1
[   16.869331] PM:   Magic number: 9:854:101
[   16.880609] RAS: Correctable Errors collector initialized.
[   16.895222] Unstable clock detected, switching default tracing clock to "global"
               If you want to keep using the local clock, then add:
                 "trace_clock=local"
               on the kernel command line
[   16.944755] clk: Disabling unused clocks
[   17.019736] Freeing unused decrypted memory: 2036K
[   17.051538] Freeing unused kernel image (initmem) memory: 9908K
[   17.063462] Write protecting the kernel read-only data: 67584k
[   17.078645] Freeing unused kernel image (rodata/data gap) memory: 1336K
[   17.154987] x86/mm: Checked W+X mappings: passed, no W+X pages found.
[   17.164598] x86/mm: Checking user space page tables
[   17.232255] x86/mm: Checked W+X mappings: passed, no W+X pages found.
[   17.240599] Run /init as init process
[   17.245213]   with arguments:
[   17.245232]     /init
[   17.245238]     nokaslr
[   17.245245]   with environment:
[   17.245251]     HOME=/
[   17.245257]     TERM=linux
[   20.255621] lpc_ich 0000:00:1f.0: I/O space for GPIO uninitialized
[   20.309400] virtio_blk virtio2: 32/0/0 default/read/poll queues
[   20.344962] ahci 0000:00:1f.2: version 3.0
[   20.379299] input: VirtualPS/2 VMware VMMouse as /devices/platform/i8042/serio1/input/input4
[   20.424737] ACPI: \_SB_.GSIA: Enabled at IRQ 16
[   20.446840] i801_smbus 0000:00:1f.3: SMBus using PCI interrupt
[   20.483649] ahci 0000:00:1f.2: AHCI vers 0001.0000, 32 command slots, 1.5 Gbps, SATA mode
[   20.485240] input: VirtualPS/2 VMware VMMouse as /devices/platform/i8042/serio1/input/input3
[   20.498709] ahci 0000:00:1f.2: 6/6 ports implemented (port mask 0x3f)
[   20.498726] ahci 0000:00:1f.2: flags: 64bit ncq only 
[   20.507417] i2c i2c-0: Memory type 0x07 not supported yet, not instantiating SPD
[   20.693490] scsi host0: ahci
[   20.721048] scsi host1: ahci
[   20.734932] virtio_blk virtio2: [vda] 209715200 512-byte logical blocks (107 GB/100 GiB)
[   20.737506] scsi host2: ahci
[   20.817485] scsi host3: ahci
[   20.848786] scsi host4: ahci
[   20.912654] scsi host5: ahci
[   20.924977] ata1: SATA max UDMA/133 abar m4096@0xfea53000 port 0xfea53100 irq 37 lpm-pol 0
[   20.925335]  vda: vda1 vda14 vda15
[   20.938939] ata2: SATA max UDMA/133 abar m4096@0xfea53000 port 0xfea53180 irq 37 lpm-pol 0
[   20.939147] ata3: SATA max UDMA/133 abar m4096@0xfea53000 port 0xfea53200 irq 37 lpm-pol 0
[   20.968460] ata4: SATA max UDMA/133 abar m4096@0xfea53000 port 0xfea53280 irq 37 lpm-pol 0
[   20.982096] ata5: SATA max UDMA/133 abar m4096@0xfea53000 port 0xfea53300 irq 37 lpm-pol 0
[   20.995140] ata6: SATA max UDMA/133 abar m4096@0xfea53000 port 0xfea53380 irq 37 lpm-pol 0
[   21.007642] nd_pmem namespace0.0: unable to guarantee persistence of writes
[   21.051890] virtio_net virtio0 enp0s2: renamed from eth0
[   21.334790] ata3: SATA link up 1.5 Gbps (SStatus 113 SControl 300)
[   21.344695] ata3.00: ATA-7: QEMU HARDDISK, 2.5+, max UDMA/100
[   21.352129] ata3.00: 20971520 sectors, multi 16: LBA48 NCQ (depth 32)
[   21.362966] ata3.00: applying bridge limits
[   21.376452] ata6: SATA link down (SStatus 0 SControl 300)
[   21.389920] ata5: SATA link down (SStatus 0 SControl 300)
[   21.400538] ata1: SATA link up 1.5 Gbps (SStatus 113 SControl 300)
[   21.414331] ata2: SATA link up 1.5 Gbps (SStatus 113 SControl 300)
[   21.428713] ata1.00: ATA-7: QEMU HARDDISK, 2.5+, max UDMA/100
[   21.439028] ata1.00: 20971520 sectors, multi 16: LBA48 NCQ (depth 32)
[   21.449377] ata1.00: applying bridge limits
[   21.458475] ata4: SATA link up 1.5 Gbps (SStatus 113 SControl 300)
[   21.471544] ata4.00: ATA-7: QEMU HARDDISK, 2.5+, max UDMA/100
[   21.482311] ata4.00: 20971520 sectors, multi 16: LBA48 NCQ (depth 32)
[   21.494248] ata4.00: applying bridge limits
[   21.501922] ata2.00: ATA-7: QEMU HARDDISK, 2.5+, max UDMA/100
[   21.509966] ata2.00: 20971520 sectors, multi 16: LBA48 NCQ (depth 32)
[   21.517454] ata2.00: applying bridge limits
[   21.522932] ata3.00: configured for UDMA/100
[   21.528812] ata1.00: configured for UDMA/100
[   21.534113] ata2.00: configured for UDMA/100
[   21.540868] ata4.00: configured for UDMA/100
[   21.541184] scsi 0:0:0:0: Direct-Access     ATA      QEMU HARDDISK    2.5+ PQ: 0 ANSI: 5
[   21.570776] sd 0:0:0:0: Attached scsi generic sg0 type 0
[   21.571681] sd 0:0:0:0: [sda] 20971520 512-byte logical blocks: (10.7 GB/10.0 GiB)
[   21.583527] scsi 1:0:0:0: Direct-Access     ATA      QEMU HARDDISK    2.5+ PQ: 0 ANSI: 5
[   21.589827] sd 0:0:0:0: [sda] Write Protect is off
[   21.606615] sd 0:0:0:0: [sda] Mode Sense: 00 3a 00 00
[   21.607089] sd 0:0:0:0: [sda] Write cache: enabled, read cache: enabled, doesn't support DPO or FUA
[   21.620366] sd 0:0:0:0: [sda] Preferred minimum I/O size 512 bytes
[   21.626949] sd 1:0:0:0: [sdb] 20971520 512-byte logical blocks: (10.7 GB/10.0 GiB)
[   21.627614] sd 1:0:0:0: Attached scsi generic sg1 type 0
[   21.631241] scsi 2:0:0:0: Direct-Access     ATA      QEMU HARDDISK    2.5+ PQ: 0 ANSI: 5
[   21.643525] sd 1:0:0:0: [sdb] Write Protect is off
[   21.659710] sd 2:0:0:0: Attached scsi generic sg2 type 0
[   21.660232] sd 2:0:0:0: [sdc] 20971520 512-byte logical blocks: (10.7 GB/10.0 GiB)
[   21.660426] sd 2:0:0:0: [sdc] Write Protect is off
[   21.660474] sd 2:0:0:0: [sdc] Mode Sense: 00 3a 00 00
[   21.660820] sd 2:0:0:0: [sdc] Write cache: enabled, read cache: enabled, doesn't support DPO or FUA
[   21.661417] sd 2:0:0:0: [sdc] Preferred minimum I/O size 512 bytes
[   21.661968] sd 1:0:0:0: [sdb] Mode Sense: 00 3a 00 00
[   21.672378] scsi 3:0:0:0: Direct-Access     ATA      QEMU HARDDISK    2.5+ PQ: 0 ANSI: 5
[   21.675188] sd 1:0:0:0: [sdb] Write cache: enabled, read cache: enabled, doesn't support DPO or FUA
[   21.694456] sd 3:0:0:0: Attached scsi generic sg3 type 0
[   21.694474] sd 3:0:0:0: [sdd] 20971520 512-byte logical blocks: (10.7 GB/10.0 GiB)
[   21.694637] sd 3:0:0:0: [sdd] Write Protect is off
[   21.694672] sd 3:0:0:0: [sdd] Mode Sense: 00 3a 00 00
[   21.694901] sd 3:0:0:0: [sdd] Write cache: enabled, read cache: enabled, doesn't support DPO or FUA
[   21.695474] sd 3:0:0:0: [sdd] Preferred minimum I/O size 512 bytes
[   21.702210] sd 1:0:0:0: [sdb] Preferred minimum I/O size 512 bytes
[   21.793646] sd 0:0:0:0: [sda] Attached SCSI disk
[   21.806879] sd 2:0:0:0: [sdc] Attached SCSI disk
[   21.807234] sd 3:0:0:0: [sdd] Attached SCSI disk
[   21.838145] sd 1:0:0:0: [sdb] Attached SCSI disk
[   24.977862] raid6: sse2x4   gen()  9444 MB/s
[   25.049806] raid6: sse2x2   gen() 10363 MB/s
[   25.121822] raid6: sse2x1   gen()  8330 MB/s
[   25.126778] raid6: using algorithm sse2x2 gen() 10363 MB/s
[   25.197749] raid6: .... xor() 6724 MB/s, rmw enabled
[   25.203468] raid6: using ssse3x2 recovery algorithm
[   25.221031] xor: measuring software checksum speed
[   25.228429]    prefetch64-sse  : 15996 MB/sec
[   25.235488]    generic_sse     : 11409 MB/sec
[   25.242128] xor: using function: prefetch64-sse (15996 MB/sec)
[   25.258216] async_tx: api initialized (async)
[   26.648235] Btrfs loaded, zoned=yes, fsverity=yes
[   27.620370] EXT4-fs (vda1): mounted filesystem 26c50908-598b-4e8e-871e-35718a3a1426 ro with ordered data mode. Quota mode: none.
[   28.863912] systemd[1]: Inserted module 'autofs4'
[   29.059961] systemd[1]: systemd 249.11-0ubuntu3.10 running in system mode (+PAM +AUDIT +SELINUX +APPARMOR +IMA +SMACK +SECCOMP +GCRYPT +GNUTLS +OPENSSL +ACL +BLKID +CURL +ELFUTILS +FIDO2 +IDN2 -IDN +IPTC +KMOD +LIBCRYPTSETUP +LIBFDISK +PCRE2 -PWQUALITY -P11KIT -QRENCODE +BZIP2 +LZ4 +XZ +ZLIB +ZSTD -XKBCOMMON +UTMP +SYSVINIT default-hierarchy=unified)
[   29.097935] systemd[1]: Detected virtualization kvm.
[   29.104862] systemd[1]: Detected architecture x86-64.
[   29.125846] systemd[1]: Hostname set to <qemu-2>.
[   29.697595] block vda: the capability attribute has been deprecated.
[   29.954296] random: crng init done
[   30.989049] systemd[1]: Queued start job for default target Graphical Interface.
[   31.092919] systemd[1]: Created slice Slice /system/modprobe.
[   31.127764] systemd[1]: Created slice Slice /system/serial-getty.
[   31.161000] systemd[1]: Created slice Slice /system/systemd-fsck.
[   31.193763] systemd[1]: Created slice User and Session Slice.
[   31.210383] systemd[1]: Started Forward Password Requests to Wall Directory Watch.
[   31.236964] systemd[1]: Set up automount Arbitrary Executable File Formats File System Automount Point.
[   31.261637] systemd[1]: Reached target Slice Units.
[   31.276797] systemd[1]: Reached target Mounting snaps.
[   31.292139] systemd[1]: Reached target Swaps.
[   31.305458] systemd[1]: Reached target Local Verity Protected Volumes.
[   31.326176] systemd[1]: Listening on Device-mapper event daemon FIFOs.
[   31.348003] systemd[1]: Listening on LVM2 poll daemon socket.
[   31.366713] systemd[1]: Listening on multipathd control socket.
[   31.514883] systemd[1]: Listening on RPCbind Server Activation Socket.
[   31.538403] systemd[1]: Listening on Syslog Socket.
[   31.556040] systemd[1]: Listening on fsck to fsckd communication Socket.
[   31.577535] systemd[1]: Listening on initctl Compatibility Named Pipe.
[   31.600251] systemd[1]: Listening on Journal Audit Socket.
[   31.619871] systemd[1]: Listening on Journal Socket (/dev/log).
[   31.641032] systemd[1]: Listening on Journal Socket.
[   31.657966] systemd[1]: Listening on Network Service Netlink Socket.
[   31.681403] systemd[1]: Listening on udev Control Socket.
[   31.700419] systemd[1]: Listening on udev Kernel Socket.
[   31.771851] systemd[1]: Mounting Huge Pages File System...
[   31.817905] systemd[1]: Mounting POSIX Message Queue File System...
[   31.864880] systemd[1]: Mounting Kernel Debug File System...
[   31.912142] systemd[1]: Mounting Kernel Trace File System...
[   32.016228] systemd[1]: Starting Journal Service...
[   32.029482] systemd[1]: Condition check resulted in Kernel Module supporting RPCSEC_GSS being skipped.
[   32.070540] systemd[1]: Starting Set the console keyboard layout...
[   32.136905] systemd[1]: Starting Create List of Static Device Nodes...
[   32.191150] systemd[1]: Starting Monitoring of LVM2 mirrors, snapshots etc. using dmeventd or progress polling...
[   32.220895] systemd[1]: Condition check resulted in LXD - agent being skipped.
[   32.260266] systemd[1]: Starting Load Kernel Module configfs...
[   32.306243] systemd[1]: Starting Load Kernel Module drm...
[   32.428630] systemd[1]: Starting Load Kernel Module efi_pstore...
[   32.500372] systemd[1]: Starting Load Kernel Module fuse...
[   32.520485] systemd[1]: Condition check resulted in OpenVSwitch configuration for cleanup being skipped.
[   32.537480] systemd[1]: Condition check resulted in File System Check on Root Device being skipped.
[   32.611237] systemd[1]: Starting Load Kernel Modules...
[   32.618331] ACPI: bus type drm_connector registered
[   32.670933] systemd[1]: Starting Remount Root and Kernel File Systems...
[   32.796537] systemd[1]: Starting Coldplug All udev Devices...
[   32.866795] systemd[1]: Started Journal Service.
[   32.867567] EXT4-fs (vda1): re-mounted 26c50908-598b-4e8e-871e-35718a3a1426 r/w. Quota mode: none.
[   33.456782] alua: device handler registered
[   33.478675] emc: device handler registered
[   33.503649] rdac: device handler registered
[   33.549005] systemd-journald[593]: Received client request to flush runtime journal.
[   33.583802] systemd-journald[593]: File /var/log/journal/02c9a06a7911097a3b638c9756cf2e6e/system.journal corrupted or uncleanly shut down, renaming and replacing.
[   34.449927] loop0: detected capacity change from 0 to 130888
[   34.505963] loop1: detected capacity change from 0 to 130448
[   34.562900] loop2: detected capacity change from 0 to 229272
[   34.607691] loop3: detected capacity change from 0 to 178256
[   34.662685] loop4: detected capacity change from 0 to 82800
[   34.720298] loop5: detected capacity change from 0 to 79520
[   36.774334] parport_pc 00:02: reported by Plug and Play ACPI
[   36.784257] parport0: PC-style at 0x378, irq 7 [PCSPP,TRISTATE]
[   40.792186] ppdev: user-space parallel port driver
[   41.021344] kvm_intel: VM_EXIT_LOAD_IA32_PERF_GLOBAL_CTRL does not work properly. Using workaround
[   41.812393] audit: type=1400 audit(1736554105.212:2): apparmor="STATUS" operation="profile_load" profile="unconfined" name="nvidia_modprobe" pid=1278 comm="apparmor_parser"
[   41.812608] audit: type=1400 audit(1736554105.212:3): apparmor="STATUS" operation="profile_load" profile="unconfined" name="nvidia_modprobe//kmod" pid=1278 comm="apparmor_parser"
[   41.816713] audit: type=1400 audit(1736554105.216:4): apparmor="STATUS" operation="profile_load" profile="unconfined" name="lsb_release" pid=1276 comm="apparmor_parser"
[   41.825401] audit: type=1400 audit(1736554105.224:5): apparmor="STATUS" operation="profile_load" profile="unconfined" name="/usr/bin/man" pid=1281 comm="apparmor_parser"
[   41.826031] audit: type=1400 audit(1736554105.224:6): apparmor="STATUS" operation="profile_load" profile="unconfined" name="man_filter" pid=1281 comm="apparmor_parser"
[   41.826193] audit: type=1400 audit(1736554105.228:7): apparmor="STATUS" operation="profile_load" profile="unconfined" name="man_groff" pid=1281 comm="apparmor_parser"
[   41.828712] audit: type=1400 audit(1736554105.228:8): apparmor="STATUS" operation="profile_load" profile="unconfined" name="swtpm" pid=1282 comm="apparmor_parser"
[   41.833432] audit: type=1400 audit(1736554105.232:9): apparmor="STATUS" operation="profile_load" profile="unconfined" name="virt-aa-helper" pid=1284 comm="apparmor_parser"
[   41.843625] audit: type=1400 audit(1736554105.244:10): apparmor="STATUS" operation="profile_load" profile="unconfined" name="/usr/lib/NetworkManager/nm-dhcp-client.action" pid=1280 comm="apparmor_parser"
[   41.844019] audit: type=1400 audit(1736554105.244:11): apparmor="STATUS" operation="profile_load" profile="unconfined" name="/usr/lib/NetworkManager/nm-dhcp-helper" pid=1280 comm="apparmor_parser"
[   43.292067] RPC: Registered named UNIX socket transport module.
[   43.292097] RPC: Registered udp transport module.
[   43.292106] RPC: Registered tcp transport module.
[   43.292115] RPC: Registered tcp-with-tls transport module.
[   43.292123] RPC: Registered tcp NFSv4.1 backchannel transport module.
[   47.563424] loop6: detected capacity change from 0 to 8
[   56.668895] netfs: FS-Cache loaded
[   58.098393] NFS: Registering the id_resolver key type
[   58.098836] Key type id_resolver registered
[   58.098850] Key type id_legacy registered
[   77.699117] cbd: loading out-of-tree module taints kernel.
[   84.198422] cbd: backend_validate:554 cbd_transport0: duplicated backend path: /dev/sda with backend_id: 0
[   85.880058] cbd: backend_validate:544 cbd_transport0: found backend_id: 0 for host_id: 1, path: /dev/sda
[   85.886264] cbd: cbd_backend_init:394 cbd_transport0: attach backend to backend_id: 0
[  122.078994] cbd: cache_validate:304 cbd_transport0: n_paral 1 requires cache size (167772160), more than current (16777216).
[  127.679321] cbd: backend_open_bdev:284 cbd_transport0: backend0: failed to open bdev: -2
[  130.457342] cbd: cache_validate:311 cbd_transport0: too large cache_segs: 32768, segment_num: 1405
[  139.327304] ==== end /root/avocado/job-results/job-2025-01-09T22.24-1680aba/test-results/158-._cbdctrl.py_CbdctrlTest.test_run-cache_data_crc-disable-cache_for_xfstests-cache-channel_crc-enable-channel_data_crc-host_mode-multi_host-multihost-test_script-backend-6df6 ==== 
