[    0.000000] Linux version 6.13.0-rc5+ (root@ubuntu-22-04-server) (gcc (Ubuntu 11.4.0-1ubuntu1~22.04) 11.4.0, GNU ld (GNU Binutils for Ubuntu) 2.38) #2 SMP PREEMPT_DYNAMIC Fri Jan  3 15:43:06 CST 2025
[    0.000000] Command line: intremap=off console=ttyS0,115200 nokaslr root=/dev/vda1 crashkernel=1G-:2G
[    0.000000] KERNEL supported cpus:
[    0.000000]   Intel GenuineIntel
[    0.000000]   AMD AuthenticAMD
[    0.000000]   Hygon HygonGenuine
[    0.000000]   Centaur CentaurHauls
[    0.000000]   zhaoxin   Shanghai  
[    0.000000] BIOS-provided physical RAM map:
[    0.000000] BIOS-e820: [mem 0x0000000000000000-0x000000000009fbff] usable
[    0.000000] BIOS-e820: [mem 0x000000000009fc00-0x000000000009ffff] reserved
[    0.000000] BIOS-e820: [mem 0x00000000000f0000-0x00000000000fffff] reserved
[    0.000000] BIOS-e820: [mem 0x0000000000100000-0x000000007ffd9fff] usable
[    0.000000] BIOS-e820: [mem 0x000000007ffda000-0x000000007fffffff] reserved
[    0.000000] BIOS-e820: [mem 0x00000000b0000000-0x00000000bfffffff] reserved
[    0.000000] BIOS-e820: [mem 0x00000000fed1c000-0x00000000fed1ffff] reserved
[    0.000000] BIOS-e820: [mem 0x00000000feffc000-0x00000000feffffff] reserved
[    0.000000] BIOS-e820: [mem 0x00000000fffc0000-0x00000000ffffffff] reserved
[    0.000000] BIOS-e820: [mem 0x0000000100000000-0x000000037fffffff] usable
[    0.000000] NX (Execute Disable) protection: active
[    0.000000] APIC: Static calls initialized
[    0.000000] SMBIOS 2.8 present.
[    0.000000] DMI: QEMU Standard PC (Q35 + ICH9, 2009), BIOS rel-1.16.3-0-ga6ed6b701f0a-prebuilt.qemu.org 04/01/2014
[    0.000000] DMI: Memory slots populated: 1/1
[    0.000000] Hypervisor detected: KVM
[    0.000000] kvm-clock: Using msrs 4b564d01 and 4b564d00
[    0.000008] kvm-clock: using sched offset of 8606959693 cycles
[    0.000022] clocksource: kvm-clock: mask: 0xffffffffffffffff max_cycles: 0x1cd42e4dffb, max_idle_ns: 881590591483 ns
[    0.000075] tsc: Detected 2933.436 MHz processor
[    0.002491] e820: update [mem 0x00000000-0x00000fff] usable ==> reserved
[    0.002500] e820: remove [mem 0x000a0000-0x000fffff] usable
[    0.002513] last_pfn = 0x380000 max_arch_pfn = 0x400000000
[    0.003122] MTRR map: 4 entries (3 fixed + 1 variable; max 19), built from 8 variable MTRRs
[    0.003156] x86/PAT: Configuration [0-7]: WB  WC  UC- UC  WB  WP  UC- WT  
[    0.003883] last_pfn = 0x7ffda max_arch_pfn = 0x400000000
[    0.015622] found SMP MP-table at [mem 0x000f5450-0x000f545f]
[    0.015741] Using GB pages for direct mapping
[    0.018918] RAMDISK: [mem 0x79e18000-0x7ffcffff]
[    0.019035] ACPI: Early table checksum verification disabled
[    0.019154] ACPI: RSDP 0x00000000000F5220 000014 (v00 BOCHS )
[    0.019212] ACPI: RSDT 0x000000007FFE3D96 000040 (v01 BOCHS  BXPC     00000001 BXPC 00000001)
[    0.019257] ACPI: FACP 0x000000007FFE25E7 0000F4 (v03 BOCHS  BXPC     00000001 BXPC 00000001)
[    0.019284] ACPI: DSDT 0x000000007FFDF040 0035A7 (v01 BOCHS  BXPC     00000001 BXPC 00000001)
[    0.019302] ACPI: FACS 0x000000007FFDF000 000040
[    0.019311] ACPI: APIC 0x000000007FFE26DB 000170 (v03 BOCHS  BXPC     00000001 BXPC 00000001)
[    0.019322] ACPI: HPET 0x000000007FFE284B 000038 (v01 BOCHS  BXPC     00000001 BXPC 00000001)
[    0.019332] ACPI: SRAT 0x000000007FFE2883 0002D0 (v01 BOCHS  BXPC     00000001 BXPC 00000001)
[    0.019342] ACPI: MCFG 0x000000007FFE2B53 00003C (v01 BOCHS  BXPC     00000001 BXPC 00000001)
[    0.019352] ACPI: SSDT 0x000000007FFE2B8F 0011DF (v01 BOCHS  NVDIMM   00000001 BXPC 00000001)
[    0.019362] ACPI: WAET 0x000000007FFE3D6E 000028 (v01 BOCHS  BXPC     00000001 BXPC 00000001)
[    0.019369] ACPI: Reserving FACP table memory at [mem 0x7ffe25e7-0x7ffe26da]
[    0.019373] ACPI: Reserving DSDT table memory at [mem 0x7ffdf040-0x7ffe25e6]
[    0.019376] ACPI: Reserving FACS table memory at [mem 0x7ffdf000-0x7ffdf03f]
[    0.019378] ACPI: Reserving APIC table memory at [mem 0x7ffe26db-0x7ffe284a]
[    0.019380] ACPI: Reserving HPET table memory at [mem 0x7ffe284b-0x7ffe2882]
[    0.019383] ACPI: Reserving SRAT table memory at [mem 0x7ffe2883-0x7ffe2b52]
[    0.019385] ACPI: Reserving MCFG table memory at [mem 0x7ffe2b53-0x7ffe2b8e]
[    0.019387] ACPI: Reserving SSDT table memory at [mem 0x7ffe2b8f-0x7ffe3d6d]
[    0.019390] ACPI: Reserving WAET table memory at [mem 0x7ffe3d6e-0x7ffe3d95]
[    0.019833] ACPI: SRAT: Node 0 PXM 0 [mem 0x00000000-0x0009ffff]
[    0.019840] ACPI: SRAT: Node 0 PXM 0 [mem 0x00100000-0x7fffffff]
[    0.019844] ACPI: SRAT: Node 0 PXM 0 [mem 0x100000000-0x37fffffff]
[    0.019847] ACPI: SRAT: Node 0 PXM 0 [mem 0x380000000-0x1bffffffff] hotplug
[    0.019861] NUMA: Node 0 [mem 0x00001000-0x0009ffff] + [mem 0x00100000-0x7fffffff] -> [mem 0x00001000-0x7fffffff]
[    0.019866] NUMA: Node 0 [mem 0x00001000-0x7fffffff] + [mem 0x100000000-0x37fffffff] -> [mem 0x00001000-0x37fffffff]
[    0.019895] NODE_DATA(0) allocated [mem 0x37ffd3700-0x37fffdfff]
[    0.020327] crashkernel low memory reserved: 0x69000000 - 0x79000000 (256 MB)
[    0.020333] crashkernel reserved: 0x00000002ff000000 - 0x000000037f000000 (2048 MB)
[    0.020504] Zone ranges:
[    0.020507]   DMA      [mem 0x0000000000001000-0x0000000000ffffff]
[    0.020511]   DMA32    [mem 0x0000000001000000-0x00000000ffffffff]
[    0.020514]   Normal   [mem 0x0000000100000000-0x000000037fffffff]
[    0.020518]   Device   empty
[    0.020520] Movable zone start for each node
[    0.020523] Early memory node ranges
[    0.020525]   node   0: [mem 0x0000000000001000-0x000000000009efff]
[    0.020532]   node   0: [mem 0x0000000000100000-0x000000007ffd9fff]
[    0.020535]   node   0: [mem 0x0000000100000000-0x000000037fffffff]
[    0.020540] Initmem setup node 0 [mem 0x0000000000001000-0x000000037fffffff]
[    0.021086] On node 0, zone DMA: 1 pages in unavailable ranges
[    0.021415] On node 0, zone DMA: 97 pages in unavailable ranges
[    0.333240] On node 0, zone Normal: 38 pages in unavailable ranges
[    2.066489] kasan: KernelAddressSanitizer initialized
[    2.074299] ACPI: PM-Timer IO Port: 0x608
[    2.074432] ACPI: LAPIC_NMI (acpi_id[0xff] dfl dfl lint[0x1])
[    2.074869] IOAPIC[0]: apic_id 0, version 17, address 0xfec00000, GSI 0-23
[    2.074888] ACPI: INT_SRC_OVR (bus 0 bus_irq 0 global_irq 2 dfl dfl)
[    2.074894] ACPI: INT_SRC_OVR (bus 0 bus_irq 5 global_irq 5 high level)
[    2.074898] ACPI: INT_SRC_OVR (bus 0 bus_irq 9 global_irq 9 high level)
[    2.074909] ACPI: INT_SRC_OVR (bus 0 bus_irq 10 global_irq 10 high level)
[    2.074913] ACPI: INT_SRC_OVR (bus 0 bus_irq 11 global_irq 11 high level)
[    2.074928] ACPI: Using ACPI (MADT) for SMP configuration information
[    2.074933] ACPI: HPET id: 0x8086a201 base: 0xfed00000
[    2.074952] TSC deadline timer available
[    2.074966] CPU topo: Max. logical packages:   2
[    2.074968] CPU topo: Max. logical dies:       2
[    2.074970] CPU topo: Max. dies per package:   1
[    2.074977] CPU topo: Max. threads per core:   2
[    2.074980] CPU topo: Num. cores per package:     8
[    2.074982] CPU topo: Num. threads per package:  16
[    2.074983] CPU topo: Allowing 32 present CPUs plus 0 hotplug CPUs
[    2.075139] kvm-guest: APIC: eoi() replaced with kvm_guest_apic_eoi_write()
[    2.075266] kvm-guest: KVM setup pv remote TLB flush
[    2.075324] kvm-guest: setup PV sched yield
[    2.075500] PM: hibernation: Registered nosave memory: [mem 0x00000000-0x00000fff]
[    2.075508] PM: hibernation: Registered nosave memory: [mem 0x0009f000-0x0009ffff]
[    2.075511] PM: hibernation: Registered nosave memory: [mem 0x000a0000-0x000effff]
[    2.075513] PM: hibernation: Registered nosave memory: [mem 0x000f0000-0x000fffff]
[    2.075518] PM: hibernation: Registered nosave memory: [mem 0x7ffda000-0x7fffffff]
[    2.075520] PM: hibernation: Registered nosave memory: [mem 0x80000000-0xafffffff]
[    2.075523] PM: hibernation: Registered nosave memory: [mem 0xb0000000-0xbfffffff]
[    2.075525] PM: hibernation: Registered nosave memory: [mem 0xc0000000-0xfed1bfff]
[    2.075527] PM: hibernation: Registered nosave memory: [mem 0xfed1c000-0xfed1ffff]
[    2.075529] PM: hibernation: Registered nosave memory: [mem 0xfed20000-0xfeffbfff]
[    2.075531] PM: hibernation: Registered nosave memory: [mem 0xfeffc000-0xfeffffff]
[    2.075533] PM: hibernation: Registered nosave memory: [mem 0xff000000-0xfffbffff]
[    2.075535] PM: hibernation: Registered nosave memory: [mem 0xfffc0000-0xffffffff]
[    2.075549] [mem 0xc0000000-0xfed1bfff] available for PCI devices
[    2.075557] Booting paravirtualized kernel on KVM
[    2.075566] clocksource: refined-jiffies: mask: 0xffffffff max_cycles: 0xffffffff, max_idle_ns: 7645519600211568 ns
[    2.075647] setup_percpu: NR_CPUS:8192 nr_cpumask_bits:32 nr_cpu_ids:32 nr_node_ids:1
[    2.230702] percpu: Embedded 532 pages/cpu s2142208 r8192 d28672 u4194304
[    2.230765] pcpu-alloc: s2142208 r8192 d28672 u4194304 alloc=2*2097152
[    2.230774] pcpu-alloc: [0] 00 [0] 01 [0] 02 [0] 03 [0] 04 [0] 05 [0] 06 [0] 07 
[    2.230793] pcpu-alloc: [0] 08 [0] 09 [0] 10 [0] 11 [0] 12 [0] 13 [0] 14 [0] 15 
[    2.230812] pcpu-alloc: [0] 16 [0] 17 [0] 18 [0] 19 [0] 20 [0] 21 [0] 22 [0] 23 
[    2.230831] pcpu-alloc: [0] 24 [0] 25 [0] 26 [0] 27 [0] 28 [0] 29 [0] 30 [0] 31 
[    2.231169] kvm-guest: PV spinlocks enabled
[    2.231191] PV qspinlock hash table entries: 256 (order: 0, 4096 bytes, linear)
[    2.231208] Kernel command line: intremap=off console=ttyS0,115200 nokaslr root=/dev/vda1 crashkernel=1G-:2G
[    2.231473] Unknown kernel command line parameters "nokaslr", will be passed to user space.
[    2.231506] printk: log buffer data + meta data: 262144 + 917504 = 1179648 bytes
[    2.247905] Dentry cache hash table entries: 2097152 (order: 12, 16777216 bytes, linear)
[    2.256576] Inode-cache hash table entries: 1048576 (order: 11, 8388608 bytes, linear)
[    2.261202] Fallback order for Node 0: 0 
[    2.261234] Built 1 zonelists, mobility grouping on.  Total pages: 3145592
[    2.261238] Policy zone: Normal
[    2.261306] mem auto-init: stack:off, heap alloc:on, heap free:off
[    2.261317] stackdepot: allocating hash table via alloc_large_system_hash
[    2.261328] stackdepot hash table entries: 1048576 (order: 12, 16777216 bytes, linear)
[    2.280031] software IO TLB: area num 32.
[    3.062009] SLUB: HWalign=64, Order=0-3, MinObjects=0, CPUs=32, Nodes=1
[    3.063415] Kernel/User page tables isolation: enabled
[    3.064315] ftrace: allocating 52416 entries in 205 pages
[    3.388420] ftrace: allocated 205 pages with 5 groups
[    3.396143] Dynamic Preempt: voluntary
[    3.404012] Running RCU self tests
[    3.404016] Running RCU synchronous self tests
[    3.404075] rcu: Preemptible hierarchical RCU implementation.
[    3.404078] rcu: 	RCU lockdep checking is enabled.
[    3.404079] rcu: 	RCU restricting CPUs from NR_CPUS=8192 to nr_cpu_ids=32.
[    3.404084] 	Trampoline variant of Tasks RCU enabled.
[    3.404085] 	Rude variant of Tasks RCU enabled.
[    3.404087] 	Tracing variant of Tasks RCU enabled.
[    3.404089] rcu: RCU calculated value of scheduler-enlistment delay is 25 jiffies.
[    3.404091] rcu: Adjusting geometry for rcu_fanout_leaf=16, nr_cpu_ids=32
[    3.404763] Running RCU synchronous self tests
[    3.404796] RCU Tasks: Setting shift to 5 and lim to 1 rcu_task_cb_adjust=1 rcu_task_cpu_ids=32.
[    3.404822] RCU Tasks Rude: Setting shift to 5 and lim to 1 rcu_task_cb_adjust=1 rcu_task_cpu_ids=32.
[    3.404847] RCU Tasks Trace: Setting shift to 5 and lim to 1 rcu_task_cb_adjust=1 rcu_task_cpu_ids=32.
[    3.457278] NR_IRQS: 524544, nr_irqs: 680, preallocated irqs: 16
[    3.459204] rcu: srcu_init: Setting srcu_struct sizes based on contention.
[    3.575022] Console: colour VGA+ 80x25
[    3.575491] printk: legacy console [ttyS0] enabled
[    5.019206] Lock dependency validator: Copyright (c) 2006 Red Hat, Inc., Ingo Molnar
[    5.030221] ... MAX_LOCKDEP_SUBCLASSES:  8
[    5.036074] ... MAX_LOCK_DEPTH:          48
[    5.042052] ... MAX_LOCKDEP_KEYS:        8192
[    5.048239] ... CLASSHASH_SIZE:          4096
[    5.054482] ... MAX_LOCKDEP_ENTRIES:     32768
[    5.060775] ... MAX_LOCKDEP_CHAINS:      65536
[    5.067129] ... CHAINHASH_SIZE:          32768
[    5.073424]  memory used by lock dependency info: 6941 kB
[    5.081068]  memory used for stack traces: 4224 kB
[    5.087837]  per task-struct memory footprint: 2688 bytes
[    5.096262] ACPI: Core revision 20240827
[    5.104938] clocksource: hpet: mask: 0xffffffff max_cycles: 0xffffffff, max_idle_ns: 19112604467 ns
[    5.118905] APIC: Switch to symmetric I/O mode setup
[    5.129864] x2apic enabled
[    5.137896] APIC: Switched APIC routing to: physical x2apic
[    5.145785] kvm-guest: APIC: send_IPI_mask() replaced with kvm_send_ipi_mask()
[    5.155711] kvm-guest: APIC: send_IPI_mask_allbutself() replaced with kvm_send_ipi_mask_allbutself()
[    5.167982] kvm-guest: setup PV IPIs
[    5.189383] ..TIMER: vector=0x30 apic1=0 pin1=2 apic2=-1 pin2=-1
[    5.199177] clocksource: tsc-early: mask: 0xffffffffffffffff max_cycles: 0x2a48a50322c, max_idle_ns: 440795287943 ns
[    5.215682] Calibrating delay loop (skipped) preset value.. 5866.87 BogoMIPS (lpj=11733744)
[    5.221423] x86/cpu: User Mode Instruction Prevention (UMIP) activated
[    5.227823] Last level iTLB entries: 4KB 0, 2MB 0, 4MB 0
[    5.231671] Last level dTLB entries: 4KB 0, 2MB 0, 4MB 0, 1GB 0
[    5.235772] Spectre V1 : Mitigation: usercopy/swapgs barriers and __user pointer sanitization
[    5.239674] Spectre V2 : Mitigation: Retpolines
[    5.243671] Spectre V2 : Spectre v2 / SpectreRSB mitigation: Filling RSB on context switch
[    5.247671] Spectre V2 : Spectre v2 / SpectreRSB : Filling RSB on VMEXIT
[    5.251672] Spectre V2 : Enabling Restricted Speculation for firmware calls
[    5.255681] Spectre V2 : mitigation: Enabling conditional Indirect Branch Prediction Barrier
[    5.259673] Spectre V2 : User space: Mitigation: STIBP via prctl
[    5.263673] Speculative Store Bypass: Mitigation: Speculative Store Bypass disabled via prctl
[    5.267674] MDS: Vulnerable: Clear CPU buffers attempted, no microcode
[    5.271672] MMIO Stale Data: Unknown: No mitigations
[    5.275702] x86/fpu: x87 FPU will use FXSAVE
[    5.336185] Freeing SMP alternatives memory: 40K
[    5.339691] pid_max: default: 32768 minimum: 301
[    5.350046] LSM: initializing lsm=lockdown,capability,landlock,yama,apparmor,ima,evm
[    5.355690] landlock: Up and running.
[    5.359673] Yama: becoming mindful.
[    5.368846] AppArmor: AppArmor initialized
[    5.378286] Mount-cache hash table entries: 32768 (order: 6, 262144 bytes, linear)
[    5.379899] Mountpoint-cache hash table entries: 32768 (order: 6, 262144 bytes, linear)
[    5.395678] Running RCU synchronous self tests
[    5.399679] Running RCU synchronous self tests
[    5.409302] smpboot: CPU0: Intel Westmere E56xx/L56xx/X56xx (IBRS update) (family: 0x6, model: 0x2c, stepping: 0x1)
[    5.425757] Running RCU Tasks wait API self tests
[    5.531864] Running RCU Tasks Rude wait API self tests
[    5.535701] Running RCU Tasks Trace wait API self tests
[    5.539890] Performance Events: unsupported p6 CPU model 44 no PMU driver, software events only.
[    5.544281] signal: max sigframe size: 1440
[    5.547800] Callback from call_rcu_tasks_trace() invoked.
[    5.552484] rcu: Hierarchical SRCU implementation.
[    5.555702] rcu: 	Max phase no-delay instances is 1000.
[    5.561057] Timer migration: 2 hierarchy levels; 8 children per group; 2 crossnode level
[    5.575873] NMI watchdog: Perf NMI watchdog permanently disabled
[    5.591773] smp: Bringing up secondary CPUs ...
[    5.605729] smpboot: x86: Booting SMP configuration:
[    5.607749] .... node  #0, CPUs:        #2  #4  #6  #8 #10 #12 #14 #16 #18 #20 #22 #24 #26 #28
[    5.739881] Callback from call_rcu_tasks() invoked.
[    5.748749]  #30  #1  #3  #5  #7  #9 #11 #13 #15 #17 #19 #21 #23 #25 #27 #29 #31
[    5.963763] MDS CPU bug present and SMT on, data leak possible. See https://www.kernel.org/doc/html/latest/admin-guide/hw-vuln/mds.html for more details.
[    6.053403] smp: Brought up 1 node, 32 CPUs
[    6.055712] smpboot: Total of 32 processors activated (187739.90 BogoMIPS)
[    6.098391] Memory: 7997952K/12582368K available (53248K kernel code, 16294K rwdata, 13000K rodata, 9908K init, 22736K bss, 4537656K reserved, 0K cma-reserved)
[    6.105156] devtmpfs: initialized
[    6.108882] x86/mm: Memory block size: 128MB
[    6.201933] Running RCU synchronous self tests
[    6.203768] Running RCU synchronous self tests
[    6.208063] clocksource: jiffies: mask: 0xffffffff max_cycles: 0xffffffff, max_idle_ns: 7645041785100000 ns
[    6.213226] futex hash table entries: 8192 (order: 8, 1048576 bytes, linear)
[    6.219702] pinctrl core: initialized pinctrl subsystem
[    6.227394] PM: RTC time: 11:40:54, date: 2025-01-11
[    6.237969] NET: Registered PF_NETLINK/PF_ROUTE protocol family
[    6.245241] DMA: preallocated 1024 KiB GFP_KERNEL pool for atomic allocations
[    6.248011] DMA: preallocated 1024 KiB GFP_KERNEL|GFP_DMA pool for atomic allocations
[    6.251978] DMA: preallocated 1024 KiB GFP_KERNEL|GFP_DMA32 pool for atomic allocations
[    6.256412] audit: initializing netlink subsys (disabled)
[    6.260719] audit: type=2000 audit(1736595652.068:1): state=initialized audit_enabled=0 res=1
[    6.266054] thermal_sys: Registered thermal governor 'fair_share'
[    6.267788] thermal_sys: Registered thermal governor 'bang_bang'
[    6.271703] thermal_sys: Registered thermal governor 'step_wise'
[    6.275704] thermal_sys: Registered thermal governor 'user_space'
[    6.279717] thermal_sys: Registered thermal governor 'power_allocator'
[    6.284058] EISA bus registered
[    6.291941] cpuidle: using governor ladder
[    6.295990] cpuidle: using governor menu
[    6.301768] acpiphp: ACPI Hot Plug PCI Controller Driver version: 0.5
[    6.307070] PCI: ECAM [mem 0xb0000000-0xbfffffff] (base 0xb0000000) for domain 0000 [bus 00-ff]
[    6.307708] PCI: ECAM [mem 0xb0000000-0xbfffffff] reserved as E820 entry
[    6.400495] PCI: Using configuration type 1 for base access
[    6.406179] kprobes: kprobe jump-optimization is enabled. All kprobes are optimized if possible.
[    6.417508] HugeTLB: registered 1.00 GiB page size, pre-allocated 0 pages
[    6.419718] HugeTLB: 16380 KiB vmemmap can be freed for a 1.00 GiB page
[    6.423703] HugeTLB: registered 2.00 MiB page size, pre-allocated 0 pages
[    6.427700] HugeTLB: 28 KiB vmemmap can be freed for a 2.00 MiB page
[    6.521810] ACPI: Added _OSI(Module Device)
[    6.531965] ACPI: Added _OSI(Processor Device)
[    6.539716] ACPI: Added _OSI(3.0 _SCP Extensions)
[    6.547725] ACPI: Added _OSI(Processor Aggregator Device)
[    6.805912] ACPI: 2 ACPI AML tables successfully acquired and loaded
[    6.870238] ACPI: Interpreter enabled
[    6.881451] ACPI: PM: (supports S0 S3 S4 S5)
[    6.887728] ACPI: Using IOAPIC for interrupt routing
[    6.899706] PCI: Using host bridge windows from ACPI; if necessary, use "pci=nocrs" and report a bug
[    6.915801] PCI: Using E820 reservations for host bridge windows
[    6.935413] ACPI: Enabled 4 GPEs in block 00 to 3F
[    7.468546] ACPI: PCI Root Bridge [PCI0] (domain 0000 [bus 00-ff])
[    7.480291] acpi PNP0A08:00: _OSC: OS supports [ExtendedConfig ASPM ClockPM Segments MSI EDR HPX-Type3]
[    7.500972] acpi PNP0A08:00: _OSC: platform does not support [PCIeHotplug LTR DPC]
[    7.519985] acpi PNP0A08:00: _OSC: OS now controls [SHPCHotplug PME AER PCIeCapability]
[    7.544121] PCI host bridge to bus 0000:00
[    7.552516] pci_bus 0000:00: root bus resource [io  0x0000-0x0cf7 window]
[    7.563827] pci_bus 0000:00: root bus resource [io  0x0d00-0xffff window]
[    7.575734] pci_bus 0000:00: root bus resource [mem 0x000a0000-0x000bffff window]
[    7.587728] pci_bus 0000:00: root bus resource [mem 0x80000000-0xafffffff window]
[    7.599745] pci_bus 0000:00: root bus resource [mem 0xc0000000-0xfebfffff window]
[    7.611720] pci_bus 0000:00: root bus resource [mem 0x1c00000000-0x23ffffffff window]
[    7.623728] pci_bus 0000:00: root bus resource [bus 00-ff]
[    7.632539] pci 0000:00:00.0: [8086:29c0] type 00 class 0x060000 conventional PCI endpoint
[    7.657223] pci 0000:00:01.0: [1234:1111] type 00 class 0x030000 conventional PCI endpoint
[    7.683422] pci 0000:00:01.0: BAR 0 [mem 0xfd000000-0xfdffffff pref]
[    7.715976] pci 0000:00:01.0: BAR 2 [mem 0xfea50000-0xfea50fff]
[    7.766314] pci 0000:00:01.0: ROM [mem 0xfea40000-0xfea4ffff pref]
[    7.781553] pci 0000:00:01.0: Video device with shadowed ROM at [mem 0x000c0000-0x000dffff]
[    7.795742] pci 0000:00:01.0: pci_fixup_video+0x0/0x2d0 took 11718 usecs
[    7.824555] pci 0000:00:02.0: [1af4:1000] type 00 class 0x020000 conventional PCI endpoint
[    7.842815] pci 0000:00:02.0: BAR 0 [io  0xc040-0xc05f]
[    7.854705] pci 0000:00:02.0: BAR 1 [mem 0xfea51000-0xfea51fff]
[    7.871891] pci 0000:00:02.0: BAR 4 [mem 0xfe200000-0xfe203fff 64bit pref]
[    7.885615] pci 0000:00:02.0: ROM [mem 0xfea00000-0xfea3ffff pref]
[    7.907071] pci 0000:00:03.0: [1b36:000c] type 01 class 0x060400 PCIe Root Port
[    7.927402] pci 0000:00:03.0: BAR 0 [mem 0xfea52000-0xfea52fff]
[    7.952124] pci 0000:00:03.0: PCI bridge to [bus 01]
[    7.960178] pci 0000:00:03.0:   bridge window [mem 0xfe800000-0xfe9fffff]
[    7.976060] pci 0000:00:03.0:   bridge window [mem 0xfe000000-0xfe1fffff 64bit pref]
[    8.006700] pci 0000:00:04.0: [1af4:105b] type 00 class 0x00ff00 conventional PCI endpoint
[    8.026615] pci 0000:00:04.0: BAR 4 [mem 0xfe204000-0xfe207fff 64bit pref]
[    8.185079] pci 0000:00:1f.0: [8086:2918] type 00 class 0x060100 conventional PCI endpoint
[    8.205426] pci 0000:00:1f.0: quirk: [io  0x0600-0x067f] claimed by ICH6 ACPI/GPIO/TCO
[    8.216205] pci 0000:00:1f.0: quirk_ich7_lpc+0x0/0x1d0 took 11718 usecs
[    8.233696] pci 0000:00:1f.2: [8086:2922] type 00 class 0x010601 conventional PCI endpoint
[    8.259661] pci 0000:00:1f.2: BAR 4 [io  0xc060-0xc07f]
[    8.269748] pci 0000:00:1f.2: BAR 5 [mem 0xfea53000-0xfea53fff]
[    8.289040] pci 0000:00:1f.3: [8086:2930] type 00 class 0x0c0500 conventional PCI endpoint
[    8.306704] pci 0000:00:1f.3: BAR 4 [io  0x0700-0x073f]
[    8.331233] acpiphp: Slot [0] registered
[    8.342185] pci 0000:01:00.0: [1af4:1042] type 00 class 0x010000 PCIe Endpoint
[    8.372081] pci 0000:01:00.0: BAR 1 [mem 0xfe800000-0xfe800fff]
[    8.407191] pci 0000:01:00.0: BAR 4 [mem 0xfe000000-0xfe003fff 64bit pref]
[    8.507152] pci 0000:00:03.0: PCI bridge to [bus 01]
[    8.535950] ACPI: PCI: Interrupt link LNKA configured for IRQ 10
[    8.552661] ACPI: PCI: Interrupt link LNKB configured for IRQ 10
[    8.568594] ACPI: PCI: Interrupt link LNKC configured for IRQ 11
[    8.586415] ACPI: PCI: Interrupt link LNKD configured for IRQ 11
[    8.600604] ACPI: PCI: Interrupt link LNKE configured for IRQ 10
[    8.616812] ACPI: PCI: Interrupt link LNKF configured for IRQ 10
[    8.633016] ACPI: PCI: Interrupt link LNKG configured for IRQ 11
[    8.648472] ACPI: PCI: Interrupt link LNKH configured for IRQ 11
[    8.661401] ACPI: PCI: Interrupt link GSIA configured for IRQ 16
[    8.672538] ACPI: PCI: Interrupt link GSIB configured for IRQ 17
[    8.680362] ACPI: PCI: Interrupt link GSIC configured for IRQ 18
[    8.692319] ACPI: PCI: Interrupt link GSID configured for IRQ 19
[    8.704239] ACPI: PCI: Interrupt link GSIE configured for IRQ 20
[    8.712228] ACPI: PCI: Interrupt link GSIF configured for IRQ 21
[    8.724290] ACPI: PCI: Interrupt link GSIG configured for IRQ 22
[    8.736431] ACPI: PCI: Interrupt link GSIH configured for IRQ 23
[    8.884947] iommu: Default domain type: Translated
[    8.892022] iommu: DMA domain TLB invalidation policy: lazy mode
[    8.921065] SCSI subsystem initialized
[    8.929423] libata version 3.00 loaded.
[    8.932841] ACPI: bus type USB registered
[    8.940738] usbcore: registered new interface driver usbfs
[    8.952114] usbcore: registered new interface driver hub
[    8.964452] usbcore: registered new device driver usb
[    8.977208] pps_core: LinuxPPS API ver. 1 registered
[    8.987798] pps_core: Software ver. 5.3.6 - Copyright 2005-2007 Rodolfo Giometti <giometti@linux.it>
[    9.003864] PTP clock support registered
[    9.013907] EDAC MC: Ver: 3.0.0
[    9.044756] NetLabel: Initializing
[    9.051702] NetLabel:  domain hash size = 128
[    9.059701] NetLabel:  protocols = UNLABELED CIPSOv4 CALIPSO
[    9.068637] NetLabel:  unlabeled traffic allowed by default
[    9.084471] PCI: Using ACPI for IRQ routing
[   11.105694] PCI: pci_cache_line_size set to 64 bytes
[   11.107868] e820: reserve RAM buffer [mem 0x0009fc00-0x0009ffff]
[   11.108175] e820: reserve RAM buffer [mem 0x7ffda000-0x7fffffff]
[   11.110309] pci 0000:00:01.0: vgaarb: setting as boot VGA device
[   11.111661] pci 0000:00:01.0: vgaarb: bridge control possible
[   11.111661] pci 0000:00:01.0: vgaarb: VGA device added: decodes=io+mem,owns=io+mem,locks=none
[   11.147736] vgaarb: loaded
[   11.157293] hpet0: at MMIO 0xfed00000, IRQs 2, 8, 0
[   11.167704] hpet0: 3 comparators, 64-bit 100.000000 MHz counter
[   11.224239] clocksource: Switched to clocksource kvm-clock
[   11.275266] VFS: Disk quotas dquot_6.6.0
[   11.282123] VFS: Dquot-cache hash table entries: 512 (order 0, 4096 bytes)
[   11.302264] AppArmor: AppArmor Filesystem Enabled
[   11.310877] pnp: PnP ACPI init
[   11.325283] system 00:05: [mem 0xb0000000-0xbfffffff window] has been reserved
[   11.370316] pnp: PnP ACPI: found 6 devices
[   11.459732] clocksource: acpi_pm: mask: 0xffffff max_cycles: 0xffffff, max_idle_ns: 2085701024 ns
[   11.479643] NET: Registered PF_INET protocol family
[   11.492502] IP idents hash table entries: 262144 (order: 9, 2097152 bytes, linear)
[   11.517472] tcp_listen_portaddr_hash hash table entries: 8192 (order: 7, 655360 bytes, linear)
[   11.532146] Table-perturb hash table entries: 65536 (order: 6, 262144 bytes, linear)
[   11.546380] TCP established hash table entries: 131072 (order: 8, 1048576 bytes, linear)
[   11.578772] TCP bind hash table entries: 65536 (order: 11, 10485760 bytes, vmalloc hugepage)
[   11.597723] TCP: Hash tables configured (established 131072 bind 65536)
[   11.615728] MPTCP token hash table entries: 16384 (order: 8, 1572864 bytes, linear)
[   11.635633] UDP hash table entries: 8192 (order: 9, 2490368 bytes, linear)
[   11.655727] UDP-Lite hash table entries: 8192 (order: 9, 2490368 bytes, linear)
[   11.672413] NET: Registered PF_UNIX/PF_LOCAL protocol family
[   11.682112] NET: Registered PF_XDP protocol family
[   11.690124] pci 0000:00:03.0: bridge window [io  0x1000-0x0fff] to [bus 01] add_size 1000
[   11.703052] pci 0000:00:03.0: bridge window [io  0x1000-0x1fff]: assigned
[   11.714105] pci 0000:00:03.0: PCI bridge to [bus 01]
[   11.722444] pci 0000:00:03.0:   bridge window [io  0x1000-0x1fff]
[   11.734779] pci 0000:00:03.0:   bridge window [mem 0xfe800000-0xfe9fffff]
[   11.747093] pci 0000:00:03.0:   bridge window [mem 0xfe000000-0xfe1fffff 64bit pref]
[   11.762735] pci_bus 0000:00: resource 4 [io  0x0000-0x0cf7 window]
[   11.772958] pci_bus 0000:00: resource 5 [io  0x0d00-0xffff window]
[   11.782768] pci_bus 0000:00: resource 6 [mem 0x000a0000-0x000bffff window]
[   11.793545] pci_bus 0000:00: resource 7 [mem 0x80000000-0xafffffff window]
[   11.804299] pci_bus 0000:00: resource 8 [mem 0xc0000000-0xfebfffff window]
[   11.815281] pci_bus 0000:00: resource 9 [mem 0x1c00000000-0x23ffffffff window]
[   11.826921] pci_bus 0000:01: resource 0 [io  0x1000-0x1fff]
[   11.835810] pci_bus 0000:01: resource 1 [mem 0xfe800000-0xfe9fffff]
[   11.845705] pci_bus 0000:01: resource 2 [mem 0xfe000000-0xfe1fffff 64bit pref]
[   11.859053] PCI: CLS 0 bytes, default 64
[   11.866625] PCI-DMA: Using software bounce buffering for IO (SWIOTLB)
[   11.869497] Trying to unpack rootfs image as initramfs...
[   11.877261] software IO TLB: mapped [mem 0x0000000065000000-0x0000000069000000] (64MB)
[   11.898605] clocksource: tsc: mask: 0xffffffffffffffff max_cycles: 0x2a48a50322c, max_idle_ns: 440795287943 ns
[   11.943933] Initialise system trusted keyrings
[   11.952664] Key type blacklist registered
[   11.963120] workingset: timestamp_bits=36 max_order=21 bucket_order=0
[   11.978391] zbud: loaded
[   12.006820] squashfs: version 4.0 (2009/01/31) Phillip Lougher
[   12.021878] fuse: init (API version 7.41)
[   12.032554] integrity: Platform Keyring initialized
[   12.064084] Key type asymmetric registered
[   12.070986] Asymmetric key parser 'x509' registered
[   12.079933] Block layer SCSI generic (bsg) driver version 0.4 loaded (major 243)
[   12.094102] io scheduler mq-deadline registered
[   12.130730] ledtrig-cpu: registered to indicate activity on CPUs
[   12.174378] ACPI: \_SB_.GSIH: Enabled at IRQ 23
[   12.195040] pcieport 0000:00:03.0: PME: Signaling with IRQ 24
[   12.211189] pcieport 0000:00:03.0: AER: enabled with IRQ 24
[   12.228327] shpchp: Standard Hot Plug PCI Controller Driver version: 0.4
[   12.249328] input: Power Button as /devices/LNXSYSTM:00/LNXPWRBN:00/input/input0
[   12.267728] ACPI: button: Power Button [PWRF]
[   12.390276] ACPI: \_SB_.GSIG: Enabled at IRQ 22
[   12.441546] ACPI: \_SB_.GSIE: Enabled at IRQ 20
[   12.504377] Serial: 8250/16550 driver, 32 ports, IRQ sharing enabled
[   12.569606] 00:03: ttyS0 at I/O 0x3f8 (irq = 4, base_baud = 115200) is a 16550A
[   12.721740] Linux agpgart interface v0.103
[   12.937659] loop: module loaded
[   12.954401] tun: Universal TUN/TAP device driver, 1.6
[   12.964987] PPP generic driver version 2.4.2
[   12.977986] VFIO - User Level meta-driver version: 0.3
[   12.991240] i8042: PNP: PS/2 Controller [PNP0303:KBD,PNP0f13:MOU] at 0x60,0x64 irq 1,12
[   13.013393] serio: i8042 KBD port at 0x60,0x64 irq 1
[   13.022058] serio: i8042 AUX port at 0x60,0x64 irq 12
[   13.034341] mousedev: PS/2 mouse device common for all mice
[   13.049126] rtc_cmos 00:04: RTC can wake from S4
[   13.057083] input: AT Translated Set 2 keyboard as /devices/platform/i8042/serio0/input/input1
[   13.076947] rtc_cmos 00:04: registered as rtc0
[   13.089477] rtc_cmos 00:04: setting system clock to 2025-01-11T11:41:01 UTC (1736595661)
[   13.107511] rtc_cmos 00:04: alarms up to one day, y3k, 242 bytes nvram, hpet irqs
[   13.122323] i2c_dev: i2c /dev entries driver
[   13.131365] device-mapper: core: CONFIG_IMA_DISABLE_HTABLE is disabled. Duplicate IMA measurements will not be recorded in the IMA log.
[   13.155173] device-mapper: uevent: version 1.0.3
[   13.166696] device-mapper: ioctl: 4.48.0-ioctl (2023-03-01) initialised: dm-devel@lists.linux.dev
[   13.182951] platform eisa.0: Probing EISA bus 0
[   13.190506] platform eisa.0: EISA: Cannot allocate resource for mainboard
[   13.201705] platform eisa.0: Cannot allocate resource for EISA slot 1
[   13.212762] platform eisa.0: Cannot allocate resource for EISA slot 2
[   13.224232] platform eisa.0: Cannot allocate resource for EISA slot 3
[   13.239505] platform eisa.0: Cannot allocate resource for EISA slot 4
[   13.252077] platform eisa.0: Cannot allocate resource for EISA slot 5
[   13.263076] platform eisa.0: Cannot allocate resource for EISA slot 6
[   13.273512] platform eisa.0: Cannot allocate resource for EISA slot 7
[   13.283784] platform eisa.0: Cannot allocate resource for EISA slot 8
[   13.293884] platform eisa.0: EISA: Detected 0 cards
[   13.301997] intel_pstate: CPU model not supported
[   13.314066] drop_monitor: Initializing network drop monitor service
[   13.328025] NET: Registered PF_INET6 protocol family
[   15.892182] Freeing initrd memory: 100064K
[   16.027558] Segment Routing with IPv6
[   16.036821] In-situ OAM (IOAM) with IPv6
[   16.046711] NET: Registered PF_PACKET protocol family
[   16.059569] Key type dns_resolver registered
[   16.130881] IPI shorthand broadcast: enabled
[   16.234983] registered taskstats version 1
[   16.267720] Loading compiled-in X.509 certificates
[   16.433551] Demotion targets for Node 0: null
[   16.443090] kmemleak: Kernel memory leak detector initialized (mem pool available: 14031)
[   16.443382] kmemleak: Automatic memory scanning thread started
[   16.461245] Key type .fscrypt registered
[   16.475975] Key type fscrypt-provisioning registered
[   16.557848] cryptd: module verification failed: signature and/or required key missing - tainting kernel
[   16.586192] cryptd: max_cpu_qlen set to 1000
[   16.781031] Key type encrypted registered
[   16.789383] AppArmor: AppArmor sha256 policy hashing enabled
[   16.798755] ima: No TPM chip found, activating TPM-bypass!
[   16.807776] Loading compiled-in module X.509 certificates
[   16.816551] ima: Allocated hash algorithm: sha1
[   16.824795] ima: No architecture policies found
[   16.833237] evm: Initialising EVM extended attributes:
[   16.841251] evm: security.selinux
[   16.846725] evm: security.SMACK64
[   16.852221] evm: security.SMACK64EXEC
[   16.858220] evm: security.SMACK64TRANSMUTE
[   16.864986] evm: security.SMACK64MMAP
[   16.870949] evm: security.apparmor
[   16.876585] evm: security.ima
[   16.881513] evm: security.capability
[   16.887381] evm: HMAC attrs: 0x1
[   16.905565] PM:   Magic number: 9:94:681
[   16.916283] RAS: Correctable Errors collector initialized.
[   16.926832] Unstable clock detected, switching default tracing clock to "global"
               If you want to keep using the local clock, then add:
                 "trace_clock=local"
               on the kernel command line
[   16.964141] clk: Disabling unused clocks
[   17.039207] Freeing unused decrypted memory: 2036K
[   17.070299] Freeing unused kernel image (initmem) memory: 9908K
[   17.081091] Write protecting the kernel read-only data: 67584k
[   17.097209] Freeing unused kernel image (rodata/data gap) memory: 1336K
[   17.174054] x86/mm: Checked W+X mappings: passed, no W+X pages found.
[   17.184140] x86/mm: Checking user space page tables
[   17.252267] x86/mm: Checked W+X mappings: passed, no W+X pages found.
[   17.262475] Run /init as init process
[   17.268344]   with arguments:
[   17.268362]     /init
[   17.268369]     nokaslr
[   17.268375]   with environment:
[   17.268382]     HOME=/
[   17.268388]     TERM=linux
[   20.518173] lpc_ich 0000:00:1f.0: I/O space for GPIO uninitialized
[   20.624282] virtio_blk virtio2: 32/0/0 default/read/poll queues
[   20.669701] input: VirtualPS/2 VMware VMMouse as /devices/platform/i8042/serio1/input/input4
[   20.682156] ahci 0000:00:1f.2: version 3.0
[   20.699268] input: VirtualPS/2 VMware VMMouse as /devices/platform/i8042/serio1/input/input3
[   20.747803] ACPI: \_SB_.GSIA: Enabled at IRQ 16
[   20.767913] i801_smbus 0000:00:1f.3: SMBus using PCI interrupt
[   20.790320] ahci 0000:00:1f.2: AHCI vers 0001.0000, 32 command slots, 1.5 Gbps, SATA mode
[   20.806402] ahci 0000:00:1f.2: 6/6 ports implemented (port mask 0x3f)
[   20.816824] ahci 0000:00:1f.2: flags: 64bit ncq only 
[   20.842284] i2c i2c-0: Memory type 0x07 not supported yet, not instantiating SPD
[   20.905097] scsi host0: ahci
[   20.919655] scsi host1: ahci
[   20.925571] virtio_blk virtio2: [vda] 209715200 512-byte logical blocks (107 GB/100 GiB)
[   20.934548] scsi host2: ahci
[   20.967985] scsi host3: ahci
[   20.982421] scsi host4: ahci
[   20.995928] scsi host5: ahci
[   21.004767] ata1: SATA max UDMA/133 abar m4096@0xfea53000 port 0xfea53100 irq 52 lpm-pol 0
[   21.018751] ata2: SATA max UDMA/133 abar m4096@0xfea53000 port 0xfea53180 irq 52 lpm-pol 0
[   21.032376] ata3: SATA max UDMA/133 abar m4096@0xfea53000 port 0xfea53200 irq 52 lpm-pol 0
[   21.043837]  vda: vda1 vda14 vda15
[   21.047012] ata4: SATA max UDMA/133 abar m4096@0xfea53000 port 0xfea53280 irq 52 lpm-pol 0
[   21.063503] ata5: SATA max UDMA/133 abar m4096@0xfea53000 port 0xfea53300 irq 52 lpm-pol 0
[   21.076860] ata6: SATA max UDMA/133 abar m4096@0xfea53000 port 0xfea53380 irq 52 lpm-pol 0
[   21.397600] virtio_net virtio0 enp0s2: renamed from eth0
[   21.408674] ata5: SATA link down (SStatus 0 SControl 300)
[   21.417873] ata2: SATA link up 1.5 Gbps (SStatus 113 SControl 300)
[   21.433536] ata3: SATA link up 1.5 Gbps (SStatus 113 SControl 300)
[   21.446862] ata2.00: ATA-7: QEMU HARDDISK, 2.5+, max UDMA/100
[   21.463976] ata2.00: 20971520 sectors, multi 16: LBA48 NCQ (depth 32)
[   21.474485] ata2.00: applying bridge limits
[   21.483978] ata4: SATA link up 1.5 Gbps (SStatus 113 SControl 300)
[   21.495859] ata6: SATA link down (SStatus 0 SControl 300)
[   21.508065] ata1: SATA link up 1.5 Gbps (SStatus 113 SControl 300)
[   21.516545] ata3.00: ATA-7: QEMU HARDDISK, 2.5+, max UDMA/100
[   21.522480] ata3.00: 20971520 sectors, multi 16: LBA48 NCQ (depth 32)
[   21.530180] ata3.00: applying bridge limits
[   21.535342] ata1.00: ATA-7: QEMU HARDDISK, 2.5+, max UDMA/100
[   21.541973] ata1.00: 20971520 sectors, multi 16: LBA48 NCQ (depth 32)
[   21.549298] ata1.00: applying bridge limits
[   21.554272] ata2.00: configured for UDMA/100
[   21.561350] ata4.00: ATA-7: QEMU HARDDISK, 2.5+, max UDMA/100
[   21.571249] ata4.00: 20971520 sectors, multi 16: LBA48 NCQ (depth 32)
[   21.582326] ata4.00: applying bridge limits
[   21.589971] ata3.00: configured for UDMA/100
[   21.595175] ata1.00: configured for UDMA/100
[   21.603330] ata4.00: configured for UDMA/100
[   21.613452] scsi 0:0:0:0: Direct-Access     ATA      QEMU HARDDISK    2.5+ PQ: 0 ANSI: 5
[   21.649733] sd 0:0:0:0: Attached scsi generic sg0 type 0
[   21.651457] sd 0:0:0:0: [sda] 20971520 512-byte logical blocks: (10.7 GB/10.0 GiB)
[   21.671445] scsi 1:0:0:0: Direct-Access     ATA      QEMU HARDDISK    2.5+ PQ: 0 ANSI: 5
[   21.686152] sd 0:0:0:0: [sda] Write Protect is off
[   21.710535] sd 0:0:0:0: [sda] Mode Sense: 00 3a 00 00
[   21.710688] sd 1:0:0:0: Attached scsi generic sg1 type 0
[   21.710839] sd 0:0:0:0: [sda] Write cache: enabled, read cache: enabled, doesn't support DPO or FUA
[   21.711583] sd 1:0:0:0: [sdb] 20971520 512-byte logical blocks: (10.7 GB/10.0 GiB)
[   21.711800] sd 1:0:0:0: [sdb] Write Protect is off
[   21.711858] sd 1:0:0:0: [sdb] Mode Sense: 00 3a 00 00
[   21.712233] sd 1:0:0:0: [sdb] Write cache: enabled, read cache: enabled, doesn't support DPO or FUA
[   21.714060] sd 1:0:0:0: [sdb] Preferred minimum I/O size 512 bytes
[   21.728978] scsi 2:0:0:0: Direct-Access     ATA      QEMU HARDDISK    2.5+ PQ: 0 ANSI: 5
[   21.730955] sd 0:0:0:0: [sda] Preferred minimum I/O size 512 bytes
[   21.758714] sd 2:0:0:0: [sdc] 20971520 512-byte logical blocks: (10.7 GB/10.0 GiB)
[   21.759421] sd 2:0:0:0: Attached scsi generic sg2 type 0
[   21.763545] scsi 3:0:0:0: Direct-Access     ATA      QEMU HARDDISK    2.5+ PQ: 0 ANSI: 5
[   21.770345] sd 3:0:0:0: [sdd] 20971520 512-byte logical blocks: (10.7 GB/10.0 GiB)
[   21.770420] sd 3:0:0:0: Attached scsi generic sg3 type 0
[   21.773296] sd 2:0:0:0: [sdc] Write Protect is off
[   21.783005] sd 3:0:0:0: [sdd] Write Protect is off
[   21.791413] sd 2:0:0:0: [sdc] Mode Sense: 00 3a 00 00
[   21.801156] sd 3:0:0:0: [sdd] Mode Sense: 00 3a 00 00
[   21.807842] sd 2:0:0:0: [sdc] Write cache: enabled, read cache: enabled, doesn't support DPO or FUA
[   21.818651] sd 3:0:0:0: [sdd] Write cache: enabled, read cache: enabled, doesn't support DPO or FUA
[   21.827898] sd 2:0:0:0: [sdc] Preferred minimum I/O size 512 bytes
[   21.831832] sd 1:0:0:0: [sdb] Attached SCSI disk
[   21.841158] sd 3:0:0:0: [sdd] Preferred minimum I/O size 512 bytes
[   21.851925] sd 0:0:0:0: [sda] Attached SCSI disk
[   21.929488] sd 2:0:0:0: [sdc] Attached SCSI disk
[   21.944645] sd 3:0:0:0: [sdd] Attached SCSI disk
[   21.999632] nd_pmem namespace0.0: unable to guarantee persistence of writes
[   25.724717] raid6: sse2x4   gen()  9137 MB/s
[   25.796664] raid6: sse2x2   gen() 10157 MB/s
[   25.868657] raid6: sse2x1   gen()  8256 MB/s
[   25.875358] raid6: using algorithm sse2x2 gen() 10157 MB/s
[   25.948660] raid6: .... xor() 6539 MB/s, rmw enabled
[   25.956575] raid6: using ssse3x2 recovery algorithm
[   25.974014] xor: measuring software checksum speed
[   25.980650]    prefetch64-sse  : 10596 MB/sec
[   25.986555]    generic_sse     : 13786 MB/sec
[   25.992719] xor: using function: generic_sse (13786 MB/sec)
[   26.010625] async_tx: api initialized (async)
[   27.435839] Btrfs loaded, zoned=yes, fsverity=yes
[   28.396868] EXT4-fs (vda1): mounted filesystem 26c50908-598b-4e8e-871e-35718a3a1426 ro with ordered data mode. Quota mode: none.
[   29.722285] systemd[1]: Inserted module 'autofs4'
[   29.946412] systemd[1]: systemd 249.11-0ubuntu3.10 running in system mode (+PAM +AUDIT +SELINUX +APPARMOR +IMA +SMACK +SECCOMP +GCRYPT +GNUTLS +OPENSSL +ACL +BLKID +CURL +ELFUTILS +FIDO2 +IDN2 -IDN +IPTC +KMOD +LIBCRYPTSETUP +LIBFDISK +PCRE2 -PWQUALITY -P11KIT -QRENCODE +BZIP2 +LZ4 +XZ +ZLIB +ZSTD -XKBCOMMON +UTMP +SYSVINIT default-hierarchy=unified)
[   29.992588] systemd[1]: Detected virtualization kvm.
[   29.999936] systemd[1]: Detected architecture x86-64.
[   30.023021] systemd[1]: Hostname set to <qemu-2>.
[   30.715604] block vda: the capability attribute has been deprecated.
[   30.842613] random: crng init done
[   32.004326] systemd[1]: Queued start job for default target Graphical Interface.
[   32.108969] systemd[1]: Created slice Slice /system/modprobe.
[   32.143298] systemd[1]: Created slice Slice /system/serial-getty.
[   32.176933] systemd[1]: Created slice Slice /system/systemd-fsck.
[   32.209954] systemd[1]: Created slice User and Session Slice.
[   32.229773] systemd[1]: Started Forward Password Requests to Wall Directory Watch.
[   32.257096] systemd[1]: Set up automount Arbitrary Executable File Formats File System Automount Point.
[   32.283671] systemd[1]: Reached target Slice Units.
[   32.299044] systemd[1]: Reached target Mounting snaps.
[   32.315379] systemd[1]: Reached target Swaps.
[   32.329806] systemd[1]: Reached target Local Verity Protected Volumes.
[   32.351993] systemd[1]: Listening on Device-mapper event daemon FIFOs.
[   32.375509] systemd[1]: Listening on LVM2 poll daemon socket.
[   32.396014] systemd[1]: Listening on multipathd control socket.
[   32.557088] systemd[1]: Listening on RPCbind Server Activation Socket.
[   32.579366] systemd[1]: Listening on Syslog Socket.
[   32.595728] systemd[1]: Listening on fsck to fsckd communication Socket.
[   32.616121] systemd[1]: Listening on initctl Compatibility Named Pipe.
[   32.639522] systemd[1]: Listening on Journal Audit Socket.
[   32.658845] systemd[1]: Listening on Journal Socket (/dev/log).
[   32.680318] systemd[1]: Listening on Journal Socket.
[   32.696522] systemd[1]: Listening on Network Service Netlink Socket.
[   32.718449] systemd[1]: Listening on udev Control Socket.
[   32.735182] systemd[1]: Listening on udev Kernel Socket.
[   32.813794] systemd[1]: Mounting Huge Pages File System...
[   32.859312] systemd[1]: Mounting POSIX Message Queue File System...
[   32.945422] systemd[1]: Mounting Kernel Debug File System...
[   32.993175] systemd[1]: Mounting Kernel Trace File System...
[   33.114763] systemd[1]: Starting Journal Service...
[   33.127476] systemd[1]: Condition check resulted in Kernel Module supporting RPCSEC_GSS being skipped.
[   33.166198] systemd[1]: Starting Set the console keyboard layout...
[   33.252126] systemd[1]: Starting Create List of Static Device Nodes...
[   33.305052] systemd[1]: Starting Monitoring of LVM2 mirrors, snapshots etc. using dmeventd or progress polling...
[   33.330793] systemd[1]: Condition check resulted in LXD - agent being skipped.
[   33.368776] systemd[1]: Starting Load Kernel Module configfs...
[   33.471284] systemd[1]: Starting Load Kernel Module drm...
[   33.537047] systemd[1]: Starting Load Kernel Module efi_pstore...
[   33.594529] systemd[1]: Starting Load Kernel Module fuse...
[   33.616641] systemd[1]: Condition check resulted in OpenVSwitch configuration for cleanup being skipped.
[   33.631649] systemd[1]: Condition check resulted in File System Check on Root Device being skipped.
[   33.770101] ACPI: bus type drm_connector registered
[   33.791622] systemd[1]: Starting Load Kernel Modules...
[   33.858919] systemd[1]: Starting Remount Root and Kernel File Systems...
[   33.915016] systemd[1]: Starting Coldplug All udev Devices...
[   33.977456] systemd[1]: Started Journal Service.
[   34.027881] EXT4-fs (vda1): re-mounted 26c50908-598b-4e8e-871e-35718a3a1426 r/w. Quota mode: none.
[   34.632149] alua: device handler registered
[   34.693422] emc: device handler registered
[   34.700882] systemd-journald[607]: Received client request to flush runtime journal.
[   34.740044] systemd-journald[607]: File /var/log/journal/02c9a06a7911097a3b638c9756cf2e6e/system.journal corrupted or uncleanly shut down, renaming and replacing.
[   34.769973] rdac: device handler registered
[   35.615422] loop0: detected capacity change from 0 to 130888
[   35.681672] loop1: detected capacity change from 0 to 130448
[   35.709210] loop2: detected capacity change from 0 to 229272
[   35.777989] loop3: detected capacity change from 0 to 178256
[   35.810039] loop4: detected capacity change from 0 to 82800
[   35.867505] loop5: detected capacity change from 0 to 79520
[   38.233175] parport_pc 00:02: reported by Plug and Play ACPI
[   38.240934] parport0: PC-style at 0x378, irq 7 [PCSPP,TRISTATE]
[   42.929703] ppdev: user-space parallel port driver
[   43.162249] kvm_intel: VM_EXIT_LOAD_IA32_PERF_GLOBAL_CTRL does not work properly. Using workaround
[   43.642849] audit: type=1400 audit(1736595692.048:2): apparmor="STATUS" operation="profile_load" profile="unconfined" name="lsb_release" pid=1292 comm="apparmor_parser"
[   43.646871] audit: type=1400 audit(1736595692.052:3): apparmor="STATUS" operation="profile_load" profile="unconfined" name="nvidia_modprobe" pid=1293 comm="apparmor_parser"
[   43.647046] audit: type=1400 audit(1736595692.052:4): apparmor="STATUS" operation="profile_load" profile="unconfined" name="nvidia_modprobe//kmod" pid=1293 comm="apparmor_parser"
[   43.653612] audit: type=1400 audit(1736595692.060:5): apparmor="STATUS" operation="profile_load" profile="unconfined" name="/usr/bin/man" pid=1295 comm="apparmor_parser"
[   43.653773] audit: type=1400 audit(1736595692.060:6): apparmor="STATUS" operation="profile_load" profile="unconfined" name="man_filter" pid=1295 comm="apparmor_parser"
[   43.654211] audit: type=1400 audit(1736595692.060:7): apparmor="STATUS" operation="profile_load" profile="unconfined" name="man_groff" pid=1295 comm="apparmor_parser"
[   43.657885] audit: type=1400 audit(1736595692.060:8): apparmor="STATUS" operation="profile_load" profile="unconfined" name="swtpm" pid=1296 comm="apparmor_parser"
[   43.680260] audit: type=1400 audit(1736595692.084:9): apparmor="STATUS" operation="profile_load" profile="unconfined" name="/usr/lib/NetworkManager/nm-dhcp-client.action" pid=1294 comm="apparmor_parser"
[   43.682040] audit: type=1400 audit(1736595692.084:10): apparmor="STATUS" operation="profile_load" profile="unconfined" name="/usr/lib/NetworkManager/nm-dhcp-helper" pid=1294 comm="apparmor_parser"
[   43.682201] audit: type=1400 audit(1736595692.084:11): apparmor="STATUS" operation="profile_load" profile="unconfined" name="/usr/lib/connman/scripts/dhclient-script" pid=1294 comm="apparmor_parser"
[   45.418607] RPC: Registered named UNIX socket transport module.
[   45.418633] RPC: Registered udp transport module.
[   45.418641] RPC: Registered tcp transport module.
[   45.418648] RPC: Registered tcp-with-tls transport module.
[   45.418655] RPC: Registered tcp NFSv4.1 backchannel transport module.
[   49.699684] loop6: detected capacity change from 0 to 8
[   59.233623] netfs: FS-Cache loaded
[   60.660703] NFS: Registering the id_resolver key type
[   60.660876] Key type id_resolver registered
[   60.660887] Key type id_legacy registered
[   81.589448] cbd: loading out-of-tree module taints kernel.
[   87.492841] cbd: backend_validate:544 cbd_transport0: found backend_id: 0 for host_id: 1, path: /dev/sda
[   87.498455] cbd: cbd_backend_init:394 cbd_transport0: attach backend to backend_id: 0
[   90.896131] cbd: backend_validate:544 cbd_transport0: found backend_id: 1 for host_id: 1, path: /dev/sdb
[   90.902120] cbd: cbd_backend_init:394 cbd_transport0: attach backend to backend_id: 1
[  260.099892] cbd: transport_dax_init:912 cbd_transport1: transport_dax_init: failed blkdev_get_by_path(/dev/pmem0)
[  261.798822] cbd: backend_validate:544 cbd_transport0: found backend_id: 0 for host_id: 1, path: /dev/sda
[  261.803719] cbd: cbd_backend_init:394 cbd_transport0: attach backend to backend_id: 0
[  261.803752] cbd: cbd_backend_info_load:469 cbd_transport0: backend 0 is alive
[  263.542242] cbd: backend_validate:544 cbd_transport0: found backend_id: 1 for host_id: 1, path: /dev/sdb
[  263.545537] cbd: cbd_backend_init:394 cbd_transport0: attach backend to backend_id: 1
[  263.545571] cbd: cbd_backend_info_load:469 cbd_transport0: backend 1 is alive
[  281.511602] ==== end /root/avocado/job-results/job-2025-01-09T22.24-1680aba/test-results/202-._cbdctrl.py_CbdctrlTest.test_run-cache_data_crc-enable-cache_for_xfstests-no_cache-channel_crc-channel_data_crc-host_mode-multi_host-multihost-test_script-xfstests-6ea0 ==== 
