[    0.000000] Linux version 6.13.0-rc5+ (root@ubuntu-22-04-server) (gcc (Ubuntu 11.4.0-1ubuntu1~22.04) 11.4.0, GNU ld (GNU Binutils for Ubuntu) 2.38) #2 SMP PREEMPT_DYNAMIC Fri Jan  3 15:43:06 CST 2025
[    0.000000] Command line: intremap=off console=ttyS0,115200 nokaslr root=/dev/vda1 crashkernel=1G-:2G
[    0.000000] KERNEL supported cpus:
[    0.000000]   Intel GenuineIntel
[    0.000000]   AMD AuthenticAMD
[    0.000000]   Hygon HygonGenuine
[    0.000000]   Centaur CentaurHauls
[    0.000000]   zhaoxin   Shanghai  
[    0.000000] BIOS-provided physical RAM map:
[    0.000000] BIOS-e820: [mem 0x0000000000000000-0x000000000009fbff] usable
[    0.000000] BIOS-e820: [mem 0x000000000009fc00-0x000000000009ffff] reserved
[    0.000000] BIOS-e820: [mem 0x00000000000f0000-0x00000000000fffff] reserved
[    0.000000] BIOS-e820: [mem 0x0000000000100000-0x000000007ffd9fff] usable
[    0.000000] BIOS-e820: [mem 0x000000007ffda000-0x000000007fffffff] reserved
[    0.000000] BIOS-e820: [mem 0x00000000b0000000-0x00000000bfffffff] reserved
[    0.000000] BIOS-e820: [mem 0x00000000fed1c000-0x00000000fed1ffff] reserved
[    0.000000] BIOS-e820: [mem 0x00000000feffc000-0x00000000feffffff] reserved
[    0.000000] BIOS-e820: [mem 0x00000000fffc0000-0x00000000ffffffff] reserved
[    0.000000] BIOS-e820: [mem 0x0000000100000000-0x000000037fffffff] usable
[    0.000000] NX (Execute Disable) protection: active
[    0.000000] APIC: Static calls initialized
[    0.000000] SMBIOS 2.8 present.
[    0.000000] DMI: QEMU Standard PC (Q35 + ICH9, 2009), BIOS rel-1.16.3-0-ga6ed6b701f0a-prebuilt.qemu.org 04/01/2014
[    0.000000] DMI: Memory slots populated: 1/1
[    0.000000] Hypervisor detected: KVM
[    0.000000] kvm-clock: Using msrs 4b564d01 and 4b564d00
[    0.000008] kvm-clock: using sched offset of 3404964906 cycles
[    0.000022] clocksource: kvm-clock: mask: 0xffffffffffffffff max_cycles: 0x1cd42e4dffb, max_idle_ns: 881590591483 ns
[    0.000067] tsc: Detected 2933.436 MHz processor
[    0.002500] e820: update [mem 0x00000000-0x00000fff] usable ==> reserved
[    0.002509] e820: remove [mem 0x000a0000-0x000fffff] usable
[    0.002523] last_pfn = 0x380000 max_arch_pfn = 0x400000000
[    0.003129] MTRR map: 4 entries (3 fixed + 1 variable; max 19), built from 8 variable MTRRs
[    0.003163] x86/PAT: Configuration [0-7]: WB  WC  UC- UC  WB  WP  UC- WT  
[    0.003897] last_pfn = 0x7ffda max_arch_pfn = 0x400000000
[    0.015594] found SMP MP-table at [mem 0x000f5450-0x000f545f]
[    0.015715] Using GB pages for direct mapping
[    0.017430] RAMDISK: [mem 0x79e18000-0x7ffcffff]
[    0.017509] ACPI: Early table checksum verification disabled
[    0.017669] ACPI: RSDP 0x00000000000F5220 000014 (v00 BOCHS )
[    0.017725] ACPI: RSDT 0x000000007FFE3D96 000040 (v01 BOCHS  BXPC     00000001 BXPC 00000001)
[    0.017778] ACPI: FACP 0x000000007FFE25E7 0000F4 (v03 BOCHS  BXPC     00000001 BXPC 00000001)
[    0.017807] ACPI: DSDT 0x000000007FFDF040 0035A7 (v01 BOCHS  BXPC     00000001 BXPC 00000001)
[    0.017824] ACPI: FACS 0x000000007FFDF000 000040
[    0.017834] ACPI: APIC 0x000000007FFE26DB 000170 (v03 BOCHS  BXPC     00000001 BXPC 00000001)
[    0.017844] ACPI: HPET 0x000000007FFE284B 000038 (v01 BOCHS  BXPC     00000001 BXPC 00000001)
[    0.017854] ACPI: SRAT 0x000000007FFE2883 0002D0 (v01 BOCHS  BXPC     00000001 BXPC 00000001)
[    0.017864] ACPI: MCFG 0x000000007FFE2B53 00003C (v01 BOCHS  BXPC     00000001 BXPC 00000001)
[    0.017874] ACPI: SSDT 0x000000007FFE2B8F 0011DF (v01 BOCHS  NVDIMM   00000001 BXPC 00000001)
[    0.017884] ACPI: WAET 0x000000007FFE3D6E 000028 (v01 BOCHS  BXPC     00000001 BXPC 00000001)
[    0.017892] ACPI: Reserving FACP table memory at [mem 0x7ffe25e7-0x7ffe26da]
[    0.017895] ACPI: Reserving DSDT table memory at [mem 0x7ffdf040-0x7ffe25e6]
[    0.017898] ACPI: Reserving FACS table memory at [mem 0x7ffdf000-0x7ffdf03f]
[    0.017900] ACPI: Reserving APIC table memory at [mem 0x7ffe26db-0x7ffe284a]
[    0.017903] ACPI: Reserving HPET table memory at [mem 0x7ffe284b-0x7ffe2882]
[    0.017905] ACPI: Reserving SRAT table memory at [mem 0x7ffe2883-0x7ffe2b52]
[    0.017907] ACPI: Reserving MCFG table memory at [mem 0x7ffe2b53-0x7ffe2b8e]
[    0.017910] ACPI: Reserving SSDT table memory at [mem 0x7ffe2b8f-0x7ffe3d6d]
[    0.017912] ACPI: Reserving WAET table memory at [mem 0x7ffe3d6e-0x7ffe3d95]
[    0.018352] ACPI: SRAT: Node 0 PXM 0 [mem 0x00000000-0x0009ffff]
[    0.018359] ACPI: SRAT: Node 0 PXM 0 [mem 0x00100000-0x7fffffff]
[    0.018363] ACPI: SRAT: Node 0 PXM 0 [mem 0x100000000-0x37fffffff]
[    0.018366] ACPI: SRAT: Node 0 PXM 0 [mem 0x380000000-0x1bffffffff] hotplug
[    0.018381] NUMA: Node 0 [mem 0x00001000-0x0009ffff] + [mem 0x00100000-0x7fffffff] -> [mem 0x00001000-0x7fffffff]
[    0.018386] NUMA: Node 0 [mem 0x00001000-0x7fffffff] + [mem 0x100000000-0x37fffffff] -> [mem 0x00001000-0x37fffffff]
[    0.018416] NODE_DATA(0) allocated [mem 0x37ffd3700-0x37fffdfff]
[    0.018845] crashkernel low memory reserved: 0x69000000 - 0x79000000 (256 MB)
[    0.018851] crashkernel reserved: 0x00000002ff000000 - 0x000000037f000000 (2048 MB)
[    0.019035] Zone ranges:
[    0.019038]   DMA      [mem 0x0000000000001000-0x0000000000ffffff]
[    0.019043]   DMA32    [mem 0x0000000001000000-0x00000000ffffffff]
[    0.019046]   Normal   [mem 0x0000000100000000-0x000000037fffffff]
[    0.019049]   Device   empty
[    0.019052] Movable zone start for each node
[    0.019055] Early memory node ranges
[    0.019057]   node   0: [mem 0x0000000000001000-0x000000000009efff]
[    0.019064]   node   0: [mem 0x0000000000100000-0x000000007ffd9fff]
[    0.019068]   node   0: [mem 0x0000000100000000-0x000000037fffffff]
[    0.019072] Initmem setup node 0 [mem 0x0000000000001000-0x000000037fffffff]
[    0.019614] On node 0, zone DMA: 1 pages in unavailable ranges
[    0.019941] On node 0, zone DMA: 97 pages in unavailable ranges
[    0.315266] On node 0, zone Normal: 38 pages in unavailable ranges
[    1.915218] kasan: KernelAddressSanitizer initialized
[    1.922967] ACPI: PM-Timer IO Port: 0x608
[    1.923090] ACPI: LAPIC_NMI (acpi_id[0xff] dfl dfl lint[0x1])
[    1.923533] IOAPIC[0]: apic_id 0, version 17, address 0xfec00000, GSI 0-23
[    1.923551] ACPI: INT_SRC_OVR (bus 0 bus_irq 0 global_irq 2 dfl dfl)
[    1.923557] ACPI: INT_SRC_OVR (bus 0 bus_irq 5 global_irq 5 high level)
[    1.923561] ACPI: INT_SRC_OVR (bus 0 bus_irq 9 global_irq 9 high level)
[    1.923573] ACPI: INT_SRC_OVR (bus 0 bus_irq 10 global_irq 10 high level)
[    1.923577] ACPI: INT_SRC_OVR (bus 0 bus_irq 11 global_irq 11 high level)
[    1.923592] ACPI: Using ACPI (MADT) for SMP configuration information
[    1.923596] ACPI: HPET id: 0x8086a201 base: 0xfed00000
[    1.923616] TSC deadline timer available
[    1.923630] CPU topo: Max. logical packages:   2
[    1.923632] CPU topo: Max. logical dies:       2
[    1.923634] CPU topo: Max. dies per package:   1
[    1.923642] CPU topo: Max. threads per core:   2
[    1.923644] CPU topo: Num. cores per package:     8
[    1.923646] CPU topo: Num. threads per package:  16
[    1.923648] CPU topo: Allowing 32 present CPUs plus 0 hotplug CPUs
[    1.923793] kvm-guest: APIC: eoi() replaced with kvm_guest_apic_eoi_write()
[    1.923922] kvm-guest: KVM setup pv remote TLB flush
[    1.923981] kvm-guest: setup PV sched yield
[    1.924154] PM: hibernation: Registered nosave memory: [mem 0x00000000-0x00000fff]
[    1.924161] PM: hibernation: Registered nosave memory: [mem 0x0009f000-0x0009ffff]
[    1.924164] PM: hibernation: Registered nosave memory: [mem 0x000a0000-0x000effff]
[    1.924166] PM: hibernation: Registered nosave memory: [mem 0x000f0000-0x000fffff]
[    1.924171] PM: hibernation: Registered nosave memory: [mem 0x7ffda000-0x7fffffff]
[    1.924174] PM: hibernation: Registered nosave memory: [mem 0x80000000-0xafffffff]
[    1.924176] PM: hibernation: Registered nosave memory: [mem 0xb0000000-0xbfffffff]
[    1.924178] PM: hibernation: Registered nosave memory: [mem 0xc0000000-0xfed1bfff]
[    1.924180] PM: hibernation: Registered nosave memory: [mem 0xfed1c000-0xfed1ffff]
[    1.924182] PM: hibernation: Registered nosave memory: [mem 0xfed20000-0xfeffbfff]
[    1.924185] PM: hibernation: Registered nosave memory: [mem 0xfeffc000-0xfeffffff]
[    1.924187] PM: hibernation: Registered nosave memory: [mem 0xff000000-0xfffbffff]
[    1.924189] PM: hibernation: Registered nosave memory: [mem 0xfffc0000-0xffffffff]
[    1.924202] [mem 0xc0000000-0xfed1bfff] available for PCI devices
[    1.924210] Booting paravirtualized kernel on KVM
[    1.924220] clocksource: refined-jiffies: mask: 0xffffffff max_cycles: 0xffffffff, max_idle_ns: 7645519600211568 ns
[    1.924309] setup_percpu: NR_CPUS:8192 nr_cpumask_bits:32 nr_cpu_ids:32 nr_node_ids:1
[    2.050452] percpu: Embedded 532 pages/cpu s2142208 r8192 d28672 u4194304
[    2.050514] pcpu-alloc: s2142208 r8192 d28672 u4194304 alloc=2*2097152
[    2.050522] pcpu-alloc: [0] 00 [0] 01 [0] 02 [0] 03 [0] 04 [0] 05 [0] 06 [0] 07 
[    2.050542] pcpu-alloc: [0] 08 [0] 09 [0] 10 [0] 11 [0] 12 [0] 13 [0] 14 [0] 15 
[    2.050560] pcpu-alloc: [0] 16 [0] 17 [0] 18 [0] 19 [0] 20 [0] 21 [0] 22 [0] 23 
[    2.050579] pcpu-alloc: [0] 24 [0] 25 [0] 26 [0] 27 [0] 28 [0] 29 [0] 30 [0] 31 
[    2.050909] kvm-guest: PV spinlocks enabled
[    2.050929] PV qspinlock hash table entries: 256 (order: 0, 4096 bytes, linear)
[    2.050945] Kernel command line: intremap=off console=ttyS0,115200 nokaslr root=/dev/vda1 crashkernel=1G-:2G
[    2.051213] Unknown kernel command line parameters "nokaslr", will be passed to user space.
[    2.051249] printk: log buffer data + meta data: 262144 + 917504 = 1179648 bytes
[    2.066202] Dentry cache hash table entries: 2097152 (order: 12, 16777216 bytes, linear)
[    2.072882] Inode-cache hash table entries: 1048576 (order: 11, 8388608 bytes, linear)
[    2.077607] Fallback order for Node 0: 0 
[    2.077649] Built 1 zonelists, mobility grouping on.  Total pages: 3145592
[    2.077654] Policy zone: Normal
[    2.077728] mem auto-init: stack:off, heap alloc:on, heap free:off
[    2.077740] stackdepot: allocating hash table via alloc_large_system_hash
[    2.077752] stackdepot hash table entries: 1048576 (order: 12, 16777216 bytes, linear)
[    2.088221] software IO TLB: area num 32.
[    2.862675] SLUB: HWalign=64, Order=0-3, MinObjects=0, CPUs=32, Nodes=1
[    2.864065] Kernel/User page tables isolation: enabled
[    2.864945] ftrace: allocating 52416 entries in 205 pages
[    3.187176] ftrace: allocated 205 pages with 5 groups
[    3.194603] Dynamic Preempt: voluntary
[    3.201701] Running RCU self tests
[    3.201704] Running RCU synchronous self tests
[    3.201768] rcu: Preemptible hierarchical RCU implementation.
[    3.201771] rcu: 	RCU lockdep checking is enabled.
[    3.201773] rcu: 	RCU restricting CPUs from NR_CPUS=8192 to nr_cpu_ids=32.
[    3.201777] 	Trampoline variant of Tasks RCU enabled.
[    3.201779] 	Rude variant of Tasks RCU enabled.
[    3.201780] 	Tracing variant of Tasks RCU enabled.
[    3.201782] rcu: RCU calculated value of scheduler-enlistment delay is 25 jiffies.
[    3.201785] rcu: Adjusting geometry for rcu_fanout_leaf=16, nr_cpu_ids=32
[    3.202396] Running RCU synchronous self tests
[    3.202430] RCU Tasks: Setting shift to 5 and lim to 1 rcu_task_cb_adjust=1 rcu_task_cpu_ids=32.
[    3.202457] RCU Tasks Rude: Setting shift to 5 and lim to 1 rcu_task_cb_adjust=1 rcu_task_cpu_ids=32.
[    3.202483] RCU Tasks Trace: Setting shift to 5 and lim to 1 rcu_task_cb_adjust=1 rcu_task_cpu_ids=32.
[    3.254191] NR_IRQS: 524544, nr_irqs: 680, preallocated irqs: 16
[    3.256071] rcu: srcu_init: Setting srcu_struct sizes based on contention.
[    3.369596] Console: colour VGA+ 80x25
[    3.370069] printk: legacy console [ttyS0] enabled
[    4.975261] Lock dependency validator: Copyright (c) 2006 Red Hat, Inc., Ingo Molnar
[    4.987949] ... MAX_LOCKDEP_SUBCLASSES:  8
[    4.994736] ... MAX_LOCK_DEPTH:          48
[    5.001698] ... MAX_LOCKDEP_KEYS:        8192
[    5.008891] ... CLASSHASH_SIZE:          4096
[    5.016044] ... MAX_LOCKDEP_ENTRIES:     32768
[    5.023437] ... MAX_LOCKDEP_CHAINS:      65536
[    5.030810] ... CHAINHASH_SIZE:          32768
[    5.038172]  memory used by lock dependency info: 6941 kB
[    5.047045]  memory used for stack traces: 4224 kB
[    5.054982]  per task-struct memory footprint: 2688 bytes
[    5.064726] ACPI: Core revision 20240827
[    5.074425] clocksource: hpet: mask: 0xffffffff max_cycles: 0xffffffff, max_idle_ns: 19112604467 ns
[    5.089547] APIC: Switch to symmetric I/O mode setup
[    5.100926] x2apic enabled
[    5.109337] APIC: Switched APIC routing to: physical x2apic
[    5.118925] kvm-guest: APIC: send_IPI_mask() replaced with kvm_send_ipi_mask()
[    5.131177] kvm-guest: APIC: send_IPI_mask_allbutself() replaced with kvm_send_ipi_mask_allbutself()
[    5.146646] kvm-guest: setup PV IPIs
[    5.168808] ..TIMER: vector=0x30 apic1=0 pin1=2 apic2=-1 pin2=-1
[    5.180460] clocksource: tsc-early: mask: 0xffffffffffffffff max_cycles: 0x2a48a50322c, max_idle_ns: 440795287943 ns
[    5.200185] Calibrating delay loop (skipped) preset value.. 5866.87 BogoMIPS (lpj=11733744)
[    5.208642] x86/cpu: User Mode Instruction Prevention (UMIP) activated
[    5.214030] Last level iTLB entries: 4KB 0, 2MB 0, 4MB 0
[    5.216173] Last level dTLB entries: 4KB 0, 2MB 0, 4MB 0, 1GB 0
[    5.220283] Spectre V1 : Mitigation: usercopy/swapgs barriers and __user pointer sanitization
[    5.224174] Spectre V2 : Mitigation: Retpolines
[    5.228171] Spectre V2 : Spectre v2 / SpectreRSB mitigation: Filling RSB on context switch
[    5.232172] Spectre V2 : Spectre v2 / SpectreRSB : Filling RSB on VMEXIT
[    5.236171] Spectre V2 : Enabling Restricted Speculation for firmware calls
[    5.244190] Spectre V2 : mitigation: Enabling conditional Indirect Branch Prediction Barrier
[    5.248173] Spectre V2 : User space: Mitigation: STIBP via prctl
[    5.252173] Speculative Store Bypass: Mitigation: Speculative Store Bypass disabled via prctl
[    5.256173] MDS: Vulnerable: Clear CPU buffers attempted, no microcode
[    5.260171] MMIO Stale Data: Unknown: No mitigations
[    5.264215] x86/fpu: x87 FPU will use FXSAVE
[    5.326071] Freeing SMP alternatives memory: 40K
[    5.328180] pid_max: default: 32768 minimum: 301
[    5.336300] LSM: initializing lsm=lockdown,capability,landlock,yama,apparmor,ima,evm
[    5.341111] landlock: Up and running.
[    5.344173] Yama: becoming mindful.
[    5.349348] AppArmor: AppArmor initialized
[    5.354645] Mount-cache hash table entries: 32768 (order: 6, 262144 bytes, linear)
[    5.356414] Mountpoint-cache hash table entries: 32768 (order: 6, 262144 bytes, linear)
[    5.369962] Running RCU synchronous self tests
[    5.372181] Running RCU synchronous self tests
[    5.381770] smpboot: CPU0: Intel Westmere E56xx/L56xx/X56xx (IBRS update) (family: 0x6, model: 0x2c, stepping: 0x1)
[    5.390434] Running RCU Tasks wait API self tests
[    5.496445] Running RCU Tasks Rude wait API self tests
[    5.500201] Running RCU Tasks Trace wait API self tests
[    5.504425] Performance Events: unsupported p6 CPU model 44 no PMU driver, software events only.
[    5.508743] signal: max sigframe size: 1440
[    5.512336] Callback from call_rcu_tasks_trace() invoked.
[    5.517022] rcu: Hierarchical SRCU implementation.
[    5.520204] rcu: 	Max phase no-delay instances is 1000.
[    5.525364] Timer migration: 2 hierarchy levels; 8 children per group; 2 crossnode level
[    5.540346] NMI watchdog: Perf NMI watchdog permanently disabled
[    5.556275] smp: Bringing up secondary CPUs ...
[    5.569311] smpboot: x86: Booting SMP configuration:
[    5.572258] .... node  #0, CPUs:        #2  #4  #6  #8 #10 #12 #14 #16 #18 #20 #22 #24 #26
[    5.704405] Callback from call_rcu_tasks() invoked.
[    5.713317]  #28 #30  #1  #3  #5  #7  #9 #11 #13 #15 #17 #19 #21 #23 #25 #27 #29 #31
[    5.980360] MDS CPU bug present and SMT on, data leak possible. See https://www.kernel.org/doc/html/latest/admin-guide/hw-vuln/mds.html for more details.
[    6.069608] smp: Brought up 1 node, 32 CPUs
[    6.072211] smpboot: Total of 32 processors activated (187739.90 BogoMIPS)
[    6.102301] Memory: 7997952K/12582368K available (53248K kernel code, 16294K rwdata, 13000K rodata, 9908K init, 22736K bss, 4537656K reserved, 0K cma-reserved)
[    6.109724] devtmpfs: initialized
[    6.113492] x86/mm: Memory block size: 128MB
[    6.198352] Running RCU synchronous self tests
[    6.200279] Running RCU synchronous self tests
[    6.204534] clocksource: jiffies: mask: 0xffffffff max_cycles: 0xffffffff, max_idle_ns: 7645041785100000 ns
[    6.209124] futex hash table entries: 8192 (order: 8, 1048576 bytes, linear)
[    6.215991] pinctrl core: initialized pinctrl subsystem
[    6.219877] PM: RTC time: 13:38:56, date: 2025-01-11
[    6.230373] NET: Registered PF_NETLINK/PF_ROUTE protocol family
[    6.236446] DMA: preallocated 1024 KiB GFP_KERNEL pool for atomic allocations
[    6.240639] DMA: preallocated 1024 KiB GFP_KERNEL|GFP_DMA pool for atomic allocations
[    6.244505] DMA: preallocated 1024 KiB GFP_KERNEL|GFP_DMA32 pool for atomic allocations
[    6.248916] audit: initializing netlink subsys (disabled)
[    6.253110] audit: type=2000 audit(1736602735.250:1): state=initialized audit_enabled=0 res=1
[    6.257736] thermal_sys: Registered thermal governor 'fair_share'
[    6.260378] thermal_sys: Registered thermal governor 'bang_bang'
[    6.264224] thermal_sys: Registered thermal governor 'step_wise'
[    6.268203] thermal_sys: Registered thermal governor 'user_space'
[    6.272204] thermal_sys: Registered thermal governor 'power_allocator'
[    6.276612] EISA bus registered
[    6.284447] cpuidle: using governor ladder
[    6.288489] cpuidle: using governor menu
[    6.294319] acpiphp: ACPI Hot Plug PCI Controller Driver version: 0.5
[    6.299748] PCI: ECAM [mem 0xb0000000-0xbfffffff] (base 0xb0000000) for domain 0000 [bus 00-ff]
[    6.300232] PCI: ECAM [mem 0xb0000000-0xbfffffff] reserved as E820 entry
[    6.372200] PCI: Using configuration type 1 for base access
[    6.378397] kprobes: kprobe jump-optimization is enabled. All kprobes are optimized if possible.
[    6.389897] HugeTLB: registered 1.00 GiB page size, pre-allocated 0 pages
[    6.392227] HugeTLB: 16380 KiB vmemmap can be freed for a 1.00 GiB page
[    6.396205] HugeTLB: registered 2.00 MiB page size, pre-allocated 0 pages
[    6.400200] HugeTLB: 28 KiB vmemmap can be freed for a 2.00 MiB page
[    6.492921] ACPI: Added _OSI(Module Device)
[    6.500203] ACPI: Added _OSI(Processor Device)
[    6.508203] ACPI: Added _OSI(3.0 _SCP Extensions)
[    6.516222] ACPI: Added _OSI(Processor Aggregator Device)
[    6.768965] ACPI: 2 ACPI AML tables successfully acquired and loaded
[    6.835321] ACPI: Interpreter enabled
[    6.840709] ACPI: PM: (supports S0 S3 S4 S5)
[    6.848220] ACPI: Using IOAPIC for interrupt routing
[    6.857076] PCI: Using host bridge windows from ACPI; if necessary, use "pci=nocrs" and report a bug
[    6.872223] PCI: Using E820 reservations for host bridge windows
[    6.896215] ACPI: Enabled 4 GPEs in block 00 to 3F
[    7.462504] ACPI: PCI Root Bridge [PCI0] (domain 0000 [bus 00-ff])
[    7.473541] acpi PNP0A08:00: _OSC: OS supports [ExtendedConfig ASPM ClockPM Segments MSI EDR HPX-Type3]
[    7.494386] acpi PNP0A08:00: _OSC: platform does not support [PCIeHotplug LTR DPC]
[    7.512082] acpi PNP0A08:00: _OSC: OS now controls [SHPCHotplug PME AER PCIeCapability]
[    7.533073] PCI host bridge to bus 0000:00
[    7.540994] pci_bus 0000:00: root bus resource [io  0x0000-0x0cf7 window]
[    7.553540] pci_bus 0000:00: root bus resource [io  0x0d00-0xffff window]
[    7.564249] pci_bus 0000:00: root bus resource [mem 0x000a0000-0x000bffff window]
[    7.576230] pci_bus 0000:00: root bus resource [mem 0x80000000-0xafffffff window]
[    7.588244] pci_bus 0000:00: root bus resource [mem 0xc0000000-0xfebfffff window]
[    7.600237] pci_bus 0000:00: root bus resource [mem 0x1c00000000-0x23ffffffff window]
[    7.612270] pci_bus 0000:00: root bus resource [bus 00-ff]
[    7.624981] pci 0000:00:00.0: [8086:29c0] type 00 class 0x060000 conventional PCI endpoint
[    7.649661] pci 0000:00:01.0: [1234:1111] type 00 class 0x030000 conventional PCI endpoint
[    7.675958] pci 0000:00:01.0: BAR 0 [mem 0xfd000000-0xfdffffff pref]
[    7.712260] pci 0000:00:01.0: BAR 2 [mem 0xfea50000-0xfea50fff]
[    7.761479] pci 0000:00:01.0: ROM [mem 0xfea40000-0xfea4ffff pref]
[    7.778355] pci 0000:00:01.0: Video device with shadowed ROM at [mem 0x000c0000-0x000dffff]
[    7.796224] pci 0000:00:01.0: pci_fixup_video+0x0/0x2d0 took 15625 usecs
[    7.828593] pci 0000:00:02.0: [1af4:1000] type 00 class 0x020000 conventional PCI endpoint
[    7.852241] pci 0000:00:02.0: BAR 0 [io  0xc040-0xc05f]
[    7.864014] pci 0000:00:02.0: BAR 1 [mem 0xfea51000-0xfea51fff]
[    7.886218] pci 0000:00:02.0: BAR 4 [mem 0xfe200000-0xfe203fff 64bit pref]
[    7.898283] pci 0000:00:02.0: ROM [mem 0xfea00000-0xfea3ffff pref]
[    7.919779] pci 0000:00:03.0: [1b36:000c] type 01 class 0x060400 PCIe Root Port
[    7.940235] pci 0000:00:03.0: BAR 0 [mem 0xfea52000-0xfea52fff]
[    7.964553] pci 0000:00:03.0: PCI bridge to [bus 01]
[    7.972664] pci 0000:00:03.0:   bridge window [mem 0xfe800000-0xfe9fffff]
[    7.988583] pci 0000:00:03.0:   bridge window [mem 0xfe000000-0xfe1fffff 64bit pref]
[    8.018733] pci 0000:00:04.0: [1af4:105b] type 00 class 0x00ff00 conventional PCI endpoint
[    8.039158] pci 0000:00:04.0: BAR 4 [mem 0xfe204000-0xfe207fff 64bit pref]
[    8.201013] pci 0000:00:1f.0: [8086:2918] type 00 class 0x060100 conventional PCI endpoint
[    8.222166] pci 0000:00:1f.0: quirk: [io  0x0600-0x067f] claimed by ICH6 ACPI/GPIO/TCO
[    8.236784] pci 0000:00:1f.0: quirk_ich7_lpc+0x0/0x1d0 took 15625 usecs
[    8.254104] pci 0000:00:1f.2: [8086:2922] type 00 class 0x010601 conventional PCI endpoint
[    8.280951] pci 0000:00:1f.2: BAR 4 [io  0xc060-0xc07f]
[    8.294412] pci 0000:00:1f.2: BAR 5 [mem 0xfea53000-0xfea53fff]
[    8.313939] pci 0000:00:1f.3: [8086:2930] type 00 class 0x0c0500 conventional PCI endpoint
[    8.334988] pci 0000:00:1f.3: BAR 4 [io  0x0700-0x073f]
[    8.357983] acpiphp: Slot [0] registered
[    8.362427] pci 0000:01:00.0: [1af4:1042] type 00 class 0x010000 PCIe Endpoint
[    8.392137] pci 0000:01:00.0: BAR 1 [mem 0xfe800000-0xfe800fff]
[    8.424021] pci 0000:01:00.0: BAR 4 [mem 0xfe000000-0xfe003fff 64bit pref]
[    8.529136] pci 0000:00:03.0: PCI bridge to [bus 01]
[    8.556910] ACPI: PCI: Interrupt link LNKA configured for IRQ 10
[    8.577088] ACPI: PCI: Interrupt link LNKB configured for IRQ 10
[    8.593182] ACPI: PCI: Interrupt link LNKC configured for IRQ 11
[    8.610008] ACPI: PCI: Interrupt link LNKD configured for IRQ 11
[    8.624822] ACPI: PCI: Interrupt link LNKE configured for IRQ 10
[    8.641690] ACPI: PCI: Interrupt link LNKF configured for IRQ 10
[    8.653038] ACPI: PCI: Interrupt link LNKG configured for IRQ 11
[    8.668965] ACPI: PCI: Interrupt link LNKH configured for IRQ 11
[    8.681567] ACPI: PCI: Interrupt link GSIA configured for IRQ 16
[    8.692836] ACPI: PCI: Interrupt link GSIB configured for IRQ 17
[    8.700828] ACPI: PCI: Interrupt link GSIC configured for IRQ 18
[    8.712779] ACPI: PCI: Interrupt link GSID configured for IRQ 19
[    8.720897] ACPI: PCI: Interrupt link GSIE configured for IRQ 20
[    8.732734] ACPI: PCI: Interrupt link GSIF configured for IRQ 21
[    8.744765] ACPI: PCI: Interrupt link GSIG configured for IRQ 22
[    8.752958] ACPI: PCI: Interrupt link GSIH configured for IRQ 23
[    8.906420] iommu: Default domain type: Translated
[    8.912207] iommu: DMA domain TLB invalidation policy: lazy mode
[    8.936220] SCSI subsystem initialized
[    8.948867] libata version 3.00 loaded.
[    8.950494] ACPI: bus type USB registered
[    8.957365] usbcore: registered new interface driver usbfs
[    8.968654] usbcore: registered new interface driver hub
[    8.982661] usbcore: registered new device driver usb
[    8.993698] pps_core: LinuxPPS API ver. 1 registered
[    9.004220] pps_core: Software ver. 5.3.6 - Copyright 2005-2007 Rodolfo Giometti <giometti@linux.it>
[    9.020367] PTP clock support registered
[    9.032530] EDAC MC: Ver: 3.0.0
[    9.057124] NetLabel: Initializing
[    9.064331] NetLabel:  domain hash size = 128
[    9.072198] NetLabel:  protocols = UNLABELED CIPSOv4 CALIPSO
[    9.081495] NetLabel:  unlabeled traffic allowed by default
[    9.096900] PCI: Using ACPI for IRQ routing
[   11.243586] PCI: pci_cache_line_size set to 64 bytes
[   11.245843] e820: reserve RAM buffer [mem 0x0009fc00-0x0009ffff]
[   11.246007] e820: reserve RAM buffer [mem 0x7ffda000-0x7fffffff]
[   11.248676] pci 0000:00:01.0: vgaarb: setting as boot VGA device
[   11.252160] pci 0000:00:01.0: vgaarb: bridge control possible
[   11.252160] pci 0000:00:01.0: vgaarb: VGA device added: decodes=io+mem,owns=io+mem,locks=none
[   11.288258] vgaarb: loaded
[   11.297944] hpet0: at MMIO 0xfed00000, IRQs 2, 8, 0
[   11.308226] hpet0: 3 comparators, 64-bit 100.000000 MHz counter
[   11.345730] clocksource: Switched to clocksource kvm-clock
[   11.396459] VFS: Disk quotas dquot_6.6.0
[   11.403432] VFS: Dquot-cache hash table entries: 512 (order 0, 4096 bytes)
[   11.425713] AppArmor: AppArmor Filesystem Enabled
[   11.436138] pnp: PnP ACPI init
[   11.450913] system 00:05: [mem 0xb0000000-0xbfffffff window] has been reserved
[   11.497011] pnp: PnP ACPI: found 6 devices
[   11.585236] clocksource: acpi_pm: mask: 0xffffff max_cycles: 0xffffff, max_idle_ns: 2085701024 ns
[   11.602754] NET: Registered PF_INET protocol family
[   11.613843] IP idents hash table entries: 262144 (order: 9, 2097152 bytes, linear)
[   11.638535] tcp_listen_portaddr_hash hash table entries: 8192 (order: 7, 655360 bytes, linear)
[   11.653471] Table-perturb hash table entries: 65536 (order: 6, 262144 bytes, linear)
[   11.668305] TCP established hash table entries: 131072 (order: 8, 1048576 bytes, linear)
[   11.698214] TCP bind hash table entries: 65536 (order: 11, 10485760 bytes, vmalloc hugepage)
[   11.720559] TCP: Hash tables configured (established 131072 bind 65536)
[   11.740580] MPTCP token hash table entries: 16384 (order: 8, 1572864 bytes, linear)
[   11.760732] UDP hash table entries: 8192 (order: 9, 2490368 bytes, linear)
[   11.781234] UDP-Lite hash table entries: 8192 (order: 9, 2490368 bytes, linear)
[   11.800743] NET: Registered PF_UNIX/PF_LOCAL protocol family
[   11.812648] NET: Registered PF_XDP protocol family
[   11.822718] pci 0000:00:03.0: bridge window [io  0x1000-0x0fff] to [bus 01] add_size 1000
[   11.839241] pci 0000:00:03.0: bridge window [io  0x1000-0x1fff]: assigned
[   11.853129] pci 0000:00:03.0: PCI bridge to [bus 01]
[   11.861854] pci 0000:00:03.0:   bridge window [io  0x1000-0x1fff]
[   11.874132] pci 0000:00:03.0:   bridge window [mem 0xfe800000-0xfe9fffff]
[   11.886132] pci 0000:00:03.0:   bridge window [mem 0xfe000000-0xfe1fffff 64bit pref]
[   11.901654] pci_bus 0000:00: resource 4 [io  0x0000-0x0cf7 window]
[   11.912403] pci_bus 0000:00: resource 5 [io  0x0d00-0xffff window]
[   11.922764] pci_bus 0000:00: resource 6 [mem 0x000a0000-0x000bffff window]
[   11.934008] pci_bus 0000:00: resource 7 [mem 0x80000000-0xafffffff window]
[   11.944936] pci_bus 0000:00: resource 8 [mem 0xc0000000-0xfebfffff window]
[   11.956443] pci_bus 0000:00: resource 9 [mem 0x1c00000000-0x23ffffffff window]
[   11.968579] pci_bus 0000:01: resource 0 [io  0x1000-0x1fff]
[   11.977498] pci_bus 0000:01: resource 1 [mem 0xfe800000-0xfe9fffff]
[   11.987575] pci_bus 0000:01: resource 2 [mem 0xfe000000-0xfe1fffff 64bit pref]
[   12.001230] PCI: CLS 0 bytes, default 64
[   12.008928] PCI-DMA: Using software bounce buffering for IO (SWIOTLB)
[   12.011872] Trying to unpack rootfs image as initramfs...
[   12.019292] software IO TLB: mapped [mem 0x0000000065000000-0x0000000069000000] (64MB)
[   12.019970] clocksource: tsc: mask: 0xffffffffffffffff max_cycles: 0x2a48a50322c, max_idle_ns: 440795287943 ns
[   12.085050] Initialise system trusted keyrings
[   12.093495] Key type blacklist registered
[   12.102875] workingset: timestamp_bits=36 max_order=21 bucket_order=0
[   12.114078] zbud: loaded
[   12.131512] squashfs: version 4.0 (2009/01/31) Phillip Lougher
[   12.147316] fuse: init (API version 7.41)
[   12.158365] integrity: Platform Keyring initialized
[   12.189586] Key type asymmetric registered
[   12.196671] Asymmetric key parser 'x509' registered
[   12.205757] Block layer SCSI generic (bsg) driver version 0.4 loaded (major 243)
[   12.220856] io scheduler mq-deadline registered
[   12.260633] ledtrig-cpu: registered to indicate activity on CPUs
[   12.304747] ACPI: \_SB_.GSIH: Enabled at IRQ 23
[   12.326198] pcieport 0000:00:03.0: PME: Signaling with IRQ 24
[   12.341226] pcieport 0000:00:03.0: AER: enabled with IRQ 24
[   12.358824] shpchp: Standard Hot Plug PCI Controller Driver version: 0.4
[   12.377080] input: Power Button as /devices/LNXSYSTM:00/LNXPWRBN:00/input/input0
[   12.392912] ACPI: button: Power Button [PWRF]
[   12.514228] ACPI: \_SB_.GSIG: Enabled at IRQ 22
[   12.573928] ACPI: \_SB_.GSIE: Enabled at IRQ 20
[   12.644592] Serial: 8250/16550 driver, 32 ports, IRQ sharing enabled
[   12.711655] 00:03: ttyS0 at I/O 0x3f8 (irq = 4, base_baud = 115200) is a 16550A
[   12.869281] Linux agpgart interface v0.103
[   13.087789] loop: module loaded
[   13.104830] tun: Universal TUN/TAP device driver, 1.6
[   13.114704] PPP generic driver version 2.4.2
[   13.127130] VFIO - User Level meta-driver version: 0.3
[   13.139883] i8042: PNP: PS/2 Controller [PNP0303:KBD,PNP0f13:MOU] at 0x60,0x64 irq 1,12
[   13.161687] serio: i8042 KBD port at 0x60,0x64 irq 1
[   13.170190] serio: i8042 AUX port at 0x60,0x64 irq 12
[   13.183396] mousedev: PS/2 mouse device common for all mice
[   13.198376] rtc_cmos 00:04: RTC can wake from S4
[   13.198581] input: AT Translated Set 2 keyboard as /devices/platform/i8042/serio0/input/input1
[   13.224697] rtc_cmos 00:04: registered as rtc0
[   13.235421] rtc_cmos 00:04: setting system clock to 2025-01-11T13:39:04 UTC (1736602744)
[   13.254053] rtc_cmos 00:04: alarms up to one day, y3k, 242 bytes nvram, hpet irqs
[   13.269799] i2c_dev: i2c /dev entries driver
[   13.279334] device-mapper: core: CONFIG_IMA_DISABLE_HTABLE is disabled. Duplicate IMA measurements will not be recorded in the IMA log.
[   13.303230] device-mapper: uevent: version 1.0.3
[   13.313474] device-mapper: ioctl: 4.48.0-ioctl (2023-03-01) initialised: dm-devel@lists.linux.dev
[   13.328641] platform eisa.0: Probing EISA bus 0
[   13.336412] platform eisa.0: EISA: Cannot allocate resource for mainboard
[   13.347553] platform eisa.0: Cannot allocate resource for EISA slot 1
[   13.358229] platform eisa.0: Cannot allocate resource for EISA slot 2
[   13.369031] platform eisa.0: Cannot allocate resource for EISA slot 3
[   13.379641] platform eisa.0: Cannot allocate resource for EISA slot 4
[   13.390387] platform eisa.0: Cannot allocate resource for EISA slot 5
[   13.401021] platform eisa.0: Cannot allocate resource for EISA slot 6
[   13.411705] platform eisa.0: Cannot allocate resource for EISA slot 7
[   13.422506] platform eisa.0: Cannot allocate resource for EISA slot 8
[   13.433146] platform eisa.0: EISA: Detected 0 cards
[   13.441411] intel_pstate: CPU model not supported
[   13.452935] drop_monitor: Initializing network drop monitor service
[   13.465681] NET: Registered PF_INET6 protocol family
[   16.023043] Freeing initrd memory: 100064K
[   16.149109] Segment Routing with IPv6
[   16.158218] In-situ OAM (IOAM) with IPv6
[   16.167205] NET: Registered PF_PACKET protocol family
[   16.180798] Key type dns_resolver registered
[   16.247091] IPI shorthand broadcast: enabled
[   16.350718] registered taskstats version 1
[   16.388576] Loading compiled-in X.509 certificates
[   16.549138] Demotion targets for Node 0: null
[   16.558332] kmemleak: Kernel memory leak detector initialized (mem pool available: 14031)
[   16.558552] kmemleak: Automatic memory scanning thread started
[   16.577110] Key type .fscrypt registered
[   16.587435] Key type fscrypt-provisioning registered
[   16.676370] cryptd: module verification failed: signature and/or required key missing - tainting kernel
[   16.702417] cryptd: max_cpu_qlen set to 1000
[   16.910836] Key type encrypted registered
[   16.918649] AppArmor: AppArmor sha256 policy hashing enabled
[   16.929794] ima: No TPM chip found, activating TPM-bypass!
[   16.940614] Loading compiled-in module X.509 certificates
[   16.951170] ima: Allocated hash algorithm: sha1
[   16.960776] ima: No architecture policies found
[   16.970546] evm: Initialising EVM extended attributes:
[   16.980542] evm: security.selinux
[   16.987070] evm: security.SMACK64
[   16.993697] evm: security.SMACK64EXEC
[   17.000733] evm: security.SMACK64TRANSMUTE
[   17.008532] evm: security.SMACK64MMAP
[   17.015543] evm: security.apparmor
[   17.022080] evm: security.ima
[   17.027863] evm: security.capability
[   17.034794] evm: HMAC attrs: 0x1
[   17.053077] PM:   Magic number: 9:753:634
[   17.065812] RAS: Correctable Errors collector initialized.
[   17.076887] Unstable clock detected, switching default tracing clock to "global"
               If you want to keep using the local clock, then add:
                 "trace_clock=local"
               on the kernel command line
[   17.117092] clk: Disabling unused clocks
[   17.191015] Freeing unused decrypted memory: 2036K
[   17.220447] Freeing unused kernel image (initmem) memory: 9908K
[   17.229749] Write protecting the kernel read-only data: 67584k
[   17.243507] Freeing unused kernel image (rodata/data gap) memory: 1336K
[   17.319791] x86/mm: Checked W+X mappings: passed, no W+X pages found.
[   17.327423] x86/mm: Checking user space page tables
[   17.395520] x86/mm: Checked W+X mappings: passed, no W+X pages found.
[   17.403350] Run /init as init process
[   17.407828]   with arguments:
[   17.407845]     /init
[   17.407852]     nokaslr
[   17.407858]   with environment:
[   17.407864]     HOME=/
[   17.407870]     TERM=linux
[   20.330357] lpc_ich 0000:00:1f.0: I/O space for GPIO uninitialized
[   20.415880] virtio_blk virtio2: 32/0/0 default/read/poll queues
[   20.476594] ahci 0000:00:1f.2: version 3.0
[   20.521699] input: VirtualPS/2 VMware VMMouse as /devices/platform/i8042/serio1/input/input4
[   20.558382] ACPI: \_SB_.GSIA: Enabled at IRQ 16
[   20.583497] i801_smbus 0000:00:1f.3: SMBus using PCI interrupt
[   20.602419] input: VirtualPS/2 VMware VMMouse as /devices/platform/i8042/serio1/input/input3
[   20.602621] ahci 0000:00:1f.2: AHCI vers 0001.0000, 32 command slots, 1.5 Gbps, SATA mode
[   20.626921] ahci 0000:00:1f.2: 6/6 ports implemented (port mask 0x3f)
[   20.635669] ahci 0000:00:1f.2: flags: 64bit ncq only 
[   20.654666] i2c i2c-0: Memory type 0x07 not supported yet, not instantiating SPD
[   20.749409] scsi host0: ahci
[   20.775305] scsi host1: ahci
[   20.798795] virtio_blk virtio2: [vda] 209715200 512-byte logical blocks (107 GB/100 GiB)
[   20.805251] scsi host2: ahci
[   20.874307] scsi host3: ahci
[   20.889338] scsi host4: ahci
[   20.905203] scsi host5: ahci
[   20.919186] ata1: SATA max UDMA/133 abar m4096@0xfea53000 port 0xfea53100 irq 46 lpm-pol 0
[   20.929081] ata2: SATA max UDMA/133 abar m4096@0xfea53000 port 0xfea53180 irq 46 lpm-pol 0
[   20.939717] ata3: SATA max UDMA/133 abar m4096@0xfea53000 port 0xfea53200 irq 46 lpm-pol 0
[   20.951456] ata4: SATA max UDMA/133 abar m4096@0xfea53000 port 0xfea53280 irq 46 lpm-pol 0
[   20.953875]  vda: vda1 vda14 vda15
[   20.962364] ata5: SATA max UDMA/133 abar m4096@0xfea53000 port 0xfea53300 irq 46 lpm-pol 0
[   20.977656] ata6: SATA max UDMA/133 abar m4096@0xfea53000 port 0xfea53380 irq 46 lpm-pol 0
[   21.189775] virtio_net virtio0 enp0s2: renamed from eth0
[   21.305173] ata2: SATA link up 1.5 Gbps (SStatus 113 SControl 300)
[   21.317123] ata6: SATA link down (SStatus 0 SControl 300)
[   21.326572] ata5: SATA link down (SStatus 0 SControl 300)
[   21.334314] ata2.00: ATA-7: QEMU HARDDISK, 2.5+, max UDMA/100
[   21.342267] ata2.00: 20971520 sectors, multi 16: LBA48 NCQ (depth 32)
[   21.350220] ata2.00: applying bridge limits
[   21.358038] ata3: SATA link up 1.5 Gbps (SStatus 113 SControl 300)
[   21.369981] ata4: SATA link up 1.5 Gbps (SStatus 113 SControl 300)
[   21.380519] ata3.00: ATA-7: QEMU HARDDISK, 2.5+, max UDMA/100
[   21.389294] ata3.00: 20971520 sectors, multi 16: LBA48 NCQ (depth 32)
[   21.398306] ata3.00: applying bridge limits
[   21.406234] ata1: SATA link up 1.5 Gbps (SStatus 113 SControl 300)
[   21.415092] ata2.00: configured for UDMA/100
[   21.420606] ata4.00: ATA-7: QEMU HARDDISK, 2.5+, max UDMA/100
[   21.430975] ata4.00: 20971520 sectors, multi 16: LBA48 NCQ (depth 32)
[   21.442449] ata4.00: applying bridge limits
[   21.450285] ata1.00: ATA-7: QEMU HARDDISK, 2.5+, max UDMA/100
[   21.457673] ata1.00: 20971520 sectors, multi 16: LBA48 NCQ (depth 32)
[   21.467141] ata1.00: applying bridge limits
[   21.475324] ata3.00: configured for UDMA/100
[   21.480933] ata1.00: configured for UDMA/100
[   21.486277] ata4.00: configured for UDMA/100
[   21.491939] scsi 0:0:0:0: Direct-Access     ATA      QEMU HARDDISK    2.5+ PQ: 0 ANSI: 5
[   21.512736] sd 0:0:0:0: Attached scsi generic sg0 type 0
[   21.514277] sd 0:0:0:0: [sda] 20971520 512-byte logical blocks: (10.7 GB/10.0 GiB)
[   21.523471] scsi 1:0:0:0: Direct-Access     ATA      QEMU HARDDISK    2.5+ PQ: 0 ANSI: 5
[   21.532572] sd 0:0:0:0: [sda] Write Protect is off
[   21.553679] sd 1:0:0:0: Attached scsi generic sg1 type 0
[   21.554089] sd 1:0:0:0: [sdb] 20971520 512-byte logical blocks: (10.7 GB/10.0 GiB)
[   21.554203] sd 1:0:0:0: [sdb] Write Protect is off
[   21.554236] sd 1:0:0:0: [sdb] Mode Sense: 00 3a 00 00
[   21.554430] sd 1:0:0:0: [sdb] Write cache: enabled, read cache: enabled, doesn't support DPO or FUA
[   21.554570] sd 0:0:0:0: [sda] Mode Sense: 00 3a 00 00
[   21.555578] sd 0:0:0:0: [sda] Write cache: enabled, read cache: enabled, doesn't support DPO or FUA
[   21.556674] sd 0:0:0:0: [sda] Preferred minimum I/O size 512 bytes
[   21.567266] scsi 2:0:0:0: Direct-Access     ATA      QEMU HARDDISK    2.5+ PQ: 0 ANSI: 5
[   21.572022] sd 1:0:0:0: [sdb] Preferred minimum I/O size 512 bytes
[   21.588744] sd 2:0:0:0: Attached scsi generic sg2 type 0
[   21.589169] sd 2:0:0:0: [sdc] 20971520 512-byte logical blocks: (10.7 GB/10.0 GiB)
[   21.589383] sd 2:0:0:0: [sdc] Write Protect is off
[   21.589433] sd 2:0:0:0: [sdc] Mode Sense: 00 3a 00 00
[   21.589773] sd 2:0:0:0: [sdc] Write cache: enabled, read cache: enabled, doesn't support DPO or FUA
[   21.606952] scsi 3:0:0:0: Direct-Access     ATA      QEMU HARDDISK    2.5+ PQ: 0 ANSI: 5
[   21.615647] sd 2:0:0:0: [sdc] Preferred minimum I/O size 512 bytes
[   21.633772] sd 3:0:0:0: Attached scsi generic sg3 type 0
[   21.633898] sd 3:0:0:0: [sdd] 20971520 512-byte logical blocks: (10.7 GB/10.0 GiB)
[   21.634052] sd 3:0:0:0: [sdd] Write Protect is off
[   21.634100] sd 3:0:0:0: [sdd] Mode Sense: 00 3a 00 00
[   21.634505] sd 3:0:0:0: [sdd] Write cache: enabled, read cache: enabled, doesn't support DPO or FUA
[   21.634988] sd 3:0:0:0: [sdd] Preferred minimum I/O size 512 bytes
[   21.651838] sd 0:0:0:0: [sda] Attached SCSI disk
[   21.669941] sd 1:0:0:0: [sdb] Attached SCSI disk
[   21.750235] sd 2:0:0:0: [sdc] Attached SCSI disk
[   21.750347] sd 3:0:0:0: [sdd] Attached SCSI disk
[   21.825613] nd_pmem namespace0.0: unable to guarantee persistence of writes
[   25.456186] raid6: sse2x4   gen()  8100 MB/s
[   25.540215] raid6: sse2x2   gen()  8440 MB/s
[   25.612223] raid6: sse2x1   gen()  7711 MB/s
[   25.619759] raid6: using algorithm sse2x2 gen() 8440 MB/s
[   25.696319] raid6: .... xor() 6195 MB/s, rmw enabled
[   25.702428] raid6: using ssse3x2 recovery algorithm
[   25.718011] xor: measuring software checksum speed
[   25.723809]    prefetch64-sse  : 15986 MB/sec
[   25.729322]    generic_sse     : 13158 MB/sec
[   25.734439] xor: using function: prefetch64-sse (15986 MB/sec)
[   25.747896] async_tx: api initialized (async)
[   27.106070] Btrfs loaded, zoned=yes, fsverity=yes
[   27.951944] EXT4-fs (vda1): mounted filesystem 26c50908-598b-4e8e-871e-35718a3a1426 ro with ordered data mode. Quota mode: none.
[   29.191543] systemd[1]: Inserted module 'autofs4'
[   29.387928] systemd[1]: systemd 249.11-0ubuntu3.10 running in system mode (+PAM +AUDIT +SELINUX +APPARMOR +IMA +SMACK +SECCOMP +GCRYPT +GNUTLS +OPENSSL +ACL +BLKID +CURL +ELFUTILS +FIDO2 +IDN2 -IDN +IPTC +KMOD +LIBCRYPTSETUP +LIBFDISK +PCRE2 -PWQUALITY -P11KIT -QRENCODE +BZIP2 +LZ4 +XZ +ZLIB +ZSTD -XKBCOMMON +UTMP +SYSVINIT default-hierarchy=unified)
[   29.424265] systemd[1]: Detected virtualization kvm.
[   29.431315] systemd[1]: Detected architecture x86-64.
[   29.452572] systemd[1]: Hostname set to <qemu-2>.
[   30.017879] block vda: the capability attribute has been deprecated.
[   30.272301] random: crng init done
[   31.292852] systemd[1]: Queued start job for default target Graphical Interface.
[   31.385277] systemd[1]: Created slice Slice /system/modprobe.
[   31.417305] systemd[1]: Created slice Slice /system/serial-getty.
[   31.447500] systemd[1]: Created slice Slice /system/systemd-fsck.
[   31.477513] systemd[1]: Created slice User and Session Slice.
[   31.494552] systemd[1]: Started Forward Password Requests to Wall Directory Watch.
[   31.518904] systemd[1]: Set up automount Arbitrary Executable File Formats File System Automount Point.
[   31.544271] systemd[1]: Reached target Slice Units.
[   31.559582] systemd[1]: Reached target Mounting snaps.
[   31.574955] systemd[1]: Reached target Swaps.
[   31.587235] systemd[1]: Reached target Local Verity Protected Volumes.
[   31.605810] systemd[1]: Listening on Device-mapper event daemon FIFOs.
[   31.625879] systemd[1]: Listening on LVM2 poll daemon socket.
[   31.642989] systemd[1]: Listening on multipathd control socket.
[   31.807495] systemd[1]: Listening on RPCbind Server Activation Socket.
[   31.833021] systemd[1]: Listening on Syslog Socket.
[   31.850483] systemd[1]: Listening on fsck to fsckd communication Socket.
[   31.871139] systemd[1]: Listening on initctl Compatibility Named Pipe.
[   31.892201] systemd[1]: Listening on Journal Audit Socket.
[   31.911115] systemd[1]: Listening on Journal Socket (/dev/log).
[   31.930014] systemd[1]: Listening on Journal Socket.
[   31.945737] systemd[1]: Listening on Network Service Netlink Socket.
[   31.969615] systemd[1]: Listening on udev Control Socket.
[   31.988411] systemd[1]: Listening on udev Kernel Socket.
[   32.061269] systemd[1]: Mounting Huge Pages File System...
[   32.106402] systemd[1]: Mounting POSIX Message Queue File System...
[   32.155358] systemd[1]: Mounting Kernel Debug File System...
[   32.200480] systemd[1]: Mounting Kernel Trace File System...
[   32.262815] systemd[1]: Starting Journal Service...
[   32.279122] systemd[1]: Condition check resulted in Kernel Module supporting RPCSEC_GSS being skipped.
[   32.353928] systemd[1]: Starting Set the console keyboard layout...
[   32.402834] systemd[1]: Starting Create List of Static Device Nodes...
[   32.454071] systemd[1]: Starting Monitoring of LVM2 mirrors, snapshots etc. using dmeventd or progress polling...
[   32.483365] systemd[1]: Condition check resulted in LXD - agent being skipped.
[   32.523690] systemd[1]: Starting Load Kernel Module configfs...
[   32.577644] systemd[1]: Starting Load Kernel Module drm...
[   32.682322] systemd[1]: Starting Load Kernel Module efi_pstore...
[   32.755637] systemd[1]: Starting Load Kernel Module fuse...
[   32.779080] systemd[1]: Condition check resulted in OpenVSwitch configuration for cleanup being skipped.
[   32.797348] systemd[1]: Condition check resulted in File System Check on Root Device being skipped.
[   32.913237] ACPI: bus type drm_connector registered
[   32.926224] systemd[1]: Starting Load Kernel Modules...
[   32.982752] systemd[1]: Starting Remount Root and Kernel File Systems...
[   33.037812] systemd[1]: Starting Coldplug All udev Devices...
[   33.110859] systemd[1]: Started Journal Service.
[   33.181592] EXT4-fs (vda1): re-mounted 26c50908-598b-4e8e-871e-35718a3a1426 r/w. Quota mode: none.
[   33.673607] alua: device handler registered
[   33.690035] emc: device handler registered
[   33.708005] rdac: device handler registered
[   33.764457] systemd-journald[593]: Received client request to flush runtime journal.
[   33.801868] systemd-journald[593]: File /var/log/journal/02c9a06a7911097a3b638c9756cf2e6e/system.journal corrupted or uncleanly shut down, renaming and replacing.
[   34.657375] loop0: detected capacity change from 0 to 130888
[   34.707269] loop1: detected capacity change from 0 to 130448
[   34.750366] loop2: detected capacity change from 0 to 229272
[   34.819631] loop3: detected capacity change from 0 to 178256
[   34.849164] loop4: detected capacity change from 0 to 82800
[   34.961205] loop5: detected capacity change from 0 to 79520
[   37.070569] parport_pc 00:02: reported by Plug and Play ACPI
[   37.098917] parport0: PC-style at 0x378, irq 7 [PCSPP,TRISTATE]
[   39.601075] ppdev: user-space parallel port driver
[   41.432873] kvm_intel: VM_EXIT_LOAD_IA32_PERF_GLOBAL_CTRL does not work properly. Using workaround
[   42.067278] audit: type=1400 audit(1736602773.328:2): apparmor="STATUS" operation="profile_load" profile="unconfined" name="lsb_release" pid=1277 comm="apparmor_parser"
[   42.070688] audit: type=1400 audit(1736602773.332:3): apparmor="STATUS" operation="profile_load" profile="unconfined" name="nvidia_modprobe" pid=1278 comm="apparmor_parser"
[   42.070841] audit: type=1400 audit(1736602773.332:4): apparmor="STATUS" operation="profile_load" profile="unconfined" name="nvidia_modprobe//kmod" pid=1278 comm="apparmor_parser"
[   42.081889] audit: type=1400 audit(1736602773.344:5): apparmor="STATUS" operation="profile_load" profile="unconfined" name="swtpm" pid=1281 comm="apparmor_parser"
[   42.090171] audit: type=1400 audit(1736602773.352:6): apparmor="STATUS" operation="profile_load" profile="unconfined" name="/usr/bin/man" pid=1280 comm="apparmor_parser"
[   42.090354] audit: type=1400 audit(1736602773.352:7): apparmor="STATUS" operation="profile_load" profile="unconfined" name="man_filter" pid=1280 comm="apparmor_parser"
[   42.090520] audit: type=1400 audit(1736602773.352:8): apparmor="STATUS" operation="profile_load" profile="unconfined" name="man_groff" pid=1280 comm="apparmor_parser"
[   42.096567] audit: type=1400 audit(1736602773.360:9): apparmor="STATUS" operation="profile_load" profile="unconfined" name="tcpdump" pid=1282 comm="apparmor_parser"
[   42.098697] audit: type=1400 audit(1736602773.360:10): apparmor="STATUS" operation="profile_load" profile="unconfined" name="virt-aa-helper" pid=1283 comm="apparmor_parser"
[   42.107167] audit: type=1400 audit(1736602773.368:11): apparmor="STATUS" operation="profile_load" profile="unconfined" name="/usr/lib/NetworkManager/nm-dhcp-client.action" pid=1279 comm="apparmor_parser"
[   43.716535] RPC: Registered named UNIX socket transport module.
[   43.716561] RPC: Registered udp transport module.
[   43.716569] RPC: Registered tcp transport module.
[   43.716577] RPC: Registered tcp-with-tls transport module.
[   43.716585] RPC: Registered tcp NFSv4.1 backchannel transport module.
[   47.941393] loop6: detected capacity change from 0 to 8
[   56.963658] netfs: FS-Cache loaded
[   58.279468] NFS: Registering the id_resolver key type
[   58.279692] Key type id_resolver registered
[   58.279704] Key type id_legacy registered
[   78.615434] cbd: loading out-of-tree module taints kernel.
[   83.975731] cbd: backend_validate:544 cbd_transport0: found backend_id: 0 for host_id: 1, path: /dev/sda
[   83.983565] cbd: cbd_backend_init:394 cbd_transport0: attach backend to backend_id: 0
[   87.334308] cbd: backend_validate:544 cbd_transport0: found backend_id: 1 for host_id: 1, path: /dev/sdb
[   87.338889] cbd: cbd_backend_init:394 cbd_transport0: attach backend to backend_id: 1
[  107.796011] ==== end /root/avocado/job-results/job-2025-01-09T22.24-1680aba/test-results/250-._cbdctrl.py_CbdctrlTest.test_run-cache_data_crc-enable-cache_for_xfstests-no_cache-channel_crc-disable-channel_data_crc-host_mode-multi_host-multihost-test_script-xfstests-f7df ==== 
[  127.642699] tid: 0, is not registered
[  248.354456] ==== start /root/avocado/job-results/job-2025-01-09T22.24-1680aba/test-results/251-._cbdctrl.py_CbdctrlTest.test_run-cache_data_crc-enable-cache_for_xfstests-no_cache-channel_crc-disable-channel_data_crc-host_mode-multi_host-multihost-test_script-register-72c4 ==== 
[  286.348769] host id 0 is still alive
[  290.117996] ==== end /root/avocado/job-results/job-2025-01-09T22.24-1680aba/test-results/251-._cbdctrl.py_CbdctrlTest.test_run-cache_data_crc-enable-cache_for_xfstests-no_cache-channel_crc-disable-channel_data_crc-host_mode-multi_host-multihost-test_script-register-72c4 ==== 
