[    0.000000] Linux version 6.13.0-rc5+ (root@ubuntu-22-04-server) (gcc (Ubuntu 11.4.0-1ubuntu1~22.04) 11.4.0, GNU ld (GNU Binutils for Ubuntu) 2.38) #2 SMP PREEMPT_DYNAMIC Fri Jan  3 15:43:06 CST 2025
[    0.000000] Command line: intremap=off console=ttyS0,115200 nokaslr root=/dev/vda1 crashkernel=1G-:2G
[    0.000000] KERNEL supported cpus:
[    0.000000]   Intel GenuineIntel
[    0.000000]   AMD AuthenticAMD
[    0.000000]   Hygon HygonGenuine
[    0.000000]   Centaur CentaurHauls
[    0.000000]   zhaoxin   Shanghai  
[    0.000000] BIOS-provided physical RAM map:
[    0.000000] BIOS-e820: [mem 0x0000000000000000-0x000000000009fbff] usable
[    0.000000] BIOS-e820: [mem 0x000000000009fc00-0x000000000009ffff] reserved
[    0.000000] BIOS-e820: [mem 0x00000000000f0000-0x00000000000fffff] reserved
[    0.000000] BIOS-e820: [mem 0x0000000000100000-0x000000007ffd9fff] usable
[    0.000000] BIOS-e820: [mem 0x000000007ffda000-0x000000007fffffff] reserved
[    0.000000] BIOS-e820: [mem 0x00000000b0000000-0x00000000bfffffff] reserved
[    0.000000] BIOS-e820: [mem 0x00000000fed1c000-0x00000000fed1ffff] reserved
[    0.000000] BIOS-e820: [mem 0x00000000feffc000-0x00000000feffffff] reserved
[    0.000000] BIOS-e820: [mem 0x00000000fffc0000-0x00000000ffffffff] reserved
[    0.000000] BIOS-e820: [mem 0x0000000100000000-0x000000037fffffff] usable
[    0.000000] NX (Execute Disable) protection: active
[    0.000000] APIC: Static calls initialized
[    0.000000] SMBIOS 2.8 present.
[    0.000000] DMI: QEMU Standard PC (Q35 + ICH9, 2009), BIOS rel-1.16.3-0-ga6ed6b701f0a-prebuilt.qemu.org 04/01/2014
[    0.000000] DMI: Memory slots populated: 1/1
[    0.000000] Hypervisor detected: KVM
[    0.000000] kvm-clock: Using msrs 4b564d01 and 4b564d00
[    0.000008] kvm-clock: using sched offset of 8747290186 cycles
[    0.000023] clocksource: kvm-clock: mask: 0xffffffffffffffff max_cycles: 0x1cd42e4dffb, max_idle_ns: 881590591483 ns
[    0.000066] tsc: Detected 2933.436 MHz processor
[    0.002437] e820: update [mem 0x00000000-0x00000fff] usable ==> reserved
[    0.002446] e820: remove [mem 0x000a0000-0x000fffff] usable
[    0.002460] last_pfn = 0x380000 max_arch_pfn = 0x400000000
[    0.003103] MTRR map: 4 entries (3 fixed + 1 variable; max 19), built from 8 variable MTRRs
[    0.003137] x86/PAT: Configuration [0-7]: WB  WC  UC- UC  WB  WP  UC- WT  
[    0.003877] last_pfn = 0x7ffda max_arch_pfn = 0x400000000
[    0.015504] found SMP MP-table at [mem 0x000f5450-0x000f545f]
[    0.015625] Using GB pages for direct mapping
[    0.017362] RAMDISK: [mem 0x79e18000-0x7ffcffff]
[    0.017452] ACPI: Early table checksum verification disabled
[    0.017570] ACPI: RSDP 0x00000000000F5220 000014 (v00 BOCHS )
[    0.017630] ACPI: RSDT 0x000000007FFE3D96 000040 (v01 BOCHS  BXPC     00000001 BXPC 00000001)
[    0.017679] ACPI: FACP 0x000000007FFE25E7 0000F4 (v03 BOCHS  BXPC     00000001 BXPC 00000001)
[    0.017708] ACPI: DSDT 0x000000007FFDF040 0035A7 (v01 BOCHS  BXPC     00000001 BXPC 00000001)
[    0.017726] ACPI: FACS 0x000000007FFDF000 000040
[    0.017736] ACPI: APIC 0x000000007FFE26DB 000170 (v03 BOCHS  BXPC     00000001 BXPC 00000001)
[    0.017746] ACPI: HPET 0x000000007FFE284B 000038 (v01 BOCHS  BXPC     00000001 BXPC 00000001)
[    0.017756] ACPI: SRAT 0x000000007FFE2883 0002D0 (v01 BOCHS  BXPC     00000001 BXPC 00000001)
[    0.017766] ACPI: MCFG 0x000000007FFE2B53 00003C (v01 BOCHS  BXPC     00000001 BXPC 00000001)
[    0.017776] ACPI: SSDT 0x000000007FFE2B8F 0011DF (v01 BOCHS  NVDIMM   00000001 BXPC 00000001)
[    0.017786] ACPI: WAET 0x000000007FFE3D6E 000028 (v01 BOCHS  BXPC     00000001 BXPC 00000001)
[    0.017794] ACPI: Reserving FACP table memory at [mem 0x7ffe25e7-0x7ffe26da]
[    0.017798] ACPI: Reserving DSDT table memory at [mem 0x7ffdf040-0x7ffe25e6]
[    0.017800] ACPI: Reserving FACS table memory at [mem 0x7ffdf000-0x7ffdf03f]
[    0.017803] ACPI: Reserving APIC table memory at [mem 0x7ffe26db-0x7ffe284a]
[    0.017805] ACPI: Reserving HPET table memory at [mem 0x7ffe284b-0x7ffe2882]
[    0.017807] ACPI: Reserving SRAT table memory at [mem 0x7ffe2883-0x7ffe2b52]
[    0.017810] ACPI: Reserving MCFG table memory at [mem 0x7ffe2b53-0x7ffe2b8e]
[    0.017812] ACPI: Reserving SSDT table memory at [mem 0x7ffe2b8f-0x7ffe3d6d]
[    0.017814] ACPI: Reserving WAET table memory at [mem 0x7ffe3d6e-0x7ffe3d95]
[    0.018265] ACPI: SRAT: Node 0 PXM 0 [mem 0x00000000-0x0009ffff]
[    0.018272] ACPI: SRAT: Node 0 PXM 0 [mem 0x00100000-0x7fffffff]
[    0.018276] ACPI: SRAT: Node 0 PXM 0 [mem 0x100000000-0x37fffffff]
[    0.018279] ACPI: SRAT: Node 0 PXM 0 [mem 0x380000000-0x1bffffffff] hotplug
[    0.018293] NUMA: Node 0 [mem 0x00001000-0x0009ffff] + [mem 0x00100000-0x7fffffff] -> [mem 0x00001000-0x7fffffff]
[    0.018298] NUMA: Node 0 [mem 0x00001000-0x7fffffff] + [mem 0x100000000-0x37fffffff] -> [mem 0x00001000-0x37fffffff]
[    0.018328] NODE_DATA(0) allocated [mem 0x37ffd3700-0x37fffdfff]
[    0.018814] crashkernel low memory reserved: 0x69000000 - 0x79000000 (256 MB)
[    0.018820] crashkernel reserved: 0x00000002ff000000 - 0x000000037f000000 (2048 MB)
[    0.018996] Zone ranges:
[    0.018999]   DMA      [mem 0x0000000000001000-0x0000000000ffffff]
[    0.019003]   DMA32    [mem 0x0000000001000000-0x00000000ffffffff]
[    0.019006]   Normal   [mem 0x0000000100000000-0x000000037fffffff]
[    0.019010]   Device   empty
[    0.019012] Movable zone start for each node
[    0.019015] Early memory node ranges
[    0.019017]   node   0: [mem 0x0000000000001000-0x000000000009efff]
[    0.019024]   node   0: [mem 0x0000000000100000-0x000000007ffd9fff]
[    0.019027]   node   0: [mem 0x0000000100000000-0x000000037fffffff]
[    0.019032] Initmem setup node 0 [mem 0x0000000000001000-0x000000037fffffff]
[    0.019598] On node 0, zone DMA: 1 pages in unavailable ranges
[    0.019926] On node 0, zone DMA: 97 pages in unavailable ranges
[    0.401904] On node 0, zone Normal: 38 pages in unavailable ranges
[    2.256798] kasan: KernelAddressSanitizer initialized
[    2.264719] ACPI: PM-Timer IO Port: 0x608
[    2.264845] ACPI: LAPIC_NMI (acpi_id[0xff] dfl dfl lint[0x1])
[    2.265277] IOAPIC[0]: apic_id 0, version 17, address 0xfec00000, GSI 0-23
[    2.265296] ACPI: INT_SRC_OVR (bus 0 bus_irq 0 global_irq 2 dfl dfl)
[    2.265302] ACPI: INT_SRC_OVR (bus 0 bus_irq 5 global_irq 5 high level)
[    2.265306] ACPI: INT_SRC_OVR (bus 0 bus_irq 9 global_irq 9 high level)
[    2.265318] ACPI: INT_SRC_OVR (bus 0 bus_irq 10 global_irq 10 high level)
[    2.265322] ACPI: INT_SRC_OVR (bus 0 bus_irq 11 global_irq 11 high level)
[    2.265338] ACPI: Using ACPI (MADT) for SMP configuration information
[    2.265342] ACPI: HPET id: 0x8086a201 base: 0xfed00000
[    2.265362] TSC deadline timer available
[    2.265376] CPU topo: Max. logical packages:   2
[    2.265379] CPU topo: Max. logical dies:       2
[    2.265381] CPU topo: Max. dies per package:   1
[    2.265389] CPU topo: Max. threads per core:   2
[    2.265391] CPU topo: Num. cores per package:     8
[    2.265393] CPU topo: Num. threads per package:  16
[    2.265395] CPU topo: Allowing 32 present CPUs plus 0 hotplug CPUs
[    2.265579] kvm-guest: APIC: eoi() replaced with kvm_guest_apic_eoi_write()
[    2.265771] kvm-guest: KVM setup pv remote TLB flush
[    2.265860] kvm-guest: setup PV sched yield
[    2.266059] PM: hibernation: Registered nosave memory: [mem 0x00000000-0x00000fff]
[    2.266066] PM: hibernation: Registered nosave memory: [mem 0x0009f000-0x0009ffff]
[    2.266069] PM: hibernation: Registered nosave memory: [mem 0x000a0000-0x000effff]
[    2.266071] PM: hibernation: Registered nosave memory: [mem 0x000f0000-0x000fffff]
[    2.266076] PM: hibernation: Registered nosave memory: [mem 0x7ffda000-0x7fffffff]
[    2.266079] PM: hibernation: Registered nosave memory: [mem 0x80000000-0xafffffff]
[    2.266081] PM: hibernation: Registered nosave memory: [mem 0xb0000000-0xbfffffff]
[    2.266083] PM: hibernation: Registered nosave memory: [mem 0xc0000000-0xfed1bfff]
[    2.266085] PM: hibernation: Registered nosave memory: [mem 0xfed1c000-0xfed1ffff]
[    2.266087] PM: hibernation: Registered nosave memory: [mem 0xfed20000-0xfeffbfff]
[    2.266090] PM: hibernation: Registered nosave memory: [mem 0xfeffc000-0xfeffffff]
[    2.266092] PM: hibernation: Registered nosave memory: [mem 0xff000000-0xfffbffff]
[    2.266094] PM: hibernation: Registered nosave memory: [mem 0xfffc0000-0xffffffff]
[    2.266107] [mem 0xc0000000-0xfed1bfff] available for PCI devices
[    2.266116] Booting paravirtualized kernel on KVM
[    2.266125] clocksource: refined-jiffies: mask: 0xffffffff max_cycles: 0xffffffff, max_idle_ns: 7645519600211568 ns
[    2.266203] setup_percpu: NR_CPUS:8192 nr_cpumask_bits:32 nr_cpu_ids:32 nr_node_ids:1
[    2.411455] percpu: Embedded 532 pages/cpu s2142208 r8192 d28672 u4194304
[    2.411517] pcpu-alloc: s2142208 r8192 d28672 u4194304 alloc=2*2097152
[    2.411525] pcpu-alloc: [0] 00 [0] 01 [0] 02 [0] 03 [0] 04 [0] 05 [0] 06 [0] 07 
[    2.411545] pcpu-alloc: [0] 08 [0] 09 [0] 10 [0] 11 [0] 12 [0] 13 [0] 14 [0] 15 
[    2.411564] pcpu-alloc: [0] 16 [0] 17 [0] 18 [0] 19 [0] 20 [0] 21 [0] 22 [0] 23 
[    2.411583] pcpu-alloc: [0] 24 [0] 25 [0] 26 [0] 27 [0] 28 [0] 29 [0] 30 [0] 31 
[    2.411928] kvm-guest: PV spinlocks enabled
[    2.411949] PV qspinlock hash table entries: 256 (order: 0, 4096 bytes, linear)
[    2.411966] Kernel command line: intremap=off console=ttyS0,115200 nokaslr root=/dev/vda1 crashkernel=1G-:2G
[    2.412242] Unknown kernel command line parameters "nokaslr", will be passed to user space.
[    2.412275] printk: log buffer data + meta data: 262144 + 917504 = 1179648 bytes
[    2.430897] Dentry cache hash table entries: 2097152 (order: 12, 16777216 bytes, linear)
[    2.438263] Inode-cache hash table entries: 1048576 (order: 11, 8388608 bytes, linear)
[    2.443182] Fallback order for Node 0: 0 
[    2.443215] Built 1 zonelists, mobility grouping on.  Total pages: 3145592
[    2.443219] Policy zone: Normal
[    2.443285] mem auto-init: stack:off, heap alloc:on, heap free:off
[    2.443296] stackdepot: allocating hash table via alloc_large_system_hash
[    2.443308] stackdepot hash table entries: 1048576 (order: 12, 16777216 bytes, linear)
[    2.458839] software IO TLB: area num 32.
[    3.255360] SLUB: HWalign=64, Order=0-3, MinObjects=0, CPUs=32, Nodes=1
[    3.256572] Kernel/User page tables isolation: enabled
[    3.257221] ftrace: allocating 52416 entries in 205 pages
[    3.568828] ftrace: allocated 205 pages with 5 groups
[    3.575907] Dynamic Preempt: voluntary
[    3.582741] Running RCU self tests
[    3.582744] Running RCU synchronous self tests
[    3.582805] rcu: Preemptible hierarchical RCU implementation.
[    3.582807] rcu: 	RCU lockdep checking is enabled.
[    3.582809] rcu: 	RCU restricting CPUs from NR_CPUS=8192 to nr_cpu_ids=32.
[    3.582813] 	Trampoline variant of Tasks RCU enabled.
[    3.582815] 	Rude variant of Tasks RCU enabled.
[    3.582816] 	Tracing variant of Tasks RCU enabled.
[    3.582818] rcu: RCU calculated value of scheduler-enlistment delay is 25 jiffies.
[    3.582821] rcu: Adjusting geometry for rcu_fanout_leaf=16, nr_cpu_ids=32
[    3.583389] Running RCU synchronous self tests
[    3.583434] RCU Tasks: Setting shift to 5 and lim to 1 rcu_task_cb_adjust=1 rcu_task_cpu_ids=32.
[    3.583461] RCU Tasks Rude: Setting shift to 5 and lim to 1 rcu_task_cb_adjust=1 rcu_task_cpu_ids=32.
[    3.583487] RCU Tasks Trace: Setting shift to 5 and lim to 1 rcu_task_cb_adjust=1 rcu_task_cpu_ids=32.
[    3.634716] NR_IRQS: 524544, nr_irqs: 680, preallocated irqs: 16
[    3.636672] rcu: srcu_init: Setting srcu_struct sizes based on contention.
[    3.750805] Console: colour VGA+ 80x25
[    3.751273] printk: legacy console [ttyS0] enabled
[    5.190917] Lock dependency validator: Copyright (c) 2006 Red Hat, Inc., Ingo Molnar
[    5.202017] ... MAX_LOCKDEP_SUBCLASSES:  8
[    5.207975] ... MAX_LOCK_DEPTH:          48
[    5.214027] ... MAX_LOCKDEP_KEYS:        8192
[    5.220315] ... CLASSHASH_SIZE:          4096
[    5.226644] ... MAX_LOCKDEP_ENTRIES:     32768
[    5.233021] ... MAX_LOCKDEP_CHAINS:      65536
[    5.239425] ... CHAINHASH_SIZE:          32768
[    5.245850]  memory used by lock dependency info: 6941 kB
[    5.253587]  memory used for stack traces: 4224 kB
[    5.260464]  per task-struct memory footprint: 2688 bytes
[    5.269391] ACPI: Core revision 20240827
[    5.278236] clocksource: hpet: mask: 0xffffffff max_cycles: 0xffffffff, max_idle_ns: 19112604467 ns
[    5.292258] APIC: Switch to symmetric I/O mode setup
[    5.303270] x2apic enabled
[    5.311237] APIC: Switched APIC routing to: physical x2apic
[    5.319324] kvm-guest: APIC: send_IPI_mask() replaced with kvm_send_ipi_mask()
[    5.329535] kvm-guest: APIC: send_IPI_mask_allbutself() replaced with kvm_send_ipi_mask_allbutself()
[    5.342168] kvm-guest: setup PV IPIs
[    5.363221] ..TIMER: vector=0x30 apic1=0 pin1=2 apic2=-1 pin2=-1
[    5.373058] clocksource: tsc-early: mask: 0xffffffffffffffff max_cycles: 0x2a48a50322c, max_idle_ns: 440795287943 ns
[    5.388971] Calibrating delay loop (skipped) preset value.. 5866.87 BogoMIPS (lpj=11733744)
[    5.397012] x86/cpu: User Mode Instruction Prevention (UMIP) activated
[    5.405566] Last level iTLB entries: 4KB 0, 2MB 0, 4MB 0
[    5.408959] Last level dTLB entries: 4KB 0, 2MB 0, 4MB 0, 1GB 0
[    5.413064] Spectre V1 : Mitigation: usercopy/swapgs barriers and __user pointer sanitization
[    5.416962] Spectre V2 : Mitigation: Retpolines
[    5.420959] Spectre V2 : Spectre v2 / SpectreRSB mitigation: Filling RSB on context switch
[    5.424959] Spectre V2 : Spectre v2 / SpectreRSB : Filling RSB on VMEXIT
[    5.428959] Spectre V2 : Enabling Restricted Speculation for firmware calls
[    5.432968] Spectre V2 : mitigation: Enabling conditional Indirect Branch Prediction Barrier
[    5.436959] Spectre V2 : User space: Mitigation: STIBP via prctl
[    5.440960] Speculative Store Bypass: Mitigation: Speculative Store Bypass disabled via prctl
[    5.444961] MDS: Vulnerable: Clear CPU buffers attempted, no microcode
[    5.448959] MMIO Stale Data: Unknown: No mitigations
[    5.452984] x86/fpu: x87 FPU will use FXSAVE
[    5.515780] Freeing SMP alternatives memory: 40K
[    5.516967] pid_max: default: 32768 minimum: 301
[    5.525775] LSM: initializing lsm=lockdown,capability,landlock,yama,apparmor,ima,evm
[    5.529866] landlock: Up and running.
[    5.532962] Yama: becoming mindful.
[    5.538229] AppArmor: AppArmor initialized
[    5.545983] Mount-cache hash table entries: 32768 (order: 6, 262144 bytes, linear)
[    5.549196] Mountpoint-cache hash table entries: 32768 (order: 6, 262144 bytes, linear)
[    5.562724] Running RCU synchronous self tests
[    5.564966] Running RCU synchronous self tests
[    5.571920] smpboot: CPU0: Intel Westmere E56xx/L56xx/X56xx (IBRS update) (family: 0x6, model: 0x2c, stepping: 0x1)
[    5.590340] Running RCU Tasks wait API self tests
[    5.697135] Running RCU Tasks Rude wait API self tests
[    5.700998] Running RCU Tasks Trace wait API self tests
[    5.705177] Performance Events: unsupported p6 CPU model 44 no PMU driver, software events only.
[    5.709528] signal: max sigframe size: 1440
[    5.713076] Callback from call_rcu_tasks_trace() invoked.
[    5.717707] rcu: Hierarchical SRCU implementation.
[    5.720991] rcu: 	Max phase no-delay instances is 1000.
[    5.726432] Timer migration: 2 hierarchy levels; 8 children per group; 2 crossnode level
[    5.741165] NMI watchdog: Perf NMI watchdog permanently disabled
[    5.757061] smp: Bringing up secondary CPUs ...
[    5.773824] smpboot: x86: Booting SMP configuration:
[    5.777016] .... node  #0, CPUs:        #2  #4  #6  #8 #10 #12 #14 #16 #18 #20 #22 #24 #26 #28
[    5.905105] Callback from call_rcu_tasks() invoked.
[    5.913749]  #30  #1  #3  #5  #7  #9 #11 #13 #15 #17 #19 #21 #23 #25 #27 #29 #31
[    6.117023] MDS CPU bug present and SMT on, data leak possible. See https://www.kernel.org/doc/html/latest/admin-guide/hw-vuln/mds.html for more details.
[    6.208993] smp: Brought up 1 node, 32 CPUs
[    6.213003] smpboot: Total of 32 processors activated (187739.90 BogoMIPS)
[    6.247403] Memory: 7997952K/12582368K available (53248K kernel code, 16294K rwdata, 13000K rodata, 9908K init, 22736K bss, 4537656K reserved, 0K cma-reserved)
[    6.257065] devtmpfs: initialized
[    6.262492] x86/mm: Memory block size: 128MB
[    6.351295] Running RCU synchronous self tests
[    6.353062] Running RCU synchronous self tests
[    6.357304] clocksource: jiffies: mask: 0xffffffff max_cycles: 0xffffffff, max_idle_ns: 7645041785100000 ns
[    6.363913] futex hash table entries: 8192 (order: 8, 1048576 bytes, linear)
[    6.368719] pinctrl core: initialized pinctrl subsystem
[    6.372365] PM: RTC time: 12:46:12, date: 2025-01-11
[    6.384040] NET: Registered PF_NETLINK/PF_ROUTE protocol family
[    6.389752] DMA: preallocated 1024 KiB GFP_KERNEL pool for atomic allocations
[    6.393414] DMA: preallocated 1024 KiB GFP_KERNEL|GFP_DMA pool for atomic allocations
[    6.397263] DMA: preallocated 1024 KiB GFP_KERNEL|GFP_DMA32 pool for atomic allocations
[    6.401673] audit: initializing netlink subsys (disabled)
[    6.405993] audit: type=2000 audit(1736599570.369:1): state=initialized audit_enabled=0 res=1
[    6.410832] thermal_sys: Registered thermal governor 'fair_share'
[    6.413078] thermal_sys: Registered thermal governor 'bang_bang'
[    6.416991] thermal_sys: Registered thermal governor 'step_wise'
[    6.420990] thermal_sys: Registered thermal governor 'user_space'
[    6.424991] thermal_sys: Registered thermal governor 'power_allocator'
[    6.429364] EISA bus registered
[    6.437387] cpuidle: using governor ladder
[    6.441288] cpuidle: using governor menu
[    6.447303] acpiphp: ACPI Hot Plug PCI Controller Driver version: 0.5
[    6.452440] PCI: ECAM [mem 0xb0000000-0xbfffffff] (base 0xb0000000) for domain 0000 [bus 00-ff]
[    6.452996] PCI: ECAM [mem 0xb0000000-0xbfffffff] reserved as E820 entry
[    6.550444] PCI: Using configuration type 1 for base access
[    6.555504] kprobes: kprobe jump-optimization is enabled. All kprobes are optimized if possible.
[    6.566686] HugeTLB: registered 1.00 GiB page size, pre-allocated 0 pages
[    6.569002] HugeTLB: 16380 KiB vmemmap can be freed for a 1.00 GiB page
[    6.573001] HugeTLB: registered 2.00 MiB page size, pre-allocated 0 pages
[    6.576987] HugeTLB: 28 KiB vmemmap can be freed for a 2.00 MiB page
[    6.667678] ACPI: Added _OSI(Module Device)
[    6.673050] ACPI: Added _OSI(Processor Device)
[    6.680991] ACPI: Added _OSI(3.0 _SCP Extensions)
[    6.689013] ACPI: Added _OSI(Processor Aggregator Device)
[    6.936901] ACPI: 2 ACPI AML tables successfully acquired and loaded
[    6.992140] ACPI: Interpreter enabled
[    7.001054] ACPI: PM: (supports S0 S3 S4 S5)
[    7.008450] ACPI: Using IOAPIC for interrupt routing
[    7.009890] PCI: Using host bridge windows from ACPI; if necessary, use "pci=nocrs" and report a bug
[    7.013033] PCI: Using E820 reservations for host bridge windows
[    7.025803] ACPI: Enabled 4 GPEs in block 00 to 3F
[    7.533084] ACPI: PCI Root Bridge [PCI0] (domain 0000 [bus 00-ff])
[    7.537081] acpi PNP0A08:00: _OSC: OS supports [ExtendedConfig ASPM ClockPM Segments MSI EDR HPX-Type3]
[    7.545895] acpi PNP0A08:00: _OSC: platform does not support [PCIeHotplug LTR DPC]
[    7.558568] acpi PNP0A08:00: _OSC: OS now controls [SHPCHotplug PME AER PCIeCapability]
[    7.569520] PCI host bridge to bus 0000:00
[    7.573306] pci_bus 0000:00: root bus resource [io  0x0000-0x0cf7 window]
[    7.577011] pci_bus 0000:00: root bus resource [io  0x0d00-0xffff window]
[    7.581962] pci_bus 0000:00: root bus resource [mem 0x000a0000-0x000bffff window]
[    7.585007] pci_bus 0000:00: root bus resource [mem 0x80000000-0xafffffff window]
[    7.589007] pci_bus 0000:00: root bus resource [mem 0xc0000000-0xfebfffff window]
[    7.593192] pci_bus 0000:00: root bus resource [mem 0x1c00000000-0x23ffffffff window]
[    7.597629] pci_bus 0000:00: root bus resource [bus 00-ff]
[    7.601669] pci 0000:00:00.0: [8086:29c0] type 00 class 0x060000 conventional PCI endpoint
[    7.614665] pci 0000:00:01.0: [1234:1111] type 00 class 0x030000 conventional PCI endpoint
[    7.624574] pci 0000:00:01.0: BAR 0 [mem 0xfd000000-0xfdffffff pref]
[    7.644948] pci 0000:00:01.0: BAR 2 [mem 0xfea50000-0xfea50fff]
[    7.673720] pci 0000:00:01.0: ROM [mem 0xfea40000-0xfea4ffff pref]
[    7.680545] pci 0000:00:01.0: Video device with shadowed ROM at [mem 0x000c0000-0x000dffff]
[    7.697657] pci 0000:00:01.0: pci_fixup_video+0x0/0x2d0 took 15625 usecs
[    7.723864] pci 0000:00:02.0: [1af4:1000] type 00 class 0x020000 conventional PCI endpoint
[    7.741031] pci 0000:00:02.0: BAR 0 [io  0xc040-0xc05f]
[    7.751978] pci 0000:00:02.0: BAR 1 [mem 0xfea51000-0xfea51fff]
[    7.773264] pci 0000:00:02.0: BAR 4 [mem 0xfe200000-0xfe203fff 64bit pref]
[    7.786888] pci 0000:00:02.0: ROM [mem 0xfea00000-0xfea3ffff pref]
[    7.807895] pci 0000:00:03.0: [1b36:000c] type 01 class 0x060400 PCIe Root Port
[    7.824037] pci 0000:00:03.0: BAR 0 [mem 0xfea52000-0xfea52fff]
[    7.848987] pci 0000:00:03.0: PCI bridge to [bus 01]
[    7.857475] pci 0000:00:03.0:   bridge window [mem 0xfe800000-0xfe9fffff]
[    7.877389] pci 0000:00:03.0:   bridge window [mem 0xfe000000-0xfe1fffff 64bit pref]
[    7.905055] pci 0000:00:04.0: [1af4:105b] type 00 class 0x00ff00 conventional PCI endpoint
[    7.924344] pci 0000:00:04.0: BAR 4 [mem 0xfe204000-0xfe207fff 64bit pref]
[    8.087634] pci 0000:00:1f.0: [8086:2918] type 00 class 0x060100 conventional PCI endpoint
[    8.107219] pci 0000:00:1f.0: quirk: [io  0x0600-0x067f] claimed by ICH6 ACPI/GPIO/TCO
[    8.121571] pci 0000:00:1f.0: quirk_ich7_lpc+0x0/0x1d0 took 15625 usecs
[    8.134836] pci 0000:00:1f.2: [8086:2922] type 00 class 0x010601 conventional PCI endpoint
[    8.163252] pci 0000:00:1f.2: BAR 4 [io  0xc060-0xc07f]
[    8.176990] pci 0000:00:1f.2: BAR 5 [mem 0xfea53000-0xfea53fff]
[    8.198028] pci 0000:00:1f.3: [8086:2930] type 00 class 0x0c0500 conventional PCI endpoint
[    8.209014] pci 0000:00:1f.3: BAR 4 [io  0x0700-0x073f]
[    8.227376] acpiphp: Slot [0] registered
[    8.231439] pci 0000:01:00.0: [1af4:1042] type 00 class 0x010000 PCIe Endpoint
[    8.241266] pci 0000:01:00.0: BAR 1 [mem 0xfe800000-0xfe800fff]
[    8.260782] pci 0000:01:00.0: BAR 4 [mem 0xfe000000-0xfe003fff 64bit pref]
[    8.352637] pci 0000:00:03.0: PCI bridge to [bus 01]
[    8.374239] ACPI: PCI: Interrupt link LNKA configured for IRQ 10
[    8.381968] ACPI: PCI: Interrupt link LNKB configured for IRQ 10
[    8.389333] ACPI: PCI: Interrupt link LNKC configured for IRQ 11
[    8.397429] ACPI: PCI: Interrupt link LNKD configured for IRQ 11
[    8.406031] ACPI: PCI: Interrupt link LNKE configured for IRQ 10
[    8.414445] ACPI: PCI: Interrupt link LNKF configured for IRQ 10
[    8.421458] ACPI: PCI: Interrupt link LNKG configured for IRQ 11
[    8.430002] ACPI: PCI: Interrupt link LNKH configured for IRQ 11
[    8.434942] ACPI: PCI: Interrupt link GSIA configured for IRQ 16
[    8.437624] ACPI: PCI: Interrupt link GSIB configured for IRQ 17
[    8.441589] ACPI: PCI: Interrupt link GSIC configured for IRQ 18
[    8.445752] ACPI: PCI: Interrupt link GSID configured for IRQ 19
[    8.449585] ACPI: PCI: Interrupt link GSIE configured for IRQ 20
[    8.453748] ACPI: PCI: Interrupt link GSIF configured for IRQ 21
[    8.457550] ACPI: PCI: Interrupt link GSIG configured for IRQ 22
[    8.461681] ACPI: PCI: Interrupt link GSIH configured for IRQ 23
[    8.613982] iommu: Default domain type: Translated
[    8.616994] iommu: DMA domain TLB invalidation policy: lazy mode
[    8.640623] SCSI subsystem initialized
[    8.642298] libata version 3.00 loaded.
[    8.645268] ACPI: bus type USB registered
[    8.650042] usbcore: registered new interface driver usbfs
[    8.653464] usbcore: registered new interface driver hub
[    8.657531] usbcore: registered new device driver usb
[    8.662338] pps_core: LinuxPPS API ver. 1 registered
[    8.664989] pps_core: Software ver. 5.3.6 - Copyright 2005-2007 Rodolfo Giometti <giometti@linux.it>
[    8.669124] PTP clock support registered
[    8.677260] EDAC MC: Ver: 3.0.0
[    8.707276] NetLabel: Initializing
[    8.708988] NetLabel:  domain hash size = 128
[    8.712992] NetLabel:  protocols = UNLABELED CIPSOv4 CALIPSO
[    8.717891] NetLabel:  unlabeled traffic allowed by default
[    8.725780] PCI: Using ACPI for IRQ routing
[   10.842734] PCI: pci_cache_line_size set to 64 bytes
[   10.844749] e820: reserve RAM buffer [mem 0x0009fc00-0x0009ffff]
[   10.844862] e820: reserve RAM buffer [mem 0x7ffda000-0x7fffffff]
[   10.846705] pci 0000:00:01.0: vgaarb: setting as boot VGA device
[   10.848948] pci 0000:00:01.0: vgaarb: bridge control possible
[   10.848948] pci 0000:00:01.0: vgaarb: VGA device added: decodes=io+mem,owns=io+mem,locks=none
[   10.849012] vgaarb: loaded
[   10.854486] hpet0: at MMIO 0xfed00000, IRQs 2, 8, 0
[   10.856998] hpet0: 3 comparators, 64-bit 100.000000 MHz counter
[   10.886617] clocksource: Switched to clocksource kvm-clock
[   10.910524] VFS: Disk quotas dquot_6.6.0
[   10.917421] VFS: Dquot-cache hash table entries: 512 (order 0, 4096 bytes)
[   10.938677] AppArmor: AppArmor Filesystem Enabled
[   10.947365] pnp: PnP ACPI init
[   10.961702] system 00:05: [mem 0xb0000000-0xbfffffff window] has been reserved
[   11.008402] pnp: PnP ACPI: found 6 devices
[   11.105410] clocksource: acpi_pm: mask: 0xffffff max_cycles: 0xffffff, max_idle_ns: 2085701024 ns
[   11.123425] NET: Registered PF_INET protocol family
[   11.135333] IP idents hash table entries: 262144 (order: 9, 2097152 bytes, linear)
[   11.162178] tcp_listen_portaddr_hash hash table entries: 8192 (order: 7, 655360 bytes, linear)
[   11.176679] Table-perturb hash table entries: 65536 (order: 6, 262144 bytes, linear)
[   11.190811] TCP established hash table entries: 131072 (order: 8, 1048576 bytes, linear)
[   11.218500] TCP bind hash table entries: 65536 (order: 11, 10485760 bytes, vmalloc hugepage)
[   11.237411] TCP: Hash tables configured (established 131072 bind 65536)
[   11.255143] MPTCP token hash table entries: 16384 (order: 8, 1572864 bytes, linear)
[   11.273283] UDP hash table entries: 8192 (order: 9, 2490368 bytes, linear)
[   11.290390] UDP-Lite hash table entries: 8192 (order: 9, 2490368 bytes, linear)
[   11.307295] NET: Registered PF_UNIX/PF_LOCAL protocol family
[   11.317063] NET: Registered PF_XDP protocol family
[   11.325299] pci 0000:00:03.0: bridge window [io  0x1000-0x0fff] to [bus 01] add_size 1000
[   11.338627] pci 0000:00:03.0: bridge window [io  0x1000-0x1fff]: assigned
[   11.349668] pci 0000:00:03.0: PCI bridge to [bus 01]
[   11.358009] pci 0000:00:03.0:   bridge window [io  0x1000-0x1fff]
[   11.370730] pci 0000:00:03.0:   bridge window [mem 0xfe800000-0xfe9fffff]
[   11.383280] pci 0000:00:03.0:   bridge window [mem 0xfe000000-0xfe1fffff 64bit pref]
[   11.397899] pci_bus 0000:00: resource 4 [io  0x0000-0x0cf7 window]
[   11.408359] pci_bus 0000:00: resource 5 [io  0x0d00-0xffff window]
[   11.418266] pci_bus 0000:00: resource 6 [mem 0x000a0000-0x000bffff window]
[   11.429196] pci_bus 0000:00: resource 7 [mem 0x80000000-0xafffffff window]
[   11.440203] pci_bus 0000:00: resource 8 [mem 0xc0000000-0xfebfffff window]
[   11.451024] pci_bus 0000:00: resource 9 [mem 0x1c00000000-0x23ffffffff window]
[   11.462796] pci_bus 0000:01: resource 0 [io  0x1000-0x1fff]
[   11.471922] pci_bus 0000:01: resource 1 [mem 0xfe800000-0xfe9fffff]
[   11.481936] pci_bus 0000:01: resource 2 [mem 0xfe000000-0xfe1fffff 64bit pref]
[   11.494984] PCI: CLS 0 bytes, default 64
[   11.502439] PCI-DMA: Using software bounce buffering for IO (SWIOTLB)
[   11.506354] Trying to unpack rootfs image as initramfs...
[   11.512941] software IO TLB: mapped [mem 0x0000000065000000-0x0000000069000000] (64MB)
[   11.537035] clocksource: tsc: mask: 0xffffffffffffffff max_cycles: 0x2a48a50322c, max_idle_ns: 440795287943 ns
[   11.579642] Initialise system trusted keyrings
[   11.588216] Key type blacklist registered
[   11.600276] workingset: timestamp_bits=36 max_order=21 bucket_order=0
[   11.612906] zbud: loaded
[   11.633613] squashfs: version 4.0 (2009/01/31) Phillip Lougher
[   11.650931] fuse: init (API version 7.41)
[   11.666270] integrity: Platform Keyring initialized
[   11.707832] Key type asymmetric registered
[   11.715033] Asymmetric key parser 'x509' registered
[   11.724204] Block layer SCSI generic (bsg) driver version 0.4 loaded (major 243)
[   11.743620] io scheduler mq-deadline registered
[   11.791783] ledtrig-cpu: registered to indicate activity on CPUs
[   11.837112] ACPI: \_SB_.GSIH: Enabled at IRQ 23
[   11.855410] pcieport 0000:00:03.0: PME: Signaling with IRQ 24
[   11.869257] pcieport 0000:00:03.0: AER: enabled with IRQ 24
[   11.887419] shpchp: Standard Hot Plug PCI Controller Driver version: 0.4
[   11.906461] input: Power Button as /devices/LNXSYSTM:00/LNXPWRBN:00/input/input0
[   11.925898] ACPI: button: Power Button [PWRF]
[   12.069030] ACPI: \_SB_.GSIG: Enabled at IRQ 22
[   12.121368] ACPI: \_SB_.GSIE: Enabled at IRQ 20
[   12.189055] Serial: 8250/16550 driver, 32 ports, IRQ sharing enabled
[   12.255324] 00:03: ttyS0 at I/O 0x3f8 (irq = 4, base_baud = 115200) is a 16550A
[   12.402879] Linux agpgart interface v0.103
[   12.614024] loop: module loaded
[   12.631096] tun: Universal TUN/TAP device driver, 1.6
[   12.641476] PPP generic driver version 2.4.2
[   12.652999] VFIO - User Level meta-driver version: 0.3
[   12.666007] i8042: PNP: PS/2 Controller [PNP0303:KBD,PNP0f13:MOU] at 0x60,0x64 irq 1,12
[   12.687061] serio: i8042 KBD port at 0x60,0x64 irq 1
[   12.695800] serio: i8042 AUX port at 0x60,0x64 irq 12
[   12.707558] mousedev: PS/2 mouse device common for all mice
[   12.721398] rtc_cmos 00:04: RTC can wake from S4
[   12.726447] input: AT Translated Set 2 keyboard as /devices/platform/i8042/serio0/input/input1
[   12.755400] rtc_cmos 00:04: registered as rtc0
[   12.764601] rtc_cmos 00:04: setting system clock to 2025-01-11T12:46:19 UTC (1736599579)
[   12.779518] rtc_cmos 00:04: alarms up to one day, y3k, 242 bytes nvram, hpet irqs
[   12.792448] i2c_dev: i2c /dev entries driver
[   12.803069] device-mapper: core: CONFIG_IMA_DISABLE_HTABLE is disabled. Duplicate IMA measurements will not be recorded in the IMA log.
[   12.825958] device-mapper: uevent: version 1.0.3
[   12.837846] device-mapper: ioctl: 4.48.0-ioctl (2023-03-01) initialised: dm-devel@lists.linux.dev
[   12.855965] platform eisa.0: Probing EISA bus 0
[   12.864896] platform eisa.0: EISA: Cannot allocate resource for mainboard
[   12.877613] platform eisa.0: Cannot allocate resource for EISA slot 1
[   12.890032] platform eisa.0: Cannot allocate resource for EISA slot 2
[   12.902827] platform eisa.0: Cannot allocate resource for EISA slot 3
[   12.915218] platform eisa.0: Cannot allocate resource for EISA slot 4
[   12.927469] platform eisa.0: Cannot allocate resource for EISA slot 5
[   12.939770] platform eisa.0: Cannot allocate resource for EISA slot 6
[   12.952010] platform eisa.0: Cannot allocate resource for EISA slot 7
[   12.964435] platform eisa.0: Cannot allocate resource for EISA slot 8
[   12.976851] platform eisa.0: EISA: Detected 0 cards
[   12.986284] intel_pstate: CPU model not supported
[   12.998493] drop_monitor: Initializing network drop monitor service
[   13.013660] NET: Registered PF_INET6 protocol family
[   15.706792] Freeing initrd memory: 100064K
[   15.826491] Segment Routing with IPv6
[   15.833012] In-situ OAM (IOAM) with IPv6
[   15.840756] NET: Registered PF_PACKET protocol family
[   15.851174] Key type dns_resolver registered
[   15.912893] IPI shorthand broadcast: enabled
[   16.021101] registered taskstats version 1
[   16.054975] Loading compiled-in X.509 certificates
[   16.213737] Demotion targets for Node 0: null
[   16.222645] kmemleak: Kernel memory leak detector initialized (mem pool available: 14031)
[   16.223008] kmemleak: Automatic memory scanning thread started
[   16.241154] Key type .fscrypt registered
[   16.251995] Key type fscrypt-provisioning registered
[   16.332446] cryptd: module verification failed: signature and/or required key missing - tainting kernel
[   16.357552] cryptd: max_cpu_qlen set to 1000
[   16.557355] Key type encrypted registered
[   16.565135] AppArmor: AppArmor sha256 policy hashing enabled
[   16.574630] ima: No TPM chip found, activating TPM-bypass!
[   16.583604] Loading compiled-in module X.509 certificates
[   16.592521] ima: Allocated hash algorithm: sha1
[   16.600834] ima: No architecture policies found
[   16.609740] evm: Initialising EVM extended attributes:
[   16.618216] evm: security.selinux
[   16.623709] evm: security.SMACK64
[   16.629333] evm: security.SMACK64EXEC
[   16.635437] evm: security.SMACK64TRANSMUTE
[   16.642458] evm: security.SMACK64MMAP
[   16.648566] evm: security.apparmor
[   16.654259] evm: security.ima
[   16.659297] evm: security.capability
[   16.665280] evm: HMAC attrs: 0x1
[   16.685852] PM:   Magic number: 9:303:784
[   16.697444] RAS: Correctable Errors collector initialized.
[   16.710859] Unstable clock detected, switching default tracing clock to "global"
               If you want to keep using the local clock, then add:
                 "trace_clock=local"
               on the kernel command line
[   16.750071] clk: Disabling unused clocks
[   16.827500] Freeing unused decrypted memory: 2036K
[   16.862855] Freeing unused kernel image (initmem) memory: 9908K
[   16.873267] Write protecting the kernel read-only data: 67584k
[   16.887050] Freeing unused kernel image (rodata/data gap) memory: 1336K
[   16.963777] x86/mm: Checked W+X mappings: passed, no W+X pages found.
[   16.973361] x86/mm: Checking user space page tables
[   17.043127] x86/mm: Checked W+X mappings: passed, no W+X pages found.
[   17.053279] Run /init as init process
[   17.058914]   with arguments:
[   17.058932]     /init
[   17.058939]     nokaslr
[   17.058946]   with environment:
[   17.058953]     HOME=/
[   17.058959]     TERM=linux
[   19.926440] lpc_ich 0000:00:1f.0: I/O space for GPIO uninitialized
[   20.010667] ahci 0000:00:1f.2: version 3.0
[   20.013001] virtio_blk virtio2: 32/0/0 default/read/poll queues
[   20.074420] input: VirtualPS/2 VMware VMMouse as /devices/platform/i8042/serio1/input/input4
[   20.108180] ACPI: \_SB_.GSIA: Enabled at IRQ 16
[   20.130831] i801_smbus 0000:00:1f.3: SMBus using PCI interrupt
[   20.153510] ahci 0000:00:1f.2: AHCI vers 0001.0000, 32 command slots, 1.5 Gbps, SATA mode
[   20.164962] input: VirtualPS/2 VMware VMMouse as /devices/platform/i8042/serio1/input/input3
[   20.166351] ahci 0000:00:1f.2: 6/6 ports implemented (port mask 0x3f)
[   20.189392] ahci 0000:00:1f.2: flags: 64bit ncq only 
[   20.210578] i2c i2c-0: Memory type 0x07 not supported yet, not instantiating SPD
[   20.393459] scsi host0: ahci
[   20.419540] scsi host1: ahci
[   20.439608] scsi host2: ahci
[   20.450195] virtio_blk virtio2: [vda] 209715200 512-byte logical blocks (107 GB/100 GiB)
[   20.467531] scsi host3: ahci
[   20.536103] scsi host4: ahci
[   20.549368] scsi host5: ahci
[   20.557348] ata1: SATA max UDMA/133 abar m4096@0xfea53000 port 0xfea53100 irq 35 lpm-pol 0
[   20.567390] ata2: SATA max UDMA/133 abar m4096@0xfea53000 port 0xfea53180 irq 35 lpm-pol 0
[   20.578789] ata3: SATA max UDMA/133 abar m4096@0xfea53000 port 0xfea53200 irq 35 lpm-pol 0
[   20.591196] ata4: SATA max UDMA/133 abar m4096@0xfea53000 port 0xfea53280 irq 35 lpm-pol 0
[   20.603824] ata5: SATA max UDMA/133 abar m4096@0xfea53000 port 0xfea53300 irq 35 lpm-pol 0
[   20.607049]  vda: vda1 vda14 vda15
[   20.615778] ata6: SATA max UDMA/133 abar m4096@0xfea53000 port 0xfea53380 irq 35 lpm-pol 0
[   20.796017] virtio_net virtio0 enp0s2: renamed from eth0
[   20.949706] ata5: SATA link down (SStatus 0 SControl 300)
[   20.958674] ata3: SATA link up 1.5 Gbps (SStatus 113 SControl 300)
[   20.968537] ata2: SATA link up 1.5 Gbps (SStatus 113 SControl 300)
[   20.980478] ata6: SATA link down (SStatus 0 SControl 300)
[   20.989862] ata1: SATA link up 1.5 Gbps (SStatus 113 SControl 300)
[   20.998818] ata4: SATA link up 1.5 Gbps (SStatus 113 SControl 300)
[   21.006601] ata3.00: ATA-7: QEMU HARDDISK, 2.5+, max UDMA/100
[   21.014670] ata3.00: 20971520 sectors, multi 16: LBA48 NCQ (depth 32)
[   21.023022] ata3.00: applying bridge limits
[   21.028698] ata1.00: ATA-7: QEMU HARDDISK, 2.5+, max UDMA/100
[   21.035438] ata1.00: 20971520 sectors, multi 16: LBA48 NCQ (depth 32)
[   21.043089] ata1.00: applying bridge limits
[   21.048214] ata2.00: ATA-7: QEMU HARDDISK, 2.5+, max UDMA/100
[   21.057515] ata2.00: 20971520 sectors, multi 16: LBA48 NCQ (depth 32)
[   21.067803] ata2.00: applying bridge limits
[   21.074262] ata4.00: ATA-7: QEMU HARDDISK, 2.5+, max UDMA/100
[   21.080950] ata4.00: 20971520 sectors, multi 16: LBA48 NCQ (depth 32)
[   21.088361] ata4.00: applying bridge limits
[   21.095016] ata1.00: configured for UDMA/100
[   21.100375] ata2.00: configured for UDMA/100
[   21.105805] scsi 0:0:0:0: Direct-Access     ATA      QEMU HARDDISK    2.5+ PQ: 0 ANSI: 5
[   21.107612] ata3.00: configured for UDMA/100
[   21.121612] ata4.00: configured for UDMA/100
[   21.128023] sd 0:0:0:0: Attached scsi generic sg0 type 0
[   21.129139] sd 0:0:0:0: [sda] 20971520 512-byte logical blocks: (10.7 GB/10.0 GiB)
[   21.138029] scsi 1:0:0:0: Direct-Access     ATA      QEMU HARDDISK    2.5+ PQ: 0 ANSI: 5
[   21.146743] sd 0:0:0:0: [sda] Write Protect is off
[   21.162505] sd 0:0:0:0: [sda] Mode Sense: 00 3a 00 00
[   21.162733] sd 1:0:0:0: Attached scsi generic sg1 type 0
[   21.162757] sd 0:0:0:0: [sda] Write cache: enabled, read cache: enabled, doesn't support DPO or FUA
[   21.163379] sd 1:0:0:0: [sdb] 20971520 512-byte logical blocks: (10.7 GB/10.0 GiB)
[   21.163532] sd 1:0:0:0: [sdb] Write Protect is off
[   21.163562] sd 1:0:0:0: [sdb] Mode Sense: 00 3a 00 00
[   21.163876] sd 1:0:0:0: [sdb] Write cache: enabled, read cache: enabled, doesn't support DPO or FUA
[   21.164861] sd 1:0:0:0: [sdb] Preferred minimum I/O size 512 bytes
[   21.172832] scsi 2:0:0:0: Direct-Access     ATA      QEMU HARDDISK    2.5+ PQ: 0 ANSI: 5
[   21.180548] sd 0:0:0:0: [sda] Preferred minimum I/O size 512 bytes
[   21.203047] sd 2:0:0:0: [sdc] 20971520 512-byte logical blocks: (10.7 GB/10.0 GiB)
[   21.203070] sd 2:0:0:0: Attached scsi generic sg2 type 0
[   21.207089] scsi 3:0:0:0: Direct-Access     ATA      QEMU HARDDISK    2.5+ PQ: 0 ANSI: 5
[   21.216748] sd 3:0:0:0: [sdd] 20971520 512-byte logical blocks: (10.7 GB/10.0 GiB)
[   21.217212] sd 3:0:0:0: Attached scsi generic sg3 type 0
[   21.225894] sd 2:0:0:0: [sdc] Write Protect is off
[   21.233188] sd 3:0:0:0: [sdd] Write Protect is off
[   21.242566] sd 2:0:0:0: [sdc] Mode Sense: 00 3a 00 00
[   21.250240] sd 3:0:0:0: [sdd] Mode Sense: 00 3a 00 00
[   21.262497] sd 2:0:0:0: [sdc] Write cache: enabled, read cache: enabled, doesn't support DPO or FUA
[   21.273143] sd 3:0:0:0: [sdd] Write cache: enabled, read cache: enabled, doesn't support DPO or FUA
[   21.281917] sd 2:0:0:0: [sdc] Preferred minimum I/O size 512 bytes
[   21.289279] sd 3:0:0:0: [sdd] Preferred minimum I/O size 512 bytes
[   21.292968] sd 1:0:0:0: [sdb] Attached SCSI disk
[   21.305502] sd 0:0:0:0: [sda] Attached SCSI disk
[   21.368910] sd 2:0:0:0: [sdc] Attached SCSI disk
[   21.384769] sd 3:0:0:0: [sdd] Attached SCSI disk
[   21.427813] nd_pmem namespace0.0: unable to guarantee persistence of writes
[   25.060455] raid6: sse2x4   gen()  9302 MB/s
[   25.132374] raid6: sse2x2   gen()  9268 MB/s
[   25.204452] raid6: sse2x1   gen()  8257 MB/s
[   25.210443] raid6: using algorithm sse2x4 gen() 9302 MB/s
[   25.284458] raid6: .... xor() 4349 MB/s, rmw enabled
[   25.291352] raid6: using ssse3x2 recovery algorithm
[   25.306541] xor: measuring software checksum speed
[   25.313094]    prefetch64-sse  : 16003 MB/sec
[   25.318890]    generic_sse     : 13795 MB/sec
[   25.324711] xor: using function: prefetch64-sse (16003 MB/sec)
[   25.339640] async_tx: api initialized (async)
[   26.715819] Btrfs loaded, zoned=yes, fsverity=yes
[   27.640496] EXT4-fs (vda1): mounted filesystem 26c50908-598b-4e8e-871e-35718a3a1426 ro with ordered data mode. Quota mode: none.
[   28.903567] systemd[1]: Inserted module 'autofs4'
[   29.099447] systemd[1]: systemd 249.11-0ubuntu3.10 running in system mode (+PAM +AUDIT +SELINUX +APPARMOR +IMA +SMACK +SECCOMP +GCRYPT +GNUTLS +OPENSSL +ACL +BLKID +CURL +ELFUTILS +FIDO2 +IDN2 -IDN +IPTC +KMOD +LIBCRYPTSETUP +LIBFDISK +PCRE2 -PWQUALITY -P11KIT -QRENCODE +BZIP2 +LZ4 +XZ +ZLIB +ZSTD -XKBCOMMON +UTMP +SYSVINIT default-hierarchy=unified)
[   29.145479] systemd[1]: Detected virtualization kvm.
[   29.153324] systemd[1]: Detected architecture x86-64.
[   29.178247] systemd[1]: Hostname set to <qemu-2>.
[   29.785506] block vda: the capability attribute has been deprecated.
[   29.972894] random: crng init done
[   31.064891] systemd[1]: Queued start job for default target Graphical Interface.
[   31.163774] systemd[1]: Created slice Slice /system/modprobe.
[   31.198506] systemd[1]: Created slice Slice /system/serial-getty.
[   31.229101] systemd[1]: Created slice Slice /system/systemd-fsck.
[   31.259074] systemd[1]: Created slice User and Session Slice.
[   31.277448] systemd[1]: Started Forward Password Requests to Wall Directory Watch.
[   31.303408] systemd[1]: Set up automount Arbitrary Executable File Formats File System Automount Point.
[   31.327706] systemd[1]: Reached target Slice Units.
[   31.342472] systemd[1]: Reached target Mounting snaps.
[   31.358094] systemd[1]: Reached target Swaps.
[   31.371931] systemd[1]: Reached target Local Verity Protected Volumes.
[   31.392658] systemd[1]: Listening on Device-mapper event daemon FIFOs.
[   31.414756] systemd[1]: Listening on LVM2 poll daemon socket.
[   31.434142] systemd[1]: Listening on multipathd control socket.
[   31.618481] systemd[1]: Listening on RPCbind Server Activation Socket.
[   31.638628] systemd[1]: Listening on Syslog Socket.
[   31.654980] systemd[1]: Listening on fsck to fsckd communication Socket.
[   31.674681] systemd[1]: Listening on initctl Compatibility Named Pipe.
[   31.696843] systemd[1]: Listening on Journal Audit Socket.
[   31.714941] systemd[1]: Listening on Journal Socket (/dev/log).
[   31.735040] systemd[1]: Listening on Journal Socket.
[   31.751394] systemd[1]: Listening on Network Service Netlink Socket.
[   31.775053] systemd[1]: Listening on udev Control Socket.
[   31.794987] systemd[1]: Listening on udev Kernel Socket.
[   31.877404] systemd[1]: Mounting Huge Pages File System...
[   31.922271] systemd[1]: Mounting POSIX Message Queue File System...
[   31.971900] systemd[1]: Mounting Kernel Debug File System...
[   32.020869] systemd[1]: Mounting Kernel Trace File System...
[   32.088809] systemd[1]: Starting Journal Service...
[   32.103872] systemd[1]: Condition check resulted in Kernel Module supporting RPCSEC_GSS being skipped.
[   32.182397] systemd[1]: Starting Set the console keyboard layout...
[   32.237896] systemd[1]: Starting Create List of Static Device Nodes...
[   32.295582] systemd[1]: Starting Monitoring of LVM2 mirrors, snapshots etc. using dmeventd or progress polling...
[   32.326997] systemd[1]: Condition check resulted in LXD - agent being skipped.
[   32.398858] systemd[1]: Starting Load Kernel Module configfs...
[   32.448891] systemd[1]: Starting Load Kernel Module drm...
[   32.496134] systemd[1]: Starting Load Kernel Module efi_pstore...
[   32.550493] systemd[1]: Starting Load Kernel Module fuse...
[   32.576032] systemd[1]: Condition check resulted in OpenVSwitch configuration for cleanup being skipped.
[   32.588668] systemd[1]: Condition check resulted in File System Check on Root Device being skipped.
[   32.670447] systemd[1]: Starting Load Kernel Modules...
[   32.719981] systemd[1]: Starting Remount Root and Kernel File Systems...
[   32.781044] ACPI: bus type drm_connector registered
[   32.785879] systemd[1]: Starting Coldplug All udev Devices...
[   32.863219] systemd[1]: Started Journal Service.
[   32.952846] EXT4-fs (vda1): re-mounted 26c50908-598b-4e8e-871e-35718a3a1426 r/w. Quota mode: none.
[   33.457547] alua: device handler registered
[   33.474659] emc: device handler registered
[   33.500131] rdac: device handler registered
[   33.516582] systemd-journald[591]: Received client request to flush runtime journal.
[   33.558135] systemd-journald[591]: File /var/log/journal/02c9a06a7911097a3b638c9756cf2e6e/system.journal corrupted or uncleanly shut down, renaming and replacing.
[   34.437857] loop0: detected capacity change from 0 to 130888
[   34.454655] loop1: detected capacity change from 0 to 130448
[   34.540993] loop2: detected capacity change from 0 to 229272
[   34.553902] loop3: detected capacity change from 0 to 178256
[   34.610479] loop4: detected capacity change from 0 to 82800
[   34.666777] loop5: detected capacity change from 0 to 79520
[   36.799796] parport_pc 00:02: reported by Plug and Play ACPI
[   36.844937] parport0: PC-style at 0x378, irq 7 [PCSPP,TRISTATE]
[   39.392954] ppdev: user-space parallel port driver
[   41.135729] kvm_intel: VM_EXIT_LOAD_IA32_PERF_GLOBAL_CTRL does not work properly. Using workaround
[   41.707053] audit: type=1400 audit(1736599608.440:2): apparmor="STATUS" operation="profile_load" profile="unconfined" name="nvidia_modprobe" pid=1281 comm="apparmor_parser"
[   41.707238] audit: type=1400 audit(1736599608.440:3): apparmor="STATUS" operation="profile_load" profile="unconfined" name="nvidia_modprobe//kmod" pid=1281 comm="apparmor_parser"
[   41.712535] audit: type=1400 audit(1736599608.444:4): apparmor="STATUS" operation="profile_load" profile="unconfined" name="lsb_release" pid=1280 comm="apparmor_parser"
[   41.722161] audit: type=1400 audit(1736599608.456:5): apparmor="STATUS" operation="profile_load" profile="unconfined" name="/usr/bin/man" pid=1283 comm="apparmor_parser"
[   41.722417] audit: type=1400 audit(1736599608.456:6): apparmor="STATUS" operation="profile_load" profile="unconfined" name="man_filter" pid=1283 comm="apparmor_parser"
[   41.723008] audit: type=1400 audit(1736599608.456:7): apparmor="STATUS" operation="profile_load" profile="unconfined" name="man_groff" pid=1283 comm="apparmor_parser"
[   41.726438] audit: type=1400 audit(1736599608.460:8): apparmor="STATUS" operation="profile_load" profile="unconfined" name="swtpm" pid=1285 comm="apparmor_parser"
[   41.735068] audit: type=1400 audit(1736599608.468:9): apparmor="STATUS" operation="profile_load" profile="unconfined" name="tcpdump" pid=1286 comm="apparmor_parser"
[   41.739228] audit: type=1400 audit(1736599608.472:10): apparmor="STATUS" operation="profile_load" profile="unconfined" name="virt-aa-helper" pid=1287 comm="apparmor_parser"
[   41.743056] audit: type=1400 audit(1736599608.476:11): apparmor="STATUS" operation="profile_load" profile="unconfined" name="libvirtd" pid=1289 comm="apparmor_parser"
[   43.364903] RPC: Registered named UNIX socket transport module.
[   43.364931] RPC: Registered udp transport module.
[   43.364939] RPC: Registered tcp transport module.
[   43.364947] RPC: Registered tcp-with-tls transport module.
[   43.364955] RPC: Registered tcp NFSv4.1 backchannel transport module.
[   47.910056] loop6: detected capacity change from 0 to 8
[   56.527694] netfs: FS-Cache loaded
[   57.871977] NFS: Registering the id_resolver key type
[   57.872178] Key type id_resolver registered
[   57.872189] Key type id_legacy registered
[   77.392502] cbd: loading out-of-tree module taints kernel.
[   83.805757] cbd: backend_validate:554 cbd_transport0: duplicated backend path: /dev/sda with backend_id: 0
[   85.459175] cbd: backend_validate:544 cbd_transport0: found backend_id: 0 for host_id: 1, path: /dev/sda
[   85.465865] cbd: cbd_backend_init:394 cbd_transport0: attach backend to backend_id: 0
[  121.443564] cbd: cache_validate:304 cbd_transport0: n_paral 1 requires cache size (167772160), more than current (16777216).
[  127.109925] cbd: backend_open_bdev:284 cbd_transport0: backend0: failed to open bdev: -2
[  129.902072] cbd: cache_validate:311 cbd_transport0: too large cache_segs: 32768, segment_num: 1405
[  138.731071] ==== end /root/avocado/job-results/job-2025-01-09T22.24-1680aba/test-results/232-._cbdctrl.py_CbdctrlTest.test_run-cache_data_crc-enable-cache_for_xfstests-no_cache-channel_crc-disable-channel_data_crc-host_mode-multi_host-multihost-test_script-backend-8c46 ==== 
