[    0.000000] Linux version 6.13.0-rc5+ (root@ubuntu-22-04-server) (gcc (Ubuntu 11.4.0-1ubuntu1~22.04) 11.4.0, GNU ld (GNU Binutils for Ubuntu) 2.38) #2 SMP PREEMPT_DYNAMIC Fri Jan  3 15:43:06 CST 2025
[    0.000000] Command line: intremap=off console=ttyS0,115200 nokaslr root=/dev/vda1 crashkernel=1G-:2G
[    0.000000] KERNEL supported cpus:
[    0.000000]   Intel GenuineIntel
[    0.000000]   AMD AuthenticAMD
[    0.000000]   Hygon HygonGenuine
[    0.000000]   Centaur CentaurHauls
[    0.000000]   zhaoxin   Shanghai  
[    0.000000] BIOS-provided physical RAM map:
[    0.000000] BIOS-e820: [mem 0x0000000000000000-0x000000000009fbff] usable
[    0.000000] BIOS-e820: [mem 0x000000000009fc00-0x000000000009ffff] reserved
[    0.000000] BIOS-e820: [mem 0x00000000000f0000-0x00000000000fffff] reserved
[    0.000000] BIOS-e820: [mem 0x0000000000100000-0x000000007ffd9fff] usable
[    0.000000] BIOS-e820: [mem 0x000000007ffda000-0x000000007fffffff] reserved
[    0.000000] BIOS-e820: [mem 0x00000000b0000000-0x00000000bfffffff] reserved
[    0.000000] BIOS-e820: [mem 0x00000000fed1c000-0x00000000fed1ffff] reserved
[    0.000000] BIOS-e820: [mem 0x00000000feffc000-0x00000000feffffff] reserved
[    0.000000] BIOS-e820: [mem 0x00000000fffc0000-0x00000000ffffffff] reserved
[    0.000000] BIOS-e820: [mem 0x0000000100000000-0x000000037fffffff] usable
[    0.000000] NX (Execute Disable) protection: active
[    0.000000] APIC: Static calls initialized
[    0.000000] SMBIOS 2.8 present.
[    0.000000] DMI: QEMU Standard PC (Q35 + ICH9, 2009), BIOS rel-1.16.3-0-ga6ed6b701f0a-prebuilt.qemu.org 04/01/2014
[    0.000000] DMI: Memory slots populated: 1/1
[    0.000000] Hypervisor detected: KVM
[    0.000000] kvm-clock: Using msrs 4b564d01 and 4b564d00
[    0.000008] kvm-clock: using sched offset of 3491172307 cycles
[    0.000021] clocksource: kvm-clock: mask: 0xffffffffffffffff max_cycles: 0x1cd42e4dffb, max_idle_ns: 881590591483 ns
[    0.000065] tsc: Detected 2933.436 MHz processor
[    0.002546] e820: update [mem 0x00000000-0x00000fff] usable ==> reserved
[    0.002555] e820: remove [mem 0x000a0000-0x000fffff] usable
[    0.002569] last_pfn = 0x380000 max_arch_pfn = 0x400000000
[    0.003352] MTRR map: 4 entries (3 fixed + 1 variable; max 19), built from 8 variable MTRRs
[    0.003405] x86/PAT: Configuration [0-7]: WB  WC  UC- UC  WB  WP  UC- WT  
[    0.004184] last_pfn = 0x7ffda max_arch_pfn = 0x400000000
[    0.016300] found SMP MP-table at [mem 0x000f5450-0x000f545f]
[    0.016434] Using GB pages for direct mapping
[    0.018296] RAMDISK: [mem 0x79e18000-0x7ffcffff]
[    0.018379] ACPI: Early table checksum verification disabled
[    0.018511] ACPI: RSDP 0x00000000000F5220 000014 (v00 BOCHS )
[    0.018571] ACPI: RSDT 0x000000007FFE3D96 000040 (v01 BOCHS  BXPC     00000001 BXPC 00000001)
[    0.018622] ACPI: FACP 0x000000007FFE25E7 0000F4 (v03 BOCHS  BXPC     00000001 BXPC 00000001)
[    0.018651] ACPI: DSDT 0x000000007FFDF040 0035A7 (v01 BOCHS  BXPC     00000001 BXPC 00000001)
[    0.018669] ACPI: FACS 0x000000007FFDF000 000040
[    0.018679] ACPI: APIC 0x000000007FFE26DB 000170 (v03 BOCHS  BXPC     00000001 BXPC 00000001)
[    0.018690] ACPI: HPET 0x000000007FFE284B 000038 (v01 BOCHS  BXPC     00000001 BXPC 00000001)
[    0.018700] ACPI: SRAT 0x000000007FFE2883 0002D0 (v01 BOCHS  BXPC     00000001 BXPC 00000001)
[    0.018711] ACPI: MCFG 0x000000007FFE2B53 00003C (v01 BOCHS  BXPC     00000001 BXPC 00000001)
[    0.018721] ACPI: SSDT 0x000000007FFE2B8F 0011DF (v01 BOCHS  NVDIMM   00000001 BXPC 00000001)
[    0.018731] ACPI: WAET 0x000000007FFE3D6E 000028 (v01 BOCHS  BXPC     00000001 BXPC 00000001)
[    0.018739] ACPI: Reserving FACP table memory at [mem 0x7ffe25e7-0x7ffe26da]
[    0.018743] ACPI: Reserving DSDT table memory at [mem 0x7ffdf040-0x7ffe25e6]
[    0.018746] ACPI: Reserving FACS table memory at [mem 0x7ffdf000-0x7ffdf03f]
[    0.018748] ACPI: Reserving APIC table memory at [mem 0x7ffe26db-0x7ffe284a]
[    0.018751] ACPI: Reserving HPET table memory at [mem 0x7ffe284b-0x7ffe2882]
[    0.018753] ACPI: Reserving SRAT table memory at [mem 0x7ffe2883-0x7ffe2b52]
[    0.018756] ACPI: Reserving MCFG table memory at [mem 0x7ffe2b53-0x7ffe2b8e]
[    0.018758] ACPI: Reserving SSDT table memory at [mem 0x7ffe2b8f-0x7ffe3d6d]
[    0.018761] ACPI: Reserving WAET table memory at [mem 0x7ffe3d6e-0x7ffe3d95]
[    0.019233] ACPI: SRAT: Node 0 PXM 0 [mem 0x00000000-0x0009ffff]
[    0.019240] ACPI: SRAT: Node 0 PXM 0 [mem 0x00100000-0x7fffffff]
[    0.019243] ACPI: SRAT: Node 0 PXM 0 [mem 0x100000000-0x37fffffff]
[    0.019247] ACPI: SRAT: Node 0 PXM 0 [mem 0x380000000-0x1bffffffff] hotplug
[    0.019261] NUMA: Node 0 [mem 0x00001000-0x0009ffff] + [mem 0x00100000-0x7fffffff] -> [mem 0x00001000-0x7fffffff]
[    0.019266] NUMA: Node 0 [mem 0x00001000-0x7fffffff] + [mem 0x100000000-0x37fffffff] -> [mem 0x00001000-0x37fffffff]
[    0.019297] NODE_DATA(0) allocated [mem 0x37ffd3700-0x37fffdfff]
[    0.019761] crashkernel low memory reserved: 0x69000000 - 0x79000000 (256 MB)
[    0.019767] crashkernel reserved: 0x00000002ff000000 - 0x000000037f000000 (2048 MB)
[    0.019954] Zone ranges:
[    0.019957]   DMA      [mem 0x0000000000001000-0x0000000000ffffff]
[    0.019961]   DMA32    [mem 0x0000000001000000-0x00000000ffffffff]
[    0.019965]   Normal   [mem 0x0000000100000000-0x000000037fffffff]
[    0.019968]   Device   empty
[    0.019971] Movable zone start for each node
[    0.019974] Early memory node ranges
[    0.019976]   node   0: [mem 0x0000000000001000-0x000000000009efff]
[    0.019983]   node   0: [mem 0x0000000000100000-0x000000007ffd9fff]
[    0.019986]   node   0: [mem 0x0000000100000000-0x000000037fffffff]
[    0.019991] Initmem setup node 0 [mem 0x0000000000001000-0x000000037fffffff]
[    0.020548] On node 0, zone DMA: 1 pages in unavailable ranges
[    0.020891] On node 0, zone DMA: 97 pages in unavailable ranges
[    0.341793] On node 0, zone Normal: 38 pages in unavailable ranges
[    1.997975] kasan: KernelAddressSanitizer initialized
[    2.005728] ACPI: PM-Timer IO Port: 0x608
[    2.005866] ACPI: LAPIC_NMI (acpi_id[0xff] dfl dfl lint[0x1])
[    2.006308] IOAPIC[0]: apic_id 0, version 17, address 0xfec00000, GSI 0-23
[    2.006327] ACPI: INT_SRC_OVR (bus 0 bus_irq 0 global_irq 2 dfl dfl)
[    2.006333] ACPI: INT_SRC_OVR (bus 0 bus_irq 5 global_irq 5 high level)
[    2.006336] ACPI: INT_SRC_OVR (bus 0 bus_irq 9 global_irq 9 high level)
[    2.006350] ACPI: INT_SRC_OVR (bus 0 bus_irq 10 global_irq 10 high level)
[    2.006354] ACPI: INT_SRC_OVR (bus 0 bus_irq 11 global_irq 11 high level)
[    2.006370] ACPI: Using ACPI (MADT) for SMP configuration information
[    2.006374] ACPI: HPET id: 0x8086a201 base: 0xfed00000
[    2.006394] TSC deadline timer available
[    2.006407] CPU topo: Max. logical packages:   2
[    2.006410] CPU topo: Max. logical dies:       2
[    2.006412] CPU topo: Max. dies per package:   1
[    2.006419] CPU topo: Max. threads per core:   2
[    2.006421] CPU topo: Num. cores per package:     8
[    2.006423] CPU topo: Num. threads per package:  16
[    2.006425] CPU topo: Allowing 32 present CPUs plus 0 hotplug CPUs
[    2.006574] kvm-guest: APIC: eoi() replaced with kvm_guest_apic_eoi_write()
[    2.006701] kvm-guest: KVM setup pv remote TLB flush
[    2.006759] kvm-guest: setup PV sched yield
[    2.006940] PM: hibernation: Registered nosave memory: [mem 0x00000000-0x00000fff]
[    2.006947] PM: hibernation: Registered nosave memory: [mem 0x0009f000-0x0009ffff]
[    2.006950] PM: hibernation: Registered nosave memory: [mem 0x000a0000-0x000effff]
[    2.006952] PM: hibernation: Registered nosave memory: [mem 0x000f0000-0x000fffff]
[    2.006957] PM: hibernation: Registered nosave memory: [mem 0x7ffda000-0x7fffffff]
[    2.006960] PM: hibernation: Registered nosave memory: [mem 0x80000000-0xafffffff]
[    2.006962] PM: hibernation: Registered nosave memory: [mem 0xb0000000-0xbfffffff]
[    2.006965] PM: hibernation: Registered nosave memory: [mem 0xc0000000-0xfed1bfff]
[    2.006967] PM: hibernation: Registered nosave memory: [mem 0xfed1c000-0xfed1ffff]
[    2.006969] PM: hibernation: Registered nosave memory: [mem 0xfed20000-0xfeffbfff]
[    2.006971] PM: hibernation: Registered nosave memory: [mem 0xfeffc000-0xfeffffff]
[    2.006973] PM: hibernation: Registered nosave memory: [mem 0xff000000-0xfffbffff]
[    2.006975] PM: hibernation: Registered nosave memory: [mem 0xfffc0000-0xffffffff]
[    2.006989] [mem 0xc0000000-0xfed1bfff] available for PCI devices
[    2.006998] Booting paravirtualized kernel on KVM
[    2.007007] clocksource: refined-jiffies: mask: 0xffffffff max_cycles: 0xffffffff, max_idle_ns: 7645519600211568 ns
[    2.007094] setup_percpu: NR_CPUS:8192 nr_cpumask_bits:32 nr_cpu_ids:32 nr_node_ids:1
[    2.168644] percpu: Embedded 532 pages/cpu s2142208 r8192 d28672 u4194304
[    2.168709] pcpu-alloc: s2142208 r8192 d28672 u4194304 alloc=2*2097152
[    2.168718] pcpu-alloc: [0] 00 [0] 01 [0] 02 [0] 03 [0] 04 [0] 05 [0] 06 [0] 07 
[    2.168738] pcpu-alloc: [0] 08 [0] 09 [0] 10 [0] 11 [0] 12 [0] 13 [0] 14 [0] 15 
[    2.168757] pcpu-alloc: [0] 16 [0] 17 [0] 18 [0] 19 [0] 20 [0] 21 [0] 22 [0] 23 
[    2.168776] pcpu-alloc: [0] 24 [0] 25 [0] 26 [0] 27 [0] 28 [0] 29 [0] 30 [0] 31 
[    2.169186] kvm-guest: PV spinlocks enabled
[    2.169210] PV qspinlock hash table entries: 256 (order: 0, 4096 bytes, linear)
[    2.169227] Kernel command line: intremap=off console=ttyS0,115200 nokaslr root=/dev/vda1 crashkernel=1G-:2G
[    2.169508] Unknown kernel command line parameters "nokaslr", will be passed to user space.
[    2.169541] printk: log buffer data + meta data: 262144 + 917504 = 1179648 bytes
[    2.189994] Dentry cache hash table entries: 2097152 (order: 12, 16777216 bytes, linear)
[    2.200011] Inode-cache hash table entries: 1048576 (order: 11, 8388608 bytes, linear)
[    2.204739] Fallback order for Node 0: 0 
[    2.204772] Built 1 zonelists, mobility grouping on.  Total pages: 3145592
[    2.204775] Policy zone: Normal
[    2.204843] mem auto-init: stack:off, heap alloc:on, heap free:off
[    2.204856] stackdepot: allocating hash table via alloc_large_system_hash
[    2.204868] stackdepot hash table entries: 1048576 (order: 12, 16777216 bytes, linear)
[    2.221566] software IO TLB: area num 32.
[    3.044797] SLUB: HWalign=64, Order=0-3, MinObjects=0, CPUs=32, Nodes=1
[    3.046332] Kernel/User page tables isolation: enabled
[    3.047282] ftrace: allocating 52416 entries in 205 pages
[    3.371202] ftrace: allocated 205 pages with 5 groups
[    3.378902] Dynamic Preempt: voluntary
[    3.386660] Running RCU self tests
[    3.386665] Running RCU synchronous self tests
[    3.386728] rcu: Preemptible hierarchical RCU implementation.
[    3.386730] rcu: 	RCU lockdep checking is enabled.
[    3.386732] rcu: 	RCU restricting CPUs from NR_CPUS=8192 to nr_cpu_ids=32.
[    3.386737] 	Trampoline variant of Tasks RCU enabled.
[    3.386739] 	Rude variant of Tasks RCU enabled.
[    3.386740] 	Tracing variant of Tasks RCU enabled.
[    3.386742] rcu: RCU calculated value of scheduler-enlistment delay is 25 jiffies.
[    3.386744] rcu: Adjusting geometry for rcu_fanout_leaf=16, nr_cpu_ids=32
[    3.387424] Running RCU synchronous self tests
[    3.387457] RCU Tasks: Setting shift to 5 and lim to 1 rcu_task_cb_adjust=1 rcu_task_cpu_ids=32.
[    3.387484] RCU Tasks Rude: Setting shift to 5 and lim to 1 rcu_task_cb_adjust=1 rcu_task_cpu_ids=32.
[    3.387509] RCU Tasks Trace: Setting shift to 5 and lim to 1 rcu_task_cb_adjust=1 rcu_task_cpu_ids=32.
[    3.444132] NR_IRQS: 524544, nr_irqs: 680, preallocated irqs: 16
[    3.446175] rcu: srcu_init: Setting srcu_struct sizes based on contention.
[    3.552739] Console: colour VGA+ 80x25
[    3.553191] printk: legacy console [ttyS0] enabled
[    5.003360] Lock dependency validator: Copyright (c) 2006 Red Hat, Inc., Ingo Molnar
[    5.014616] ... MAX_LOCKDEP_SUBCLASSES:  8
[    5.020622] ... MAX_LOCK_DEPTH:          48
[    5.026778] ... MAX_LOCKDEP_KEYS:        8192
[    5.033198] ... CLASSHASH_SIZE:          4096
[    5.039593] ... MAX_LOCKDEP_ENTRIES:     32768
[    5.046135] ... MAX_LOCKDEP_CHAINS:      65536
[    5.052628] ... CHAINHASH_SIZE:          32768
[    5.059068]  memory used by lock dependency info: 6941 kB
[    5.068790]  memory used for stack traces: 4224 kB
[    5.077399]  per task-struct memory footprint: 2688 bytes
[    5.087880] ACPI: Core revision 20240827
[    5.098148] clocksource: hpet: mask: 0xffffffff max_cycles: 0xffffffff, max_idle_ns: 19112604467 ns
[    5.114898] APIC: Switch to symmetric I/O mode setup
[    5.127114] x2apic enabled
[    5.135734] APIC: Switched APIC routing to: physical x2apic
[    5.145445] kvm-guest: APIC: send_IPI_mask() replaced with kvm_send_ipi_mask()
[    5.158523] kvm-guest: APIC: send_IPI_mask_allbutself() replaced with kvm_send_ipi_mask_allbutself()
[    5.176390] kvm-guest: setup PV IPIs
[    5.199574] ..TIMER: vector=0x30 apic1=0 pin1=2 apic2=-1 pin2=-1
[    5.213070] clocksource: tsc-early: mask: 0xffffffffffffffff max_cycles: 0x2a48a50322c, max_idle_ns: 440795287943 ns
[    5.236076] Calibrating delay loop (skipped) preset value.. 5866.87 BogoMIPS (lpj=11733744)
[    5.241805] x86/cpu: User Mode Instruction Prevention (UMIP) activated
[    5.248485] Last level iTLB entries: 4KB 0, 2MB 0, 4MB 0
[    5.252065] Last level dTLB entries: 4KB 0, 2MB 0, 4MB 0, 1GB 0
[    5.256165] Spectre V1 : Mitigation: usercopy/swapgs barriers and __user pointer sanitization
[    5.260068] Spectre V2 : Mitigation: Retpolines
[    5.264065] Spectre V2 : Spectre v2 / SpectreRSB mitigation: Filling RSB on context switch
[    5.268065] Spectre V2 : Spectre v2 / SpectreRSB : Filling RSB on VMEXIT
[    5.272065] Spectre V2 : Enabling Restricted Speculation for firmware calls
[    5.276074] Spectre V2 : mitigation: Enabling conditional Indirect Branch Prediction Barrier
[    5.280065] Spectre V2 : User space: Mitigation: STIBP via prctl
[    5.288066] Speculative Store Bypass: Mitigation: Speculative Store Bypass disabled via prctl
[    5.292067] MDS: Vulnerable: Clear CPU buffers attempted, no microcode
[    5.296065] MMIO Stale Data: Unknown: No mitigations
[    5.300090] x86/fpu: x87 FPU will use FXSAVE
[    5.359637] Freeing SMP alternatives memory: 40K
[    5.360072] pid_max: default: 32768 minimum: 301
[    5.369138] LSM: initializing lsm=lockdown,capability,landlock,yama,apparmor,ima,evm
[    5.372986] landlock: Up and running.
[    5.376068] Yama: becoming mindful.
[    5.381378] AppArmor: AppArmor initialized
[    5.388700] Mount-cache hash table entries: 32768 (order: 6, 262144 bytes, linear)
[    5.392305] Mountpoint-cache hash table entries: 32768 (order: 6, 262144 bytes, linear)
[    5.406910] Running RCU synchronous self tests
[    5.408072] Running RCU synchronous self tests
[    5.417113] smpboot: CPU0: Intel Westmere E56xx/L56xx/X56xx (IBRS update) (family: 0x6, model: 0x2c, stepping: 0x1)
[    5.434546] Running RCU Tasks wait API self tests
[    5.540242] Running RCU Tasks Rude wait API self tests
[    5.544094] Running RCU Tasks Trace wait API self tests
[    5.548278] Performance Events: unsupported p6 CPU model 44 no PMU driver, software events only.
[    5.552593] signal: max sigframe size: 1440
[    5.556180] Callback from call_rcu_tasks_trace() invoked.
[    5.560791] rcu: Hierarchical SRCU implementation.
[    5.564096] rcu: 	Max phase no-delay instances is 1000.
[    5.569491] Timer migration: 2 hierarchy levels; 8 children per group; 2 crossnode level
[    5.584260] NMI watchdog: Perf NMI watchdog permanently disabled
[    5.596969] smp: Bringing up secondary CPUs ...
[    5.609205] smpboot: x86: Booting SMP configuration:
[    5.612133] .... node  #0, CPUs:        #2  #4  #6  #8 #10 #12 #14 #16 #18 #20 #22 #24 #26 #28 #30
[    5.756193] Callback from call_rcu_tasks() invoked.
[    5.840882]   #1  #3  #5  #7  #9 #11 #13 #15 #17 #19 #21 #23 #25 #27 #29 #31
[    5.996436] MDS CPU bug present and SMT on, data leak possible. See https://www.kernel.org/doc/html/latest/admin-guide/hw-vuln/mds.html for more details.
[    6.098759] smp: Brought up 1 node, 32 CPUs
[    6.100093] smpboot: Total of 32 processors activated (187739.90 BogoMIPS)
[    6.138974] Memory: 7997952K/12582368K available (53248K kernel code, 16294K rwdata, 13000K rodata, 9908K init, 22736K bss, 4537656K reserved, 0K cma-reserved)
[    6.145452] devtmpfs: initialized
[    6.149225] x86/mm: Memory block size: 128MB
[    6.237438] Running RCU synchronous self tests
[    6.244158] Running RCU synchronous self tests
[    6.253698] clocksource: jiffies: mask: 0xffffffff max_cycles: 0xffffffff, max_idle_ns: 7645041785100000 ns
[    6.269795] futex hash table entries: 8192 (order: 8, 1048576 bytes, linear)
[    6.288515] pinctrl core: initialized pinctrl subsystem
[    6.300112] PM: RTC time: 23:33:23, date: 2025-01-10
[    6.318760] NET: Registered PF_NETLINK/PF_ROUTE protocol family
[    6.337134] DMA: preallocated 1024 KiB GFP_KERNEL pool for atomic allocations
[    6.348408] DMA: preallocated 1024 KiB GFP_KERNEL|GFP_DMA pool for atomic allocations
[    6.360377] DMA: preallocated 1024 KiB GFP_KERNEL|GFP_DMA32 pool for atomic allocations
[    6.372732] audit: initializing netlink subsys (disabled)
[    6.385052] audit: type=2000 audit(1736552001.172:1): state=initialized audit_enabled=0 res=1
[    6.390829] thermal_sys: Registered thermal governor 'fair_share'
[    6.404170] thermal_sys: Registered thermal governor 'bang_bang'
[    6.416116] thermal_sys: Registered thermal governor 'step_wise'
[    6.424095] thermal_sys: Registered thermal governor 'user_space'
[    6.432097] thermal_sys: Registered thermal governor 'power_allocator'
[    6.444486] EISA bus registered
[    6.461649] cpuidle: using governor ladder
[    6.469092] cpuidle: using governor menu
[    6.474308] acpiphp: ACPI Hot Plug PCI Controller Driver version: 0.5
[    6.491955] PCI: ECAM [mem 0xb0000000-0xbfffffff] (base 0xb0000000) for domain 0000 [bus 00-ff]
[    6.504102] PCI: ECAM [mem 0xb0000000-0xbfffffff] reserved as E820 entry
[    6.606646] PCI: Using configuration type 1 for base access
[    6.617369] kprobes: kprobe jump-optimization is enabled. All kprobes are optimized if possible.
[    6.646157] HugeTLB: registered 1.00 GiB page size, pre-allocated 0 pages
[    6.656200] HugeTLB: 16380 KiB vmemmap can be freed for a 1.00 GiB page
[    6.668131] HugeTLB: registered 2.00 MiB page size, pre-allocated 0 pages
[    6.680094] HugeTLB: 28 KiB vmemmap can be freed for a 2.00 MiB page
[    6.774788] ACPI: Added _OSI(Module Device)
[    6.784155] ACPI: Added _OSI(Processor Device)
[    6.792097] ACPI: Added _OSI(3.0 _SCP Extensions)
[    6.800101] ACPI: Added _OSI(Processor Aggregator Device)
[    7.044009] ACPI: 2 ACPI AML tables successfully acquired and loaded
[    7.108054] ACPI: Interpreter enabled
[    7.116545] ACPI: PM: (supports S0 S3 S4 S5)
[    7.124434] ACPI: Using IOAPIC for interrupt routing
[    7.133160] PCI: Using host bridge windows from ACPI; if necessary, use "pci=nocrs" and report a bug
[    7.148156] PCI: Using E820 reservations for host bridge windows
[    7.169603] ACPI: Enabled 4 GPEs in block 00 to 3F
[    7.668970] ACPI: PCI Root Bridge [PCI0] (domain 0000 [bus 00-ff])
[    7.672158] acpi PNP0A08:00: _OSC: OS supports [ExtendedConfig ASPM ClockPM Segments MSI EDR HPX-Type3]
[    7.681426] acpi PNP0A08:00: _OSC: platform does not support [PCIeHotplug LTR DPC]
[    7.692334] acpi PNP0A08:00: _OSC: OS now controls [SHPCHotplug PME AER PCIeCapability]
[    7.703974] PCI host bridge to bus 0000:00
[    7.704388] pci_bus 0000:00: root bus resource [io  0x0000-0x0cf7 window]
[    7.708167] pci_bus 0000:00: root bus resource [io  0x0d00-0xffff window]
[    7.712111] pci_bus 0000:00: root bus resource [mem 0x000a0000-0x000bffff window]
[    7.716669] pci_bus 0000:00: root bus resource [mem 0x80000000-0xafffffff window]
[    7.720108] pci_bus 0000:00: root bus resource [mem 0xc0000000-0xfebfffff window]
[    7.724120] pci_bus 0000:00: root bus resource [mem 0x1c00000000-0x23ffffffff window]
[    7.728115] pci_bus 0000:00: root bus resource [bus 00-ff]
[    7.732761] pci 0000:00:00.0: [8086:29c0] type 00 class 0x060000 conventional PCI endpoint
[    7.745683] pci 0000:00:01.0: [1234:1111] type 00 class 0x030000 conventional PCI endpoint
[    7.754929] pci 0000:00:01.0: BAR 0 [mem 0xfd000000-0xfdffffff pref]
[    7.774362] pci 0000:00:01.0: BAR 2 [mem 0xfea50000-0xfea50fff]
[    7.804669] pci 0000:00:01.0: ROM [mem 0xfea40000-0xfea4ffff pref]
[    7.815946] pci 0000:00:01.0: Video device with shadowed ROM at [mem 0x000c0000-0x000dffff]
[    7.828599] pci 0000:00:01.0: pci_fixup_video+0x0/0x2d0 took 15625 usecs
[    7.856208] pci 0000:00:02.0: [1af4:1000] type 00 class 0x020000 conventional PCI endpoint
[    7.876140] pci 0000:00:02.0: BAR 0 [io  0xc040-0xc05f]
[    7.888118] pci 0000:00:02.0: BAR 1 [mem 0xfea51000-0xfea51fff]
[    7.908095] pci 0000:00:02.0: BAR 4 [mem 0xfe200000-0xfe203fff 64bit pref]
[    7.922152] pci 0000:00:02.0: ROM [mem 0xfea00000-0xfea3ffff pref]
[    7.946167] pci 0000:00:03.0: [1b36:000c] type 01 class 0x060400 PCIe Root Port
[    7.952091] pci 0000:00:03.0: BAR 0 [mem 0xfea52000-0xfea52fff]
[    7.962093] pci 0000:00:03.0: PCI bridge to [bus 01]
[    7.964536] pci 0000:00:03.0:   bridge window [mem 0xfe800000-0xfe9fffff]
[    7.970915] pci 0000:00:03.0:   bridge window [mem 0xfe000000-0xfe1fffff 64bit pref]
[    7.990249] pci 0000:00:04.0: [1af4:105b] type 00 class 0x00ff00 conventional PCI endpoint
[    7.998465] pci 0000:00:04.0: BAR 4 [mem 0xfe204000-0xfe207fff 64bit pref]
[    8.145709] pci 0000:00:1f.0: [8086:2918] type 00 class 0x060100 conventional PCI endpoint
[    8.153734] pci 0000:00:1f.0: quirk: [io  0x0600-0x067f] claimed by ICH6 ACPI/GPIO/TCO
[    8.161701] pci 0000:00:1f.2: [8086:2922] type 00 class 0x010601 conventional PCI endpoint
[    8.176138] pci 0000:00:1f.2: BAR 4 [io  0xc060-0xc07f]
[    8.181653] pci 0000:00:1f.2: BAR 5 [mem 0xfea53000-0xfea53fff]
[    8.192349] pci 0000:00:1f.3: [8086:2930] type 00 class 0x0c0500 conventional PCI endpoint
[    8.202671] pci 0000:00:1f.3: BAR 4 [io  0x0700-0x073f]
[    8.217698] acpiphp: Slot [0] registered
[    8.222188] pci 0000:01:00.0: [1af4:1042] type 00 class 0x010000 PCIe Endpoint
[    8.229422] pci 0000:01:00.0: BAR 1 [mem 0xfe800000-0xfe800fff]
[    8.239976] pci 0000:01:00.0: BAR 4 [mem 0xfe000000-0xfe003fff 64bit pref]
[    8.326972] pci 0000:00:03.0: PCI bridge to [bus 01]
[    8.347561] ACPI: PCI: Interrupt link LNKA configured for IRQ 10
[    8.352941] ACPI: PCI: Interrupt link LNKB configured for IRQ 10
[    8.361850] ACPI: PCI: Interrupt link LNKC configured for IRQ 11
[    8.368423] ACPI: PCI: Interrupt link LNKD configured for IRQ 11
[    8.377069] ACPI: PCI: Interrupt link LNKE configured for IRQ 10
[    8.384676] ACPI: PCI: Interrupt link LNKF configured for IRQ 10
[    8.393223] ACPI: PCI: Interrupt link LNKG configured for IRQ 11
[    8.401783] ACPI: PCI: Interrupt link LNKH configured for IRQ 11
[    8.406099] ACPI: PCI: Interrupt link GSIA configured for IRQ 16
[    8.408649] ACPI: PCI: Interrupt link GSIB configured for IRQ 17
[    8.412682] ACPI: PCI: Interrupt link GSIC configured for IRQ 18
[    8.416666] ACPI: PCI: Interrupt link GSID configured for IRQ 19
[    8.420643] ACPI: PCI: Interrupt link GSIE configured for IRQ 20
[    8.425105] ACPI: PCI: Interrupt link GSIF configured for IRQ 21
[    8.429208] ACPI: PCI: Interrupt link GSIG configured for IRQ 22
[    8.432723] ACPI: PCI: Interrupt link GSIH configured for IRQ 23
[    8.575741] iommu: Default domain type: Translated
[    8.576099] iommu: DMA domain TLB invalidation policy: lazy mode
[    8.598057] SCSI subsystem initialized
[    8.601551] libata version 3.00 loaded.
[    8.602319] ACPI: bus type USB registered
[    8.604979] usbcore: registered new interface driver usbfs
[    8.608645] usbcore: registered new interface driver hub
[    8.612669] usbcore: registered new device driver usb
[    8.617494] pps_core: LinuxPPS API ver. 1 registered
[    8.620105] pps_core: Software ver. 5.3.6 - Copyright 2005-2007 Rodolfo Giometti <giometti@linux.it>
[    8.624247] PTP clock support registered
[    8.629870] EDAC MC: Ver: 3.0.0
[    8.654950] NetLabel: Initializing
[    8.656104] NetLabel:  domain hash size = 128
[    8.660214] NetLabel:  protocols = UNLABELED CIPSOv4 CALIPSO
[    8.665008] NetLabel:  unlabeled traffic allowed by default
[    8.672762] PCI: Using ACPI for IRQ routing
[   10.768863] PCI: pci_cache_line_size set to 64 bytes
[   10.770733] e820: reserve RAM buffer [mem 0x0009fc00-0x0009ffff]
[   10.771094] e820: reserve RAM buffer [mem 0x7ffda000-0x7fffffff]
[   10.773361] pci 0000:00:01.0: vgaarb: setting as boot VGA device
[   10.776054] pci 0000:00:01.0: vgaarb: bridge control possible
[   10.776054] pci 0000:00:01.0: vgaarb: VGA device added: decodes=io+mem,owns=io+mem,locks=none
[   10.808140] vgaarb: loaded
[   10.813841] hpet0: at MMIO 0xfed00000, IRQs 2, 8, 0
[   10.824130] hpet0: 3 comparators, 64-bit 100.000000 MHz counter
[   10.854602] clocksource: Switched to clocksource kvm-clock
[   10.876714] VFS: Disk quotas dquot_6.6.0
[   10.883909] VFS: Dquot-cache hash table entries: 512 (order 0, 4096 bytes)
[   10.904967] AppArmor: AppArmor Filesystem Enabled
[   10.914011] pnp: PnP ACPI init
[   10.928522] system 00:05: [mem 0xb0000000-0xbfffffff window] has been reserved
[   10.973168] pnp: PnP ACPI: found 6 devices
[   11.065355] clocksource: acpi_pm: mask: 0xffffff max_cycles: 0xffffff, max_idle_ns: 2085701024 ns
[   11.082692] NET: Registered PF_INET protocol family
[   11.094087] IP idents hash table entries: 262144 (order: 9, 2097152 bytes, linear)
[   11.120352] tcp_listen_portaddr_hash hash table entries: 8192 (order: 7, 655360 bytes, linear)
[   11.135335] Table-perturb hash table entries: 65536 (order: 6, 262144 bytes, linear)
[   11.150106] TCP established hash table entries: 131072 (order: 8, 1048576 bytes, linear)
[   11.180794] TCP bind hash table entries: 65536 (order: 11, 10485760 bytes, vmalloc hugepage)
[   11.199346] TCP: Hash tables configured (established 131072 bind 65536)
[   11.217301] MPTCP token hash table entries: 16384 (order: 8, 1572864 bytes, linear)
[   11.235322] UDP hash table entries: 8192 (order: 9, 2490368 bytes, linear)
[   11.251010] UDP-Lite hash table entries: 8192 (order: 9, 2490368 bytes, linear)
[   11.267555] NET: Registered PF_UNIX/PF_LOCAL protocol family
[   11.277264] NET: Registered PF_XDP protocol family
[   11.285238] pci 0000:00:03.0: bridge window [io  0x1000-0x0fff] to [bus 01] add_size 1000
[   11.298414] pci 0000:00:03.0: bridge window [io  0x1000-0x1fff]: assigned
[   11.309513] pci 0000:00:03.0: PCI bridge to [bus 01]
[   11.317828] pci 0000:00:03.0:   bridge window [io  0x1000-0x1fff]
[   11.330005] pci 0000:00:03.0:   bridge window [mem 0xfe800000-0xfe9fffff]
[   11.342416] pci 0000:00:03.0:   bridge window [mem 0xfe000000-0xfe1fffff 64bit pref]
[   11.357365] pci_bus 0000:00: resource 4 [io  0x0000-0x0cf7 window]
[   11.367728] pci_bus 0000:00: resource 5 [io  0x0d00-0xffff window]
[   11.377511] pci_bus 0000:00: resource 6 [mem 0x000a0000-0x000bffff window]
[   11.388219] pci_bus 0000:00: resource 7 [mem 0x80000000-0xafffffff window]
[   11.399051] pci_bus 0000:00: resource 8 [mem 0xc0000000-0xfebfffff window]
[   11.409800] pci_bus 0000:00: resource 9 [mem 0x1c00000000-0x23ffffffff window]
[   11.423015] pci_bus 0000:01: resource 0 [io  0x1000-0x1fff]
[   11.431895] pci_bus 0000:01: resource 1 [mem 0xfe800000-0xfe9fffff]
[   11.441724] pci_bus 0000:01: resource 2 [mem 0xfe000000-0xfe1fffff 64bit pref]
[   11.454775] PCI: CLS 0 bytes, default 64
[   11.462220] PCI-DMA: Using software bounce buffering for IO (SWIOTLB)
[   11.465120] Trying to unpack rootfs image as initramfs...
[   11.472586] software IO TLB: mapped [mem 0x0000000065000000-0x0000000069000000] (64MB)
[   11.494574] clocksource: tsc: mask: 0xffffffffffffffff max_cycles: 0x2a48a50322c, max_idle_ns: 440795287943 ns
[   11.536732] Initialise system trusted keyrings
[   11.544823] Key type blacklist registered
[   11.552963] workingset: timestamp_bits=36 max_order=21 bucket_order=0
[   11.563486] zbud: loaded
[   11.588033] squashfs: version 4.0 (2009/01/31) Phillip Lougher
[   11.605095] fuse: init (API version 7.41)
[   11.615248] integrity: Platform Keyring initialized
[   11.649702] Key type asymmetric registered
[   11.659413] Asymmetric key parser 'x509' registered
[   11.672192] Block layer SCSI generic (bsg) driver version 0.4 loaded (major 243)
[   11.692127] io scheduler mq-deadline registered
[   11.738921] ledtrig-cpu: registered to indicate activity on CPUs
[   11.783448] ACPI: \_SB_.GSIH: Enabled at IRQ 23
[   11.805180] pcieport 0000:00:03.0: PME: Signaling with IRQ 24
[   11.826065] pcieport 0000:00:03.0: AER: enabled with IRQ 24
[   11.843053] shpchp: Standard Hot Plug PCI Controller Driver version: 0.4
[   11.862136] input: Power Button as /devices/LNXSYSTM:00/LNXPWRBN:00/input/input0
[   11.880464] ACPI: button: Power Button [PWRF]
[   12.008278] ACPI: \_SB_.GSIG: Enabled at IRQ 22
[   12.059018] ACPI: \_SB_.GSIE: Enabled at IRQ 20
[   12.125241] Serial: 8250/16550 driver, 32 ports, IRQ sharing enabled
[   12.189310] 00:03: ttyS0 at I/O 0x3f8 (irq = 4, base_baud = 115200) is a 16550A
[   12.342677] Linux agpgart interface v0.103
[   12.558062] loop: module loaded
[   12.575381] tun: Universal TUN/TAP device driver, 1.6
[   12.585382] PPP generic driver version 2.4.2
[   12.598189] VFIO - User Level meta-driver version: 0.3
[   12.618248] i8042: PNP: PS/2 Controller [PNP0303:KBD,PNP0f13:MOU] at 0x60,0x64 irq 1,12
[   12.650301] serio: i8042 KBD port at 0x60,0x64 irq 1
[   12.661606] serio: i8042 AUX port at 0x60,0x64 irq 12
[   12.675332] mousedev: PS/2 mouse device common for all mice
[   12.690493] rtc_cmos 00:04: RTC can wake from S4
[   12.704631] input: AT Translated Set 2 keyboard as /devices/platform/i8042/serio0/input/input1
[   12.713087] rtc_cmos 00:04: registered as rtc0
[   12.732353] rtc_cmos 00:04: setting system clock to 2025-01-10T23:33:30 UTC (1736552010)
[   12.750333] rtc_cmos 00:04: alarms up to one day, y3k, 242 bytes nvram, hpet irqs
[   12.765700] i2c_dev: i2c /dev entries driver
[   12.774943] device-mapper: core: CONFIG_IMA_DISABLE_HTABLE is disabled. Duplicate IMA measurements will not be recorded in the IMA log.
[   12.794295] device-mapper: uevent: version 1.0.3
[   12.804223] device-mapper: ioctl: 4.48.0-ioctl (2023-03-01) initialised: dm-devel@lists.linux.dev
[   12.819168] platform eisa.0: Probing EISA bus 0
[   12.826294] platform eisa.0: EISA: Cannot allocate resource for mainboard
[   12.837248] platform eisa.0: Cannot allocate resource for EISA slot 1
[   12.847586] platform eisa.0: Cannot allocate resource for EISA slot 2
[   12.857653] platform eisa.0: Cannot allocate resource for EISA slot 3
[   12.868000] platform eisa.0: Cannot allocate resource for EISA slot 4
[   12.878316] platform eisa.0: Cannot allocate resource for EISA slot 5
[   12.888675] platform eisa.0: Cannot allocate resource for EISA slot 6
[   12.898973] platform eisa.0: Cannot allocate resource for EISA slot 7
[   12.909266] platform eisa.0: Cannot allocate resource for EISA slot 8
[   12.919620] platform eisa.0: EISA: Detected 0 cards
[   12.927610] intel_pstate: CPU model not supported
[   12.938217] drop_monitor: Initializing network drop monitor service
[   12.951187] NET: Registered PF_INET6 protocol family
[   15.529774] Freeing initrd memory: 100064K
[   15.675474] Segment Routing with IPv6
[   15.682131] In-situ OAM (IOAM) with IPv6
[   15.689254] NET: Registered PF_PACKET protocol family
[   15.698970] Key type dns_resolver registered
[   15.768734] IPI shorthand broadcast: enabled
[   15.875049] registered taskstats version 1
[   15.912182] Loading compiled-in X.509 certificates
[   16.070173] Demotion targets for Node 0: null
[   16.079311] kmemleak: Kernel memory leak detector initialized (mem pool available: 14031)
[   16.079400] kmemleak: Automatic memory scanning thread started
[   16.100535] Key type .fscrypt registered
[   16.111852] Key type fscrypt-provisioning registered
[   16.199245] cryptd: module verification failed: signature and/or required key missing - tainting kernel
[   16.225244] cryptd: max_cpu_qlen set to 1000
[   16.428702] Key type encrypted registered
[   16.436362] AppArmor: AppArmor sha256 policy hashing enabled
[   16.447252] ima: No TPM chip found, activating TPM-bypass!
[   16.457474] Loading compiled-in module X.509 certificates
[   16.467485] ima: Allocated hash algorithm: sha1
[   16.476606] ima: No architecture policies found
[   16.485792] evm: Initialising EVM extended attributes:
[   16.495410] evm: security.selinux
[   16.501718] evm: security.SMACK64
[   16.508052] evm: security.SMACK64EXEC
[   16.515028] evm: security.SMACK64TRANSMUTE
[   16.522842] evm: security.SMACK64MMAP
[   16.529948] evm: security.apparmor
[   16.536523] evm: security.ima
[   16.542156] evm: security.capability
[   16.548875] evm: HMAC attrs: 0x1
[   16.567773] PM:   Magic number: 9:191:605
[   16.579925] RAS: Correctable Errors collector initialized.
[   16.592954] Unstable clock detected, switching default tracing clock to "global"
               If you want to keep using the local clock, then add:
                 "trace_clock=local"
               on the kernel command line
[   16.640018] clk: Disabling unused clocks
[   16.716901] Freeing unused decrypted memory: 2036K
[   16.752655] Freeing unused kernel image (initmem) memory: 9908K
[   16.761717] Write protecting the kernel read-only data: 67584k
[   16.775815] Freeing unused kernel image (rodata/data gap) memory: 1336K
[   16.850854] x86/mm: Checked W+X mappings: passed, no W+X pages found.
[   16.858604] x86/mm: Checking user space page tables
[   16.925218] x86/mm: Checked W+X mappings: passed, no W+X pages found.
[   16.933020] Run /init as init process
[   16.937538]   with arguments:
[   16.937559]     /init
[   16.937565]     nokaslr
[   16.937571]   with environment:
[   16.937577]     HOME=/
[   16.937583]     TERM=linux
[   19.859560] lpc_ich 0000:00:1f.0: I/O space for GPIO uninitialized
[   20.091948] virtio_blk virtio2: 32/0/0 default/read/poll queues
[   20.120236] ahci 0000:00:1f.2: version 3.0
[   20.125626] input: VirtualPS/2 VMware VMMouse as /devices/platform/i8042/serio1/input/input4
[   20.156596] input: VirtualPS/2 VMware VMMouse as /devices/platform/i8042/serio1/input/input3
[   20.195789] ACPI: \_SB_.GSIA: Enabled at IRQ 16
[   20.205764] i801_smbus 0000:00:1f.3: SMBus using PCI interrupt
[   20.219810] ahci 0000:00:1f.2: AHCI vers 0001.0000, 32 command slots, 1.5 Gbps, SATA mode
[   20.232010] ahci 0000:00:1f.2: 6/6 ports implemented (port mask 0x3f)
[   20.241807] ahci 0000:00:1f.2: flags: 64bit ncq only 
[   20.256130] i2c i2c-0: Memory type 0x07 not supported yet, not instantiating SPD
[   20.326791] virtio_blk virtio2: [vda] 209715200 512-byte logical blocks (107 GB/100 GiB)
[   20.439304] scsi host0: ahci
[   20.463619] scsi host1: ahci
[   20.484986] scsi host2: ahci
[   20.503781] scsi host3: ahci
[   20.519174] scsi host4: ahci
[   20.547780] scsi host5: ahci
[   20.562248] ata1: SATA max UDMA/133 abar m4096@0xfea53000 port 0xfea53100 irq 61 lpm-pol 0
[   20.570062]  vda: vda1 vda14 vda15
[   20.576867] ata2: SATA max UDMA/133 abar m4096@0xfea53000 port 0xfea53180 irq 61 lpm-pol 0
[   20.594226] ata3: SATA max UDMA/133 abar m4096@0xfea53000 port 0xfea53200 irq 61 lpm-pol 0
[   20.608003] ata4: SATA max UDMA/133 abar m4096@0xfea53000 port 0xfea53280 irq 61 lpm-pol 0
[   20.620941] ata5: SATA max UDMA/133 abar m4096@0xfea53000 port 0xfea53300 irq 61 lpm-pol 0
[   20.634040] ata6: SATA max UDMA/133 abar m4096@0xfea53000 port 0xfea53380 irq 61 lpm-pol 0
[   20.850394] virtio_net virtio0 enp0s2: renamed from eth0
[   20.974066] ata4: SATA link up 1.5 Gbps (SStatus 113 SControl 300)
[   20.984378] ata1: SATA link up 1.5 Gbps (SStatus 113 SControl 300)
[   20.997152] ata2: SATA link up 1.5 Gbps (SStatus 113 SControl 300)
[   21.012809] ata5: SATA link down (SStatus 0 SControl 300)
[   21.023019] ata3: SATA link up 1.5 Gbps (SStatus 113 SControl 300)
[   21.031759] ata2.00: ATA-7: QEMU HARDDISK, 2.5+, max UDMA/100
[   21.040783] ata2.00: 20971520 sectors, multi 16: LBA48 NCQ (depth 32)
[   21.050102] ata2.00: applying bridge limits
[   21.055919] ata4.00: ATA-7: QEMU HARDDISK, 2.5+, max UDMA/100
[   21.063566] ata4.00: 20971520 sectors, multi 16: LBA48 NCQ (depth 32)
[   21.072087] ata4.00: applying bridge limits
[   21.078017] ata3.00: ATA-7: QEMU HARDDISK, 2.5+, max UDMA/100
[   21.085680] ata3.00: 20971520 sectors, multi 16: LBA48 NCQ (depth 32)
[   21.094466] ata3.00: applying bridge limits
[   21.102371] ata6: SATA link down (SStatus 0 SControl 300)
[   21.111295] ata1.00: ATA-7: QEMU HARDDISK, 2.5+, max UDMA/100
[   21.123183] ata1.00: 20971520 sectors, multi 16: LBA48 NCQ (depth 32)
[   21.135818] ata1.00: applying bridge limits
[   21.142928] ata2.00: configured for UDMA/100
[   21.147931] ata4.00: configured for UDMA/100
[   21.154213] ata3.00: configured for UDMA/100
[   21.161800] ata1.00: configured for UDMA/100
[   21.177355] scsi 0:0:0:0: Direct-Access     ATA      QEMU HARDDISK    2.5+ PQ: 0 ANSI: 5
[   21.203334] sd 0:0:0:0: Attached scsi generic sg0 type 0
[   21.204048] sd 0:0:0:0: [sda] 20971520 512-byte logical blocks: (10.7 GB/10.0 GiB)
[   21.215895] scsi 1:0:0:0: Direct-Access     ATA      QEMU HARDDISK    2.5+ PQ: 0 ANSI: 5
[   21.221585] sd 0:0:0:0: [sda] Write Protect is off
[   21.237777] sd 0:0:0:0: [sda] Mode Sense: 00 3a 00 00
[   21.238540] sd 0:0:0:0: [sda] Write cache: enabled, read cache: enabled, doesn't support DPO or FUA
[   21.239957] sd 1:0:0:0: [sdb] 20971520 512-byte logical blocks: (10.7 GB/10.0 GiB)
[   21.240380] sd 1:0:0:0: Attached scsi generic sg1 type 0
[   21.243808] scsi 2:0:0:0: Direct-Access     ATA      QEMU HARDDISK    2.5+ PQ: 0 ANSI: 5
[   21.250752] sd 0:0:0:0: [sda] Preferred minimum I/O size 512 bytes
[   21.250942] sd 2:0:0:0: Attached scsi generic sg2 type 0
[   21.250960] sd 2:0:0:0: [sdc] 20971520 512-byte logical blocks: (10.7 GB/10.0 GiB)
[   21.251072] sd 2:0:0:0: [sdc] Write Protect is off
[   21.251098] sd 2:0:0:0: [sdc] Mode Sense: 00 3a 00 00
[   21.251304] sd 2:0:0:0: [sdc] Write cache: enabled, read cache: enabled, doesn't support DPO or FUA
[   21.251648] sd 2:0:0:0: [sdc] Preferred minimum I/O size 512 bytes
[   21.253712] scsi 3:0:0:0: Direct-Access     ATA      QEMU HARDDISK    2.5+ PQ: 0 ANSI: 5
[   21.260152] sd 3:0:0:0: [sdd] 20971520 512-byte logical blocks: (10.7 GB/10.0 GiB)
[   21.260260] sd 3:0:0:0: [sdd] Write Protect is off
[   21.260298] sd 3:0:0:0: [sdd] Mode Sense: 00 3a 00 00
[   21.260382] sd 3:0:0:0: Attached scsi generic sg3 type 0
[   21.260472] sd 3:0:0:0: [sdd] Write cache: enabled, read cache: enabled, doesn't support DPO or FUA
[   21.261054] sd 3:0:0:0: [sdd] Preferred minimum I/O size 512 bytes
[   21.261068] sd 1:0:0:0: [sdb] Write Protect is off
[   21.261111] sd 1:0:0:0: [sdb] Mode Sense: 00 3a 00 00
[   21.262178] sd 1:0:0:0: [sdb] Write cache: enabled, read cache: enabled, doesn't support DPO or FUA
[   21.262875] sd 1:0:0:0: [sdb] Preferred minimum I/O size 512 bytes
[   21.428704] sd 2:0:0:0: [sdc] Attached SCSI disk
[   21.446372] sd 0:0:0:0: [sda] Attached SCSI disk
[   21.446790] sd 1:0:0:0: [sdb] Attached SCSI disk
[   21.470946] sd 3:0:0:0: [sdd] Attached SCSI disk
[   21.539072] nd_pmem namespace0.0: unable to guarantee persistence of writes
[   25.317950] raid6: sse2x4   gen()  8931 MB/s
[   25.389948] raid6: sse2x2   gen() 10346 MB/s
[   25.461947] raid6: sse2x1   gen()  8261 MB/s
[   25.467198] raid6: using algorithm sse2x2 gen() 10346 MB/s
[   25.537948] raid6: .... xor() 6684 MB/s, rmw enabled
[   25.543851] raid6: using ssse3x2 recovery algorithm
[   25.558698] xor: measuring software checksum speed
[   25.564372]    prefetch64-sse  : 15972 MB/sec
[   25.569629]    generic_sse     : 13779 MB/sec
[   25.574793] xor: using function: prefetch64-sse (15972 MB/sec)
[   25.588876] async_tx: api initialized (async)
[   27.010994] Btrfs loaded, zoned=yes, fsverity=yes
[   27.931700] EXT4-fs (vda1): mounted filesystem 26c50908-598b-4e8e-871e-35718a3a1426 ro with ordered data mode. Quota mode: none.
[   29.307855] systemd[1]: Inserted module 'autofs4'
[   29.505637] systemd[1]: systemd 249.11-0ubuntu3.10 running in system mode (+PAM +AUDIT +SELINUX +APPARMOR +IMA +SMACK +SECCOMP +GCRYPT +GNUTLS +OPENSSL +ACL +BLKID +CURL +ELFUTILS +FIDO2 +IDN2 -IDN +IPTC +KMOD +LIBCRYPTSETUP +LIBFDISK +PCRE2 -PWQUALITY -P11KIT -QRENCODE +BZIP2 +LZ4 +XZ +ZLIB +ZSTD -XKBCOMMON +UTMP +SYSVINIT default-hierarchy=unified)
[   29.542279] systemd[1]: Detected virtualization kvm.
[   29.549719] systemd[1]: Detected architecture x86-64.
[   29.570953] systemd[1]: Hostname set to <qemu-2>.
[   30.228410] block vda: the capability attribute has been deprecated.
[   30.466328] random: crng init done
[   31.673191] systemd[1]: Queued start job for default target Graphical Interface.
[   31.774964] systemd[1]: Created slice Slice /system/modprobe.
[   31.808138] systemd[1]: Created slice Slice /system/serial-getty.
[   31.838040] systemd[1]: Created slice Slice /system/systemd-fsck.
[   31.868143] systemd[1]: Created slice User and Session Slice.
[   31.887448] systemd[1]: Started Forward Password Requests to Wall Directory Watch.
[   31.915219] systemd[1]: Set up automount Arbitrary Executable File Formats File System Automount Point.
[   31.940941] systemd[1]: Reached target Slice Units.
[   31.956901] systemd[1]: Reached target Mounting snaps.
[   31.973083] systemd[1]: Reached target Swaps.
[   31.987150] systemd[1]: Reached target Local Verity Protected Volumes.
[   32.008555] systemd[1]: Listening on Device-mapper event daemon FIFOs.
[   32.031426] systemd[1]: Listening on LVM2 poll daemon socket.
[   32.051742] systemd[1]: Listening on multipathd control socket.
[   32.299223] systemd[1]: Listening on RPCbind Server Activation Socket.
[   32.319158] systemd[1]: Listening on Syslog Socket.
[   32.338508] systemd[1]: Listening on fsck to fsckd communication Socket.
[   32.362880] systemd[1]: Listening on initctl Compatibility Named Pipe.
[   32.388848] systemd[1]: Listening on Journal Audit Socket.
[   32.410322] systemd[1]: Listening on Journal Socket (/dev/log).
[   32.433560] systemd[1]: Listening on Journal Socket.
[   32.452879] systemd[1]: Listening on Network Service Netlink Socket.
[   32.477242] systemd[1]: Listening on udev Control Socket.
[   32.498479] systemd[1]: Listening on udev Kernel Socket.
[   32.598921] systemd[1]: Mounting Huge Pages File System...
[   32.646201] systemd[1]: Mounting POSIX Message Queue File System...
[   32.695952] systemd[1]: Mounting Kernel Debug File System...
[   32.744997] systemd[1]: Mounting Kernel Trace File System...
[   32.836690] systemd[1]: Starting Journal Service...
[   32.854626] systemd[1]: Condition check resulted in Kernel Module supporting RPCSEC_GSS being skipped.
[   32.898423] systemd[1]: Starting Set the console keyboard layout...
[   32.953173] systemd[1]: Starting Create List of Static Device Nodes...
[   33.008702] systemd[1]: Starting Monitoring of LVM2 mirrors, snapshots etc. using dmeventd or progress polling...
[   33.052192] systemd[1]: Condition check resulted in LXD - agent being skipped.
[   33.123905] systemd[1]: Starting Load Kernel Module configfs...
[   33.176512] systemd[1]: Starting Load Kernel Module drm...
[   33.227163] systemd[1]: Starting Load Kernel Module efi_pstore...
[   33.313241] systemd[1]: Starting Load Kernel Module fuse...
[   33.336532] systemd[1]: Condition check resulted in OpenVSwitch configuration for cleanup being skipped.
[   33.352422] systemd[1]: Condition check resulted in File System Check on Root Device being skipped.
[   33.505951] ACPI: bus type drm_connector registered
[   33.545142] systemd[1]: Starting Load Kernel Modules...
[   33.605575] systemd[1]: Starting Remount Root and Kernel File Systems...
[   33.661473] systemd[1]: Starting Coldplug All udev Devices...
[   33.729541] systemd[1]: Started Journal Service.
[   33.794612] EXT4-fs (vda1): re-mounted 26c50908-598b-4e8e-871e-35718a3a1426 r/w. Quota mode: none.
[   34.382926] alua: device handler registered
[   34.407182] emc: device handler registered
[   34.424418] rdac: device handler registered
[   34.466083] systemd-journald[601]: Received client request to flush runtime journal.
[   34.501659] systemd-journald[601]: File /var/log/journal/02c9a06a7911097a3b638c9756cf2e6e/system.journal corrupted or uncleanly shut down, renaming and replacing.
[   35.509112] loop0: detected capacity change from 0 to 130888
[   35.555135] loop1: detected capacity change from 0 to 130448
[   35.650893] loop2: detected capacity change from 0 to 229272
[   35.703013] loop3: detected capacity change from 0 to 178256
[   35.781381] loop4: detected capacity change from 0 to 82800
[   35.851169] loop5: detected capacity change from 0 to 79520
[   37.957551] parport_pc 00:02: reported by Plug and Play ACPI
[   38.006242] parport0: PC-style at 0x378, irq 7 [PCSPP,TRISTATE]
[   40.757614] ppdev: user-space parallel port driver
[   43.080781] kvm_intel: VM_EXIT_LOAD_IA32_PERF_GLOBAL_CTRL does not work properly. Using workaround
[   43.455425] audit: type=1400 audit(1736552041.220:2): apparmor="STATUS" operation="profile_load" profile="unconfined" name="swtpm" pid=1292 comm="apparmor_parser"
[   43.457975] audit: type=1400 audit(1736552041.220:3): apparmor="STATUS" operation="profile_load" profile="unconfined" name="lsb_release" pid=1288 comm="apparmor_parser"
[   43.465290] audit: type=1400 audit(1736552041.228:4): apparmor="STATUS" operation="profile_load" profile="unconfined" name="/usr/bin/man" pid=1291 comm="apparmor_parser"
[   43.465495] audit: type=1400 audit(1736552041.228:5): apparmor="STATUS" operation="profile_load" profile="unconfined" name="man_filter" pid=1291 comm="apparmor_parser"
[   43.465811] audit: type=1400 audit(1736552041.228:6): apparmor="STATUS" operation="profile_load" profile="unconfined" name="man_groff" pid=1291 comm="apparmor_parser"
[   43.469779] audit: type=1400 audit(1736552041.232:7): apparmor="STATUS" operation="profile_load" profile="unconfined" name="nvidia_modprobe" pid=1289 comm="apparmor_parser"
[   43.470184] audit: type=1400 audit(1736552041.232:8): apparmor="STATUS" operation="profile_load" profile="unconfined" name="nvidia_modprobe//kmod" pid=1289 comm="apparmor_parser"
[   43.473662] audit: type=1400 audit(1736552041.236:9): apparmor="STATUS" operation="profile_load" profile="unconfined" name="virt-aa-helper" pid=1295 comm="apparmor_parser"
[   43.489499] audit: type=1400 audit(1736552041.252:10): apparmor="STATUS" operation="profile_load" profile="unconfined" name="/usr/lib/snapd/snap-confine" pid=1296 comm="apparmor_parser"
[   43.489745] audit: type=1400 audit(1736552041.252:11): apparmor="STATUS" operation="profile_load" profile="unconfined" name="/usr/lib/snapd/snap-confine//mount-namespace-capture-helper" pid=1296 comm="apparmor_parser"
[   45.320603] RPC: Registered named UNIX socket transport module.
[   45.320635] RPC: Registered udp transport module.
[   45.320644] RPC: Registered tcp transport module.
[   45.320652] RPC: Registered tcp-with-tls transport module.
[   45.320661] RPC: Registered tcp NFSv4.1 backchannel transport module.
[   49.949761] loop6: detected capacity change from 0 to 8
[   59.149711] netfs: FS-Cache loaded
[   60.639975] NFS: Registering the id_resolver key type
[   60.640126] Key type id_resolver registered
[   60.640143] Key type id_legacy registered
[   81.364961] cbd: loading out-of-tree module taints kernel.
[   87.263449] cbd: backend_validate:544 cbd_transport0: found backend_id: 0 for host_id: 1, path: /dev/sda
[   87.270131] cbd: cbd_backend_init:394 cbd_transport0: attach backend to backend_id: 0
[   90.880887] cbd: backend_validate:544 cbd_transport0: found backend_id: 1 for host_id: 1, path: /dev/sdb
[   90.886301] cbd: cbd_backend_init:394 cbd_transport0: attach backend to backend_id: 1
[  252.405652] cbd: transport_dax_init:912 cbd_transport1: transport_dax_init: failed blkdev_get_by_path(/dev/pmem0)
[  254.112239] cbd: backend_validate:544 cbd_transport0: found backend_id: 0 for host_id: 1, path: /dev/sda
[  254.116782] cbd: cbd_backend_init:394 cbd_transport0: attach backend to backend_id: 0
[  254.116816] cbd: cbd_backend_info_load:469 cbd_transport0: backend 0 is alive
[  255.735555] cbd: backend_validate:544 cbd_transport0: found backend_id: 1 for host_id: 1, path: /dev/sdb
[  255.739155] cbd: cbd_backend_init:394 cbd_transport0: attach backend to backend_id: 1
[  255.739189] cbd: cbd_backend_info_load:469 cbd_transport0: backend 1 is alive
[  275.645713] ==== end /root/avocado/job-results/job-2025-01-09T22.24-1680aba/test-results/144-._cbdctrl.py_CbdctrlTest.test_run-cache_data_crc-disable-cache_for_xfstests-cache-channel_crc-enable-channel_data_crc-host_mode-multi_host-multihost-test_script-xfstests-e581 ==== 
[  293.396491] tid: 0, is not registered
[  399.890920] ==== start /root/avocado/job-results/job-2025-01-09T22.24-1680aba/test-results/145-._cbdctrl.py_CbdctrlTest.test_run-cache_data_crc-disable-cache_for_xfstests-cache-channel_crc-enable-channel_data_crc-host_mode-multi_host-multihost-test_script-register-3215 ==== 
[  437.305166] host id 0 is still alive
[  441.119575] ==== end /root/avocado/job-results/job-2025-01-09T22.24-1680aba/test-results/145-._cbdctrl.py_CbdctrlTest.test_run-cache_data_crc-disable-cache_for_xfstests-cache-channel_crc-enable-channel_data_crc-host_mode-multi_host-multihost-test_script-register-3215 ==== 
[  459.296791] tid: 0, is not registered
[  468.559766] ==== start /root/avocado/job-results/job-2025-01-09T22.24-1680aba/test-results/146-._cbdctrl.py_CbdctrlTest.test_run-cache_data_crc-disable-cache_for_xfstests-cache-channel_crc-enable-channel_data_crc-host_mode-multi_host-multihost-test_script-backend-c755 ==== 
[  490.315155] host id 0 is still alive
[  494.058968] ==== end /root/avocado/job-results/job-2025-01-09T22.24-1680aba/test-results/146-._cbdctrl.py_CbdctrlTest.test_run-cache_data_crc-disable-cache_for_xfstests-cache-channel_crc-enable-channel_data_crc-host_mode-multi_host-multihost-test_script-backend-c755 ==== 
[  512.007146] tid: 0, is not registered
[  517.065565] ==== start /root/avocado/job-results/job-2025-01-09T22.24-1680aba/test-results/147-._cbdctrl.py_CbdctrlTest.test_run-cache_data_crc-disable-cache_for_xfstests-cache-channel_crc-enable-channel_data_crc-host_mode-multi_host-multihost-test_script-dev-ae8d ==== 
[  540.550638] host id 0 is still alive
[  544.272748] ==== end /root/avocado/job-results/job-2025-01-09T22.24-1680aba/test-results/147-._cbdctrl.py_CbdctrlTest.test_run-cache_data_crc-disable-cache_for_xfstests-cache-channel_crc-enable-channel_data_crc-host_mode-multi_host-multihost-test_script-dev-ae8d ==== 
