[    0.000000] Linux version 6.13.0-rc5+ (root@ubuntu-22-04-server) (gcc (Ubuntu 11.4.0-1ubuntu1~22.04) 11.4.0, GNU ld (GNU Binutils for Ubuntu) 2.38) #2 SMP PREEMPT_DYNAMIC Fri Jan  3 15:43:06 CST 2025
[    0.000000] Command line: intremap=off console=ttyS0,115200 nokaslr root=/dev/vda1 crashkernel=1G-:2G
[    0.000000] KERNEL supported cpus:
[    0.000000]   Intel GenuineIntel
[    0.000000]   AMD AuthenticAMD
[    0.000000]   Hygon HygonGenuine
[    0.000000]   Centaur CentaurHauls
[    0.000000]   zhaoxin   Shanghai  
[    0.000000] BIOS-provided physical RAM map:
[    0.000000] BIOS-e820: [mem 0x0000000000000000-0x000000000009fbff] usable
[    0.000000] BIOS-e820: [mem 0x000000000009fc00-0x000000000009ffff] reserved
[    0.000000] BIOS-e820: [mem 0x00000000000f0000-0x00000000000fffff] reserved
[    0.000000] BIOS-e820: [mem 0x0000000000100000-0x000000007ffdafff] usable
[    0.000000] BIOS-e820: [mem 0x000000007ffdb000-0x000000007fffffff] reserved
[    0.000000] BIOS-e820: [mem 0x00000000b0000000-0x00000000bfffffff] reserved
[    0.000000] BIOS-e820: [mem 0x00000000fed1c000-0x00000000fed1ffff] reserved
[    0.000000] BIOS-e820: [mem 0x00000000feffc000-0x00000000feffffff] reserved
[    0.000000] BIOS-e820: [mem 0x00000000fffc0000-0x00000000ffffffff] reserved
[    0.000000] BIOS-e820: [mem 0x0000000100000000-0x0000000dffffffff] usable
[    0.000000] NX (Execute Disable) protection: active
[    0.000000] APIC: Static calls initialized
[    0.000000] SMBIOS 2.8 present.
[    0.000000] DMI: QEMU Standard PC (Q35 + ICH9, 2009), BIOS rel-1.16.3-0-ga6ed6b701f0a-prebuilt.qemu.org 04/01/2014
[    0.000000] DMI: Memory slots populated: 1/1
[    0.000000] Hypervisor detected: KVM
[    0.000000] kvm-clock: Using msrs 4b564d01 and 4b564d00
[    0.000008] kvm-clock: using sched offset of 3541743339 cycles
[    0.000021] clocksource: kvm-clock: mask: 0xffffffffffffffff max_cycles: 0x1cd42e4dffb, max_idle_ns: 881590591483 ns
[    0.000072] tsc: Detected 2933.436 MHz processor
[    0.002453] e820: update [mem 0x00000000-0x00000fff] usable ==> reserved
[    0.002462] e820: remove [mem 0x000a0000-0x000fffff] usable
[    0.002475] last_pfn = 0xe00000 max_arch_pfn = 0x400000000
[    0.003077] MTRR map: 4 entries (3 fixed + 1 variable; max 19), built from 8 variable MTRRs
[    0.003110] x86/PAT: Configuration [0-7]: WB  WC  UC- UC  WB  WP  UC- WT  
[    0.003850] last_pfn = 0x7ffdb max_arch_pfn = 0x400000000
[    0.014729] found SMP MP-table at [mem 0x000f5450-0x000f545f]
[    0.014838] Using GB pages for direct mapping
[    0.016559] RAMDISK: [mem 0x79df5000-0x7ffcffff]
[    0.016647] ACPI: Early table checksum verification disabled
[    0.016760] ACPI: RSDP 0x00000000000F5220 000014 (v00 BOCHS )
[    0.016812] ACPI: RSDT 0x000000007FFE3D96 000040 (v01 BOCHS  BXPC     00000001 BXPC 00000001)
[    0.016863] ACPI: FACP 0x000000007FFE25E7 0000F4 (v03 BOCHS  BXPC     00000001 BXPC 00000001)
[    0.016892] ACPI: DSDT 0x000000007FFDF040 0035A7 (v01 BOCHS  BXPC     00000001 BXPC 00000001)
[    0.016909] ACPI: FACS 0x000000007FFDF000 000040
[    0.016919] ACPI: APIC 0x000000007FFE26DB 000170 (v03 BOCHS  BXPC     00000001 BXPC 00000001)
[    0.016929] ACPI: HPET 0x000000007FFE284B 000038 (v01 BOCHS  BXPC     00000001 BXPC 00000001)
[    0.016939] ACPI: SRAT 0x000000007FFE2883 0002D0 (v01 BOCHS  BXPC     00000001 BXPC 00000001)
[    0.016949] ACPI: MCFG 0x000000007FFE2B53 00003C (v01 BOCHS  BXPC     00000001 BXPC 00000001)
[    0.016959] ACPI: SSDT 0x000000007FFE2B8F 0011DF (v01 BOCHS  NVDIMM   00000001 BXPC 00000001)
[    0.016969] ACPI: WAET 0x000000007FFE3D6E 000028 (v01 BOCHS  BXPC     00000001 BXPC 00000001)
[    0.016977] ACPI: Reserving FACP table memory at [mem 0x7ffe25e7-0x7ffe26da]
[    0.016981] ACPI: Reserving DSDT table memory at [mem 0x7ffdf040-0x7ffe25e6]
[    0.016983] ACPI: Reserving FACS table memory at [mem 0x7ffdf000-0x7ffdf03f]
[    0.016986] ACPI: Reserving APIC table memory at [mem 0x7ffe26db-0x7ffe284a]
[    0.016988] ACPI: Reserving HPET table memory at [mem 0x7ffe284b-0x7ffe2882]
[    0.016991] ACPI: Reserving SRAT table memory at [mem 0x7ffe2883-0x7ffe2b52]
[    0.016993] ACPI: Reserving MCFG table memory at [mem 0x7ffe2b53-0x7ffe2b8e]
[    0.016995] ACPI: Reserving SSDT table memory at [mem 0x7ffe2b8f-0x7ffe3d6d]
[    0.016998] ACPI: Reserving WAET table memory at [mem 0x7ffe3d6e-0x7ffe3d95]
[    0.017446] ACPI: SRAT: Node 0 PXM 0 [mem 0x00000000-0x0009ffff]
[    0.017453] ACPI: SRAT: Node 0 PXM 0 [mem 0x00100000-0x7fffffff]
[    0.017456] ACPI: SRAT: Node 0 PXM 0 [mem 0x100000000-0xdffffffff]
[    0.017459] ACPI: SRAT: Node 0 PXM 0 [mem 0xe00000000-0x1bffffffff] hotplug
[    0.017474] NUMA: Node 0 [mem 0x00001000-0x0009ffff] + [mem 0x00100000-0x7fffffff] -> [mem 0x00001000-0x7fffffff]
[    0.017479] NUMA: Node 0 [mem 0x00001000-0x7fffffff] + [mem 0x100000000-0xdffffffff] -> [mem 0x00001000-0xdffffffff]
[    0.017508] NODE_DATA(0) allocated [mem 0xdfffd3700-0xdffffdfff]
[    0.017885] crashkernel low memory reserved: 0x69000000 - 0x79000000 (256 MB)
[    0.017891] crashkernel reserved: 0x0000000d7f000000 - 0x0000000dff000000 (2048 MB)
[    0.018297] Zone ranges:
[    0.018300]   DMA      [mem 0x0000000000001000-0x0000000000ffffff]
[    0.018305]   DMA32    [mem 0x0000000001000000-0x00000000ffffffff]
[    0.018308]   Normal   [mem 0x0000000100000000-0x0000000dffffffff]
[    0.018311]   Device   empty
[    0.018314] Movable zone start for each node
[    0.018318] Early memory node ranges
[    0.018319]   node   0: [mem 0x0000000000001000-0x000000000009efff]
[    0.018327]   node   0: [mem 0x0000000000100000-0x000000007ffdafff]
[    0.018330]   node   0: [mem 0x0000000100000000-0x0000000dffffffff]
[    0.018351] Initmem setup node 0 [mem 0x0000000000001000-0x0000000dffffffff]
[    0.020282] On node 0, zone DMA: 1 pages in unavailable ranges
[    0.020605] On node 0, zone DMA: 97 pages in unavailable ranges
[    0.993406] On node 0, zone Normal: 37 pages in unavailable ranges
[    8.398534] kasan: KernelAddressSanitizer initialized
[    8.406051] ACPI: PM-Timer IO Port: 0x608
[    8.406180] ACPI: LAPIC_NMI (acpi_id[0xff] dfl dfl lint[0x1])
[    8.406616] IOAPIC[0]: apic_id 0, version 17, address 0xfec00000, GSI 0-23
[    8.406634] ACPI: INT_SRC_OVR (bus 0 bus_irq 0 global_irq 2 dfl dfl)
[    8.406640] ACPI: INT_SRC_OVR (bus 0 bus_irq 5 global_irq 5 high level)
[    8.406643] ACPI: INT_SRC_OVR (bus 0 bus_irq 9 global_irq 9 high level)
[    8.406655] ACPI: INT_SRC_OVR (bus 0 bus_irq 10 global_irq 10 high level)
[    8.406658] ACPI: INT_SRC_OVR (bus 0 bus_irq 11 global_irq 11 high level)
[    8.406673] ACPI: Using ACPI (MADT) for SMP configuration information
[    8.406678] ACPI: HPET id: 0x8086a201 base: 0xfed00000
[    8.406697] TSC deadline timer available
[    8.406709] CPU topo: Max. logical packages:   2
[    8.406712] CPU topo: Max. logical dies:       2
[    8.406714] CPU topo: Max. dies per package:   1
[    8.406720] CPU topo: Max. threads per core:   2
[    8.406722] CPU topo: Num. cores per package:     8
[    8.406724] CPU topo: Num. threads per package:  16
[    8.406726] CPU topo: Allowing 32 present CPUs plus 0 hotplug CPUs
[    8.406867] kvm-guest: APIC: eoi() replaced with kvm_guest_apic_eoi_write()
[    8.406990] kvm-guest: KVM setup pv remote TLB flush
[    8.407047] kvm-guest: setup PV sched yield
[    8.407393] PM: hibernation: Registered nosave memory: [mem 0x00000000-0x00000fff]
[    8.407401] PM: hibernation: Registered nosave memory: [mem 0x0009f000-0x0009ffff]
[    8.407404] PM: hibernation: Registered nosave memory: [mem 0x000a0000-0x000effff]
[    8.407406] PM: hibernation: Registered nosave memory: [mem 0x000f0000-0x000fffff]
[    8.407410] PM: hibernation: Registered nosave memory: [mem 0x7ffdb000-0x7fffffff]
[    8.407413] PM: hibernation: Registered nosave memory: [mem 0x80000000-0xafffffff]
[    8.407415] PM: hibernation: Registered nosave memory: [mem 0xb0000000-0xbfffffff]
[    8.407417] PM: hibernation: Registered nosave memory: [mem 0xc0000000-0xfed1bfff]
[    8.407419] PM: hibernation: Registered nosave memory: [mem 0xfed1c000-0xfed1ffff]
[    8.407421] PM: hibernation: Registered nosave memory: [mem 0xfed20000-0xfeffbfff]
[    8.407424] PM: hibernation: Registered nosave memory: [mem 0xfeffc000-0xfeffffff]
[    8.407426] PM: hibernation: Registered nosave memory: [mem 0xff000000-0xfffbffff]
[    8.407427] PM: hibernation: Registered nosave memory: [mem 0xfffc0000-0xffffffff]
[    8.407441] [mem 0xc0000000-0xfed1bfff] available for PCI devices
[    8.407449] Booting paravirtualized kernel on KVM
[    8.407458] clocksource: refined-jiffies: mask: 0xffffffff max_cycles: 0xffffffff, max_idle_ns: 7645519600211568 ns
[    8.407540] setup_percpu: NR_CPUS:8192 nr_cpumask_bits:32 nr_cpu_ids:32 nr_node_ids:1
[    8.574847] percpu: Embedded 532 pages/cpu s2142208 r8192 d28672 u4194304
[    8.574906] pcpu-alloc: s2142208 r8192 d28672 u4194304 alloc=2*2097152
[    8.574914] pcpu-alloc: [0] 00 [0] 01 [0] 02 [0] 03 [0] 04 [0] 05 [0] 06 [0] 07 
[    8.574933] pcpu-alloc: [0] 08 [0] 09 [0] 10 [0] 11 [0] 12 [0] 13 [0] 14 [0] 15 
[    8.574952] pcpu-alloc: [0] 16 [0] 17 [0] 18 [0] 19 [0] 20 [0] 21 [0] 22 [0] 23 
[    8.574970] pcpu-alloc: [0] 24 [0] 25 [0] 26 [0] 27 [0] 28 [0] 29 [0] 30 [0] 31 
[    8.575383] kvm-guest: PV spinlocks enabled
[    8.575405] PV qspinlock hash table entries: 256 (order: 0, 4096 bytes, linear)
[    8.575422] Kernel command line: intremap=off console=ttyS0,115200 nokaslr root=/dev/vda1 crashkernel=1G-:2G
[    8.575673] Unknown kernel command line parameters "nokaslr", will be passed to user space.
[    8.575705] printk: log buffer data + meta data: 262144 + 917504 = 1179648 bytes
[    8.654755] Dentry cache hash table entries: 8388608 (order: 14, 67108864 bytes, linear)
[    8.685730] Inode-cache hash table entries: 4194304 (order: 13, 33554432 bytes, linear)
[    8.690260] Fallback order for Node 0: 0 
[    8.690291] Built 1 zonelists, mobility grouping on.  Total pages: 14155641
[    8.690295] Policy zone: Normal
[    8.690359] mem auto-init: stack:off, heap alloc:on, heap free:off
[    8.690370] stackdepot: allocating hash table via alloc_large_system_hash
[    8.690381] stackdepot hash table entries: 1048576 (order: 12, 16777216 bytes, linear)
[    8.701481] software IO TLB: area num 32.
[   11.303886] SLUB: HWalign=64, Order=0-3, MinObjects=0, CPUs=32, Nodes=1
[   11.305263] Kernel/User page tables isolation: enabled
[   11.306154] ftrace: allocating 52416 entries in 205 pages
[   11.620763] ftrace: allocated 205 pages with 5 groups
[   11.629528] Dynamic Preempt: voluntary
[   11.638667] Running RCU self tests
[   11.638672] Running RCU synchronous self tests
[   11.638733] rcu: Preemptible hierarchical RCU implementation.
[   11.638736] rcu: 	RCU lockdep checking is enabled.
[   11.638737] rcu: 	RCU restricting CPUs from NR_CPUS=8192 to nr_cpu_ids=32.
[   11.638743] 	Trampoline variant of Tasks RCU enabled.
[   11.638744] 	Rude variant of Tasks RCU enabled.
[   11.638746] 	Tracing variant of Tasks RCU enabled.
[   11.638748] rcu: RCU calculated value of scheduler-enlistment delay is 25 jiffies.
[   11.638751] rcu: Adjusting geometry for rcu_fanout_leaf=16, nr_cpu_ids=32
[   11.639491] Running RCU synchronous self tests
[   11.639524] RCU Tasks: Setting shift to 5 and lim to 1 rcu_task_cb_adjust=1 rcu_task_cpu_ids=32.
[   11.639551] RCU Tasks Rude: Setting shift to 5 and lim to 1 rcu_task_cb_adjust=1 rcu_task_cpu_ids=32.
[   11.639578] RCU Tasks Trace: Setting shift to 5 and lim to 1 rcu_task_cb_adjust=1 rcu_task_cpu_ids=32.
[   11.694632] NR_IRQS: 524544, nr_irqs: 680, preallocated irqs: 16
[   11.696575] rcu: srcu_init: Setting srcu_struct sizes based on contention.
[   11.801741] Console: colour VGA+ 80x25
[   11.802221] printk: legacy console [ttyS0] enabled
[   13.333535] Lock dependency validator: Copyright (c) 2006 Red Hat, Inc., Ingo Molnar
[   13.344369] ... MAX_LOCKDEP_SUBCLASSES:  8
[   13.350216] ... MAX_LOCK_DEPTH:          48
[   13.356114] ... MAX_LOCKDEP_KEYS:        8192
[   13.362300] ... CLASSHASH_SIZE:          4096
[   13.368441] ... MAX_LOCKDEP_ENTRIES:     32768
[   13.374735] ... MAX_LOCKDEP_CHAINS:      65536
[   13.381027] ... CHAINHASH_SIZE:          32768
[   13.387332]  memory used by lock dependency info: 6941 kB
[   13.394866]  memory used for stack traces: 4224 kB
[   13.401660]  per task-struct memory footprint: 2688 bytes
[   13.410105] ACPI: Core revision 20240827
[   13.418922] clocksource: hpet: mask: 0xffffffff max_cycles: 0xffffffff, max_idle_ns: 19112604467 ns
[   13.433010] APIC: Switch to symmetric I/O mode setup
[   13.443862] x2apic enabled
[   13.452183] APIC: Switched APIC routing to: physical x2apic
[   13.460040] kvm-guest: APIC: send_IPI_mask() replaced with kvm_send_ipi_mask()
[   13.470875] kvm-guest: APIC: send_IPI_mask_allbutself() replaced with kvm_send_ipi_mask_allbutself()
[   13.485416] kvm-guest: setup PV IPIs
[   13.507298] ..TIMER: vector=0x30 apic1=0 pin1=2 apic2=-1 pin2=-1
[   13.517994] clocksource: tsc-early: mask: 0xffffffffffffffff max_cycles: 0x2a48a50322c, max_idle_ns: 440795287943 ns
[   13.535664] Calibrating delay loop (skipped) preset value.. 5866.87 BogoMIPS (lpj=11733744)
[   13.541368] x86/cpu: User Mode Instruction Prevention (UMIP) activated
[   13.547915] Last level iTLB entries: 4KB 0, 2MB 0, 4MB 0
[   13.551653] Last level dTLB entries: 4KB 0, 2MB 0, 4MB 0, 1GB 0
[   13.555755] Spectre V1 : Mitigation: usercopy/swapgs barriers and __user pointer sanitization
[   13.559655] Spectre V2 : Mitigation: Retpolines
[   13.563653] Spectre V2 : Spectre v2 / SpectreRSB mitigation: Filling RSB on context switch
[   13.567653] Spectre V2 : Spectre v2 / SpectreRSB : Filling RSB on VMEXIT
[   13.571653] Spectre V2 : Enabling Restricted Speculation for firmware calls
[   13.575662] Spectre V2 : mitigation: Enabling conditional Indirect Branch Prediction Barrier
[   13.579653] Spectre V2 : User space: Mitigation: STIBP via prctl
[   13.583654] Speculative Store Bypass: Mitigation: Speculative Store Bypass disabled via prctl
[   13.587655] MDS: Vulnerable: Clear CPU buffers attempted, no microcode
[   13.591653] MMIO Stale Data: Unknown: No mitigations
[   13.595679] x86/fpu: x87 FPU will use FXSAVE
[   13.655715] Freeing SMP alternatives memory: 40K
[   13.659661] pid_max: default: 32768 minimum: 301
[   13.666333] LSM: initializing lsm=lockdown,capability,landlock,yama,apparmor,ima,evm
[   13.668584] landlock: Up and running.
[   13.671655] Yama: becoming mindful.
[   13.680451] AppArmor: AppArmor initialized
[   13.687050] Mount-cache hash table entries: 131072 (order: 8, 1048576 bytes, linear)
[   13.688949] Mountpoint-cache hash table entries: 131072 (order: 8, 1048576 bytes, linear)
[   13.701228] Running RCU synchronous self tests
[   13.703660] Running RCU synchronous self tests
[   13.710636] smpboot: CPU0: Intel Westmere E56xx/L56xx/X56xx (IBRS update) (family: 0x6, model: 0x2c, stepping: 0x1)
[   13.724988] Running RCU Tasks wait API self tests
[   13.831832] Running RCU Tasks Rude wait API self tests
[   13.835682] Running RCU Tasks Trace wait API self tests
[   13.839880] Performance Events: unsupported p6 CPU model 44 no PMU driver, software events only.
[   13.844234] signal: max sigframe size: 1440
[   13.847773] Callback from call_rcu_tasks_trace() invoked.
[   13.852450] rcu: Hierarchical SRCU implementation.
[   13.855685] rcu: 	Max phase no-delay instances is 1000.
[   13.861048] Timer migration: 2 hierarchy levels; 8 children per group; 2 crossnode level
[   13.875867] NMI watchdog: Perf NMI watchdog permanently disabled
[   13.891765] smp: Bringing up secondary CPUs ...
[   13.908536] smpboot: x86: Booting SMP configuration:
[   13.911709] .... node  #0, CPUs:        #2  #4  #6  #8 #10 #12 #14 #16 #18 #20 #22 #24 #26 #28
[   14.039885] Callback from call_rcu_tasks() invoked.
[   14.048828]  #30  #1  #3  #5  #7  #9 #11 #13 #15 #17 #19 #21 #23 #25 #27 #29 #31
[   14.321301] MDS CPU bug present and SMT on, data leak possible. See https://www.kernel.org/doc/html/latest/admin-guide/hw-vuln/mds.html for more details.
[   14.423484] smp: Brought up 1 node, 32 CPUs
[   14.423699] smpboot: Total of 32 processors activated (187739.90 BogoMIPS)
[   14.459492] Memory: 45769576K/56622564K available (53248K kernel code, 16294K rwdata, 13000K rodata, 9908K init, 22736K bss, 10804692K reserved, 0K cma-reserved)
[   14.477712] devtmpfs: initialized
[   14.482020] x86/mm: Memory block size: 128MB
[   14.768675] Running RCU synchronous self tests
[   14.771813] Running RCU synchronous self tests
[   14.776056] clocksource: jiffies: mask: 0xffffffff max_cycles: 0xffffffff, max_idle_ns: 7645041785100000 ns
[   14.780502] futex hash table entries: 8192 (order: 8, 1048576 bytes, linear)
[   14.787593] pinctrl core: initialized pinctrl subsystem
[   14.791180] PM: RTC time: 00:30:44, date: 2025-01-11
[   14.803986] NET: Registered PF_NETLINK/PF_ROUTE protocol family
[   14.817317] DMA: preallocated 4096 KiB GFP_KERNEL pool for atomic allocations
[   14.820667] DMA: preallocated 4096 KiB GFP_KERNEL|GFP_DMA pool for atomic allocations
[   14.824588] DMA: preallocated 4096 KiB GFP_KERNEL|GFP_DMA32 pool for atomic allocations
[   14.828406] audit: initializing netlink subsys (disabled)
[   14.832682] audit: type=2000 audit(1736555442.474:1): state=initialized audit_enabled=0 res=1
[   14.838029] thermal_sys: Registered thermal governor 'fair_share'
[   14.839686] thermal_sys: Registered thermal governor 'bang_bang'
[   14.843683] thermal_sys: Registered thermal governor 'step_wise'
[   14.847683] thermal_sys: Registered thermal governor 'user_space'
[   14.851684] thermal_sys: Registered thermal governor 'power_allocator'
[   14.856082] EISA bus registered
[   14.864333] cpuidle: using governor ladder
[   14.867973] cpuidle: using governor menu
[   14.873760] acpiphp: ACPI Hot Plug PCI Controller Driver version: 0.5
[   14.879398] PCI: ECAM [mem 0xb0000000-0xbfffffff] (base 0xb0000000) for domain 0000 [bus 00-ff]
[   14.879688] PCI: ECAM [mem 0xb0000000-0xbfffffff] reserved as E820 entry
[   14.973526] PCI: Using configuration type 1 for base access
[   14.978028] kprobes: kprobe jump-optimization is enabled. All kprobes are optimized if possible.
[   14.989510] HugeTLB: registered 1.00 GiB page size, pre-allocated 0 pages
[   14.991699] HugeTLB: 16380 KiB vmemmap can be freed for a 1.00 GiB page
[   14.995684] HugeTLB: registered 2.00 MiB page size, pre-allocated 0 pages
[   14.999681] HugeTLB: 28 KiB vmemmap can be freed for a 2.00 MiB page
[   15.092946] ACPI: Added _OSI(Module Device)
[   15.099688] ACPI: Added _OSI(Processor Device)
[   15.107684] ACPI: Added _OSI(3.0 _SCP Extensions)
[   15.115683] ACPI: Added _OSI(Processor Aggregator Device)
[   15.360847] ACPI: 2 ACPI AML tables successfully acquired and loaded
[   15.433530] ACPI: Interpreter enabled
[   15.436129] ACPI: PM: (supports S0 S3 S4 S5)
[   15.439715] ACPI: Using IOAPIC for interrupt routing
[   15.444571] PCI: Using host bridge windows from ACPI; if necessary, use "pci=nocrs" and report a bug
[   15.447691] PCI: Using E820 reservations for host bridge windows
[   15.461679] ACPI: Enabled 4 GPEs in block 00 to 3F
[   15.987951] ACPI: PCI Root Bridge [PCI0] (domain 0000 [bus 00-ff])
[   16.000156] acpi PNP0A08:00: _OSC: OS supports [ExtendedConfig ASPM ClockPM Segments MSI EDR HPX-Type3]
[   16.021396] acpi PNP0A08:00: _OSC: platform does not support [PCIeHotplug LTR DPC]
[   16.046041] acpi PNP0A08:00: _OSC: OS now controls [SHPCHotplug PME AER PCIeCapability]
[   16.076241] PCI host bridge to bus 0000:00
[   16.085267] pci_bus 0000:00: root bus resource [io  0x0000-0x0cf7 window]
[   16.100391] pci_bus 0000:00: root bus resource [io  0x0d00-0xffff window]
[   16.111741] pci_bus 0000:00: root bus resource [mem 0x000a0000-0x000bffff window]
[   16.123718] pci_bus 0000:00: root bus resource [mem 0x80000000-0xafffffff window]
[   16.139739] pci_bus 0000:00: root bus resource [mem 0xc0000000-0xfebfffff window]
[   16.151701] pci_bus 0000:00: root bus resource [mem 0x1c00000000-0x23ffffffff window]
[   16.163727] pci_bus 0000:00: root bus resource [bus 00-ff]
[   16.176430] pci 0000:00:00.0: [8086:29c0] type 00 class 0x060000 conventional PCI endpoint
[   16.201531] pci 0000:00:01.0: [1234:1111] type 00 class 0x030000 conventional PCI endpoint
[   16.228994] pci 0000:00:01.0: BAR 0 [mem 0xfd000000-0xfdffffff pref]
[   16.264066] pci 0000:00:01.0: BAR 2 [mem 0xfea50000-0xfea50fff]
[   16.335834] pci 0000:00:01.0: ROM [mem 0xfea40000-0xfea4ffff pref]
[   16.353104] pci 0000:00:01.0: Video device with shadowed ROM at [mem 0x000c0000-0x000dffff]
[   16.371894] pci 0000:00:01.0: pci_fixup_video+0x0/0x2d0 took 19531 usecs
[   16.396689] pci 0000:00:02.0: [1af4:1000] type 00 class 0x020000 conventional PCI endpoint
[   16.414707] pci 0000:00:02.0: BAR 0 [io  0xc040-0xc05f]
[   16.427114] pci 0000:00:02.0: BAR 1 [mem 0xfea51000-0xfea51fff]
[   16.447792] pci 0000:00:02.0: BAR 4 [mem 0xfe200000-0xfe203fff 64bit pref]
[   16.461669] pci 0000:00:02.0: ROM [mem 0xfea00000-0xfea3ffff pref]
[   16.483261] pci 0000:00:03.0: [1b36:000c] type 01 class 0x060400 PCIe Root Port
[   16.502829] pci 0000:00:03.0: BAR 0 [mem 0xfea52000-0xfea52fff]
[   16.524049] pci 0000:00:03.0: PCI bridge to [bus 01]
[   16.536263] pci 0000:00:03.0:   bridge window [mem 0xfe800000-0xfe9fffff]
[   16.552049] pci 0000:00:03.0:   bridge window [mem 0xfe000000-0xfe1fffff 64bit pref]
[   16.578579] pci 0000:00:04.0: [1af4:105b] type 00 class 0x00ff00 conventional PCI endpoint
[   16.598545] pci 0000:00:04.0: BAR 4 [mem 0xfe204000-0xfe207fff 64bit pref]
[   16.761435] pci 0000:00:1f.0: [8086:2918] type 00 class 0x060100 conventional PCI endpoint
[   16.781527] pci 0000:00:1f.0: quirk: [io  0x0600-0x067f] claimed by ICH6 ACPI/GPIO/TCO
[   16.792219] pci 0000:00:1f.0: quirk_ich7_lpc+0x0/0x1d0 took 15625 usecs
[   16.809459] pci 0000:00:1f.2: [8086:2922] type 00 class 0x010601 conventional PCI endpoint
[   16.835784] pci 0000:00:1f.2: BAR 4 [io  0xc060-0xc07f]
[   16.849243] pci 0000:00:1f.2: BAR 5 [mem 0xfea53000-0xfea53fff]
[   16.864692] pci 0000:00:1f.3: [8086:2930] type 00 class 0x0c0500 conventional PCI endpoint
[   16.887217] pci 0000:00:1f.3: BAR 4 [io  0x0700-0x073f]
[   16.910335] acpiphp: Slot [0] registered
[   16.918021] pci 0000:01:00.0: [1af4:1042] type 00 class 0x010000 PCIe Endpoint
[   16.947362] pci 0000:01:00.0: BAR 1 [mem 0xfe800000-0xfe800fff]
[   16.979558] pci 0000:01:00.0: BAR 4 [mem 0xfe000000-0xfe003fff 64bit pref]
[   17.086528] pci 0000:00:03.0: PCI bridge to [bus 01]
[   17.114948] ACPI: PCI: Interrupt link LNKA configured for IRQ 10
[   17.132711] ACPI: PCI: Interrupt link LNKB configured for IRQ 10
[   17.148497] ACPI: PCI: Interrupt link LNKC configured for IRQ 11
[   17.170259] ACPI: PCI: Interrupt link LNKD configured for IRQ 11
[   17.184596] ACPI: PCI: Interrupt link LNKE configured for IRQ 10
[   17.200580] ACPI: PCI: Interrupt link LNKF configured for IRQ 10
[   17.216744] ACPI: PCI: Interrupt link LNKG configured for IRQ 11
[   17.229731] ACPI: PCI: Interrupt link LNKH configured for IRQ 11
[   17.241175] ACPI: PCI: Interrupt link GSIA configured for IRQ 16
[   17.253075] ACPI: PCI: Interrupt link GSIB configured for IRQ 17
[   17.264632] ACPI: PCI: Interrupt link GSIC configured for IRQ 18
[   17.276828] ACPI: PCI: Interrupt link GSID configured for IRQ 19
[   17.288378] ACPI: PCI: Interrupt link GSIE configured for IRQ 20
[   17.300414] ACPI: PCI: Interrupt link GSIF configured for IRQ 21
[   17.308458] ACPI: PCI: Interrupt link GSIG configured for IRQ 22
[   17.320400] ACPI: PCI: Interrupt link GSIH configured for IRQ 23
[   17.484183] iommu: Default domain type: Translated
[   17.492011] iommu: DMA domain TLB invalidation policy: lazy mode
[   17.522846] SCSI subsystem initialized
[   17.533437] libata version 3.00 loaded.
[   17.536265] ACPI: bus type USB registered
[   17.544845] usbcore: registered new interface driver usbfs
[   17.560203] usbcore: registered new interface driver hub
[   17.572444] usbcore: registered new device driver usb
[   17.589111] pps_core: LinuxPPS API ver. 1 registered
[   17.603868] pps_core: Software ver. 5.3.6 - Copyright 2005-2007 Rodolfo Giometti <giometti@linux.it>
[   17.619897] PTP clock support registered
[   17.636189] EDAC MC: Ver: 3.0.0
[   17.664783] NetLabel: Initializing
[   17.675757] NetLabel:  domain hash size = 128
[   17.683682] NetLabel:  protocols = UNLABELED CIPSOv4 CALIPSO
[   17.696589] NetLabel:  unlabeled traffic allowed by default
[   17.712508] PCI: Using ACPI for IRQ routing
[   19.780662] PCI: pci_cache_line_size set to 64 bytes
[   19.782692] e820: reserve RAM buffer [mem 0x0009fc00-0x0009ffff]
[   19.782830] e820: reserve RAM buffer [mem 0x7ffdb000-0x7fffffff]
[   19.784273] pci 0000:00:01.0: vgaarb: setting as boot VGA device
[   19.787642] pci 0000:00:01.0: vgaarb: bridge control possible
[   19.787642] pci 0000:00:01.0: vgaarb: VGA device added: decodes=io+mem,owns=io+mem,locks=none
[   19.819720] vgaarb: loaded
[   19.829939] hpet0: at MMIO 0xfed00000, IRQs 2, 8, 0
[   19.835738] hpet0: 3 comparators, 64-bit 100.000000 MHz counter
[   19.873098] clocksource: Switched to clocksource kvm-clock
[   19.895394] VFS: Disk quotas dquot_6.6.0
[   19.902208] VFS: Dquot-cache hash table entries: 512 (order 0, 4096 bytes)
[   19.925180] AppArmor: AppArmor Filesystem Enabled
[   19.935281] pnp: PnP ACPI init
[   19.950760] system 00:05: [mem 0xb0000000-0xbfffffff window] has been reserved
[   19.998381] pnp: PnP ACPI: found 6 devices
[   20.088744] clocksource: acpi_pm: mask: 0xffffff max_cycles: 0xffffff, max_idle_ns: 2085701024 ns
[   20.108621] NET: Registered PF_INET protocol family
[   20.121393] IP idents hash table entries: 262144 (order: 9, 2097152 bytes, linear)
[   20.152423] tcp_listen_portaddr_hash hash table entries: 32768 (order: 9, 2621440 bytes, linear)
[   20.171230] Table-perturb hash table entries: 65536 (order: 6, 262144 bytes, linear)
[   20.197189] TCP established hash table entries: 524288 (order: 10, 4194304 bytes, linear)
[   20.225656] TCP bind hash table entries: 65536 (order: 11, 10485760 bytes, vmalloc hugepage)
[   20.248029] TCP: Hash tables configured (established 524288 bind 65536)
[   20.274524] MPTCP token hash table entries: 65536 (order: 10, 6291456 bytes, vmalloc hugepage)
[   20.309181] UDP hash table entries: 32768 (order: 11, 9961472 bytes, vmalloc hugepage)
[   20.344624] UDP-Lite hash table entries: 32768 (order: 11, 9961472 bytes, vmalloc hugepage)
[   20.370011] NET: Registered PF_UNIX/PF_LOCAL protocol family
[   20.381600] NET: Registered PF_XDP protocol family
[   20.391391] pci 0000:00:03.0: bridge window [io  0x1000-0x0fff] to [bus 01] add_size 1000
[   20.407706] pci 0000:00:03.0: bridge window [io  0x1000-0x1fff]: assigned
[   20.421284] pci 0000:00:03.0: PCI bridge to [bus 01]
[   20.431325] pci 0000:00:03.0:   bridge window [io  0x1000-0x1fff]
[   20.445604] pci 0000:00:03.0:   bridge window [mem 0xfe800000-0xfe9fffff]
[   20.460580] pci 0000:00:03.0:   bridge window [mem 0xfe000000-0xfe1fffff 64bit pref]
[   20.478760] pci_bus 0000:00: resource 4 [io  0x0000-0x0cf7 window]
[   20.491280] pci_bus 0000:00: resource 5 [io  0x0d00-0xffff window]
[   20.503192] pci_bus 0000:00: resource 6 [mem 0x000a0000-0x000bffff window]
[   20.516404] pci_bus 0000:00: resource 7 [mem 0x80000000-0xafffffff window]
[   20.529664] pci_bus 0000:00: resource 8 [mem 0xc0000000-0xfebfffff window]
[   20.542981] pci_bus 0000:00: resource 9 [mem 0x1c00000000-0x23ffffffff window]
[   20.557114] pci_bus 0000:01: resource 0 [io  0x1000-0x1fff]
[   20.567837] pci_bus 0000:01: resource 1 [mem 0xfe800000-0xfe9fffff]
[   20.579884] pci_bus 0000:01: resource 2 [mem 0xfe000000-0xfe1fffff 64bit pref]
[   20.595379] PCI: CLS 0 bytes, default 64
[   20.604291] PCI-DMA: Using software bounce buffering for IO (SWIOTLB)
[   20.607278] Trying to unpack rootfs image as initramfs...
[   20.617098] software IO TLB: mapped [mem 0x0000000065000000-0x0000000069000000] (64MB)
[   20.642692] clocksource: tsc: mask: 0xffffffffffffffff max_cycles: 0x2a48a50322c, max_idle_ns: 440795287943 ns
[   20.697455] Initialise system trusted keyrings
[   20.709172] Key type blacklist registered
[   20.720625] workingset: timestamp_bits=36 max_order=24 bucket_order=0
[   20.731601] zbud: loaded
[   20.749768] squashfs: version 4.0 (2009/01/31) Phillip Lougher
[   20.764743] fuse: init (API version 7.41)
[   20.777813] integrity: Platform Keyring initialized
[   20.811998] Key type asymmetric registered
[   20.821677] Asymmetric key parser 'x509' registered
[   20.834030] Block layer SCSI generic (bsg) driver version 0.4 loaded (major 243)
[   20.853655] io scheduler mq-deadline registered
[   20.891876] ledtrig-cpu: registered to indicate activity on CPUs
[   20.936606] ACPI: \_SB_.GSIH: Enabled at IRQ 23
[   20.955825] pcieport 0000:00:03.0: PME: Signaling with IRQ 24
[   20.969726] pcieport 0000:00:03.0: AER: enabled with IRQ 24
[   20.989236] shpchp: Standard Hot Plug PCI Controller Driver version: 0.4
[   21.010680] input: Power Button as /devices/LNXSYSTM:00/LNXPWRBN:00/input/input0
[   21.030788] ACPI: button: Power Button [PWRF]
[   21.160165] ACPI: \_SB_.GSIG: Enabled at IRQ 22
[   21.212296] ACPI: \_SB_.GSIE: Enabled at IRQ 20
[   21.278669] Serial: 8250/16550 driver, 32 ports, IRQ sharing enabled
[   21.343021] 00:03: ttyS0 at I/O 0x3f8 (irq = 4, base_baud = 115200) is a 16550A
[   21.521748] Linux agpgart interface v0.103
[   21.751000] loop: module loaded
[   21.768492] tun: Universal TUN/TAP device driver, 1.6
[   21.778762] PPP generic driver version 2.4.2
[   21.791407] VFIO - User Level meta-driver version: 0.3
[   21.808738] i8042: PNP: PS/2 Controller [PNP0303:KBD,PNP0f13:MOU] at 0x60,0x64 irq 1,12
[   21.836661] serio: i8042 KBD port at 0x60,0x64 irq 1
[   21.848659] serio: i8042 AUX port at 0x60,0x64 irq 12
[   21.863415] mousedev: PS/2 mouse device common for all mice
[   21.880661] rtc_cmos 00:04: RTC can wake from S4
[   21.886584] input: AT Translated Set 2 keyboard as /devices/platform/i8042/serio0/input/input1
[   21.900147] rtc_cmos 00:04: registered as rtc0
[   21.913186] rtc_cmos 00:04: setting system clock to 2025-01-11T00:30:52 UTC (1736555452)
[   21.927926] rtc_cmos 00:04: alarms up to one day, y3k, 242 bytes nvram, hpet irqs
[   21.940239] i2c_dev: i2c /dev entries driver
[   21.947847] device-mapper: core: CONFIG_IMA_DISABLE_HTABLE is disabled. Duplicate IMA measurements will not be recorded in the IMA log.
[   21.967391] device-mapper: uevent: version 1.0.3
[   21.977424] device-mapper: ioctl: 4.48.0-ioctl (2023-03-01) initialised: dm-devel@lists.linux.dev
[   21.992405] platform eisa.0: Probing EISA bus 0
[   22.000063] platform eisa.0: EISA: Cannot allocate resource for mainboard
[   22.011011] platform eisa.0: Cannot allocate resource for EISA slot 1
[   22.021511] platform eisa.0: Cannot allocate resource for EISA slot 2
[   22.031948] platform eisa.0: Cannot allocate resource for EISA slot 3
[   22.042325] platform eisa.0: Cannot allocate resource for EISA slot 4
[   22.053418] platform eisa.0: Cannot allocate resource for EISA slot 5
[   22.063921] platform eisa.0: Cannot allocate resource for EISA slot 6
[   22.074621] platform eisa.0: Cannot allocate resource for EISA slot 7
[   22.085085] platform eisa.0: Cannot allocate resource for EISA slot 8
[   22.095631] platform eisa.0: EISA: Detected 0 cards
[   22.103706] intel_pstate: CPU model not supported
[   22.114298] drop_monitor: Initializing network drop monitor service
[   22.127401] NET: Registered PF_INET6 protocol family
[   24.697772] Freeing initrd memory: 100204K
[   24.838188] Segment Routing with IPv6
[   24.848332] In-situ OAM (IOAM) with IPv6
[   24.859257] NET: Registered PF_PACKET protocol family
[   24.876366] Key type dns_resolver registered
[   24.958485] IPI shorthand broadcast: enabled
[   25.088632] registered taskstats version 1
[   25.121883] Loading compiled-in X.509 certificates
[   25.284698] Demotion targets for Node 0: null
[   25.294943] kmemleak: Kernel memory leak detector initialized (mem pool available: 14409)
[   25.295146] kmemleak: Automatic memory scanning thread started
[   25.319575] Key type .fscrypt registered
[   25.334011] Key type fscrypt-provisioning registered
[   25.418880] cryptd: module verification failed: signature and/or required key missing - tainting kernel
[   25.448448] cryptd: max_cpu_qlen set to 1000
[   25.680727] Key type encrypted registered
[   25.688407] AppArmor: AppArmor sha256 policy hashing enabled
[   25.698037] ima: No TPM chip found, activating TPM-bypass!
[   25.707900] Loading compiled-in module X.509 certificates
[   25.717682] ima: Allocated hash algorithm: sha1
[   25.726584] ima: No architecture policies found
[   25.735843] evm: Initialising EVM extended attributes:
[   25.745020] evm: security.selinux
[   25.751857] evm: security.SMACK64
[   25.758700] evm: security.SMACK64EXEC
[   25.766375] evm: security.SMACK64TRANSMUTE
[   25.774905] evm: security.SMACK64MMAP
[   25.782515] evm: security.apparmor
[   25.789619] evm: security.ima
[   25.795972] evm: security.capability
[   25.803537] evm: HMAC attrs: 0x1
[   25.824005] PM:   Magic number: 9:269:506
[   25.836931] RAS: Correctable Errors collector initialized.
[   25.848275] Unstable clock detected, switching default tracing clock to "global"
               If you want to keep using the local clock, then add:
                 "trace_clock=local"
               on the kernel command line
[   25.887543] clk: Disabling unused clocks
[   25.964455] Freeing unused decrypted memory: 2036K
[   25.995758] Freeing unused kernel image (initmem) memory: 9908K
[   26.005476] Write protecting the kernel read-only data: 67584k
[   26.019748] Freeing unused kernel image (rodata/data gap) memory: 1336K
[   26.093966] x86/mm: Checked W+X mappings: passed, no W+X pages found.
[   26.101543] x86/mm: Checking user space page tables
[   26.168316] x86/mm: Checked W+X mappings: passed, no W+X pages found.
[   26.176371] Run /init as init process
[   26.182103]   with arguments:
[   26.182121]     /init
[   26.182134]     nokaslr
[   26.182140]   with environment:
[   26.182147]     HOME=/
[   26.182154]     TERM=linux
[   30.226305] lpc_ich 0000:00:1f.0: I/O space for GPIO uninitialized
[   30.366206] virtio_blk virtio2: 32/0/0 default/read/poll queues
[   30.426508] input: VirtualPS/2 VMware VMMouse as /devices/platform/i8042/serio1/input/input4
[   30.453134] ahci 0000:00:1f.2: version 3.0
[   30.500781] input: VirtualPS/2 VMware VMMouse as /devices/platform/i8042/serio1/input/input3
[   30.550736] ACPI: \_SB_.GSIA: Enabled at IRQ 16
[   30.571522] i801_smbus 0000:00:1f.3: SMBus using PCI interrupt
[   30.579947] ahci 0000:00:1f.2: AHCI vers 0001.0000, 32 command slots, 1.5 Gbps, SATA mode
[   30.594577] ahci 0000:00:1f.2: 6/6 ports implemented (port mask 0x3f)
[   30.603137] ahci 0000:00:1f.2: flags: 64bit ncq only 
[   30.654934] i2c i2c-0: Memory type 0x07 not supported yet, not instantiating SPD
[   30.708495] scsi host0: ahci
[   30.745641] scsi host1: ahci
[   30.775541] scsi host2: ahci
[   30.789211] virtio_blk virtio2: [vda] 209715200 512-byte logical blocks (107 GB/100 GiB)
[   30.802857] scsi host3: ahci
[   30.857857] scsi host4: ahci
[   30.898301] scsi host5: ahci
[   30.908853] ata1: SATA max UDMA/133 abar m4096@0xfea53000 port 0xfea53100 irq 50 lpm-pol 0
[   30.922519] ata2: SATA max UDMA/133 abar m4096@0xfea53000 port 0xfea53180 irq 50 lpm-pol 0
[   30.935723] ata3: SATA max UDMA/133 abar m4096@0xfea53000 port 0xfea53200 irq 50 lpm-pol 0
[   30.949642] ata4: SATA max UDMA/133 abar m4096@0xfea53000 port 0xfea53280 irq 50 lpm-pol 0
[   30.964071] ata5: SATA max UDMA/133 abar m4096@0xfea53000 port 0xfea53300 irq 50 lpm-pol 0
[   30.982417]  vda: vda1 vda14 vda15
[   30.983520] ata6: SATA max UDMA/133 abar m4096@0xfea53000 port 0xfea53380 irq 50 lpm-pol 0
[   31.184582] virtio_net virtio0 enp0s2: renamed from eth0
[   31.323947] ata5: SATA link down (SStatus 0 SControl 300)
[   31.341294] ata1: SATA link up 1.5 Gbps (SStatus 113 SControl 300)
[   31.355451] ata3: SATA link up 1.5 Gbps (SStatus 113 SControl 300)
[   31.365082] ata4: SATA link down (SStatus 0 SControl 300)
[   31.373524] ata2: SATA link up 1.5 Gbps (SStatus 113 SControl 300)
[   31.394192] ata6: SATA link down (SStatus 0 SControl 300)
[   31.404394] ata2.00: ATA-7: QEMU HARDDISK, 2.5+, max UDMA/100
[   31.413926] ata2.00: 20971520 sectors, multi 16: LBA48 NCQ (depth 32)
[   31.426279] ata2.00: applying bridge limits
[   31.434136] ata1.00: ATA-7: QEMU HARDDISK, 2.5+, max UDMA/100
[   31.443479] ata1.00: 20971520 sectors, multi 16: LBA48 NCQ (depth 32)
[   31.452309] ata1.00: applying bridge limits
[   31.458016] ata3.00: ATAPI: QEMU DVD-ROM, 2.5+, max UDMA/100
[   31.466993] ata3.00: applying bridge limits
[   31.477399] ata3.00: configured for UDMA/100
[   31.490247] ata2.00: configured for UDMA/100
[   31.499433] ata1.00: configured for UDMA/100
[   31.529059] scsi 0:0:0:0: Direct-Access     ATA      QEMU HARDDISK    2.5+ PQ: 0 ANSI: 5
[   31.593134] sd 0:0:0:0: Attached scsi generic sg0 type 0
[   31.601975] sd 0:0:0:0: [sda] 20971520 512-byte logical blocks: (10.7 GB/10.0 GiB)
[   31.621228] scsi 1:0:0:0: Direct-Access     ATA      QEMU HARDDISK    2.5+ PQ: 0 ANSI: 5
[   31.622816] sd 0:0:0:0: [sda] Write Protect is off
[   31.640943] sd 0:0:0:0: [sda] Mode Sense: 00 3a 00 00
[   31.641222] sd 0:0:0:0: [sda] Write cache: enabled, read cache: enabled, doesn't support DPO or FUA
[   31.656267] sd 0:0:0:0: [sda] Preferred minimum I/O size 512 bytes
[   31.667497] sd 1:0:0:0: [sdb] 20971520 512-byte logical blocks: (10.7 GB/10.0 GiB)
[   31.668621] sd 1:0:0:0: Attached scsi generic sg1 type 0
[   31.680087] sd 1:0:0:0: [sdb] Write Protect is off
[   31.693261] scsi 2:0:0:0: CD-ROM            QEMU     QEMU DVD-ROM     2.5+ PQ: 0 ANSI: 5
[   31.694224] sd 1:0:0:0: [sdb] Mode Sense: 00 3a 00 00
[   31.706154] sd 1:0:0:0: [sdb] Write cache: enabled, read cache: enabled, doesn't support DPO or FUA
[   31.718485] sd 1:0:0:0: [sdb] Preferred minimum I/O size 512 bytes
[   31.761947] sd 0:0:0:0: [sda] Attached SCSI disk
[   31.792012] sd 1:0:0:0: [sdb] Attached SCSI disk
[   31.857725] sr 2:0:0:0: [sr0] scsi3-mmc drive: 4x/4x cd/rw xa/form2 tray
[   31.870303] cdrom: Uniform CD-ROM driver Revision: 3.20
[   31.978341] sr 2:0:0:0: Attached scsi CD-ROM sr0
[   31.981043] sr 2:0:0:0: Attached scsi generic sg2 type 5
[   32.074505] nd_pmem namespace0.0: unable to guarantee persistence of writes
[   35.879156] raid6: sse2x4   gen()  9098 MB/s
[   35.951157] raid6: sse2x2   gen()  8669 MB/s
[   36.023163] raid6: sse2x1   gen()  8097 MB/s
[   36.028434] raid6: using algorithm sse2x4 gen() 9098 MB/s
[   36.099159] raid6: .... xor() 4165 MB/s, rmw enabled
[   36.105053] raid6: using ssse3x2 recovery algorithm
[   36.125730] xor: measuring software checksum speed
[   36.134834]    prefetch64-sse  : 11058 MB/sec
[   36.143185]    generic_sse     :  6471 MB/sec
[   36.150897] xor: using function: prefetch64-sse (11058 MB/sec)
[   36.168507] async_tx: api initialized (async)
[   37.830163] Btrfs loaded, zoned=yes, fsverity=yes
[   39.066038] EXT4-fs (vda1): mounted filesystem 26c50908-598b-4e8e-871e-35718a3a1426 ro with ordered data mode. Quota mode: none.
[   40.361958] systemd[1]: Inserted module 'autofs4'
[   40.569064] systemd[1]: systemd 249.11-0ubuntu3.12 running in system mode (+PAM +AUDIT +SELINUX +APPARMOR +IMA +SMACK +SECCOMP +GCRYPT +GNUTLS +OPENSSL +ACL +BLKID +CURL +ELFUTILS +FIDO2 +IDN2 -IDN +IPTC +KMOD +LIBCRYPTSETUP +LIBFDISK +PCRE2 -PWQUALITY -P11KIT -QRENCODE +BZIP2 +LZ4 +XZ +ZLIB +ZSTD -XKBCOMMON +UTMP +SYSVINIT default-hierarchy=unified)
[   40.604800] systemd[1]: Detected virtualization kvm.
[   40.611459] systemd[1]: Detected architecture x86-64.
[   40.637543] systemd[1]: Hostname set to <qemu-1>.
[   41.292474] block vda: the capability attribute has been deprecated.
[   41.723757] random: crng init done
[   42.631982] systemd[1]: Queued start job for default target Graphical Interface.
[   42.739370] systemd[1]: Created slice Slice /system/modprobe.
[   42.770682] systemd[1]: Created slice Slice /system/serial-getty.
[   42.804219] systemd[1]: Created slice Slice /system/systemd-fsck.
[   42.837329] systemd[1]: Created slice User and Session Slice.
[   42.854181] systemd[1]: Started Forward Password Requests to Wall Directory Watch.
[   42.878516] systemd[1]: Set up automount Arbitrary Executable File Formats File System Automount Point.
[   42.900878] systemd[1]: Reached target Slice Units.
[   42.915492] systemd[1]: Reached target Mounting snaps.
[   42.930545] systemd[1]: Reached target Swaps.
[   42.945804] systemd[1]: Reached target Local Verity Protected Volumes.
[   42.969258] systemd[1]: Listening on Device-mapper event daemon FIFOs.
[   42.994032] systemd[1]: Listening on LVM2 poll daemon socket.
[   43.011682] systemd[1]: Listening on multipathd control socket.
[   43.198961] systemd[1]: Listening on RPCbind Server Activation Socket.
[   43.220496] systemd[1]: Listening on Syslog Socket.
[   43.237492] systemd[1]: Listening on fsck to fsckd communication Socket.
[   43.258916] systemd[1]: Listening on initctl Compatibility Named Pipe.
[   43.281993] systemd[1]: Listening on Journal Audit Socket.
[   43.301399] systemd[1]: Listening on Journal Socket (/dev/log).
[   43.323256] systemd[1]: Listening on Journal Socket.
[   43.341175] systemd[1]: Listening on Network Service Netlink Socket.
[   43.363631] systemd[1]: Listening on udev Control Socket.
[   43.381354] systemd[1]: Listening on udev Kernel Socket.
[   43.476104] systemd[1]: Mounting Huge Pages File System...
[   43.519581] systemd[1]: Mounting POSIX Message Queue File System...
[   43.568614] systemd[1]: Mounting Kernel Debug File System...
[   43.616233] systemd[1]: Mounting Kernel Trace File System...
[   43.732773] systemd[1]: Starting Journal Service...
[   43.746268] systemd[1]: Condition check resulted in Kernel Module supporting RPCSEC_GSS being skipped.
[   43.784673] systemd[1]: Starting Set the console keyboard layout...
[   43.833334] systemd[1]: Starting Create List of Static Device Nodes...
[   43.886403] systemd[1]: Starting Monitoring of LVM2 mirrors, snapshots etc. using dmeventd or progress polling...
[   43.910632] systemd[1]: Condition check resulted in LXD - agent being skipped.
[   43.947828] systemd[1]: Starting Load Kernel Module configfs...
[   43.990469] systemd[1]: Starting Load Kernel Module drm...
[   44.034923] systemd[1]: Starting Load Kernel Module efi_pstore...
[   44.110422] systemd[1]: Starting Load Kernel Module fuse...
[   44.137938] systemd[1]: Condition check resulted in OpenVSwitch configuration for cleanup being skipped.
[   44.157258] systemd[1]: Condition check resulted in File System Check on Root Device being skipped.
[   44.216408] systemd[1]: Starting Load Kernel Modules...
[   44.269929] systemd[1]: Starting Remount Root and Kernel File Systems...
[   44.336572] ACPI: bus type drm_connector registered
[   44.337911] systemd[1]: Starting Coldplug All udev Devices...
[   44.419549] systemd[1]: Mounted Huge Pages File System.
[   44.446859] systemd[1]: Mounted POSIX Message Queue File System.
[   44.470439] systemd[1]: Mounted Kernel Debug File System.
[   44.491935] systemd[1]: Started Journal Service.
[   44.544993] EXT4-fs (vda1): re-mounted 26c50908-598b-4e8e-871e-35718a3a1426 r/w. Quota mode: none.
[   45.087774] alua: device handler registered
[   45.110048] emc: device handler registered
[   45.129119] rdac: device handler registered
[   45.146196] systemd-journald[591]: Received client request to flush runtime journal.
[   45.188091] systemd-journald[591]: File /var/log/journal/02c9a06a7911097a3b638c9756cf2e6e/system.journal corrupted or uncleanly shut down, renaming and replacing.
[   46.293192] loop0: detected capacity change from 0 to 131016
[   46.309592] loop1: detected capacity change from 0 to 130448
[   46.363329] loop2: detected capacity change from 0 to 229272
[   46.437524] loop3: detected capacity change from 0 to 178256
[   46.556143] loop4: detected capacity change from 0 to 82800
[   46.632004] loop5: detected capacity change from 0 to 79520
[   49.811559] parport_pc 00:02: reported by Plug and Play ACPI
[   49.844317] parport0: PC-style at 0x378, irq 7 [PCSPP,TRISTATE]
[   53.080517] ppdev: user-space parallel port driver
[   55.456531] kvm_intel: VM_EXIT_LOAD_IA32_PERF_GLOBAL_CTRL does not work properly. Using workaround
[   56.077714] audit: type=1400 audit(1736555486.660:2): apparmor="STATUS" operation="profile_load" profile="unconfined" name="swtpm" pid=1254 comm="apparmor_parser"
[   56.080801] audit: type=1400 audit(1736555486.664:3): apparmor="STATUS" operation="profile_load" profile="unconfined" name="lsb_release" pid=1248 comm="apparmor_parser"
[   56.084020] audit: type=1400 audit(1736555486.668:4): apparmor="STATUS" operation="profile_load" profile="unconfined" name="virt-aa-helper" pid=1257 comm="apparmor_parser"
[   56.089684] audit: type=1400 audit(1736555486.672:5): apparmor="STATUS" operation="profile_load" profile="unconfined" name="nvidia_modprobe" pid=1250 comm="apparmor_parser"
[   56.090547] audit: type=1400 audit(1736555486.672:6): apparmor="STATUS" operation="profile_load" profile="unconfined" name="nvidia_modprobe//kmod" pid=1250 comm="apparmor_parser"
[   56.092044] audit: type=1400 audit(1736555486.676:7): apparmor="STATUS" operation="profile_load" profile="unconfined" name="tcpdump" pid=1255 comm="apparmor_parser"
[   56.098595] audit: type=1400 audit(1736555486.680:8): apparmor="STATUS" operation="profile_load" profile="unconfined" name="/usr/bin/man" pid=1253 comm="apparmor_parser"
[   56.099477] audit: type=1400 audit(1736555486.680:9): apparmor="STATUS" operation="profile_load" profile="unconfined" name="man_filter" pid=1253 comm="apparmor_parser"
[   56.099900] audit: type=1400 audit(1736555486.680:10): apparmor="STATUS" operation="profile_load" profile="unconfined" name="man_groff" pid=1253 comm="apparmor_parser"
[   56.103385] audit: type=1400 audit(1736555486.684:11): apparmor="STATUS" operation="profile_load" profile="unconfined" name="/usr/lib/snapd/snap-confine" pid=1258 comm="apparmor_parser"
[   57.996049] RPC: Registered named UNIX socket transport module.
[   57.996083] RPC: Registered udp transport module.
[   57.996091] RPC: Registered tcp transport module.
[   57.996099] RPC: Registered tcp-with-tls transport module.
[   57.996107] RPC: Registered tcp NFSv4.1 backchannel transport module.
[   65.512866] loop6: detected capacity change from 0 to 8
[   71.353791] netfs: FS-Cache loaded
[   73.001254] NFS: Registering the id_resolver key type
[   73.001416] Key type id_resolver registered
[   73.001426] Key type id_legacy registered
[   94.698584] cbd: loading out-of-tree module taints kernel.
[  116.557556] SGI XFS with ACLs, security attributes, realtime, quota, no debug enabled
[  116.661022] XFS (cbd0): Mounting V5 Filesystem 13795af7-b03d-44ee-9774-6b7aa77b25b8
[  116.757958] XFS (cbd0): Starting recovery (logdev: internal)
[  116.893030] XFS (cbd0): Ending recovery (logdev: internal)
[  116.972029] xfs filesystem being mounted at /media supports timestamps until 2038-01-19 (0x7fffffff)
[  124.379790] XFS (cbd0): Unmounting Filesystem 13795af7-b03d-44ee-9774-6b7aa77b25b8
[  144.082949] ==== end /root/avocado/job-results/job-2025-01-09T22.24-1680aba/test-results/167-._cbdctrl.py_CbdctrlTest.test_run-cache_data_crc-enable-cache_for_xfstests-cache-channel_crc-disable-channel_data_crc-host_mode-multi_host-multihost-test_script-dev-a4d3 ==== 
[  165.770457] tid: 0, is not registered
[  168.147221] ==== start /root/avocado/job-results/job-2025-01-09T22.24-1680aba/test-results/168-._cbdctrl.py_CbdctrlTest.test_run-cache_data_crc-enable-cache_for_xfstests-cache-channel_crc-disable-channel_data_crc-host_mode-multi_host-multihost-test_script-xfstests-fa98 ==== 
[  311.541992] XFS (cbd0): Mounting V5 Filesystem 0e089872-88eb-4264-acc9-6a2ceec71491
[  311.621456] XFS (cbd0): Ending clean mount
[  311.644835] xfs filesystem being mounted at /mnt/test supports timestamps until 2038-01-19 (0x7fffffff)
[  312.349818] kmemleak: Automatic memory scanning thread ended
[  376.206532] XFS (cbd1): Mounting V5 Filesystem dc282fec-7e59-45df-b8ec-32b4b818baf5
[  376.258844] XFS (cbd1): Ending clean mount
[  376.271684] xfs filesystem being mounted at /mnt/scratch supports timestamps until 2038-01-19 (0x7fffffff)
[  376.327518] XFS (cbd1): Unmounting Filesystem dc282fec-7e59-45df-b8ec-32b4b818baf5
[  376.785162] XFS (cbd0): Unmounting Filesystem 0e089872-88eb-4264-acc9-6a2ceec71491
[  378.105012] XFS (cbd0): Mounting V5 Filesystem 0e089872-88eb-4264-acc9-6a2ceec71491
[  378.164167] XFS (cbd0): Ending clean mount
[  378.187661] xfs filesystem being mounted at /mnt/test supports timestamps until 2038-01-19 (0x7fffffff)
[  378.494665] run fstests generic/031 at 2025-01-11 00:36:49
[  384.913264] XFS (cbd1): Mounting V5 Filesystem bbc5ef56-9e43-4b33-b743-691e7a57f838
[  385.109276] XFS (cbd1): Ending clean mount
[  385.118811] xfs filesystem being mounted at /mnt/scratch supports timestamps until 2038-01-19 (0x7fffffff)
[  385.458324] XFS (cbd1): Unmounting Filesystem bbc5ef56-9e43-4b33-b743-691e7a57f838
[  385.570972] XFS (cbd1): Mounting V5 Filesystem bbc5ef56-9e43-4b33-b743-691e7a57f838
[  385.615860] XFS (cbd1): Ending clean mount
[  385.624938] xfs filesystem being mounted at /mnt/scratch supports timestamps until 2038-01-19 (0x7fffffff)
[  385.793820] XFS (cbd0): Unmounting Filesystem 0e089872-88eb-4264-acc9-6a2ceec71491
[  386.246480] XFS (cbd1): Unmounting Filesystem bbc5ef56-9e43-4b33-b743-691e7a57f838
[  387.416410] XFS (cbd1): Mounting V5 Filesystem bbc5ef56-9e43-4b33-b743-691e7a57f838
[  387.463691] XFS (cbd1): Ending clean mount
[  387.473226] xfs filesystem being mounted at /mnt/scratch supports timestamps until 2038-01-19 (0x7fffffff)
[  387.553083] XFS (cbd1): Unmounting Filesystem bbc5ef56-9e43-4b33-b743-691e7a57f838
[  494.785272] ==== end /root/avocado/job-results/job-2025-01-09T22.24-1680aba/test-results/168-._cbdctrl.py_CbdctrlTest.test_run-cache_data_crc-enable-cache_for_xfstests-cache-channel_crc-disable-channel_data_crc-host_mode-multi_host-multihost-test_script-xfstests-fa98 ==== 
[  516.197145] tid: 0, is not registered
[  605.308473] ==== start /root/avocado/job-results/job-2025-01-09T22.24-1680aba/test-results/169-._cbdctrl.py_CbdctrlTest.test_run-cache_data_crc-enable-cache_for_xfstests-cache-channel_crc-disable-channel_data_crc-host_mode-multi_host-multihost-test_script-register-24c6 ==== 
[  625.746115] cbd: module verification failed: signature and/or required key missing - tainting kernel
[  630.101807] cbd: transport_info_validate:855 cbd_transport0: transport expects CBD_MULTIHOST enabled.
[  649.458153] ==== end /root/avocado/job-results/job-2025-01-09T22.24-1680aba/test-results/169-._cbdctrl.py_CbdctrlTest.test_run-cache_data_crc-enable-cache_for_xfstests-cache-channel_crc-disable-channel_data_crc-host_mode-multi_host-multihost-test_script-register-24c6 ==== 
[  675.325372] ==== start /root/avocado/job-results/job-2025-01-09T22.24-1680aba/test-results/170-._cbdctrl.py_CbdctrlTest.test_run-cache_data_crc-enable-cache_for_xfstests-cache-channel_crc-disable-channel_data_crc-host_mode-multi_host-multihost-test_script-backend-d831 ==== 
[  699.670670] ==== end /root/avocado/job-results/job-2025-01-09T22.24-1680aba/test-results/170-._cbdctrl.py_CbdctrlTest.test_run-cache_data_crc-enable-cache_for_xfstests-cache-channel_crc-disable-channel_data_crc-host_mode-multi_host-multihost-test_script-backend-d831 ==== 
[  725.345797] ==== start /root/avocado/job-results/job-2025-01-09T22.24-1680aba/test-results/171-._cbdctrl.py_CbdctrlTest.test_run-cache_data_crc-enable-cache_for_xfstests-cache-channel_crc-disable-channel_data_crc-host_mode-multi_host-multihost-test_script-dev-7808 ==== 
[  752.118443] ==== end /root/avocado/job-results/job-2025-01-09T22.24-1680aba/test-results/171-._cbdctrl.py_CbdctrlTest.test_run-cache_data_crc-enable-cache_for_xfstests-cache-channel_crc-disable-channel_data_crc-host_mode-multi_host-multihost-test_script-dev-7808 ==== 
[  776.295960] ==== start /root/avocado/job-results/job-2025-01-09T22.24-1680aba/test-results/172-._cbdctrl.py_CbdctrlTest.test_run-cache_data_crc-enable-cache_for_xfstests-cache-channel_crc-disable-channel_data_crc-host_mode-multi_host-multihost-test_script-xfstests-fbd7 ==== 
[  799.363295] ==== end /root/avocado/job-results/job-2025-01-09T22.24-1680aba/test-results/172-._cbdctrl.py_CbdctrlTest.test_run-cache_data_crc-enable-cache_for_xfstests-cache-channel_crc-disable-channel_data_crc-host_mode-multi_host-multihost-test_script-xfstests-fbd7 ==== 
[  827.972089] ==== start /root/avocado/job-results/job-2025-01-09T22.24-1680aba/test-results/173-._cbdctrl.py_CbdctrlTest.test_run-cache_data_crc-disable-cache_for_xfstests-cache-channel_crc-channel_data_crc-enable-host_mode-multi_host-multihost-test_script-register-dcfa ==== 
[  845.360668] cbd: transport_info_validate:848 cbd_transport0: transport expects CBD_CACHE_DATA_CRC enabled.
[  871.986287] ==== end /root/avocado/job-results/job-2025-01-09T22.24-1680aba/test-results/173-._cbdctrl.py_CbdctrlTest.test_run-cache_data_crc-disable-cache_for_xfstests-cache-channel_crc-channel_data_crc-enable-host_mode-multi_host-multihost-test_script-register-dcfa ==== 
