[    0.000000] Linux version 6.13.0-rc5+ (root@ubuntu-22-04-server) (gcc (Ubuntu 11.4.0-1ubuntu1~22.04) 11.4.0, GNU ld (GNU Binutils for Ubuntu) 2.38) #2 SMP PREEMPT_DYNAMIC Fri Jan  3 15:43:06 CST 2025
[    0.000000] Command line: intremap=off console=ttyS0,115200 nokaslr root=/dev/vda1 crashkernel=1G-:2G
[    0.000000] KERNEL supported cpus:
[    0.000000]   Intel GenuineIntel
[    0.000000]   AMD AuthenticAMD
[    0.000000]   Hygon HygonGenuine
[    0.000000]   Centaur CentaurHauls
[    0.000000]   zhaoxin   Shanghai  
[    0.000000] BIOS-provided physical RAM map:
[    0.000000] BIOS-e820: [mem 0x0000000000000000-0x000000000009fbff] usable
[    0.000000] BIOS-e820: [mem 0x000000000009fc00-0x000000000009ffff] reserved
[    0.000000] BIOS-e820: [mem 0x00000000000f0000-0x00000000000fffff] reserved
[    0.000000] BIOS-e820: [mem 0x0000000000100000-0x000000007ffd9fff] usable
[    0.000000] BIOS-e820: [mem 0x000000007ffda000-0x000000007fffffff] reserved
[    0.000000] BIOS-e820: [mem 0x00000000b0000000-0x00000000bfffffff] reserved
[    0.000000] BIOS-e820: [mem 0x00000000fed1c000-0x00000000fed1ffff] reserved
[    0.000000] BIOS-e820: [mem 0x00000000feffc000-0x00000000feffffff] reserved
[    0.000000] BIOS-e820: [mem 0x00000000fffc0000-0x00000000ffffffff] reserved
[    0.000000] BIOS-e820: [mem 0x0000000100000000-0x000000037fffffff] usable
[    0.000000] NX (Execute Disable) protection: active
[    0.000000] APIC: Static calls initialized
[    0.000000] SMBIOS 2.8 present.
[    0.000000] DMI: QEMU Standard PC (Q35 + ICH9, 2009), BIOS rel-1.16.3-0-ga6ed6b701f0a-prebuilt.qemu.org 04/01/2014
[    0.000000] DMI: Memory slots populated: 1/1
[    0.000000] Hypervisor detected: KVM
[    0.000000] kvm-clock: Using msrs 4b564d01 and 4b564d00
[    0.000008] kvm-clock: using sched offset of 13442220438 cycles
[    0.000023] clocksource: kvm-clock: mask: 0xffffffffffffffff max_cycles: 0x1cd42e4dffb, max_idle_ns: 881590591483 ns
[    0.000075] tsc: Detected 2933.436 MHz processor
[    0.002433] e820: update [mem 0x00000000-0x00000fff] usable ==> reserved
[    0.002442] e820: remove [mem 0x000a0000-0x000fffff] usable
[    0.002455] last_pfn = 0x380000 max_arch_pfn = 0x400000000
[    0.003056] MTRR map: 4 entries (3 fixed + 1 variable; max 19), built from 8 variable MTRRs
[    0.003090] x86/PAT: Configuration [0-7]: WB  WC  UC- UC  WB  WP  UC- WT  
[    0.003809] last_pfn = 0x7ffda max_arch_pfn = 0x400000000
[    0.015552] found SMP MP-table at [mem 0x000f5450-0x000f545f]
[    0.015667] Using GB pages for direct mapping
[    0.017863] RAMDISK: [mem 0x79e18000-0x7ffcffff]
[    0.017961] ACPI: Early table checksum verification disabled
[    0.018079] ACPI: RSDP 0x00000000000F5220 000014 (v00 BOCHS )
[    0.018132] ACPI: RSDT 0x000000007FFE3D96 000040 (v01 BOCHS  BXPC     00000001 BXPC 00000001)
[    0.018186] ACPI: FACP 0x000000007FFE25E7 0000F4 (v03 BOCHS  BXPC     00000001 BXPC 00000001)
[    0.018215] ACPI: DSDT 0x000000007FFDF040 0035A7 (v01 BOCHS  BXPC     00000001 BXPC 00000001)
[    0.018232] ACPI: FACS 0x000000007FFDF000 000040
[    0.018242] ACPI: APIC 0x000000007FFE26DB 000170 (v03 BOCHS  BXPC     00000001 BXPC 00000001)
[    0.018252] ACPI: HPET 0x000000007FFE284B 000038 (v01 BOCHS  BXPC     00000001 BXPC 00000001)
[    0.018262] ACPI: SRAT 0x000000007FFE2883 0002D0 (v01 BOCHS  BXPC     00000001 BXPC 00000001)
[    0.018273] ACPI: MCFG 0x000000007FFE2B53 00003C (v01 BOCHS  BXPC     00000001 BXPC 00000001)
[    0.018283] ACPI: SSDT 0x000000007FFE2B8F 0011DF (v01 BOCHS  NVDIMM   00000001 BXPC 00000001)
[    0.018293] ACPI: WAET 0x000000007FFE3D6E 000028 (v01 BOCHS  BXPC     00000001 BXPC 00000001)
[    0.018301] ACPI: Reserving FACP table memory at [mem 0x7ffe25e7-0x7ffe26da]
[    0.018304] ACPI: Reserving DSDT table memory at [mem 0x7ffdf040-0x7ffe25e6]
[    0.018307] ACPI: Reserving FACS table memory at [mem 0x7ffdf000-0x7ffdf03f]
[    0.018309] ACPI: Reserving APIC table memory at [mem 0x7ffe26db-0x7ffe284a]
[    0.018312] ACPI: Reserving HPET table memory at [mem 0x7ffe284b-0x7ffe2882]
[    0.018314] ACPI: Reserving SRAT table memory at [mem 0x7ffe2883-0x7ffe2b52]
[    0.018316] ACPI: Reserving MCFG table memory at [mem 0x7ffe2b53-0x7ffe2b8e]
[    0.018319] ACPI: Reserving SSDT table memory at [mem 0x7ffe2b8f-0x7ffe3d6d]
[    0.018321] ACPI: Reserving WAET table memory at [mem 0x7ffe3d6e-0x7ffe3d95]
[    0.018772] ACPI: SRAT: Node 0 PXM 0 [mem 0x00000000-0x0009ffff]
[    0.018779] ACPI: SRAT: Node 0 PXM 0 [mem 0x00100000-0x7fffffff]
[    0.018782] ACPI: SRAT: Node 0 PXM 0 [mem 0x100000000-0x37fffffff]
[    0.018786] ACPI: SRAT: Node 0 PXM 0 [mem 0x380000000-0x1bffffffff] hotplug
[    0.018799] NUMA: Node 0 [mem 0x00001000-0x0009ffff] + [mem 0x00100000-0x7fffffff] -> [mem 0x00001000-0x7fffffff]
[    0.018804] NUMA: Node 0 [mem 0x00001000-0x7fffffff] + [mem 0x100000000-0x37fffffff] -> [mem 0x00001000-0x37fffffff]
[    0.018834] NODE_DATA(0) allocated [mem 0x37ffd3700-0x37fffdfff]
[    0.019270] crashkernel low memory reserved: 0x69000000 - 0x79000000 (256 MB)
[    0.019276] crashkernel reserved: 0x00000002ff000000 - 0x000000037f000000 (2048 MB)
[    0.019460] Zone ranges:
[    0.019463]   DMA      [mem 0x0000000000001000-0x0000000000ffffff]
[    0.019468]   DMA32    [mem 0x0000000001000000-0x00000000ffffffff]
[    0.019471]   Normal   [mem 0x0000000100000000-0x000000037fffffff]
[    0.019474]   Device   empty
[    0.019477] Movable zone start for each node
[    0.019480] Early memory node ranges
[    0.019482]   node   0: [mem 0x0000000000001000-0x000000000009efff]
[    0.019489]   node   0: [mem 0x0000000000100000-0x000000007ffd9fff]
[    0.019492]   node   0: [mem 0x0000000100000000-0x000000037fffffff]
[    0.019497] Initmem setup node 0 [mem 0x0000000000001000-0x000000037fffffff]
[    0.020121] On node 0, zone DMA: 1 pages in unavailable ranges
[    0.020448] On node 0, zone DMA: 97 pages in unavailable ranges
[    0.304700] On node 0, zone Normal: 38 pages in unavailable ranges
[    1.703789] kasan: KernelAddressSanitizer initialized
[    1.711684] ACPI: PM-Timer IO Port: 0x608
[    1.711808] ACPI: LAPIC_NMI (acpi_id[0xff] dfl dfl lint[0x1])
[    1.712275] IOAPIC[0]: apic_id 0, version 17, address 0xfec00000, GSI 0-23
[    1.712294] ACPI: INT_SRC_OVR (bus 0 bus_irq 0 global_irq 2 dfl dfl)
[    1.712300] ACPI: INT_SRC_OVR (bus 0 bus_irq 5 global_irq 5 high level)
[    1.712304] ACPI: INT_SRC_OVR (bus 0 bus_irq 9 global_irq 9 high level)
[    1.712317] ACPI: INT_SRC_OVR (bus 0 bus_irq 10 global_irq 10 high level)
[    1.712320] ACPI: INT_SRC_OVR (bus 0 bus_irq 11 global_irq 11 high level)
[    1.712336] ACPI: Using ACPI (MADT) for SMP configuration information
[    1.712340] ACPI: HPET id: 0x8086a201 base: 0xfed00000
[    1.712360] TSC deadline timer available
[    1.712374] CPU topo: Max. logical packages:   2
[    1.712377] CPU topo: Max. logical dies:       2
[    1.712378] CPU topo: Max. dies per package:   1
[    1.712386] CPU topo: Max. threads per core:   2
[    1.712389] CPU topo: Num. cores per package:     8
[    1.712391] CPU topo: Num. threads per package:  16
[    1.712392] CPU topo: Allowing 32 present CPUs plus 0 hotplug CPUs
[    1.712541] kvm-guest: APIC: eoi() replaced with kvm_guest_apic_eoi_write()
[    1.712665] kvm-guest: KVM setup pv remote TLB flush
[    1.712723] kvm-guest: setup PV sched yield
[    1.712941] PM: hibernation: Registered nosave memory: [mem 0x00000000-0x00000fff]
[    1.712948] PM: hibernation: Registered nosave memory: [mem 0x0009f000-0x0009ffff]
[    1.712951] PM: hibernation: Registered nosave memory: [mem 0x000a0000-0x000effff]
[    1.712953] PM: hibernation: Registered nosave memory: [mem 0x000f0000-0x000fffff]
[    1.712958] PM: hibernation: Registered nosave memory: [mem 0x7ffda000-0x7fffffff]
[    1.712961] PM: hibernation: Registered nosave memory: [mem 0x80000000-0xafffffff]
[    1.712963] PM: hibernation: Registered nosave memory: [mem 0xb0000000-0xbfffffff]
[    1.712965] PM: hibernation: Registered nosave memory: [mem 0xc0000000-0xfed1bfff]
[    1.712967] PM: hibernation: Registered nosave memory: [mem 0xfed1c000-0xfed1ffff]
[    1.712969] PM: hibernation: Registered nosave memory: [mem 0xfed20000-0xfeffbfff]
[    1.712971] PM: hibernation: Registered nosave memory: [mem 0xfeffc000-0xfeffffff]
[    1.712973] PM: hibernation: Registered nosave memory: [mem 0xff000000-0xfffbffff]
[    1.712975] PM: hibernation: Registered nosave memory: [mem 0xfffc0000-0xffffffff]
[    1.712989] [mem 0xc0000000-0xfed1bfff] available for PCI devices
[    1.712997] Booting paravirtualized kernel on KVM
[    1.713006] clocksource: refined-jiffies: mask: 0xffffffff max_cycles: 0xffffffff, max_idle_ns: 7645519600211568 ns
[    1.713080] setup_percpu: NR_CPUS:8192 nr_cpumask_bits:32 nr_cpu_ids:32 nr_node_ids:1
[    1.838826] percpu: Embedded 532 pages/cpu s2142208 r8192 d28672 u4194304
[    1.838905] pcpu-alloc: s2142208 r8192 d28672 u4194304 alloc=2*2097152
[    1.838915] pcpu-alloc: [0] 00 [0] 01 [0] 02 [0] 03 [0] 04 [0] 05 [0] 06 [0] 07 
[    1.838934] pcpu-alloc: [0] 08 [0] 09 [0] 10 [0] 11 [0] 12 [0] 13 [0] 14 [0] 15 
[    1.838953] pcpu-alloc: [0] 16 [0] 17 [0] 18 [0] 19 [0] 20 [0] 21 [0] 22 [0] 23 
[    1.838972] pcpu-alloc: [0] 24 [0] 25 [0] 26 [0] 27 [0] 28 [0] 29 [0] 30 [0] 31 
[    1.839311] kvm-guest: PV spinlocks enabled
[    1.839333] PV qspinlock hash table entries: 256 (order: 0, 4096 bytes, linear)
[    1.839350] Kernel command line: intremap=off console=ttyS0,115200 nokaslr root=/dev/vda1 crashkernel=1G-:2G
[    1.839639] Unknown kernel command line parameters "nokaslr", will be passed to user space.
[    1.839673] printk: log buffer data + meta data: 262144 + 917504 = 1179648 bytes
[    1.859085] Dentry cache hash table entries: 2097152 (order: 12, 16777216 bytes, linear)
[    1.867649] Inode-cache hash table entries: 1048576 (order: 11, 8388608 bytes, linear)
[    1.872248] Fallback order for Node 0: 0 
[    1.872280] Built 1 zonelists, mobility grouping on.  Total pages: 3145592
[    1.872284] Policy zone: Normal
[    1.872349] mem auto-init: stack:off, heap alloc:on, heap free:off
[    1.872360] stackdepot: allocating hash table via alloc_large_system_hash
[    1.872372] stackdepot hash table entries: 1048576 (order: 12, 16777216 bytes, linear)
[    1.886977] software IO TLB: area num 32.
[    2.626918] SLUB: HWalign=64, Order=0-3, MinObjects=0, CPUs=32, Nodes=1
[    2.628413] Kernel/User page tables isolation: enabled
[    2.629286] ftrace: allocating 52416 entries in 205 pages
[    2.933945] ftrace: allocated 205 pages with 5 groups
[    2.941169] Dynamic Preempt: voluntary
[    2.948067] Running RCU self tests
[    2.948070] Running RCU synchronous self tests
[    2.948131] rcu: Preemptible hierarchical RCU implementation.
[    2.948133] rcu: 	RCU lockdep checking is enabled.
[    2.948135] rcu: 	RCU restricting CPUs from NR_CPUS=8192 to nr_cpu_ids=32.
[    2.948139] 	Trampoline variant of Tasks RCU enabled.
[    2.948141] 	Rude variant of Tasks RCU enabled.
[    2.948142] 	Tracing variant of Tasks RCU enabled.
[    2.948144] rcu: RCU calculated value of scheduler-enlistment delay is 25 jiffies.
[    2.948146] rcu: Adjusting geometry for rcu_fanout_leaf=16, nr_cpu_ids=32
[    2.948728] Running RCU synchronous self tests
[    2.948761] RCU Tasks: Setting shift to 5 and lim to 1 rcu_task_cb_adjust=1 rcu_task_cpu_ids=32.
[    2.948787] RCU Tasks Rude: Setting shift to 5 and lim to 1 rcu_task_cb_adjust=1 rcu_task_cpu_ids=32.
[    2.948812] RCU Tasks Trace: Setting shift to 5 and lim to 1 rcu_task_cb_adjust=1 rcu_task_cpu_ids=32.
[    3.000118] NR_IRQS: 524544, nr_irqs: 680, preallocated irqs: 16
[    3.002061] rcu: srcu_init: Setting srcu_struct sizes based on contention.
[    3.109038] Console: colour VGA+ 80x25
[    3.109469] printk: legacy console [ttyS0] enabled
[    4.323898] Lock dependency validator: Copyright (c) 2006 Red Hat, Inc., Ingo Molnar
[    4.333624] ... MAX_LOCKDEP_SUBCLASSES:  8
[    4.338671] ... MAX_LOCK_DEPTH:          48
[    4.343879] ... MAX_LOCKDEP_KEYS:        8192
[    4.349296] ... CLASSHASH_SIZE:          4096
[    4.354665] ... MAX_LOCKDEP_ENTRIES:     32768
[    4.360330] ... MAX_LOCKDEP_CHAINS:      65536
[    4.365885] ... CHAINHASH_SIZE:          32768
[    4.371414]  memory used by lock dependency info: 6941 kB
[    4.378115]  memory used for stack traces: 4224 kB
[    4.384060]  per task-struct memory footprint: 2688 bytes
[    4.391357] ACPI: Core revision 20240827
[    4.399352] clocksource: hpet: mask: 0xffffffff max_cycles: 0xffffffff, max_idle_ns: 19112604467 ns
[    4.411493] APIC: Switch to symmetric I/O mode setup
[    4.421521] x2apic enabled
[    4.429087] APIC: Switched APIC routing to: physical x2apic
[    4.436949] kvm-guest: APIC: send_IPI_mask() replaced with kvm_send_ipi_mask()
[    4.447788] kvm-guest: APIC: send_IPI_mask_allbutself() replaced with kvm_send_ipi_mask_allbutself()
[    4.461431] kvm-guest: setup PV IPIs
[    4.483411] ..TIMER: vector=0x30 apic1=0 pin1=2 apic2=-1 pin2=-1
[    4.493863] clocksource: tsc-early: mask: 0xffffffffffffffff max_cycles: 0x2a48a50322c, max_idle_ns: 440795287943 ns
[    4.511562] Calibrating delay loop (skipped) preset value.. 5866.87 BogoMIPS (lpj=11733744)
[    4.519608] x86/cpu: User Mode Instruction Prevention (UMIP) activated
[    4.528739] Last level iTLB entries: 4KB 0, 2MB 0, 4MB 0
[    4.531548] Last level dTLB entries: 4KB 0, 2MB 0, 4MB 0, 1GB 0
[    4.535650] Spectre V1 : Mitigation: usercopy/swapgs barriers and __user pointer sanitization
[    4.539551] Spectre V2 : Mitigation: Retpolines
[    4.543548] Spectre V2 : Spectre v2 / SpectreRSB mitigation: Filling RSB on context switch
[    4.547548] Spectre V2 : Spectre v2 / SpectreRSB : Filling RSB on VMEXIT
[    4.551548] Spectre V2 : Enabling Restricted Speculation for firmware calls
[    4.555557] Spectre V2 : mitigation: Enabling conditional Indirect Branch Prediction Barrier
[    4.559548] Spectre V2 : User space: Mitigation: STIBP via prctl
[    4.563549] Speculative Store Bypass: Mitigation: Speculative Store Bypass disabled via prctl
[    4.567550] MDS: Vulnerable: Clear CPU buffers attempted, no microcode
[    4.571548] MMIO Stale Data: Unknown: No mitigations
[    4.575571] x86/fpu: x87 FPU will use FXSAVE
[    4.634030] Freeing SMP alternatives memory: 40K
[    4.635556] pid_max: default: 32768 minimum: 301
[    4.644056] LSM: initializing lsm=lockdown,capability,landlock,yama,apparmor,ima,evm
[    4.648439] landlock: Up and running.
[    4.651550] Yama: becoming mindful.
[    4.656757] AppArmor: AppArmor initialized
[    4.664162] Mount-cache hash table entries: 32768 (order: 6, 262144 bytes, linear)
[    4.667788] Mountpoint-cache hash table entries: 32768 (order: 6, 262144 bytes, linear)
[    4.681965] Running RCU synchronous self tests
[    4.683555] Running RCU synchronous self tests
[    4.690548] smpboot: CPU0: Intel Westmere E56xx/L56xx/X56xx (IBRS update) (family: 0x6, model: 0x2c, stepping: 0x1)
[    4.704881] Running RCU Tasks wait API self tests
[    4.811743] Running RCU Tasks Rude wait API self tests
[    4.815578] Running RCU Tasks Trace wait API self tests
[    4.819763] Performance Events: unsupported p6 CPU model 44 no PMU driver, software events only.
[    4.824092] signal: max sigframe size: 1440
[    4.827659] Callback from call_rcu_tasks_trace() invoked.
[    4.832265] rcu: Hierarchical SRCU implementation.
[    4.835579] rcu: 	Max phase no-delay instances is 1000.
[    4.840936] Timer migration: 2 hierarchy levels; 8 children per group; 2 crossnode level
[    4.855749] NMI watchdog: Perf NMI watchdog permanently disabled
[    4.871648] smp: Bringing up secondary CPUs ...
[    4.888417] smpboot: x86: Booting SMP configuration:
[    4.891604] .... node  #0, CPUs:        #2  #4  #6  #8 #10 #12 #14 #16 #18 #20 #22 #24 #26
[    5.019866] Callback from call_rcu_tasks() invoked.
[    5.028952]  #28 #30  #1  #3  #5  #7  #9 #11 #13 #15 #17 #19 #21 #23 #25 #27 #29 #31
[    5.264736] MDS CPU bug present and SMT on, data leak possible. See https://www.kernel.org/doc/html/latest/admin-guide/hw-vuln/mds.html for more details.
[    5.357050] smp: Brought up 1 node, 32 CPUs
[    5.359594] smpboot: Total of 32 processors activated (187739.90 BogoMIPS)
[    5.394083] Memory: 7997952K/12582368K available (53248K kernel code, 16294K rwdata, 13000K rodata, 9908K init, 22736K bss, 4537656K reserved, 0K cma-reserved)
[    5.401258] devtmpfs: initialized
[    5.406213] x86/mm: Memory block size: 128MB
[    5.501833] Running RCU synchronous self tests
[    5.503728] Running RCU synchronous self tests
[    5.507922] clocksource: jiffies: mask: 0xffffffff max_cycles: 0xffffffff, max_idle_ns: 7645041785100000 ns
[    5.513572] futex hash table entries: 8192 (order: 8, 1048576 bytes, linear)
[    5.519591] pinctrl core: initialized pinctrl subsystem
[    5.527092] PM: RTC time: 12:53:45, date: 2025-01-11
[    5.537004] NET: Registered PF_NETLINK/PF_ROUTE protocol family
[    5.544405] DMA: preallocated 1024 KiB GFP_KERNEL pool for atomic allocations
[    5.547881] DMA: preallocated 1024 KiB GFP_KERNEL|GFP_DMA pool for atomic allocations
[    5.551869] DMA: preallocated 1024 KiB GFP_KERNEL|GFP_DMA32 pool for atomic allocations
[    5.556358] audit: initializing netlink subsys (disabled)
[    5.560527] audit: type=2000 audit(1736600024.321:1): state=initialized audit_enabled=0 res=1
[    5.565837] thermal_sys: Registered thermal governor 'fair_share'
[    5.567580] thermal_sys: Registered thermal governor 'bang_bang'
[    5.571580] thermal_sys: Registered thermal governor 'step_wise'
[    5.575657] thermal_sys: Registered thermal governor 'user_space'
[    5.579595] thermal_sys: Registered thermal governor 'power_allocator'
[    5.584010] EISA bus registered
[    5.591854] cpuidle: using governor ladder
[    5.595936] cpuidle: using governor menu
[    5.602027] acpiphp: ACPI Hot Plug PCI Controller Driver version: 0.5
[    5.606970] PCI: ECAM [mem 0xb0000000-0xbfffffff] (base 0xb0000000) for domain 0000 [bus 00-ff]
[    5.607589] PCI: ECAM [mem 0xb0000000-0xbfffffff] reserved as E820 entry
[    5.693094] PCI: Using configuration type 1 for base access
[    5.698037] kprobes: kprobe jump-optimization is enabled. All kprobes are optimized if possible.
[    5.709037] HugeTLB: registered 1.00 GiB page size, pre-allocated 0 pages
[    5.711589] HugeTLB: 16380 KiB vmemmap can be freed for a 1.00 GiB page
[    5.715578] HugeTLB: registered 2.00 MiB page size, pre-allocated 0 pages
[    5.719576] HugeTLB: 28 KiB vmemmap can be freed for a 2.00 MiB page
[    5.808187] ACPI: Added _OSI(Module Device)
[    5.811579] ACPI: Added _OSI(Processor Device)
[    5.815582] ACPI: Added _OSI(3.0 _SCP Extensions)
[    5.819628] ACPI: Added _OSI(Processor Aggregator Device)
[    6.049426] ACPI: 2 ACPI AML tables successfully acquired and loaded
[    6.125473] ACPI: Interpreter enabled
[    6.132131] ACPI: PM: (supports S0 S3 S4 S5)
[    6.143596] ACPI: Using IOAPIC for interrupt routing
[    6.156800] PCI: Using host bridge windows from ACPI; if necessary, use "pci=nocrs" and report a bug
[    6.175583] PCI: Using E820 reservations for host bridge windows
[    6.198585] ACPI: Enabled 4 GPEs in block 00 to 3F
[    6.708932] ACPI: PCI Root Bridge [PCI0] (domain 0000 [bus 00-ff])
[    6.720047] acpi PNP0A08:00: _OSC: OS supports [ExtendedConfig ASPM ClockPM Segments MSI EDR HPX-Type3]
[    6.741026] acpi PNP0A08:00: _OSC: platform does not support [PCIeHotplug LTR DPC]
[    6.765546] acpi PNP0A08:00: _OSC: OS now controls [SHPCHotplug PME AER PCIeCapability]
[    6.784709] PCI host bridge to bus 0000:00
[    6.796013] pci_bus 0000:00: root bus resource [io  0x0000-0x0cf7 window]
[    6.807622] pci_bus 0000:00: root bus resource [io  0x0d00-0xffff window]
[    6.819596] pci_bus 0000:00: root bus resource [mem 0x000a0000-0x000bffff window]
[    6.831596] pci_bus 0000:00: root bus resource [mem 0x80000000-0xafffffff window]
[    6.843606] pci_bus 0000:00: root bus resource [mem 0xc0000000-0xfebfffff window]
[    6.855596] pci_bus 0000:00: root bus resource [mem 0x1c00000000-0x23ffffffff window]
[    6.871608] pci_bus 0000:00: root bus resource [bus 00-ff]
[    6.880244] pci 0000:00:00.0: [8086:29c0] type 00 class 0x060000 conventional PCI endpoint
[    6.905983] pci 0000:00:01.0: [1234:1111] type 00 class 0x030000 conventional PCI endpoint
[    6.935719] pci 0000:00:01.0: BAR 0 [mem 0xfd000000-0xfdffffff pref]
[    6.963740] pci 0000:00:01.0: BAR 2 [mem 0xfea50000-0xfea50fff]
[    7.011483] pci 0000:00:01.0: ROM [mem 0xfea40000-0xfea4ffff pref]
[    7.029807] pci 0000:00:01.0: Video device with shadowed ROM at [mem 0x000c0000-0x000dffff]
[    7.044059] pci 0000:00:01.0: pci_fixup_video+0x0/0x2d0 took 15625 usecs
[    7.074048] pci 0000:00:02.0: [1af4:1000] type 00 class 0x020000 conventional PCI endpoint
[    7.095587] pci 0000:00:02.0: BAR 0 [io  0xc040-0xc05f]
[    7.107581] pci 0000:00:02.0: BAR 1 [mem 0xfea51000-0xfea51fff]
[    7.130335] pci 0000:00:02.0: BAR 4 [mem 0xfe200000-0xfe203fff 64bit pref]
[    7.141880] pci 0000:00:02.0: ROM [mem 0xfea00000-0xfea3ffff pref]
[    7.167287] pci 0000:00:03.0: [1b36:000c] type 01 class 0x060400 PCIe Root Port
[    7.186894] pci 0000:00:03.0: BAR 0 [mem 0xfea52000-0xfea52fff]
[    7.211942] pci 0000:00:03.0: PCI bridge to [bus 01]
[    7.220043] pci 0000:00:03.0:   bridge window [mem 0xfe800000-0xfe9fffff]
[    7.239964] pci 0000:00:03.0:   bridge window [mem 0xfe000000-0xfe1fffff 64bit pref]
[    7.270455] pci 0000:00:04.0: [1af4:105b] type 00 class 0x00ff00 conventional PCI endpoint
[    7.290397] pci 0000:00:04.0: BAR 4 [mem 0xfe204000-0xfe207fff 64bit pref]
[    7.447852] pci 0000:00:1f.0: [8086:2918] type 00 class 0x060100 conventional PCI endpoint
[    7.469508] pci 0000:00:1f.0: quirk: [io  0x0600-0x067f] claimed by ICH6 ACPI/GPIO/TCO
[    7.484122] pci 0000:00:1f.0: quirk_ich7_lpc+0x0/0x1d0 took 19531 usecs
[    7.505068] pci 0000:00:1f.2: [8086:2922] type 00 class 0x010601 conventional PCI endpoint
[    7.531215] pci 0000:00:1f.2: BAR 4 [io  0xc060-0xc07f]
[    7.545189] pci 0000:00:1f.2: BAR 5 [mem 0xfea53000-0xfea53fff]
[    7.565278] pci 0000:00:1f.3: [8086:2930] type 00 class 0x0c0500 conventional PCI endpoint
[    7.591019] pci 0000:00:1f.3: BAR 4 [io  0x0700-0x073f]
[    7.614228] acpiphp: Slot [0] registered
[    7.626134] pci 0000:01:00.0: [1af4:1042] type 00 class 0x010000 PCIe Endpoint
[    7.651604] pci 0000:01:00.0: BAR 1 [mem 0xfe800000-0xfe800fff]
[    7.678142] pci 0000:01:00.0: BAR 4 [mem 0xfe000000-0xfe003fff 64bit pref]
[    7.782066] pci 0000:00:03.0: PCI bridge to [bus 01]
[    7.812641] ACPI: PCI: Interrupt link LNKA configured for IRQ 10
[    7.828513] ACPI: PCI: Interrupt link LNKB configured for IRQ 10
[    7.848295] ACPI: PCI: Interrupt link LNKC configured for IRQ 11
[    7.865469] ACPI: PCI: Interrupt link LNKD configured for IRQ 11
[    7.881837] ACPI: PCI: Interrupt link LNKE configured for IRQ 10
[    7.896385] ACPI: PCI: Interrupt link LNKF configured for IRQ 10
[    7.912298] ACPI: PCI: Interrupt link LNKG configured for IRQ 11
[    7.931224] ACPI: PCI: Interrupt link LNKH configured for IRQ 11
[    7.940822] ACPI: PCI: Interrupt link GSIA configured for IRQ 16
[    7.952153] ACPI: PCI: Interrupt link GSIB configured for IRQ 17
[    7.964179] ACPI: PCI: Interrupt link GSIC configured for IRQ 18
[    7.976148] ACPI: PCI: Interrupt link GSID configured for IRQ 19
[    7.984506] ACPI: PCI: Interrupt link GSIE configured for IRQ 20
[    7.996164] ACPI: PCI: Interrupt link GSIF configured for IRQ 21
[    8.008137] ACPI: PCI: Interrupt link GSIG configured for IRQ 22
[    8.020414] ACPI: PCI: Interrupt link GSIH configured for IRQ 23
[    8.181842] iommu: Default domain type: Translated
[    8.187712] iommu: DMA domain TLB invalidation policy: lazy mode
[    8.216755] SCSI subsystem initialized
[    8.225552] libata version 3.00 loaded.
[    8.227835] ACPI: bus type USB registered
[    8.236597] usbcore: registered new interface driver usbfs
[    8.243982] usbcore: registered new interface driver hub
[    8.256223] usbcore: registered new device driver usb
[    8.264967] pps_core: LinuxPPS API ver. 1 registered
[    8.271582] pps_core: Software ver. 5.3.6 - Copyright 2005-2007 Rodolfo Giometti <giometti@linux.it>
[    8.287728] PTP clock support registered
[    8.300607] EDAC MC: Ver: 3.0.0
[    8.327537] NetLabel: Initializing
[    8.339635] NetLabel:  domain hash size = 128
[    8.347578] NetLabel:  protocols = UNLABELED CIPSOv4 CALIPSO
[    8.356797] NetLabel:  unlabeled traffic allowed by default
[    8.372408] PCI: Using ACPI for IRQ routing
[   10.470403] PCI: pci_cache_line_size set to 64 bytes
[   10.472635] e820: reserve RAM buffer [mem 0x0009fc00-0x0009ffff]
[   10.472755] e820: reserve RAM buffer [mem 0x7ffda000-0x7fffffff]
[   10.476152] pci 0000:00:01.0: vgaarb: setting as boot VGA device
[   10.479537] pci 0000:00:01.0: vgaarb: bridge control possible
[   10.479537] pci 0000:00:01.0: vgaarb: VGA device added: decodes=io+mem,owns=io+mem,locks=none
[   10.507611] vgaarb: loaded
[   10.513323] hpet0: at MMIO 0xfed00000, IRQs 2, 8, 0
[   10.523586] hpet0: 3 comparators, 64-bit 100.000000 MHz counter
[   10.556268] clocksource: Switched to clocksource kvm-clock
[   10.606612] VFS: Disk quotas dquot_6.6.0
[   10.613384] VFS: Dquot-cache hash table entries: 512 (order 0, 4096 bytes)
[   10.633394] AppArmor: AppArmor Filesystem Enabled
[   10.644103] pnp: PnP ACPI init
[   10.659501] system 00:05: [mem 0xb0000000-0xbfffffff window] has been reserved
[   10.706517] pnp: PnP ACPI: found 6 devices
[   10.831571] clocksource: acpi_pm: mask: 0xffffff max_cycles: 0xffffff, max_idle_ns: 2085701024 ns
[   10.848654] NET: Registered PF_INET protocol family
[   10.860387] IP idents hash table entries: 262144 (order: 9, 2097152 bytes, linear)
[   10.885252] tcp_listen_portaddr_hash hash table entries: 8192 (order: 7, 655360 bytes, linear)
[   10.899866] Table-perturb hash table entries: 65536 (order: 6, 262144 bytes, linear)
[   10.914013] TCP established hash table entries: 131072 (order: 8, 1048576 bytes, linear)
[   10.942288] TCP bind hash table entries: 65536 (order: 11, 10485760 bytes, vmalloc hugepage)
[   10.961238] TCP: Hash tables configured (established 131072 bind 65536)
[   10.979198] MPTCP token hash table entries: 16384 (order: 8, 1572864 bytes, linear)
[   10.998123] UDP hash table entries: 8192 (order: 9, 2490368 bytes, linear)
[   11.015915] UDP-Lite hash table entries: 8192 (order: 9, 2490368 bytes, linear)
[   11.032668] NET: Registered PF_UNIX/PF_LOCAL protocol family
[   11.042363] NET: Registered PF_XDP protocol family
[   11.050537] pci 0000:00:03.0: bridge window [io  0x1000-0x0fff] to [bus 01] add_size 1000
[   11.063875] pci 0000:00:03.0: bridge window [io  0x1000-0x1fff]: assigned
[   11.074881] pci 0000:00:03.0: PCI bridge to [bus 01]
[   11.083184] pci 0000:00:03.0:   bridge window [io  0x1000-0x1fff]
[   11.095211] pci 0000:00:03.0:   bridge window [mem 0xfe800000-0xfe9fffff]
[   11.107654] pci 0000:00:03.0:   bridge window [mem 0xfe000000-0xfe1fffff 64bit pref]
[   11.123077] pci_bus 0000:00: resource 4 [io  0x0000-0x0cf7 window]
[   11.133370] pci_bus 0000:00: resource 5 [io  0x0d00-0xffff window]
[   11.143206] pci_bus 0000:00: resource 6 [mem 0x000a0000-0x000bffff window]
[   11.154266] pci_bus 0000:00: resource 7 [mem 0x80000000-0xafffffff window]
[   11.165214] pci_bus 0000:00: resource 8 [mem 0xc0000000-0xfebfffff window]
[   11.175721] pci_bus 0000:00: resource 9 [mem 0x1c00000000-0x23ffffffff window]
[   11.187739] pci_bus 0000:01: resource 0 [io  0x1000-0x1fff]
[   11.196640] pci_bus 0000:01: resource 1 [mem 0xfe800000-0xfe9fffff]
[   11.206588] pci_bus 0000:01: resource 2 [mem 0xfe000000-0xfe1fffff 64bit pref]
[   11.219875] PCI: CLS 0 bytes, default 64
[   11.227861] PCI-DMA: Using software bounce buffering for IO (SWIOTLB)
[   11.233055] Trying to unpack rootfs image as initramfs...
[   11.239050] software IO TLB: mapped [mem 0x0000000065000000-0x0000000069000000] (64MB)
[   11.267874] clocksource: tsc: mask: 0xffffffffffffffff max_cycles: 0x2a48a50322c, max_idle_ns: 440795287943 ns
[   11.312657] Initialise system trusted keyrings
[   11.321846] Key type blacklist registered
[   11.331612] workingset: timestamp_bits=36 max_order=21 bucket_order=0
[   11.342659] zbud: loaded
[   11.360908] squashfs: version 4.0 (2009/01/31) Phillip Lougher
[   11.377208] fuse: init (API version 7.41)
[   11.387723] integrity: Platform Keyring initialized
[   11.418963] Key type asymmetric registered
[   11.425900] Asymmetric key parser 'x509' registered
[   11.435132] Block layer SCSI generic (bsg) driver version 0.4 loaded (major 243)
[   11.450036] io scheduler mq-deadline registered
[   11.487254] ledtrig-cpu: registered to indicate activity on CPUs
[   11.530476] ACPI: \_SB_.GSIH: Enabled at IRQ 23
[   11.548276] pcieport 0000:00:03.0: PME: Signaling with IRQ 24
[   11.562850] pcieport 0000:00:03.0: AER: enabled with IRQ 24
[   11.578960] shpchp: Standard Hot Plug PCI Controller Driver version: 0.4
[   11.596688] input: Power Button as /devices/LNXSYSTM:00/LNXPWRBN:00/input/input0
[   11.612468] ACPI: button: Power Button [PWRF]
[   11.768861] ACPI: \_SB_.GSIG: Enabled at IRQ 22
[   11.819961] ACPI: \_SB_.GSIE: Enabled at IRQ 20
[   11.887879] Serial: 8250/16550 driver, 32 ports, IRQ sharing enabled
[   11.957217] 00:03: ttyS0 at I/O 0x3f8 (irq = 4, base_baud = 115200) is a 16550A
[   12.127741] Linux agpgart interface v0.103
[   12.342576] loop: module loaded
[   12.359636] tun: Universal TUN/TAP device driver, 1.6
[   12.370174] PPP generic driver version 2.4.2
[   12.382736] VFIO - User Level meta-driver version: 0.3
[   12.395674] i8042: PNP: PS/2 Controller [PNP0303:KBD,PNP0f13:MOU] at 0x60,0x64 irq 1,12
[   12.417049] serio: i8042 KBD port at 0x60,0x64 irq 1
[   12.425657] serio: i8042 AUX port at 0x60,0x64 irq 12
[   12.436900] mousedev: PS/2 mouse device common for all mice
[   12.450069] rtc_cmos 00:04: RTC can wake from S4
[   12.456568] input: AT Translated Set 2 keyboard as /devices/platform/i8042/serio0/input/input1
[   12.470023] rtc_cmos 00:04: registered as rtc0
[   12.485127] rtc_cmos 00:04: setting system clock to 2025-01-11T12:53:52 UTC (1736600032)
[   12.499753] rtc_cmos 00:04: alarms up to one day, y3k, 242 bytes nvram, hpet irqs
[   12.512152] i2c_dev: i2c /dev entries driver
[   12.520446] device-mapper: core: CONFIG_IMA_DISABLE_HTABLE is disabled. Duplicate IMA measurements will not be recorded in the IMA log.
[   12.540880] device-mapper: uevent: version 1.0.3
[   12.551785] device-mapper: ioctl: 4.48.0-ioctl (2023-03-01) initialised: dm-devel@lists.linux.dev
[   12.568264] platform eisa.0: Probing EISA bus 0
[   12.575886] platform eisa.0: EISA: Cannot allocate resource for mainboard
[   12.587028] platform eisa.0: Cannot allocate resource for EISA slot 1
[   12.597832] platform eisa.0: Cannot allocate resource for EISA slot 2
[   12.608550] platform eisa.0: Cannot allocate resource for EISA slot 3
[   12.619011] platform eisa.0: Cannot allocate resource for EISA slot 4
[   12.629805] platform eisa.0: Cannot allocate resource for EISA slot 5
[   12.640492] platform eisa.0: Cannot allocate resource for EISA slot 6
[   12.650686] platform eisa.0: Cannot allocate resource for EISA slot 7
[   12.660874] platform eisa.0: Cannot allocate resource for EISA slot 8
[   12.671500] platform eisa.0: EISA: Detected 0 cards
[   12.679636] intel_pstate: CPU model not supported
[   12.690455] drop_monitor: Initializing network drop monitor service
[   12.704275] NET: Registered PF_INET6 protocol family
[   15.220415] Freeing initrd memory: 100064K
[   15.343610] Segment Routing with IPv6
[   15.350286] In-situ OAM (IOAM) with IPv6
[   15.358453] NET: Registered PF_PACKET protocol family
[   15.368728] Key type dns_resolver registered
[   15.430842] IPI shorthand broadcast: enabled
[   15.533769] registered taskstats version 1
[   15.567860] Loading compiled-in X.509 certificates
[   15.728593] Demotion targets for Node 0: null
[   15.737695] kmemleak: Kernel memory leak detector initialized (mem pool available: 14031)
[   15.737884] kmemleak: Automatic memory scanning thread started
[   15.756855] Key type .fscrypt registered
[   15.772278] Key type fscrypt-provisioning registered
[   15.856819] cryptd: module verification failed: signature and/or required key missing - tainting kernel
[   15.885055] cryptd: max_cpu_qlen set to 1000
[   16.087710] Key type encrypted registered
[   16.094300] AppArmor: AppArmor sha256 policy hashing enabled
[   16.103689] ima: No TPM chip found, activating TPM-bypass!
[   16.112657] Loading compiled-in module X.509 certificates
[   16.121414] ima: Allocated hash algorithm: sha1
[   16.129640] ima: No architecture policies found
[   16.138073] evm: Initialising EVM extended attributes:
[   16.146578] evm: security.selinux
[   16.152421] evm: security.SMACK64
[   16.157962] evm: security.SMACK64EXEC
[   16.164046] evm: security.SMACK64TRANSMUTE
[   16.170810] evm: security.SMACK64MMAP
[   16.176843] evm: security.apparmor
[   16.181875] evm: security.ima
[   16.186581] evm: security.capability
[   16.192565] evm: HMAC attrs: 0x1
[   16.211044] PM:   Magic number: 9:406:885
[   16.222143] RAS: Correctable Errors collector initialized.
[   16.232847] Unstable clock detected, switching default tracing clock to "global"
               If you want to keep using the local clock, then add:
                 "trace_clock=local"
               on the kernel command line
[   16.270759] clk: Disabling unused clocks
[   16.347591] Freeing unused decrypted memory: 2036K
[   16.384265] Freeing unused kernel image (initmem) memory: 9908K
[   16.393049] Write protecting the kernel read-only data: 67584k
[   16.406662] Freeing unused kernel image (rodata/data gap) memory: 1336K
[   16.481208] x86/mm: Checked W+X mappings: passed, no W+X pages found.
[   16.488780] x86/mm: Checking user space page tables
[   16.555193] x86/mm: Checked W+X mappings: passed, no W+X pages found.
[   16.562932] Run /init as init process
[   16.567388]   with arguments:
[   16.567405]     /init
[   16.567412]     nokaslr
[   16.567418]   with environment:
[   16.567424]     HOME=/
[   16.567430]     TERM=linux
[   19.528691] lpc_ich 0000:00:1f.0: I/O space for GPIO uninitialized
[   19.715800] virtio_blk virtio2: 32/0/0 default/read/poll queues
[   19.750711] ahci 0000:00:1f.2: version 3.0
[   19.779627] input: VirtualPS/2 VMware VMMouse as /devices/platform/i8042/serio1/input/input4
[   19.839495] ACPI: \_SB_.GSIA: Enabled at IRQ 16
[   19.851812] i801_smbus 0000:00:1f.3: SMBus using PCI interrupt
[   19.882052] ahci 0000:00:1f.2: AHCI vers 0001.0000, 32 command slots, 1.5 Gbps, SATA mode
[   19.894710] ahci 0000:00:1f.2: 6/6 ports implemented (port mask 0x3f)
[   19.900490] input: VirtualPS/2 VMware VMMouse as /devices/platform/i8042/serio1/input/input3
[   19.904841] ahci 0000:00:1f.2: flags: 64bit ncq only 
[   19.918605] i2c i2c-0: Memory type 0x07 not supported yet, not instantiating SPD
[   20.063240] scsi host0: ahci
[   20.079572] virtio_blk virtio2: [vda] 209715200 512-byte logical blocks (107 GB/100 GiB)
[   20.093009] scsi host1: ahci
[   20.150746] scsi host2: ahci
[   20.170624] scsi host3: ahci
[   20.185414] scsi host4: ahci
[   20.202032] scsi host5: ahci
[   20.209936] ata1: SATA max UDMA/133 abar m4096@0xfea53000 port 0xfea53100 irq 36 lpm-pol 0
[   20.223708] ata2: SATA max UDMA/133 abar m4096@0xfea53000 port 0xfea53180 irq 36 lpm-pol 0
[   20.237930] ata3: SATA max UDMA/133 abar m4096@0xfea53000 port 0xfea53200 irq 36 lpm-pol 0
[   20.251641]  vda: vda1 vda14 vda15
[   20.251891] ata4: SATA max UDMA/133 abar m4096@0xfea53000 port 0xfea53280 irq 36 lpm-pol 0
[   20.268778] ata5: SATA max UDMA/133 abar m4096@0xfea53000 port 0xfea53300 irq 36 lpm-pol 0
[   20.280260] ata6: SATA max UDMA/133 abar m4096@0xfea53000 port 0xfea53380 irq 36 lpm-pol 0
[   20.479968] virtio_net virtio0 enp0s2: renamed from eth0
[   20.619200] ata6: SATA link down (SStatus 0 SControl 300)
[   20.629050] ata3: SATA link up 1.5 Gbps (SStatus 113 SControl 300)
[   20.642144] ata1: SATA link up 1.5 Gbps (SStatus 113 SControl 300)
[   20.652395] ata3.00: ATA-7: QEMU HARDDISK, 2.5+, max UDMA/100
[   20.663372] ata3.00: 20971520 sectors, multi 16: LBA48 NCQ (depth 32)
[   20.675877] ata3.00: applying bridge limits
[   20.685039] ata4: SATA link up 1.5 Gbps (SStatus 113 SControl 300)
[   20.693895] ata1.00: ATA-7: QEMU HARDDISK, 2.5+, max UDMA/100
[   20.701588] ata1.00: 20971520 sectors, multi 16: LBA48 NCQ (depth 32)
[   20.710596] ata1.00: applying bridge limits
[   20.717082] ata5: SATA link down (SStatus 0 SControl 300)
[   20.726080] ata4.00: ATA-7: QEMU HARDDISK, 2.5+, max UDMA/100
[   20.733551] ata4.00: 20971520 sectors, multi 16: LBA48 NCQ (depth 32)
[   20.741542] ata4.00: applying bridge limits
[   20.748183] ata2: SATA link up 1.5 Gbps (SStatus 113 SControl 300)
[   20.759436] ata2.00: ATA-7: QEMU HARDDISK, 2.5+, max UDMA/100
[   20.769712] ata2.00: 20971520 sectors, multi 16: LBA48 NCQ (depth 32)
[   20.785893] ata2.00: applying bridge limits
[   20.795943] ata1.00: configured for UDMA/100
[   20.803303] ata3.00: configured for UDMA/100
[   20.809765] ata2.00: configured for UDMA/100
[   20.813241] scsi 0:0:0:0: Direct-Access     ATA      QEMU HARDDISK    2.5+ PQ: 0 ANSI: 5
[   20.819369] ata4.00: configured for UDMA/100
[   20.851034] sd 0:0:0:0: Attached scsi generic sg0 type 0
[   20.852041] sd 0:0:0:0: [sda] 20971520 512-byte logical blocks: (10.7 GB/10.0 GiB)
[   20.864621] scsi 1:0:0:0: Direct-Access     ATA      QEMU HARDDISK    2.5+ PQ: 0 ANSI: 5
[   20.871845] sd 0:0:0:0: [sda] Write Protect is off
[   20.887431] sd 0:0:0:0: [sda] Mode Sense: 00 3a 00 00
[   20.888087] sd 0:0:0:0: [sda] Write cache: enabled, read cache: enabled, doesn't support DPO or FUA
[   20.893350] sd 1:0:0:0: Attached scsi generic sg1 type 0
[   20.893988] sd 1:0:0:0: [sdb] 20971520 512-byte logical blocks: (10.7 GB/10.0 GiB)
[   20.894154] sd 1:0:0:0: [sdb] Write Protect is off
[   20.894187] sd 1:0:0:0: [sdb] Mode Sense: 00 3a 00 00
[   20.894506] sd 1:0:0:0: [sdb] Write cache: enabled, read cache: enabled, doesn't support DPO or FUA
[   20.895387] sd 1:0:0:0: [sdb] Preferred minimum I/O size 512 bytes
[   20.901724] sd 0:0:0:0: [sda] Preferred minimum I/O size 512 bytes
[   20.913339] scsi 2:0:0:0: Direct-Access     ATA      QEMU HARDDISK    2.5+ PQ: 0 ANSI: 5
[   20.971216] sd 2:0:0:0: Attached scsi generic sg2 type 0
[   20.971350] sd 2:0:0:0: [sdc] 20971520 512-byte logical blocks: (10.7 GB/10.0 GiB)
[   20.981012] scsi 3:0:0:0: Direct-Access     ATA      QEMU HARDDISK    2.5+ PQ: 0 ANSI: 5
[   20.987450] sd 2:0:0:0: [sdc] Write Protect is off
[   20.998614] sd 0:0:0:0: [sda] Attached SCSI disk
[   20.999798] sd 1:0:0:0: [sdb] Attached SCSI disk
[   21.006932] sd 2:0:0:0: [sdc] Mode Sense: 00 3a 00 00
[   21.008835] sd 3:0:0:0: [sdd] 20971520 512-byte logical blocks: (10.7 GB/10.0 GiB)
[   21.008977] sd 3:0:0:0: [sdd] Write Protect is off
[   21.009007] sd 3:0:0:0: [sdd] Mode Sense: 00 3a 00 00
[   21.009288] sd 3:0:0:0: [sdd] Write cache: enabled, read cache: enabled, doesn't support DPO or FUA
[   21.009387] sd 3:0:0:0: Attached scsi generic sg3 type 0
[   21.010683] sd 3:0:0:0: [sdd] Preferred minimum I/O size 512 bytes
[   21.065121] sd 2:0:0:0: [sdc] Write cache: enabled, read cache: enabled, doesn't support DPO or FUA
[   21.077252] sd 2:0:0:0: [sdc] Preferred minimum I/O size 512 bytes
[   21.105708] sd 3:0:0:0: [sdd] Attached SCSI disk
[   21.153568] sd 2:0:0:0: [sdc] Attached SCSI disk
[   21.222649] nd_pmem namespace0.0: unable to guarantee persistence of writes
[   24.953773] raid6: sse2x4   gen()  8280 MB/s
[   25.025767] raid6: sse2x2   gen()  8144 MB/s
[   25.097740] raid6: sse2x1   gen()  7549 MB/s
[   25.103023] raid6: using algorithm sse2x4 gen() 8280 MB/s
[   25.177739] raid6: .... xor() 4143 MB/s, rmw enabled
[   25.184003] raid6: using ssse3x2 recovery algorithm
[   25.204544] xor: measuring software checksum speed
[   25.209885]    prefetch64-sse  : 15903 MB/sec
[   25.215463]    generic_sse     : 13112 MB/sec
[   25.220492] xor: using function: prefetch64-sse (15903 MB/sec)
[   25.235626] async_tx: api initialized (async)
[   26.735347] Btrfs loaded, zoned=yes, fsverity=yes
[   27.708090] EXT4-fs (vda1): mounted filesystem 26c50908-598b-4e8e-871e-35718a3a1426 ro with ordered data mode. Quota mode: none.
[   28.973862] systemd[1]: Inserted module 'autofs4'
[   29.169389] systemd[1]: systemd 249.11-0ubuntu3.10 running in system mode (+PAM +AUDIT +SELINUX +APPARMOR +IMA +SMACK +SECCOMP +GCRYPT +GNUTLS +OPENSSL +ACL +BLKID +CURL +ELFUTILS +FIDO2 +IDN2 -IDN +IPTC +KMOD +LIBCRYPTSETUP +LIBFDISK +PCRE2 -PWQUALITY -P11KIT -QRENCODE +BZIP2 +LZ4 +XZ +ZLIB +ZSTD -XKBCOMMON +UTMP +SYSVINIT default-hierarchy=unified)
[   29.207326] systemd[1]: Detected virtualization kvm.
[   29.215891] systemd[1]: Detected architecture x86-64.
[   29.237655] systemd[1]: Hostname set to <qemu-2>.
[   29.927466] block vda: the capability attribute has been deprecated.
[   30.109880] random: crng init done
[   31.245035] systemd[1]: Queued start job for default target Graphical Interface.
[   31.364012] systemd[1]: Created slice Slice /system/modprobe.
[   31.397102] systemd[1]: Created slice Slice /system/serial-getty.
[   31.429418] systemd[1]: Created slice Slice /system/systemd-fsck.
[   31.462924] systemd[1]: Created slice User and Session Slice.
[   31.482076] systemd[1]: Started Forward Password Requests to Wall Directory Watch.
[   31.509618] systemd[1]: Set up automount Arbitrary Executable File Formats File System Automount Point.
[   31.534318] systemd[1]: Reached target Slice Units.
[   31.549032] systemd[1]: Reached target Mounting snaps.
[   31.563325] systemd[1]: Reached target Swaps.
[   31.575952] systemd[1]: Reached target Local Verity Protected Volumes.
[   31.593942] systemd[1]: Listening on Device-mapper event daemon FIFOs.
[   31.614294] systemd[1]: Listening on LVM2 poll daemon socket.
[   31.633780] systemd[1]: Listening on multipathd control socket.
[   31.795735] systemd[1]: Listening on RPCbind Server Activation Socket.
[   31.818384] systemd[1]: Listening on Syslog Socket.
[   31.835792] systemd[1]: Listening on fsck to fsckd communication Socket.
[   31.855990] systemd[1]: Listening on initctl Compatibility Named Pipe.
[   31.878171] systemd[1]: Listening on Journal Audit Socket.
[   31.896114] systemd[1]: Listening on Journal Socket (/dev/log).
[   31.915738] systemd[1]: Listening on Journal Socket.
[   31.932793] systemd[1]: Listening on Network Service Netlink Socket.
[   31.956534] systemd[1]: Listening on udev Control Socket.
[   31.973933] systemd[1]: Listening on udev Kernel Socket.
[   32.054490] systemd[1]: Mounting Huge Pages File System...
[   32.100588] systemd[1]: Mounting POSIX Message Queue File System...
[   32.150221] systemd[1]: Mounting Kernel Debug File System...
[   32.199161] systemd[1]: Mounting Kernel Trace File System...
[   32.299785] systemd[1]: Starting Journal Service...
[   32.314470] systemd[1]: Condition check resulted in Kernel Module supporting RPCSEC_GSS being skipped.
[   32.357721] systemd[1]: Starting Set the console keyboard layout...
[   32.479727] systemd[1]: Starting Create List of Static Device Nodes...
[   32.534524] systemd[1]: Starting Monitoring of LVM2 mirrors, snapshots etc. using dmeventd or progress polling...
[   32.560568] systemd[1]: Condition check resulted in LXD - agent being skipped.
[   32.632423] systemd[1]: Starting Load Kernel Module configfs...
[   32.691118] systemd[1]: Starting Load Kernel Module drm...
[   32.736229] systemd[1]: Starting Load Kernel Module efi_pstore...
[   32.855528] systemd[1]: Starting Load Kernel Module fuse...
[   32.876987] systemd[1]: Condition check resulted in OpenVSwitch configuration for cleanup being skipped.
[   32.892963] systemd[1]: Condition check resulted in File System Check on Root Device being skipped.
[   32.945953] systemd[1]: Starting Load Kernel Modules...
[   33.008499] ACPI: bus type drm_connector registered
[   33.011684] systemd[1]: Starting Remount Root and Kernel File Systems...
[   33.077030] systemd[1]: Starting Coldplug All udev Devices...
[   33.143483] systemd[1]: Mounted Huge Pages File System.
[   33.164509] systemd[1]: Mounted POSIX Message Queue File System.
[   33.187132] systemd[1]: Started Journal Service.
[   33.250525] EXT4-fs (vda1): re-mounted 26c50908-598b-4e8e-871e-35718a3a1426 r/w. Quota mode: none.
[   33.745454] alua: device handler registered
[   33.781983] emc: device handler registered
[   33.805318] rdac: device handler registered
[   33.887877] systemd-journald[598]: Received client request to flush runtime journal.
[   33.925072] systemd-journald[598]: File /var/log/journal/02c9a06a7911097a3b638c9756cf2e6e/system.journal corrupted or uncleanly shut down, renaming and replacing.
[   34.847846] loop0: detected capacity change from 0 to 130888
[   34.931430] loop1: detected capacity change from 0 to 130448
[   34.985179] loop2: detected capacity change from 0 to 229272
[   35.061402] loop3: detected capacity change from 0 to 178256
[   35.119487] loop4: detected capacity change from 0 to 82800
[   35.199658] loop5: detected capacity change from 0 to 79520
[   37.378856] parport_pc 00:02: reported by Plug and Play ACPI
[   37.389267] parport0: PC-style at 0x378, irq 7 [PCSPP,TRISTATE]
[   41.982032] ppdev: user-space parallel port driver
[   42.269086] kvm_intel: VM_EXIT_LOAD_IA32_PERF_GLOBAL_CTRL does not work properly. Using workaround
[   42.766753] audit: type=1400 audit(1736600062.780:2): apparmor="STATUS" operation="profile_load" profile="unconfined" name="lsb_release" pid=1281 comm="apparmor_parser"
[   42.769766] audit: type=1400 audit(1736600062.780:3): apparmor="STATUS" operation="profile_load" profile="unconfined" name="swtpm" pid=1285 comm="apparmor_parser"
[   42.776841] audit: type=1400 audit(1736600062.788:4): apparmor="STATUS" operation="profile_load" profile="unconfined" name="nvidia_modprobe" pid=1282 comm="apparmor_parser"
[   42.777061] audit: type=1400 audit(1736600062.788:5): apparmor="STATUS" operation="profile_load" profile="unconfined" name="nvidia_modprobe//kmod" pid=1282 comm="apparmor_parser"
[   42.784860] audit: type=1400 audit(1736600062.796:6): apparmor="STATUS" operation="profile_load" profile="unconfined" name="/usr/bin/man" pid=1284 comm="apparmor_parser"
[   42.785013] audit: type=1400 audit(1736600062.796:7): apparmor="STATUS" operation="profile_load" profile="unconfined" name="man_filter" pid=1284 comm="apparmor_parser"
[   42.785266] audit: type=1400 audit(1736600062.796:8): apparmor="STATUS" operation="profile_load" profile="unconfined" name="man_groff" pid=1284 comm="apparmor_parser"
[   42.789150] audit: type=1400 audit(1736600062.800:9): apparmor="STATUS" operation="profile_load" profile="unconfined" name="virt-aa-helper" pid=1287 comm="apparmor_parser"
[   42.791814] audit: type=1400 audit(1736600062.804:10): apparmor="STATUS" operation="profile_load" profile="unconfined" name="tcpdump" pid=1286 comm="apparmor_parser"
[   42.804177] audit: type=1400 audit(1736600062.816:11): apparmor="STATUS" operation="profile_load" profile="unconfined" name="/usr/lib/snapd/snap-confine" pid=1288 comm="apparmor_parser"
[   44.491441] RPC: Registered named UNIX socket transport module.
[   44.491471] RPC: Registered udp transport module.
[   44.491479] RPC: Registered tcp transport module.
[   44.491487] RPC: Registered tcp-with-tls transport module.
[   44.491494] RPC: Registered tcp NFSv4.1 backchannel transport module.
[   49.091039] loop6: detected capacity change from 0 to 8
[   57.558652] netfs: FS-Cache loaded
[   58.955959] NFS: Registering the id_resolver key type
[   58.956115] Key type id_resolver registered
[   58.956126] Key type id_legacy registered
[   79.796399] cbd: loading out-of-tree module taints kernel.
[   85.530984] cbd: backend_validate:544 cbd_transport0: found backend_id: 0 for host_id: 1, path: /dev/sda
[   85.536633] cbd: cbd_backend_init:394 cbd_transport0: attach backend to backend_id: 0
[   88.922915] cbd: backend_validate:544 cbd_transport0: found backend_id: 1 for host_id: 1, path: /dev/sdb
[   88.928949] cbd: cbd_backend_init:394 cbd_transport0: attach backend to backend_id: 1
[  247.509140] cbd: transport_dax_init:912 cbd_transport1: transport_dax_init: failed blkdev_get_by_path(/dev/pmem0)
[  249.134986] cbd: backend_validate:544 cbd_transport0: found backend_id: 0 for host_id: 1, path: /dev/sda
[  249.142467] cbd: cbd_backend_init:394 cbd_transport0: attach backend to backend_id: 0
[  249.142538] cbd: cbd_backend_info_load:469 cbd_transport0: backend 0 is alive
[  250.792111] cbd: backend_validate:544 cbd_transport0: found backend_id: 1 for host_id: 1, path: /dev/sdb
[  250.795393] cbd: cbd_backend_init:394 cbd_transport0: attach backend to backend_id: 1
[  250.795428] cbd: cbd_backend_info_load:469 cbd_transport0: backend 1 is alive
[  269.129189] ==== end /root/avocado/job-results/job-2025-01-09T22.24-1680aba/test-results/234-._cbdctrl.py_CbdctrlTest.test_run-cache_data_crc-enable-cache_for_xfstests-no_cache-channel_crc-disable-channel_data_crc-host_mode-multi_host-multihost-test_script-xfstests-dd2d ==== 
[  287.203455] tid: 0, is not registered
[  361.350691] ==== start /root/avocado/job-results/job-2025-01-09T22.24-1680aba/test-results/235-._cbdctrl.py_CbdctrlTest.test_run-cache_data_crc-enable-cache_for_xfstests-no_cache-channel_crc-disable-channel_data_crc-host_mode-multi_host-multihost-test_script-register-c065 ==== 
[  398.075317] host id 0 is still alive
[  401.981161] ==== end /root/avocado/job-results/job-2025-01-09T22.24-1680aba/test-results/235-._cbdctrl.py_CbdctrlTest.test_run-cache_data_crc-enable-cache_for_xfstests-no_cache-channel_crc-disable-channel_data_crc-host_mode-multi_host-multihost-test_script-register-c065 ==== 
[  420.447516] tid: 0, is not registered
[  431.259389] ==== start /root/avocado/job-results/job-2025-01-09T22.24-1680aba/test-results/236-._cbdctrl.py_CbdctrlTest.test_run-cache_data_crc-enable-cache_for_xfstests-no_cache-channel_crc-disable-channel_data_crc-host_mode-multi_host-multihost-test_script-backend-baab ==== 
[  455.197418] host id 0 is still alive
[  459.030957] ==== end /root/avocado/job-results/job-2025-01-09T22.24-1680aba/test-results/236-._cbdctrl.py_CbdctrlTest.test_run-cache_data_crc-enable-cache_for_xfstests-no_cache-channel_crc-disable-channel_data_crc-host_mode-multi_host-multihost-test_script-backend-baab ==== 
[  477.065112] tid: 0, is not registered
[  482.165185] ==== start /root/avocado/job-results/job-2025-01-09T22.24-1680aba/test-results/237-._cbdctrl.py_CbdctrlTest.test_run-cache_data_crc-enable-cache_for_xfstests-no_cache-channel_crc-disable-channel_data_crc-host_mode-multi_host-multihost-test_script-dev-e26a ==== 
[  506.300065] host id 0 is still alive
[  510.090200] ==== end /root/avocado/job-results/job-2025-01-09T22.24-1680aba/test-results/237-._cbdctrl.py_CbdctrlTest.test_run-cache_data_crc-enable-cache_for_xfstests-no_cache-channel_crc-disable-channel_data_crc-host_mode-multi_host-multihost-test_script-dev-e26a ==== 
