[    0.000000] Linux version 6.13.0-rc5+ (root@ubuntu-22-04-server) (gcc (Ubuntu 11.4.0-1ubuntu1~22.04) 11.4.0, GNU ld (GNU Binutils for Ubuntu) 2.38) #2 SMP PREEMPT_DYNAMIC Fri Jan  3 15:43:06 CST 2025
[    0.000000] Command line: intremap=off console=ttyS0,115200 nokaslr root=/dev/vda1 crashkernel=1G-:2G
[    0.000000] KERNEL supported cpus:
[    0.000000]   Intel GenuineIntel
[    0.000000]   AMD AuthenticAMD
[    0.000000]   Hygon HygonGenuine
[    0.000000]   Centaur CentaurHauls
[    0.000000]   zhaoxin   Shanghai  
[    0.000000] BIOS-provided physical RAM map:
[    0.000000] BIOS-e820: [mem 0x0000000000000000-0x000000000009fbff] usable
[    0.000000] BIOS-e820: [mem 0x000000000009fc00-0x000000000009ffff] reserved
[    0.000000] BIOS-e820: [mem 0x00000000000f0000-0x00000000000fffff] reserved
[    0.000000] BIOS-e820: [mem 0x0000000000100000-0x000000007ffd9fff] usable
[    0.000000] BIOS-e820: [mem 0x000000007ffda000-0x000000007fffffff] reserved
[    0.000000] BIOS-e820: [mem 0x00000000b0000000-0x00000000bfffffff] reserved
[    0.000000] BIOS-e820: [mem 0x00000000fed1c000-0x00000000fed1ffff] reserved
[    0.000000] BIOS-e820: [mem 0x00000000feffc000-0x00000000feffffff] reserved
[    0.000000] BIOS-e820: [mem 0x00000000fffc0000-0x00000000ffffffff] reserved
[    0.000000] BIOS-e820: [mem 0x0000000100000000-0x000000037fffffff] usable
[    0.000000] NX (Execute Disable) protection: active
[    0.000000] APIC: Static calls initialized
[    0.000000] SMBIOS 2.8 present.
[    0.000000] DMI: QEMU Standard PC (Q35 + ICH9, 2009), BIOS rel-1.16.3-0-ga6ed6b701f0a-prebuilt.qemu.org 04/01/2014
[    0.000000] DMI: Memory slots populated: 1/1
[    0.000000] Hypervisor detected: KVM
[    0.000000] kvm-clock: Using msrs 4b564d01 and 4b564d00
[    0.000008] kvm-clock: using sched offset of 3475911345 cycles
[    0.000023] clocksource: kvm-clock: mask: 0xffffffffffffffff max_cycles: 0x1cd42e4dffb, max_idle_ns: 881590591483 ns
[    0.000067] tsc: Detected 2933.436 MHz processor
[    0.002491] e820: update [mem 0x00000000-0x00000fff] usable ==> reserved
[    0.002500] e820: remove [mem 0x000a0000-0x000fffff] usable
[    0.002514] last_pfn = 0x380000 max_arch_pfn = 0x400000000
[    0.003117] MTRR map: 4 entries (3 fixed + 1 variable; max 19), built from 8 variable MTRRs
[    0.003151] x86/PAT: Configuration [0-7]: WB  WC  UC- UC  WB  WP  UC- WT  
[    0.003882] last_pfn = 0x7ffda max_arch_pfn = 0x400000000
[    0.015589] found SMP MP-table at [mem 0x000f5450-0x000f545f]
[    0.015715] Using GB pages for direct mapping
[    0.017521] RAMDISK: [mem 0x79e18000-0x7ffcffff]
[    0.017609] ACPI: Early table checksum verification disabled
[    0.017768] ACPI: RSDP 0x00000000000F5220 000014 (v00 BOCHS )
[    0.017821] ACPI: RSDT 0x000000007FFE3D96 000040 (v01 BOCHS  BXPC     00000001 BXPC 00000001)
[    0.017879] ACPI: FACP 0x000000007FFE25E7 0000F4 (v03 BOCHS  BXPC     00000001 BXPC 00000001)
[    0.017909] ACPI: DSDT 0x000000007FFDF040 0035A7 (v01 BOCHS  BXPC     00000001 BXPC 00000001)
[    0.017927] ACPI: FACS 0x000000007FFDF000 000040
[    0.017936] ACPI: APIC 0x000000007FFE26DB 000170 (v03 BOCHS  BXPC     00000001 BXPC 00000001)
[    0.017947] ACPI: HPET 0x000000007FFE284B 000038 (v01 BOCHS  BXPC     00000001 BXPC 00000001)
[    0.017957] ACPI: SRAT 0x000000007FFE2883 0002D0 (v01 BOCHS  BXPC     00000001 BXPC 00000001)
[    0.017967] ACPI: MCFG 0x000000007FFE2B53 00003C (v01 BOCHS  BXPC     00000001 BXPC 00000001)
[    0.017977] ACPI: SSDT 0x000000007FFE2B8F 0011DF (v01 BOCHS  NVDIMM   00000001 BXPC 00000001)
[    0.017987] ACPI: WAET 0x000000007FFE3D6E 000028 (v01 BOCHS  BXPC     00000001 BXPC 00000001)
[    0.017995] ACPI: Reserving FACP table memory at [mem 0x7ffe25e7-0x7ffe26da]
[    0.017998] ACPI: Reserving DSDT table memory at [mem 0x7ffdf040-0x7ffe25e6]
[    0.018000] ACPI: Reserving FACS table memory at [mem 0x7ffdf000-0x7ffdf03f]
[    0.018003] ACPI: Reserving APIC table memory at [mem 0x7ffe26db-0x7ffe284a]
[    0.018005] ACPI: Reserving HPET table memory at [mem 0x7ffe284b-0x7ffe2882]
[    0.018008] ACPI: Reserving SRAT table memory at [mem 0x7ffe2883-0x7ffe2b52]
[    0.018010] ACPI: Reserving MCFG table memory at [mem 0x7ffe2b53-0x7ffe2b8e]
[    0.018012] ACPI: Reserving SSDT table memory at [mem 0x7ffe2b8f-0x7ffe3d6d]
[    0.018015] ACPI: Reserving WAET table memory at [mem 0x7ffe3d6e-0x7ffe3d95]
[    0.018493] ACPI: SRAT: Node 0 PXM 0 [mem 0x00000000-0x0009ffff]
[    0.018500] ACPI: SRAT: Node 0 PXM 0 [mem 0x00100000-0x7fffffff]
[    0.018504] ACPI: SRAT: Node 0 PXM 0 [mem 0x100000000-0x37fffffff]
[    0.018507] ACPI: SRAT: Node 0 PXM 0 [mem 0x380000000-0x1bffffffff] hotplug
[    0.018522] NUMA: Node 0 [mem 0x00001000-0x0009ffff] + [mem 0x00100000-0x7fffffff] -> [mem 0x00001000-0x7fffffff]
[    0.018526] NUMA: Node 0 [mem 0x00001000-0x7fffffff] + [mem 0x100000000-0x37fffffff] -> [mem 0x00001000-0x37fffffff]
[    0.018557] NODE_DATA(0) allocated [mem 0x37ffd3700-0x37fffdfff]
[    0.018892] crashkernel low memory reserved: 0x69000000 - 0x79000000 (256 MB)
[    0.018898] crashkernel reserved: 0x00000002ff000000 - 0x000000037f000000 (2048 MB)
[    0.019049] Zone ranges:
[    0.019051]   DMA      [mem 0x0000000000001000-0x0000000000ffffff]
[    0.019056]   DMA32    [mem 0x0000000001000000-0x00000000ffffffff]
[    0.019059]   Normal   [mem 0x0000000100000000-0x000000037fffffff]
[    0.019062]   Device   empty
[    0.019064] Movable zone start for each node
[    0.019068] Early memory node ranges
[    0.019069]   node   0: [mem 0x0000000000001000-0x000000000009efff]
[    0.019076]   node   0: [mem 0x0000000000100000-0x000000007ffd9fff]
[    0.019080]   node   0: [mem 0x0000000100000000-0x000000037fffffff]
[    0.019084] Initmem setup node 0 [mem 0x0000000000001000-0x000000037fffffff]
[    0.019615] On node 0, zone DMA: 1 pages in unavailable ranges
[    0.019946] On node 0, zone DMA: 97 pages in unavailable ranges
[    0.322273] On node 0, zone Normal: 38 pages in unavailable ranges
[    1.885559] kasan: KernelAddressSanitizer initialized
[    1.893986] ACPI: PM-Timer IO Port: 0x608
[    1.894121] ACPI: LAPIC_NMI (acpi_id[0xff] dfl dfl lint[0x1])
[    1.894554] IOAPIC[0]: apic_id 0, version 17, address 0xfec00000, GSI 0-23
[    1.894572] ACPI: INT_SRC_OVR (bus 0 bus_irq 0 global_irq 2 dfl dfl)
[    1.894577] ACPI: INT_SRC_OVR (bus 0 bus_irq 5 global_irq 5 high level)
[    1.894581] ACPI: INT_SRC_OVR (bus 0 bus_irq 9 global_irq 9 high level)
[    1.894592] ACPI: INT_SRC_OVR (bus 0 bus_irq 10 global_irq 10 high level)
[    1.894596] ACPI: INT_SRC_OVR (bus 0 bus_irq 11 global_irq 11 high level)
[    1.894611] ACPI: Using ACPI (MADT) for SMP configuration information
[    1.894615] ACPI: HPET id: 0x8086a201 base: 0xfed00000
[    1.894633] TSC deadline timer available
[    1.894646] CPU topo: Max. logical packages:   2
[    1.894649] CPU topo: Max. logical dies:       2
[    1.894650] CPU topo: Max. dies per package:   1
[    1.894657] CPU topo: Max. threads per core:   2
[    1.894659] CPU topo: Num. cores per package:     8
[    1.894661] CPU topo: Num. threads per package:  16
[    1.894663] CPU topo: Allowing 32 present CPUs plus 0 hotplug CPUs
[    1.894809] kvm-guest: APIC: eoi() replaced with kvm_guest_apic_eoi_write()
[    1.894932] kvm-guest: KVM setup pv remote TLB flush
[    1.894991] kvm-guest: setup PV sched yield
[    1.895168] PM: hibernation: Registered nosave memory: [mem 0x00000000-0x00000fff]
[    1.895175] PM: hibernation: Registered nosave memory: [mem 0x0009f000-0x0009ffff]
[    1.895178] PM: hibernation: Registered nosave memory: [mem 0x000a0000-0x000effff]
[    1.895180] PM: hibernation: Registered nosave memory: [mem 0x000f0000-0x000fffff]
[    1.895185] PM: hibernation: Registered nosave memory: [mem 0x7ffda000-0x7fffffff]
[    1.895187] PM: hibernation: Registered nosave memory: [mem 0x80000000-0xafffffff]
[    1.895189] PM: hibernation: Registered nosave memory: [mem 0xb0000000-0xbfffffff]
[    1.895192] PM: hibernation: Registered nosave memory: [mem 0xc0000000-0xfed1bfff]
[    1.895194] PM: hibernation: Registered nosave memory: [mem 0xfed1c000-0xfed1ffff]
[    1.895196] PM: hibernation: Registered nosave memory: [mem 0xfed20000-0xfeffbfff]
[    1.895198] PM: hibernation: Registered nosave memory: [mem 0xfeffc000-0xfeffffff]
[    1.895200] PM: hibernation: Registered nosave memory: [mem 0xff000000-0xfffbffff]
[    1.895202] PM: hibernation: Registered nosave memory: [mem 0xfffc0000-0xffffffff]
[    1.895225] [mem 0xc0000000-0xfed1bfff] available for PCI devices
[    1.895234] Booting paravirtualized kernel on KVM
[    1.895243] clocksource: refined-jiffies: mask: 0xffffffff max_cycles: 0xffffffff, max_idle_ns: 7645519600211568 ns
[    1.895322] setup_percpu: NR_CPUS:8192 nr_cpumask_bits:32 nr_cpu_ids:32 nr_node_ids:1
[    2.026106] percpu: Embedded 532 pages/cpu s2142208 r8192 d28672 u4194304
[    2.026157] pcpu-alloc: s2142208 r8192 d28672 u4194304 alloc=2*2097152
[    2.026166] pcpu-alloc: [0] 00 [0] 01 [0] 02 [0] 03 [0] 04 [0] 05 [0] 06 [0] 07 
[    2.026185] pcpu-alloc: [0] 08 [0] 09 [0] 10 [0] 11 [0] 12 [0] 13 [0] 14 [0] 15 
[    2.026204] pcpu-alloc: [0] 16 [0] 17 [0] 18 [0] 19 [0] 20 [0] 21 [0] 22 [0] 23 
[    2.026241] pcpu-alloc: [0] 24 [0] 25 [0] 26 [0] 27 [0] 28 [0] 29 [0] 30 [0] 31 
[    2.026602] kvm-guest: PV spinlocks enabled
[    2.026623] PV qspinlock hash table entries: 256 (order: 0, 4096 bytes, linear)
[    2.026639] Kernel command line: intremap=off console=ttyS0,115200 nokaslr root=/dev/vda1 crashkernel=1G-:2G
[    2.026904] Unknown kernel command line parameters "nokaslr", will be passed to user space.
[    2.026937] printk: log buffer data + meta data: 262144 + 917504 = 1179648 bytes
[    2.047965] Dentry cache hash table entries: 2097152 (order: 12, 16777216 bytes, linear)
[    2.055581] Inode-cache hash table entries: 1048576 (order: 11, 8388608 bytes, linear)
[    2.060145] Fallback order for Node 0: 0 
[    2.060179] Built 1 zonelists, mobility grouping on.  Total pages: 3145592
[    2.060183] Policy zone: Normal
[    2.060257] mem auto-init: stack:off, heap alloc:on, heap free:off
[    2.060268] stackdepot: allocating hash table via alloc_large_system_hash
[    2.060279] stackdepot hash table entries: 1048576 (order: 12, 16777216 bytes, linear)
[    2.078842] software IO TLB: area num 32.
[    2.828164] SLUB: HWalign=64, Order=0-3, MinObjects=0, CPUs=32, Nodes=1
[    2.829405] Kernel/User page tables isolation: enabled
[    2.830080] ftrace: allocating 52416 entries in 205 pages
[    3.146789] ftrace: allocated 205 pages with 5 groups
[    3.155667] Dynamic Preempt: voluntary
[    3.165407] Running RCU self tests
[    3.165413] Running RCU synchronous self tests
[    3.165473] rcu: Preemptible hierarchical RCU implementation.
[    3.165475] rcu: 	RCU lockdep checking is enabled.
[    3.165477] rcu: 	RCU restricting CPUs from NR_CPUS=8192 to nr_cpu_ids=32.
[    3.165482] 	Trampoline variant of Tasks RCU enabled.
[    3.165484] 	Rude variant of Tasks RCU enabled.
[    3.165485] 	Tracing variant of Tasks RCU enabled.
[    3.165487] rcu: RCU calculated value of scheduler-enlistment delay is 25 jiffies.
[    3.165489] rcu: Adjusting geometry for rcu_fanout_leaf=16, nr_cpu_ids=32
[    3.166166] Running RCU synchronous self tests
[    3.166209] RCU Tasks: Setting shift to 5 and lim to 1 rcu_task_cb_adjust=1 rcu_task_cpu_ids=32.
[    3.166237] RCU Tasks Rude: Setting shift to 5 and lim to 1 rcu_task_cb_adjust=1 rcu_task_cpu_ids=32.
[    3.166263] RCU Tasks Trace: Setting shift to 5 and lim to 1 rcu_task_cb_adjust=1 rcu_task_cpu_ids=32.
[    3.221044] NR_IRQS: 524544, nr_irqs: 680, preallocated irqs: 16
[    3.223116] rcu: srcu_init: Setting srcu_struct sizes based on contention.
[    3.328263] Console: colour VGA+ 80x25
[    3.328752] printk: legacy console [ttyS0] enabled
[    4.515397] Lock dependency validator: Copyright (c) 2006 Red Hat, Inc., Ingo Molnar
[    4.524872] ... MAX_LOCKDEP_SUBCLASSES:  8
[    4.529740] ... MAX_LOCK_DEPTH:          48
[    4.534657] ... MAX_LOCKDEP_KEYS:        8192
[    4.539773] ... CLASSHASH_SIZE:          4096
[    4.545207] ... MAX_LOCKDEP_ENTRIES:     32768
[    4.550408] ... MAX_LOCKDEP_CHAINS:      65536
[    4.555691] ... CHAINHASH_SIZE:          32768
[    4.561054]  memory used by lock dependency info: 6941 kB
[    4.567410]  memory used for stack traces: 4224 kB
[    4.573538]  per task-struct memory footprint: 2688 bytes
[    4.580729] ACPI: Core revision 20240827
[    4.588647] clocksource: hpet: mask: 0xffffffff max_cycles: 0xffffffff, max_idle_ns: 19112604467 ns
[    4.604035] APIC: Switch to symmetric I/O mode setup
[    4.616447] x2apic enabled
[    4.625018] APIC: Switched APIC routing to: physical x2apic
[    4.634870] kvm-guest: APIC: send_IPI_mask() replaced with kvm_send_ipi_mask()
[    4.647554] kvm-guest: APIC: send_IPI_mask_allbutself() replaced with kvm_send_ipi_mask_allbutself()
[    4.663305] kvm-guest: setup PV IPIs
[    4.685350] ..TIMER: vector=0x30 apic1=0 pin1=2 apic2=-1 pin2=-1
[    4.697227] clocksource: tsc-early: mask: 0xffffffffffffffff max_cycles: 0x2a48a50322c, max_idle_ns: 440795287943 ns
[    4.715826] Calibrating delay loop (skipped) preset value.. 5866.87 BogoMIPS (lpj=11733744)
[    4.725515] x86/cpu: User Mode Instruction Prevention (UMIP) activated
[    4.731851] Last level iTLB entries: 4KB 0, 2MB 0, 4MB 0
[    4.735814] Last level dTLB entries: 4KB 0, 2MB 0, 4MB 0, 1GB 0
[    4.739923] Spectre V1 : Mitigation: usercopy/swapgs barriers and __user pointer sanitization
[    4.743822] Spectre V2 : Mitigation: Retpolines
[    4.747811] Spectre V2 : Spectre v2 / SpectreRSB mitigation: Filling RSB on context switch
[    4.751817] Spectre V2 : Spectre v2 / SpectreRSB : Filling RSB on VMEXIT
[    4.755818] Spectre V2 : Enabling Restricted Speculation for firmware calls
[    4.759834] Spectre V2 : mitigation: Enabling conditional Indirect Branch Prediction Barrier
[    4.763819] Spectre V2 : User space: Mitigation: STIBP via prctl
[    4.767816] Speculative Store Bypass: Mitigation: Speculative Store Bypass disabled via prctl
[    4.771822] MDS: Vulnerable: Clear CPU buffers attempted, no microcode
[    4.775818] MMIO Stale Data: Unknown: No mitigations
[    4.783824] x86/fpu: x87 FPU will use FXSAVE
[    4.843595] Freeing SMP alternatives memory: 40K
[    4.843826] pid_max: default: 32768 minimum: 301
[    4.852415] LSM: initializing lsm=lockdown,capability,landlock,yama,apparmor,ima,evm
[    4.860106] landlock: Up and running.
[    4.863812] Yama: becoming mindful.
[    4.869045] AppArmor: AppArmor initialized
[    4.876155] Mount-cache hash table entries: 32768 (order: 6, 262144 bytes, linear)
[    4.879892] Mountpoint-cache hash table entries: 32768 (order: 6, 262144 bytes, linear)
[    4.894064] Running RCU synchronous self tests
[    4.895824] Running RCU synchronous self tests
[    4.904676] smpboot: CPU0: Intel Westmere E56xx/L56xx/X56xx (IBRS update) (family: 0x6, model: 0x2c, stepping: 0x1)
[    4.921198] Running RCU Tasks wait API self tests
[    5.028076] Running RCU Tasks Rude wait API self tests
[    5.031846] Running RCU Tasks Trace wait API self tests
[    5.036109] Performance Events: unsupported p6 CPU model 44 no PMU driver, software events only.
[    5.040362] signal: max sigframe size: 1440
[    5.043994] Callback from call_rcu_tasks_trace() invoked.
[    5.048739] rcu: Hierarchical SRCU implementation.
[    5.051843] rcu: 	Max phase no-delay instances is 1000.
[    5.057386] Timer migration: 2 hierarchy levels; 8 children per group; 2 crossnode level
[    5.072028] NMI watchdog: Perf NMI watchdog permanently disabled
[    5.087923] smp: Bringing up secondary CPUs ...
[    5.101409] smpboot: x86: Booting SMP configuration:
[    5.103941] .... node  #0, CPUs:        #2  #4  #6  #8 #10 #12 #14 #16 #18 #20 #22 #24 #26
[    5.236092] Callback from call_rcu_tasks() invoked.
[    5.249428]  #28 #30  #1  #3  #5  #7  #9 #11 #13 #15 #17 #19 #21 #23 #25 #27 #29 #31
[    5.504544] MDS CPU bug present and SMT on, data leak possible. See https://www.kernel.org/doc/html/latest/admin-guide/hw-vuln/mds.html for more details.
[    5.603393] smp: Brought up 1 node, 32 CPUs
[    5.603869] smpboot: Total of 32 processors activated (187739.90 BogoMIPS)
[    5.642578] Memory: 7997952K/12582368K available (53248K kernel code, 16294K rwdata, 13000K rodata, 9908K init, 22736K bss, 4537656K reserved, 0K cma-reserved)
[    5.649284] devtmpfs: initialized
[    5.653239] x86/mm: Memory block size: 128MB
[    5.742277] Running RCU synchronous self tests
[    5.743950] Running RCU synchronous self tests
[    5.748412] clocksource: jiffies: mask: 0xffffffff max_cycles: 0xffffffff, max_idle_ns: 7645041785100000 ns
[    5.754871] futex hash table entries: 8192 (order: 8, 1048576 bytes, linear)
[    5.759924] pinctrl core: initialized pinctrl subsystem
[    5.767598] PM: RTC time: 13:16:25, date: 2025-01-11
[    5.776629] NET: Registered PF_NETLINK/PF_ROUTE protocol family
[    5.786002] DMA: preallocated 1024 KiB GFP_KERNEL pool for atomic allocations
[    5.788147] DMA: preallocated 1024 KiB GFP_KERNEL|GFP_DMA pool for atomic allocations
[    5.792127] DMA: preallocated 1024 KiB GFP_KERNEL|GFP_DMA32 pool for atomic allocations
[    5.796708] audit: initializing netlink subsys (disabled)
[    5.800826] audit: type=2000 audit(1736601383.990:1): state=initialized audit_enabled=0 res=1
[    5.806598] thermal_sys: Registered thermal governor 'fair_share'
[    5.807852] thermal_sys: Registered thermal governor 'bang_bang'
[    5.811847] thermal_sys: Registered thermal governor 'step_wise'
[    5.815848] thermal_sys: Registered thermal governor 'user_space'
[    5.819848] thermal_sys: Registered thermal governor 'power_allocator'
[    5.824319] EISA bus registered
[    5.832297] cpuidle: using governor ladder
[    5.836235] cpuidle: using governor menu
[    5.842069] acpiphp: ACPI Hot Plug PCI Controller Driver version: 0.5
[    5.847498] PCI: ECAM [mem 0xb0000000-0xbfffffff] (base 0xb0000000) for domain 0000 [bus 00-ff]
[    5.847909] PCI: ECAM [mem 0xb0000000-0xbfffffff] reserved as E820 entry
[    5.928154] PCI: Using configuration type 1 for base access
[    5.934012] kprobes: kprobe jump-optimization is enabled. All kprobes are optimized if possible.
[    5.945795] HugeTLB: registered 1.00 GiB page size, pre-allocated 0 pages
[    5.947850] HugeTLB: 16380 KiB vmemmap can be freed for a 1.00 GiB page
[    5.951850] HugeTLB: registered 2.00 MiB page size, pre-allocated 0 pages
[    5.955861] HugeTLB: 28 KiB vmemmap can be freed for a 2.00 MiB page
[    6.052709] ACPI: Added _OSI(Module Device)
[    6.059931] ACPI: Added _OSI(Processor Device)
[    6.067848] ACPI: Added _OSI(3.0 _SCP Extensions)
[    6.075858] ACPI: Added _OSI(Processor Aggregator Device)
[    6.339540] ACPI: 2 ACPI AML tables successfully acquired and loaded
[    6.402327] ACPI: Interpreter enabled
[    6.408625] ACPI: PM: (supports S0 S3 S4 S5)
[    6.416602] ACPI: Using IOAPIC for interrupt routing
[    6.425559] PCI: Using host bridge windows from ACPI; if necessary, use "pci=nocrs" and report a bug
[    6.440235] PCI: Using E820 reservations for host bridge windows
[    6.462490] ACPI: Enabled 4 GPEs in block 00 to 3F
[    6.986956] ACPI: PCI Root Bridge [PCI0] (domain 0000 [bus 00-ff])
[    7.000003] acpi PNP0A08:00: _OSC: OS supports [ExtendedConfig ASPM ClockPM Segments MSI EDR HPX-Type3]
[    7.020483] acpi PNP0A08:00: _OSC: platform does not support [PCIeHotplug LTR DPC]
[    7.043156] acpi PNP0A08:00: _OSC: OS now controls [SHPCHotplug PME AER PCIeCapability]
[    7.068057] PCI host bridge to bus 0000:00
[    7.076191] pci_bus 0000:00: root bus resource [io  0x0000-0x0cf7 window]
[    7.089280] pci_bus 0000:00: root bus resource [io  0x0d00-0xffff window]
[    7.099882] pci_bus 0000:00: root bus resource [mem 0x000a0000-0x000bffff window]
[    7.111960] pci_bus 0000:00: root bus resource [mem 0x80000000-0xafffffff window]
[    7.123878] pci_bus 0000:00: root bus resource [mem 0xc0000000-0xfebfffff window]
[    7.135883] pci_bus 0000:00: root bus resource [mem 0x1c00000000-0x23ffffffff window]
[    7.147883] pci_bus 0000:00: root bus resource [bus 00-ff]
[    7.160594] pci 0000:00:00.0: [8086:29c0] type 00 class 0x060000 conventional PCI endpoint
[    7.181028] pci 0000:00:01.0: [1234:1111] type 00 class 0x030000 conventional PCI endpoint
[    7.211657] pci 0000:00:01.0: BAR 0 [mem 0xfd000000-0xfdffffff pref]
[    7.243051] pci 0000:00:01.0: BAR 2 [mem 0xfea50000-0xfea50fff]
[    7.304726] pci 0000:00:01.0: ROM [mem 0xfea40000-0xfea4ffff pref]
[    7.320775] pci 0000:00:01.0: Video device with shadowed ROM at [mem 0x000c0000-0x000dffff]
[    7.335848] pci 0000:00:01.0: pci_fixup_video+0x0/0x2d0 took 15625 usecs
[    7.360970] pci 0000:00:02.0: [1af4:1000] type 00 class 0x020000 conventional PCI endpoint
[    7.378680] pci 0000:00:02.0: BAR 0 [io  0xc040-0xc05f]
[    7.391886] pci 0000:00:02.0: BAR 1 [mem 0xfea51000-0xfea51fff]
[    7.412001] pci 0000:00:02.0: BAR 4 [mem 0xfe200000-0xfe203fff 64bit pref]
[    7.425624] pci 0000:00:02.0: ROM [mem 0xfea00000-0xfea3ffff pref]
[    7.447083] pci 0000:00:03.0: [1b36:000c] type 01 class 0x060400 PCIe Root Port
[    7.467578] pci 0000:00:03.0: BAR 0 [mem 0xfea52000-0xfea52fff]
[    7.488204] pci 0000:00:03.0: PCI bridge to [bus 01]
[    7.496379] pci 0000:00:03.0:   bridge window [mem 0xfe800000-0xfe9fffff]
[    7.516236] pci 0000:00:03.0:   bridge window [mem 0xfe000000-0xfe1fffff 64bit pref]
[    7.546002] pci 0000:00:04.0: [1af4:105b] type 00 class 0x00ff00 conventional PCI endpoint
[    7.575180] pci 0000:00:04.0: BAR 4 [mem 0xfe204000-0xfe207fff 64bit pref]
[    7.731986] pci 0000:00:1f.0: [8086:2918] type 00 class 0x060100 conventional PCI endpoint
[    7.749629] pci 0000:00:1f.0: quirk: [io  0x0600-0x067f] claimed by ICH6 ACPI/GPIO/TCO
[    7.764367] pci 0000:00:1f.0: quirk_ich7_lpc+0x0/0x1d0 took 11718 usecs
[    7.781353] pci 0000:00:1f.2: [8086:2922] type 00 class 0x010601 conventional PCI endpoint
[    7.808418] pci 0000:00:1f.2: BAR 4 [io  0xc060-0xc07f]
[    7.817906] pci 0000:00:1f.2: BAR 5 [mem 0xfea53000-0xfea53fff]
[    7.836717] pci 0000:00:1f.3: [8086:2930] type 00 class 0x0c0500 conventional PCI endpoint
[    7.858166] pci 0000:00:1f.3: BAR 4 [io  0x0700-0x073f]
[    7.878305] acpiphp: Slot [0] registered
[    7.890239] pci 0000:01:00.0: [1af4:1042] type 00 class 0x010000 PCIe Endpoint
[    7.915500] pci 0000:01:00.0: BAR 1 [mem 0xfe800000-0xfe800fff]
[    7.947455] pci 0000:01:00.0: BAR 4 [mem 0xfe000000-0xfe003fff 64bit pref]
[    8.049344] pci 0000:00:03.0: PCI bridge to [bus 01]
[    8.076915] ACPI: PCI: Interrupt link LNKA configured for IRQ 10
[    8.093113] ACPI: PCI: Interrupt link LNKB configured for IRQ 10
[    8.109237] ACPI: PCI: Interrupt link LNKC configured for IRQ 11
[    8.127012] ACPI: PCI: Interrupt link LNKD configured for IRQ 11
[    8.132665] ACPI: PCI: Interrupt link LNKE configured for IRQ 10
[    8.140799] ACPI: PCI: Interrupt link LNKF configured for IRQ 10
[    8.150018] ACPI: PCI: Interrupt link LNKG configured for IRQ 11
[    8.156791] ACPI: PCI: Interrupt link LNKH configured for IRQ 11
[    8.161661] ACPI: PCI: Interrupt link GSIA configured for IRQ 16
[    8.165439] ACPI: PCI: Interrupt link GSIB configured for IRQ 17
[    8.169451] ACPI: PCI: Interrupt link GSIC configured for IRQ 18
[    8.172530] ACPI: PCI: Interrupt link GSID configured for IRQ 19
[    8.176699] ACPI: PCI: Interrupt link GSIE configured for IRQ 20
[    8.180860] ACPI: PCI: Interrupt link GSIF configured for IRQ 21
[    8.184623] ACPI: PCI: Interrupt link GSIG configured for IRQ 22
[    8.188517] ACPI: PCI: Interrupt link GSIH configured for IRQ 23
[    8.335953] iommu: Default domain type: Translated
[    8.343847] iommu: DMA domain TLB invalidation policy: lazy mode
[    8.373934] SCSI subsystem initialized
[    8.377430] libata version 3.00 loaded.
[    8.380097] ACPI: bus type USB registered
[    8.385049] usbcore: registered new interface driver usbfs
[    8.388321] usbcore: registered new interface driver hub
[    8.392531] usbcore: registered new device driver usb
[    8.397432] pps_core: LinuxPPS API ver. 1 registered
[    8.399843] pps_core: Software ver. 5.3.6 - Copyright 2005-2007 Rodolfo Giometti <giometti@linux.it>
[    8.404129] PTP clock support registered
[    8.412271] EDAC MC: Ver: 3.0.0
[    8.438338] NetLabel: Initializing
[    8.439883] NetLabel:  domain hash size = 128
[    8.443850] NetLabel:  protocols = UNLABELED CIPSOv4 CALIPSO
[    8.448890] NetLabel:  unlabeled traffic allowed by default
[    8.456568] PCI: Using ACPI for IRQ routing
[   10.574273] PCI: pci_cache_line_size set to 64 bytes
[   10.576273] e820: reserve RAM buffer [mem 0x0009fc00-0x0009ffff]
[   10.576412] e820: reserve RAM buffer [mem 0x7ffda000-0x7fffffff]
[   10.577757] pci 0000:00:01.0: vgaarb: setting as boot VGA device
[   10.579799] pci 0000:00:01.0: vgaarb: bridge control possible
[   10.579799] pci 0000:00:01.0: vgaarb: VGA device added: decodes=io+mem,owns=io+mem,locks=none
[   10.579870] vgaarb: loaded
[   10.585144] hpet0: at MMIO 0xfed00000, IRQs 2, 8, 0
[   10.587847] hpet0: 3 comparators, 64-bit 100.000000 MHz counter
[   10.607372] clocksource: Switched to clocksource kvm-clock
[   10.629147] VFS: Disk quotas dquot_6.6.0
[   10.636627] VFS: Dquot-cache hash table entries: 512 (order 0, 4096 bytes)
[   10.657777] AppArmor: AppArmor Filesystem Enabled
[   10.666889] pnp: PnP ACPI init
[   10.681587] system 00:05: [mem 0xb0000000-0xbfffffff window] has been reserved
[   10.728593] pnp: PnP ACPI: found 6 devices
[   10.824374] clocksource: acpi_pm: mask: 0xffffff max_cycles: 0xffffff, max_idle_ns: 2085701024 ns
[   10.842315] NET: Registered PF_INET protocol family
[   10.853503] IP idents hash table entries: 262144 (order: 9, 2097152 bytes, linear)
[   10.878490] tcp_listen_portaddr_hash hash table entries: 8192 (order: 7, 655360 bytes, linear)
[   10.893137] Table-perturb hash table entries: 65536 (order: 6, 262144 bytes, linear)
[   10.907018] TCP established hash table entries: 131072 (order: 8, 1048576 bytes, linear)
[   10.934440] TCP bind hash table entries: 65536 (order: 11, 10485760 bytes, vmalloc hugepage)
[   10.953812] TCP: Hash tables configured (established 131072 bind 65536)
[   10.971398] MPTCP token hash table entries: 16384 (order: 8, 1572864 bytes, linear)
[   10.990262] UDP hash table entries: 8192 (order: 9, 2490368 bytes, linear)
[   11.006535] UDP-Lite hash table entries: 8192 (order: 9, 2490368 bytes, linear)
[   11.023469] NET: Registered PF_UNIX/PF_LOCAL protocol family
[   11.033182] NET: Registered PF_XDP protocol family
[   11.041629] pci 0000:00:03.0: bridge window [io  0x1000-0x0fff] to [bus 01] add_size 1000
[   11.056108] pci 0000:00:03.0: bridge window [io  0x1000-0x1fff]: assigned
[   11.068026] pci 0000:00:03.0: PCI bridge to [bus 01]
[   11.077142] pci 0000:00:03.0:   bridge window [io  0x1000-0x1fff]
[   11.089994] pci 0000:00:03.0:   bridge window [mem 0xfe800000-0xfe9fffff]
[   11.102827] pci 0000:00:03.0:   bridge window [mem 0xfe000000-0xfe1fffff 64bit pref]
[   11.119025] pci_bus 0000:00: resource 4 [io  0x0000-0x0cf7 window]
[   11.130210] pci_bus 0000:00: resource 5 [io  0x0d00-0xffff window]
[   11.141123] pci_bus 0000:00: resource 6 [mem 0x000a0000-0x000bffff window]
[   11.153220] pci_bus 0000:00: resource 7 [mem 0x80000000-0xafffffff window]
[   11.165194] pci_bus 0000:00: resource 8 [mem 0xc0000000-0xfebfffff window]
[   11.177579] pci_bus 0000:00: resource 9 [mem 0x1c00000000-0x23ffffffff window]
[   11.190868] pci_bus 0000:01: resource 0 [io  0x1000-0x1fff]
[   11.200752] pci_bus 0000:01: resource 1 [mem 0xfe800000-0xfe9fffff]
[   11.211757] pci_bus 0000:01: resource 2 [mem 0xfe000000-0xfe1fffff 64bit pref]
[   11.226076] PCI: CLS 0 bytes, default 64
[   11.234091] PCI-DMA: Using software bounce buffering for IO (SWIOTLB)
[   11.237657] Trying to unpack rootfs image as initramfs...
[   11.245494] software IO TLB: mapped [mem 0x0000000065000000-0x0000000069000000] (64MB)
[   11.270821] clocksource: tsc: mask: 0xffffffffffffffff max_cycles: 0x2a48a50322c, max_idle_ns: 440795287943 ns
[   11.319038] Initialise system trusted keyrings
[   11.329407] Key type blacklist registered
[   11.339372] workingset: timestamp_bits=36 max_order=21 bucket_order=0
[   11.353129] zbud: loaded
[   11.371646] squashfs: version 4.0 (2009/01/31) Phillip Lougher
[   11.389433] fuse: init (API version 7.41)
[   11.405219] integrity: Platform Keyring initialized
[   11.453175] Key type asymmetric registered
[   11.460239] Asymmetric key parser 'x509' registered
[   11.469663] Block layer SCSI generic (bsg) driver version 0.4 loaded (major 243)
[   11.485489] io scheduler mq-deadline registered
[   11.527396] ledtrig-cpu: registered to indicate activity on CPUs
[   11.573903] ACPI: \_SB_.GSIH: Enabled at IRQ 23
[   11.598772] pcieport 0000:00:03.0: PME: Signaling with IRQ 24
[   11.617596] pcieport 0000:00:03.0: AER: enabled with IRQ 24
[   11.635684] shpchp: Standard Hot Plug PCI Controller Driver version: 0.4
[   11.655954] input: Power Button as /devices/LNXSYSTM:00/LNXPWRBN:00/input/input0
[   11.675016] ACPI: button: Power Button [PWRF]
[   11.796350] ACPI: \_SB_.GSIG: Enabled at IRQ 22
[   11.849352] ACPI: \_SB_.GSIE: Enabled at IRQ 20
[   11.915545] Serial: 8250/16550 driver, 32 ports, IRQ sharing enabled
[   11.982757] 00:03: ttyS0 at I/O 0x3f8 (irq = 4, base_baud = 115200) is a 16550A
[   12.128335] Linux agpgart interface v0.103
[   12.348424] loop: module loaded
[   12.365924] tun: Universal TUN/TAP device driver, 1.6
[   12.376514] PPP generic driver version 2.4.2
[   12.389044] VFIO - User Level meta-driver version: 0.3
[   12.404770] i8042: PNP: PS/2 Controller [PNP0303:KBD,PNP0f13:MOU] at 0x60,0x64 irq 1,12
[   12.429441] serio: i8042 KBD port at 0x60,0x64 irq 1
[   12.439507] serio: i8042 AUX port at 0x60,0x64 irq 12
[   12.455228] mousedev: PS/2 mouse device common for all mice
[   12.478799] rtc_cmos 00:04: RTC can wake from S4
[   12.482852] input: AT Translated Set 2 keyboard as /devices/platform/i8042/serio0/input/input1
[   12.499867] rtc_cmos 00:04: registered as rtc0
[   12.511852] rtc_cmos 00:04: setting system clock to 2025-01-11T13:16:33 UTC (1736601393)
[   12.527120] rtc_cmos 00:04: alarms up to one day, y3k, 242 bytes nvram, hpet irqs
[   12.539647] i2c_dev: i2c /dev entries driver
[   12.547365] device-mapper: core: CONFIG_IMA_DISABLE_HTABLE is disabled. Duplicate IMA measurements will not be recorded in the IMA log.
[   12.567602] device-mapper: uevent: version 1.0.3
[   12.577959] device-mapper: ioctl: 4.48.0-ioctl (2023-03-01) initialised: dm-devel@lists.linux.dev
[   12.593137] platform eisa.0: Probing EISA bus 0
[   12.600884] platform eisa.0: EISA: Cannot allocate resource for mainboard
[   12.612428] platform eisa.0: Cannot allocate resource for EISA slot 1
[   12.623274] platform eisa.0: Cannot allocate resource for EISA slot 2
[   12.634220] platform eisa.0: Cannot allocate resource for EISA slot 3
[   12.645376] platform eisa.0: Cannot allocate resource for EISA slot 4
[   12.656608] platform eisa.0: Cannot allocate resource for EISA slot 5
[   12.667353] platform eisa.0: Cannot allocate resource for EISA slot 6
[   12.678452] platform eisa.0: Cannot allocate resource for EISA slot 7
[   12.689666] platform eisa.0: Cannot allocate resource for EISA slot 8
[   12.700982] platform eisa.0: EISA: Detected 0 cards
[   12.709647] intel_pstate: CPU model not supported
[   12.721601] drop_monitor: Initializing network drop monitor service
[   12.734960] NET: Registered PF_INET6 protocol family
[   15.297844] Freeing initrd memory: 100064K
[   15.415810] Segment Routing with IPv6
[   15.422223] In-situ OAM (IOAM) with IPv6
[   15.429173] NET: Registered PF_PACKET protocol family
[   15.438737] Key type dns_resolver registered
[   15.505147] IPI shorthand broadcast: enabled
[   15.607708] registered taskstats version 1
[   15.643114] Loading compiled-in X.509 certificates
[   15.807183] Demotion targets for Node 0: null
[   15.816023] kmemleak: Kernel memory leak detector initialized (mem pool available: 14031)
[   15.816111] kmemleak: Automatic memory scanning thread started
[   15.838250] Key type .fscrypt registered
[   15.849028] Key type fscrypt-provisioning registered
[   15.934924] cryptd: module verification failed: signature and/or required key missing - tainting kernel
[   15.960557] cryptd: max_cpu_qlen set to 1000
[   16.166028] Key type encrypted registered
[   16.173275] AppArmor: AppArmor sha256 policy hashing enabled
[   16.182842] ima: No TPM chip found, activating TPM-bypass!
[   16.191919] Loading compiled-in module X.509 certificates
[   16.200854] ima: Allocated hash algorithm: sha1
[   16.209364] ima: No architecture policies found
[   16.217752] evm: Initialising EVM extended attributes:
[   16.226293] evm: security.selinux
[   16.231753] evm: security.SMACK64
[   16.237435] evm: security.SMACK64EXEC
[   16.243662] evm: security.SMACK64TRANSMUTE
[   16.250469] evm: security.SMACK64MMAP
[   16.256513] evm: security.apparmor
[   16.262213] evm: security.ima
[   16.267263] evm: security.capability
[   16.273307] evm: HMAC attrs: 0x1
[   16.291124] PM:   Magic number: 9:891:280
[   16.298101] tty tty17: hash matches
[   16.308980] RAS: Correctable Errors collector initialized.
[   16.319550] Unstable clock detected, switching default tracing clock to "global"
               If you want to keep using the local clock, then add:
                 "trace_clock=local"
               on the kernel command line
[   16.357248] clk: Disabling unused clocks
[   16.434977] Freeing unused decrypted memory: 2036K
[   16.466527] Freeing unused kernel image (initmem) memory: 9908K
[   16.475128] Write protecting the kernel read-only data: 67584k
[   16.488957] Freeing unused kernel image (rodata/data gap) memory: 1336K
[   16.562240] x86/mm: Checked W+X mappings: passed, no W+X pages found.
[   16.569670] x86/mm: Checking user space page tables
[   16.634985] x86/mm: Checked W+X mappings: passed, no W+X pages found.
[   16.642312] Run /init as init process
[   16.646675]   with arguments:
[   16.646692]     /init
[   16.646698]     nokaslr
[   16.646704]   with environment:
[   16.646710]     HOME=/
[   16.646716]     TERM=linux
[   19.694957] lpc_ich 0000:00:1f.0: I/O space for GPIO uninitialized
[   19.766555] virtio_blk virtio2: 32/0/0 default/read/poll queues
[   19.790817] ahci 0000:00:1f.2: version 3.0
[   19.842834] input: VirtualPS/2 VMware VMMouse as /devices/platform/i8042/serio1/input/input4
[   19.887784] ACPI: \_SB_.GSIA: Enabled at IRQ 16
[   19.925625] input: VirtualPS/2 VMware VMMouse as /devices/platform/i8042/serio1/input/input3
[   19.929756] i801_smbus 0000:00:1f.3: SMBus using PCI interrupt
[   19.954396] ahci 0000:00:1f.2: AHCI vers 0001.0000, 32 command slots, 1.5 Gbps, SATA mode
[   19.966588] ahci 0000:00:1f.2: 6/6 ports implemented (port mask 0x3f)
[   19.976643] ahci 0000:00:1f.2: flags: 64bit ncq only 
[   20.006471] i2c i2c-0: Memory type 0x07 not supported yet, not instantiating SPD
[   20.123788] virtio_blk virtio2: [vda] 209715200 512-byte logical blocks (107 GB/100 GiB)
[   20.208979] scsi host0: ahci
[   20.322323] scsi host1: ahci
[   20.322762] nd_pmem namespace0.0: unable to guarantee persistence of writes
[   20.331444] virtio_net virtio0 enp0s2: renamed from eth0
[   20.345163] scsi host2: ahci
[   20.376000] scsi host3: ahci
[   20.387674]  vda: vda1 vda14 vda15
[   20.393108] scsi host4: ahci
[   20.415010] scsi host5: ahci
[   20.425478] ata1: SATA max UDMA/133 abar m4096@0xfea53000 port 0xfea53100 irq 46 lpm-pol 0
[   20.436219] ata2: SATA max UDMA/133 abar m4096@0xfea53000 port 0xfea53180 irq 46 lpm-pol 0
[   20.447234] ata3: SATA max UDMA/133 abar m4096@0xfea53000 port 0xfea53200 irq 46 lpm-pol 0
[   20.458429] ata4: SATA max UDMA/133 abar m4096@0xfea53000 port 0xfea53280 irq 46 lpm-pol 0
[   20.470733] ata5: SATA max UDMA/133 abar m4096@0xfea53000 port 0xfea53300 irq 46 lpm-pol 0
[   20.486088] ata6: SATA max UDMA/133 abar m4096@0xfea53000 port 0xfea53380 irq 46 lpm-pol 0
[   20.825708] ata2: SATA link up 1.5 Gbps (SStatus 113 SControl 300)
[   20.835102] ata3: SATA link up 1.5 Gbps (SStatus 113 SControl 300)
[   20.850145] ata6: SATA link down (SStatus 0 SControl 300)
[   20.862246] ata5: SATA link down (SStatus 0 SControl 300)
[   20.874579] ata1: SATA link up 1.5 Gbps (SStatus 113 SControl 300)
[   20.884205] ata2.00: ATA-7: QEMU HARDDISK, 2.5+, max UDMA/100
[   20.893376] ata2.00: 20971520 sectors, multi 16: LBA48 NCQ (depth 32)
[   20.901674] ata2.00: applying bridge limits
[   20.907437] ata1.00: ATA-7: QEMU HARDDISK, 2.5+, max UDMA/100
[   20.914237] ata1.00: 20971520 sectors, multi 16: LBA48 NCQ (depth 32)
[   20.923148] ata1.00: applying bridge limits
[   20.930214] ata4: SATA link up 1.5 Gbps (SStatus 113 SControl 300)
[   20.941049] ata3.00: ATA-7: QEMU HARDDISK, 2.5+, max UDMA/100
[   20.948056] ata3.00: 20971520 sectors, multi 16: LBA48 NCQ (depth 32)
[   20.955825] ata3.00: applying bridge limits
[   20.961052] ata1.00: configured for UDMA/100
[   20.967264] ata2.00: configured for UDMA/100
[   20.973040] ata4.00: ATA-7: QEMU HARDDISK, 2.5+, max UDMA/100
[   20.979565] scsi 0:0:0:0: Direct-Access     ATA      QEMU HARDDISK    2.5+ PQ: 0 ANSI: 5
[   20.980460] ata4.00: 20971520 sectors, multi 16: LBA48 NCQ (depth 32)
[   21.003369] ata4.00: applying bridge limits
[   21.006781] sd 0:0:0:0: Attached scsi generic sg0 type 0
[   21.008576] sd 0:0:0:0: [sda] 20971520 512-byte logical blocks: (10.7 GB/10.0 GiB)
[   21.009128] sd 0:0:0:0: [sda] Write Protect is off
[   21.009189] sd 0:0:0:0: [sda] Mode Sense: 00 3a 00 00
[   21.009559] sd 0:0:0:0: [sda] Write cache: enabled, read cache: enabled, doesn't support DPO or FUA
[   21.010065] ata3.00: configured for UDMA/100
[   21.010302] sd 0:0:0:0: [sda] Preferred minimum I/O size 512 bytes
[   21.020992] scsi 1:0:0:0: Direct-Access     ATA      QEMU HARDDISK    2.5+ PQ: 0 ANSI: 5
[   21.026602] ata4.00: configured for UDMA/100
[   21.039048] sd 1:0:0:0: Attached scsi generic sg1 type 0
[   21.039159] sd 1:0:0:0: [sdb] 20971520 512-byte logical blocks: (10.7 GB/10.0 GiB)
[   21.039277] sd 1:0:0:0: [sdb] Write Protect is off
[   21.039305] sd 1:0:0:0: [sdb] Mode Sense: 00 3a 00 00
[   21.039491] sd 1:0:0:0: [sdb] Write cache: enabled, read cache: enabled, doesn't support DPO or FUA
[   21.039852] sd 1:0:0:0: [sdb] Preferred minimum I/O size 512 bytes
[   21.109908] scsi 2:0:0:0: Direct-Access     ATA      QEMU HARDDISK    2.5+ PQ: 0 ANSI: 5
[   21.129735] sd 2:0:0:0: Attached scsi generic sg2 type 0
[   21.130089] sd 2:0:0:0: [sdc] 20971520 512-byte logical blocks: (10.7 GB/10.0 GiB)
[   21.139745] scsi 3:0:0:0: Direct-Access     ATA      QEMU HARDDISK    2.5+ PQ: 0 ANSI: 5
[   21.144628] sd 2:0:0:0: [sdc] Write Protect is off
[   21.153920] sd 1:0:0:0: [sdb] Attached SCSI disk
[   21.155699] sd 0:0:0:0: [sda] Attached SCSI disk
[   21.166893] sd 3:0:0:0: Attached scsi generic sg3 type 0
[   21.167198] sd 3:0:0:0: [sdd] 20971520 512-byte logical blocks: (10.7 GB/10.0 GiB)
[   21.167358] sd 3:0:0:0: [sdd] Write Protect is off
[   21.167403] sd 3:0:0:0: [sdd] Mode Sense: 00 3a 00 00
[   21.167674] sd 3:0:0:0: [sdd] Write cache: enabled, read cache: enabled, doesn't support DPO or FUA
[   21.168190] sd 3:0:0:0: [sdd] Preferred minimum I/O size 512 bytes
[   21.170466] sd 2:0:0:0: [sdc] Mode Sense: 00 3a 00 00
[   21.214548] sd 2:0:0:0: [sdc] Write cache: enabled, read cache: enabled, doesn't support DPO or FUA
[   21.225243] sd 2:0:0:0: [sdc] Preferred minimum I/O size 512 bytes
[   21.261282] sd 3:0:0:0: [sdd] Attached SCSI disk
[   21.276910] sd 2:0:0:0: [sdc] Attached SCSI disk
[   24.368939] raid6: sse2x4   gen()  9104 MB/s
[   24.440896] raid6: sse2x2   gen()  8727 MB/s
[   24.512865] raid6: sse2x1   gen()  7979 MB/s
[   24.519478] raid6: using algorithm sse2x4 gen() 9104 MB/s
[   24.592841] raid6: .... xor() 4288 MB/s, rmw enabled
[   24.600550] raid6: using ssse3x2 recovery algorithm
[   24.619644] xor: measuring software checksum speed
[   24.626665]    prefetch64-sse  : 15164 MB/sec
[   24.633038]    generic_sse     : 13769 MB/sec
[   24.639035] xor: using function: prefetch64-sse (15164 MB/sec)
[   24.654457] async_tx: api initialized (async)
[   26.030101] Btrfs loaded, zoned=yes, fsverity=yes
[   26.874655] EXT4-fs (vda1): mounted filesystem 26c50908-598b-4e8e-871e-35718a3a1426 ro with ordered data mode. Quota mode: none.
[   28.156412] systemd[1]: Inserted module 'autofs4'
[   28.351607] systemd[1]: systemd 249.11-0ubuntu3.10 running in system mode (+PAM +AUDIT +SELINUX +APPARMOR +IMA +SMACK +SECCOMP +GCRYPT +GNUTLS +OPENSSL +ACL +BLKID +CURL +ELFUTILS +FIDO2 +IDN2 -IDN +IPTC +KMOD +LIBCRYPTSETUP +LIBFDISK +PCRE2 -PWQUALITY -P11KIT -QRENCODE +BZIP2 +LZ4 +XZ +ZLIB +ZSTD -XKBCOMMON +UTMP +SYSVINIT default-hierarchy=unified)
[   28.387325] systemd[1]: Detected virtualization kvm.
[   28.393808] systemd[1]: Detected architecture x86-64.
[   28.415982] systemd[1]: Hostname set to <qemu-2>.
[   29.038742] block vda: the capability attribute has been deprecated.
[   29.287813] random: crng init done
[   30.333383] systemd[1]: Queued start job for default target Graphical Interface.
[   30.428481] systemd[1]: Created slice Slice /system/modprobe.
[   30.460822] systemd[1]: Created slice Slice /system/serial-getty.
[   30.491001] systemd[1]: Created slice Slice /system/systemd-fsck.
[   30.520010] systemd[1]: Created slice User and Session Slice.
[   30.536203] systemd[1]: Started Forward Password Requests to Wall Directory Watch.
[   30.560574] systemd[1]: Set up automount Arbitrary Executable File Formats File System Automount Point.
[   30.582743] systemd[1]: Reached target Slice Units.
[   30.597471] systemd[1]: Reached target Mounting snaps.
[   30.613659] systemd[1]: Reached target Swaps.
[   30.627529] systemd[1]: Reached target Local Verity Protected Volumes.
[   30.647658] systemd[1]: Listening on Device-mapper event daemon FIFOs.
[   30.669589] systemd[1]: Listening on LVM2 poll daemon socket.
[   30.688504] systemd[1]: Listening on multipathd control socket.
[   30.833810] systemd[1]: Listening on RPCbind Server Activation Socket.
[   30.855049] systemd[1]: Listening on Syslog Socket.
[   30.875091] systemd[1]: Listening on fsck to fsckd communication Socket.
[   30.894835] systemd[1]: Listening on initctl Compatibility Named Pipe.
[   30.918543] systemd[1]: Listening on Journal Audit Socket.
[   30.938754] systemd[1]: Listening on Journal Socket (/dev/log).
[   30.961432] systemd[1]: Listening on Journal Socket.
[   30.979656] systemd[1]: Listening on Network Service Netlink Socket.
[   31.003025] systemd[1]: Listening on udev Control Socket.
[   31.022261] systemd[1]: Listening on udev Kernel Socket.
[   31.105866] systemd[1]: Mounting Huge Pages File System...
[   31.151860] systemd[1]: Mounting POSIX Message Queue File System...
[   31.203237] systemd[1]: Mounting Kernel Debug File System...
[   31.249843] systemd[1]: Mounting Kernel Trace File System...
[   31.313998] systemd[1]: Starting Journal Service...
[   31.331873] systemd[1]: Condition check resulted in Kernel Module supporting RPCSEC_GSS being skipped.
[   31.375537] systemd[1]: Starting Set the console keyboard layout...
[   31.428331] systemd[1]: Starting Create List of Static Device Nodes...
[   31.482852] systemd[1]: Starting Monitoring of LVM2 mirrors, snapshots etc. using dmeventd or progress polling...
[   31.512564] systemd[1]: Condition check resulted in LXD - agent being skipped.
[   31.552344] systemd[1]: Starting Load Kernel Module configfs...
[   31.601581] systemd[1]: Starting Load Kernel Module drm...
[   31.652085] systemd[1]: Starting Load Kernel Module efi_pstore...
[   31.708470] systemd[1]: Starting Load Kernel Module fuse...
[   31.729632] systemd[1]: Condition check resulted in OpenVSwitch configuration for cleanup being skipped.
[   31.748145] systemd[1]: Condition check resulted in File System Check on Root Device being skipped.
[   31.838505] systemd[1]: Starting Load Kernel Modules...
[   31.889011] systemd[1]: Starting Remount Root and Kernel File Systems...
[   31.957955] ACPI: bus type drm_connector registered
[   31.962555] systemd[1]: Starting Coldplug All udev Devices...
[   32.030340] systemd[1]: Mounted Huge Pages File System.
[   32.051492] systemd[1]: Mounted POSIX Message Queue File System.
[   32.075687] systemd[1]: Mounted Kernel Debug File System.
[   32.099874] systemd[1]: Mounted Kernel Trace File System.
[   32.122917] EXT4-fs (vda1): re-mounted 26c50908-598b-4e8e-871e-35718a3a1426 r/w. Quota mode: none.
[   32.137775] systemd[1]: Finished Set the console keyboard layout.
[   32.166572] systemd[1]: Started Journal Service.
[   32.650331] alua: device handler registered
[   32.668516] emc: device handler registered
[   32.691431] rdac: device handler registered
[   32.726327] systemd-journald[604]: Received client request to flush runtime journal.
[   32.763491] systemd-journald[604]: File /var/log/journal/02c9a06a7911097a3b638c9756cf2e6e/system.journal corrupted or uncleanly shut down, renaming and replacing.
[   33.632792] loop0: detected capacity change from 0 to 130888
[   33.684109] loop1: detected capacity change from 0 to 130448
[   33.745712] loop2: detected capacity change from 0 to 229272
[   33.816928] loop3: detected capacity change from 0 to 178256
[   33.850351] loop4: detected capacity change from 0 to 82800
[   33.922488] loop5: detected capacity change from 0 to 79520
[   36.001833] parport_pc 00:02: reported by Plug and Play ACPI
[   36.037312] parport0: PC-style at 0x378, irq 7 [PCSPP,TRISTATE]
[   40.118626] ppdev: user-space parallel port driver
[   40.350423] kvm_intel: VM_EXIT_LOAD_IA32_PERF_GLOBAL_CTRL does not work properly. Using workaround
[   40.914441] audit: type=1400 audit(1736601421.900:2): apparmor="STATUS" operation="profile_load" profile="unconfined" name="lsb_release" pid=1290 comm="apparmor_parser"
[   40.917308] audit: type=1400 audit(1736601421.904:3): apparmor="STATUS" operation="profile_load" profile="unconfined" name="nvidia_modprobe" pid=1291 comm="apparmor_parser"
[   40.917502] audit: type=1400 audit(1736601421.904:4): apparmor="STATUS" operation="profile_load" profile="unconfined" name="nvidia_modprobe//kmod" pid=1291 comm="apparmor_parser"
[   40.920470] audit: type=1400 audit(1736601421.904:5): apparmor="STATUS" operation="profile_load" profile="unconfined" name="swtpm" pid=1294 comm="apparmor_parser"
[   40.925528] audit: type=1400 audit(1736601421.912:6): apparmor="STATUS" operation="profile_load" profile="unconfined" name="/usr/bin/man" pid=1293 comm="apparmor_parser"
[   40.925686] audit: type=1400 audit(1736601421.912:7): apparmor="STATUS" operation="profile_load" profile="unconfined" name="man_filter" pid=1293 comm="apparmor_parser"
[   40.925831] audit: type=1400 audit(1736601421.912:8): apparmor="STATUS" operation="profile_load" profile="unconfined" name="man_groff" pid=1293 comm="apparmor_parser"
[   40.927567] audit: type=1400 audit(1736601421.912:9): apparmor="STATUS" operation="profile_load" profile="unconfined" name="tcpdump" pid=1296 comm="apparmor_parser"
[   40.929972] audit: type=1400 audit(1736601421.916:10): apparmor="STATUS" operation="profile_load" profile="unconfined" name="virt-aa-helper" pid=1297 comm="apparmor_parser"
[   40.947561] audit: type=1400 audit(1736601421.932:11): apparmor="STATUS" operation="profile_load" profile="unconfined" name="/usr/lib/snapd/snap-confine" pid=1298 comm="apparmor_parser"
[   42.724170] RPC: Registered named UNIX socket transport module.
[   42.724197] RPC: Registered udp transport module.
[   42.724217] RPC: Registered tcp transport module.
[   42.724226] RPC: Registered tcp-with-tls transport module.
[   42.724234] RPC: Registered tcp NFSv4.1 backchannel transport module.
[   47.068235] loop6: detected capacity change from 0 to 8
[   55.775045] netfs: FS-Cache loaded
[   57.139296] NFS: Registering the id_resolver key type
[   57.139631] Key type id_resolver registered
[   57.139647] Key type id_legacy registered
[   76.855233] cbd: loading out-of-tree module taints kernel.
[   81.093953] cbd: backend_validate:544 cbd_transport0: found backend_id: 0 for host_id: 1, path: /dev/sda
[   81.101337] cbd: cbd_backend_init:394 cbd_transport0: attach backend to backend_id: 0
[   85.250833] cbd: backend_validate:544 cbd_transport0: found backend_id: 1 for host_id: 1, path: /dev/sdb
[   85.255289] cbd: cbd_backend_init:394 cbd_transport0: attach backend to backend_id: 1
[  105.385507] ==== end /root/avocado/job-results/job-2025-01-09T22.24-1680aba/test-results/242-._cbdctrl.py_CbdctrlTest.test_run-cache_data_crc-disable-cache_for_xfstests-no_cache-channel_crc-channel_data_crc-enable-host_mode-multi_host-multihost-test_script-xfstests-f01e ==== 
[  124.857940] tid: 0, is not registered
[  376.000610] ==== start /root/avocado/job-results/job-2025-01-09T22.24-1680aba/test-results/243-._cbdctrl.py_CbdctrlTest.test_run-cache_data_crc-disable-cache_for_xfstests-no_cache-channel_crc-channel_data_crc-enable-host_mode-multi_host-multihost-test_script-register-a921 ==== 
[  414.211143] host id 0 is still alive
[  418.017007] ==== end /root/avocado/job-results/job-2025-01-09T22.24-1680aba/test-results/243-._cbdctrl.py_CbdctrlTest.test_run-cache_data_crc-disable-cache_for_xfstests-no_cache-channel_crc-channel_data_crc-enable-host_mode-multi_host-multihost-test_script-register-a921 ==== 
[  438.022817] tid: 0, is not registered
[  446.091500] ==== start /root/avocado/job-results/job-2025-01-09T22.24-1680aba/test-results/244-._cbdctrl.py_CbdctrlTest.test_run-cache_data_crc-disable-cache_for_xfstests-no_cache-channel_crc-channel_data_crc-enable-host_mode-multi_host-multihost-test_script-backend-bf70 ==== 
[  464.544640] host id 0 is still alive
[  468.237470] ==== end /root/avocado/job-results/job-2025-01-09T22.24-1680aba/test-results/244-._cbdctrl.py_CbdctrlTest.test_run-cache_data_crc-disable-cache_for_xfstests-no_cache-channel_crc-channel_data_crc-enable-host_mode-multi_host-multihost-test_script-backend-bf70 ==== 
[  486.062015] tid: 0, is not registered
[  491.216999] ==== start /root/avocado/job-results/job-2025-01-09T22.24-1680aba/test-results/245-._cbdctrl.py_CbdctrlTest.test_run-cache_data_crc-disable-cache_for_xfstests-no_cache-channel_crc-channel_data_crc-enable-host_mode-multi_host-multihost-test_script-dev-b666 ==== 
[  515.046887] host id 0 is still alive
[  518.784430] ==== end /root/avocado/job-results/job-2025-01-09T22.24-1680aba/test-results/245-._cbdctrl.py_CbdctrlTest.test_run-cache_data_crc-disable-cache_for_xfstests-no_cache-channel_crc-channel_data_crc-enable-host_mode-multi_host-multihost-test_script-dev-b666 ==== 
